workbook0/lean_workbook_plus_54596.lean:
workbook0/lean_workbook_plus_54596.lean:106:39: error: unsolved goals
⊢ ¬?m.231 1

workbook0/lean_workbook_plus_19977.lean:
workbook0/lean_workbook_plus_19977.lean:106:2: error: type mismatch
  not_and_of_not_left ?m.877 ?m.878
has type
  ¬(?m.876 ∧ ?m.877) : Prop
but is expected to have type
  (1 + a * b * c) / (a + b + c) ≤ 3 / 8 / (a + b + c) ∧ 3 / 8 / (a + b + c) ≤ 1 / 4 : Prop

workbook0/lean_workbook_plus_22376.lean:
workbook0/lean_workbook_plus_22376.lean:105:89: error: unsolved goals
a : ℝ
h : a = 1 / 2
⊢ False

workbook0/lean_workbook_plus_13190.lean:
workbook0/lean_workbook_plus_13190.lean:106:2: error: simp made no progress

workbook0/lean_workbook_plus_23946.lean:
workbook0/lean_workbook_plus_23946.lean:107:2: error: linarith failed to find a contradiction
case h2.h
A B C : ℝ
hA : A + B + C = π
hB : 0 < A ∧ 0 < B ∧ 0 < C
a✝ : sin C * 2 < (sin C ^ 2 + 1) * 2 - (1 - sin A ^ 2 - sin B ^ 2)
⊢ False
failed

workbook0/lean_workbook_plus_1727.lean:
workbook0/lean_workbook_plus_1727.lean:106:28: error: unsolved goals
⊢ ¬?m.780 (-2)

workbook0/lean_workbook_plus_52754.lean:
workbook0/lean_workbook_plus_52754.lean:111:2: error: omega did not find a contradiction:
trivial

workbook0/lean_workbook_plus_18145.lean:
workbook0/lean_workbook_plus_18145.lean:108:2: error: linarith failed to find a contradiction
case a
a b : ℝ
ha : a ≠ 0
hb : b ≠ 0
hab : a ≠ b
a✝ : 2 + a * (b⁻¹ * 2) + b * (a⁻¹ * 2) + 2 > 4 + 1 + a ^ 2 * (b ^ 2)⁻¹ + b ^ 2 * (a ^ 2)⁻¹ + 1
⊢ False
failed

workbook0/lean_workbook_plus_31342.lean:
workbook0/lean_workbook_plus_31342.lean:106:2: error: simp made no progress

workbook0/lean_workbook_plus_22450.lean:
workbook0/lean_workbook_plus_22450.lean:107:24: error: invalid field notation, type is not of the form (C ...) where C is a constant
  h₂
has type
  x = 4 → y ≠ 6

workbook0/lean_workbook_plus_44769.lean:
workbook0/lean_workbook_plus_44769.lean:106:27: error: unsolved goals
⊢ ¬?m.1085 1

workbook0/lean_workbook_plus_63103.lean:
workbook0/lean_workbook_plus_63103.lean:114:33: error: linarith failed to find a contradiction
case h2.h
a b c d e : ℝ
f : ℝ → ℝ
h₀ : ∀ (x : ℝ), f x = a * x ^ 4 + b * x ^ 3 + c * x ^ 2 + d * x + e
h₁ : f 1 = 1 / 2
h₂ : f 2 = 1 / 12
h₃ : f 3 = 1 / 36
h₄ : f 4 = 1 / 80
h₅ : f 5 = 1 / 150
a✝ : 29 < 20 * (a - b + c - d + e)
⊢ False
failed

workbook0/lean_workbook_plus_9301.lean:
workbook0/lean_workbook_plus_9301.lean:106:2: error: simp made no progress

workbook0/lean_workbook_plus_55847.lean:
workbook0/lean_workbook_plus_55847.lean:106:6: error: tactic 'rewrite' failed, did not find instance of the pattern in the target expression
  ¬∀ (x : ?m.153), ?m.154 x
α β : ℂ
⊢ ∀ (p q : ℂ), p = -(α + β) ∧ q = α * β

workbook0/lean_workbook_plus_29617.lean:
workbook0/lean_workbook_plus_29617.lean:105:62: error: unsolved goals
⊢ False

workbook0/lean_workbook_plus_72913.lean:
workbook0/lean_workbook_plus_72913.lean:105:60: error: unsolved goals
⊢ False

workbook0/lean_workbook_plus_56192.lean:
workbook0/lean_workbook_plus_56192.lean:107:10: error: invalid constructor ⟨...⟩, expected type must be an inductive type 
  ∀ (n : ℕ), ∑ k in Finset.range n, (2 * k - 1) ^ 3 = n ^ 2 * (2 * n ^ 2 - 1)

workbook0/lean_workbook_plus_33830.lean:
workbook0/lean_workbook_plus_33830.lean:105:127: error: unsolved goals
n : ℕ
⊢ (↑n)⁻¹ * 2⁻¹ < 0 ∧ (↑n)⁻¹ * 6⁻¹ < 1

workbook0/lean_workbook_plus_55646.lean:
workbook0/lean_workbook_plus_55646.lean:107:10: error: invalid constructor ⟨...⟩, expected type must be an inductive type 
  ∀ (x y : ℝ), x ≠ 0 ∧ y ≠ 0 → 1 / x ^ 2 + 4 / y ^ 2 ≥ 2 * (1 / x + 1 / y)

workbook0/lean_workbook_plus_11178.lean:
workbook0/lean_workbook_plus_11178.lean:107:10: error: invalid constructor ⟨...⟩, expected type must be an inductive type 
  ∀ (x : ℝ), x * (Real.sqrt (x ^ 2 + 2 * x) - Real.sqrt (x ^ 2 + x) + x) > x * (0 + x)

workbook0/lean_workbook_plus_45062.lean:
workbook0/lean_workbook_plus_45062.lean:109:10: error: invalid constructor ⟨...⟩, expected type must be an inductive type 
  ∀ (x y z : ℝ),
    logb 10 (x + y) = z ∧ logb 10 (x ^ 2 + y ^ 2) = z + 1 →
      x ^ 3 + y ^ 3 = 15 / 2 * 10 ^ (3 * z) + 29 / 2 * 10 ^ (2 * z)
workbook0/lean_workbook_plus_45062.lean:110:2: error: no goals to be solved

workbook0/lean_workbook_plus_37501.lean:
workbook0/lean_workbook_plus_37501.lean:105:163: error: unsolved goals
⊢ False

workbook0/lean_workbook_plus_50840.lean:
workbook0/lean_workbook_plus_50840.lean:106:2: error: simp made no progress

workbook0/lean_workbook_plus_40073.lean:
workbook0/lean_workbook_plus_40073.lean:107:9: error: invalid constructor ⟨...⟩, expected type must be an inductive type 
  ∀ (x : ℝ),
    ((↑x - 2⁻¹ * Complex.I) ^ 5).re = ((↑x + 2⁻¹ * Complex.I) ^ 5).re ∧
      ((↑x - 2⁻¹ * Complex.I) ^ 5).im = ((↑x + 2⁻¹ * Complex.I) ^ 5).im
workbook0/lean_workbook_plus_40073.lean:108:2: error: no goals to be solved

workbook0/lean_workbook_plus_58385.lean:
workbook0/lean_workbook_plus_58385.lean:106:2: error: tactic 'introN' failed, insufficient number of binders
x y z : ℝ
hx : x > 0
hy : y > 0
hz : z > 0
h : x + y + z = 1
h' : 1 / x + 1 / y + 1 / z = 1
⊢ x = 1 ∨ y = 1 ∨ z = 1

workbook0/lean_workbook_plus_58783.lean:
workbook0/lean_workbook_plus_58783.lean:107:10: error: invalid constructor ⟨...⟩, expected type must be an inductive type 
  ∀ (a b c : ℝ),
    (a ^ 3 + b ^ 2 * c + c) ^ 2 ≥ (a ^ 3 + 2 * b * c) ^ 2 →
      (a ^ 4 + b ^ 2 * c ^ 2 + 1) / (a ^ 3 + 2 * b * c) ^ 2 ≥ 1 / 3

workbook0/lean_workbook_plus_53182.lean:
workbook0/lean_workbook_plus_53182.lean:107:2: error: type mismatch
  add_pos
    (add_pos
      (div_pos ha
        (Real.sqrt_pos.mpr
          (lt_of_not_ge fun a =>
            Linarith.lt_irrefl
              (Eq.mp
                (congrArg (fun _a => _a < 0)
                  (Mathlib.Tactic.Ring.of_eq
                    (Mathlib.Tactic.Ring.add_congr
                      (Mathlib.Tactic.Ring.neg_congr (Mathlib.Tactic.Ring.atom_pf c)
                        (Mathlib.Tactic.Ring.neg_add
                          (Mathlib.Tactic.Ring.neg_mul c (Nat.rawCast 1)
                            (Mathlib.Tactic.Ring.neg_one_mul
                              (Mathlib.Meta.NormNum.IsInt.to_raw_eq
                                (Mathlib.Meta.NormNum.isInt_mul (Eq.refl HMul.hMul)
                                  (Mathlib.Meta.NormNum.IsInt.of_raw ℝ (Int.negOfNat 1))
                                  (Mathlib.Meta.NormNum.IsNat.to_isInt (Mathlib.Meta.NormNum.IsNat.of_raw ℝ 1))
                                  (Eq.refl (Int.negOfNat 1))))))
                          Mathlib.Tactic.Ring.neg_zero))
                      (Mathlib.Tactic.Ring.atom_pf c)
                      (Mathlib.Tactic.Ring.add_pf_add_overlap_zero
                        (Mathlib.Tactic.Ring.add_overlap_pf_zero c (Nat.rawCast 1)
                          (Mathlib.Meta.NormNum.IsInt.to_isNat
                            (Mathlib.Meta.NormNum.isInt_add (Eq.refl HAdd.hAdd)
                              (Mathlib.Meta.NormNum.IsInt.of_raw ℝ (Int.negOfNat 1))
                              (Mathlib.Meta.NormNum.IsNat.to_isInt (Mathlib.Meta.NormNum.IsNat.of_raw ℝ 1))
                              (Eq.refl (Int.ofNat 0)))))
                        (Mathlib.Tactic.Ring.add_pf_zero_add 0)))
                    (Mathlib.Tactic.Ring.cast_zero (Mathlib.Meta.NormNum.isNat_ofNat ℝ Nat.cast_zero))))
                (add_lt_of_neg_of_le (neg_neg_of_pos hc) (le_zero_of_zero_ge a))))))
      (div_pos hb
        (Real.sqrt_pos.mpr
          (lt_of_not_ge fun a =>
            Linarith.lt_irrefl
              (Eq.mp
                (congrArg (fun _a => _a < 0)
                  (Mathlib.Tactic.Ring.of_eq
                    (Mathlib.Tactic.Ring.add_congr
                      (Mathlib.Tactic.Ring.neg_congr (Mathlib.Tactic.Ring.atom_pf c)
                        (Mathlib.Tactic.Ring.neg_add
                          (Mathlib.Tactic.Ring.neg_mul c (Nat.rawCast 1)
                            (Mathlib.Tactic.Ring.neg_one_mul
                              (Mathlib.Meta.NormNum.IsInt.to_raw_eq
                                (Mathlib.Meta.NormNum.isInt_mul (Eq.refl HMul.hMul)
                                  (Mathlib.Meta.NormNum.IsInt.of_raw ℝ (Int.negOfNat 1))
                                  (Mathlib.Meta.NormNum.IsNat.to_isInt (Mathlib.Meta.NormNum.IsNat.of_raw ℝ 1))
                                  (Eq.refl (Int.negOfNat 1))))))
                          Mathlib.Tactic.Ring.neg_zero))
                      (Mathlib.Tactic.Ring.atom_pf c)
                      (Mathlib.Tactic.Ring.add_pf_add_overlap_zero
                        (Mathlib.Tactic.Ring.add_overlap_pf_zero c (Nat.rawCast 1)
                          (Mathlib.Meta.NormNum.IsInt.to_isNat
                            (Mathlib.Meta.NormNum.isInt_add (Eq.refl HAdd.hAdd)
                              (Mathlib.Meta.NormNum.IsInt.of_raw ℝ (Int.negOfNat 1))
                              (Mathlib.Meta.NormNum.IsNat.to_isInt (Mathlib.Meta.NormNum.IsNat.of_raw ℝ 1))
                              (Eq.refl (Int.ofNat 0)))))
                        (Mathlib.Tactic.Ring.add_pf_zero_add 0)))
                    (Mathlib.Tactic.Ring.cast_zero (Mathlib.Meta.NormNum.isNat_ofNat ℝ Nat.cast_zero))))
                (add_lt_of_neg_of_le (neg_neg_of_pos hc) (le_zero_of_zero_ge a)))))))
    (div_pos hc
      (Real.sqrt_pos.mpr
        (lt_of_not_ge fun a =>
          Linarith.lt_irrefl
            (Eq.mp
              (congrArg (fun _a => _a < 0)
                (Mathlib.Tactic.Ring.of_eq
                  (Mathlib.Tactic.Ring.add_congr
                    (Mathlib.Tactic.Ring.neg_congr (Mathlib.Tactic.Ring.atom_pf c)
                      (Mathlib.Tactic.Ring.neg_add
                        (Mathlib.Tactic.Ring.neg_mul c (Nat.rawCast 1)
                          (Mathlib.Tactic.Ring.neg_one_mul
                            (Mathlib.Meta.NormNum.IsInt.to_raw_eq
                              (Mathlib.Meta.NormNum.isInt_mul (Eq.refl HMul.hMul)
                                (Mathlib.Meta.NormNum.IsInt.of_raw ℝ (Int.negOfNat 1))
                                (Mathlib.Meta.NormNum.IsNat.to_isInt (Mathlib.Meta.NormNum.IsNat.of_raw ℝ 1))
                                (Eq.refl (Int.negOfNat 1))))))
                        Mathlib.Tactic.Ring.neg_zero))
                    (Mathlib.Tactic.Ring.atom_pf c)
                    (Mathlib.Tactic.Ring.add_pf_add_overlap_zero
                      (Mathlib.Tactic.Ring.add_overlap_pf_zero c (Nat.rawCast 1)
                        (Mathlib.Meta.NormNum.IsInt.to_isNat
                          (Mathlib.Meta.NormNum.isInt_add (Eq.refl HAdd.hAdd)
                            (Mathlib.Meta.NormNum.IsInt.of_raw ℝ (Int.negOfNat 1))
                            (Mathlib.Meta.NormNum.IsNat.to_isInt (Mathlib.Meta.NormNum.IsNat.of_raw ℝ 1))
                            (Eq.refl (Int.ofNat 0)))))
                      (Mathlib.Tactic.Ring.add_pf_zero_add 0)))
                  (Mathlib.Tactic.Ring.cast_zero (Mathlib.Meta.NormNum.isNat_ofNat ℝ Nat.cast_zero))))
              (add_lt_of_neg_of_le (neg_neg_of_pos hc) (le_zero_of_zero_ge a))))))
has type
  0 < a / Real.sqrt c + b / Real.sqrt c + c / Real.sqrt c : Prop
but is expected to have type
  a / Real.sqrt (a + 2 * b) + b / Real.sqrt (b + 2 * c) + c / Real.sqrt (c + 2 * a) ≤ 0 : Prop

workbook0/lean_workbook_plus_36624.lean:
workbook0/lean_workbook_plus_36624.lean:109:10: error: invalid constructor ⟨...⟩, expected type must be an inductive type 
  ∀ (a b c : ℝ),
    4 * a ^ 3 * b / (2 * a + 3 * b) ^ 3 + 4 * b ^ 3 * c / (2 * b + 3 * c) ^ 3 + 2 * c ^ 3 * a / (2 * c + 3 * a) ^ 3 ≥
      7 *
        (a ^ 2 * b * c / (2 * a + 2 * b + c) ^ 3 + b ^ 2 * c * a / (2 * b + 2 * c + a) ^ 3 +
          c ^ 2 * a * b / (2 * c + 2 * a + b) ^ 3)

workbook0/lean_workbook_plus_69556.lean:
workbook0/lean_workbook_plus_69556.lean:105:34: error: unexpected token '('; expected '_' or identifier

workbook0/lean_workbook_plus_80727.lean:
workbook0/lean_workbook_plus_80727.lean:106:2: error: tactic 'introN' failed, insufficient number of binders
x y : ℝ
h₁ : x ^ 3 + 2 * x ^ 2 * y = (2 * x + 1) * Real.sqrt (2 * x + y)
h₂ : 2 * x ^ 3 + 2 * y * Real.sqrt (2 * x + y) = 2 * y ^ 2 + x * y + 3 * x + 1
⊢ x = 1 ∧ y = 0

workbook0/lean_workbook_plus_4693.lean:
workbook0/lean_workbook_plus_4693.lean:108:2: error: linarith failed to find a contradiction
case succ.h1.h
n : ℕ
hn : 2 ≤ succ n
a✝ : 0 < 3 ^ (n - 1)
⊢ False
failed

workbook0/lean_workbook_plus_46369.lean:
workbook0/lean_workbook_plus_46369.lean:107:10: error: invalid constructor ⟨...⟩, expected type must be an inductive type 
  ∀ (n : ℕ), ∑ i in Finset.range (n + 1), i * (i + 1) / 2 = n * (n + 1) * (n + 3) / 6

workbook0/lean_workbook_plus_34062.lean:
workbook0/lean_workbook_plus_34062.lean:107:2: error: linarith failed to find a contradiction
case h
a b k x y : ℝ
h₁ : a = k * x
h₂ : b = k * y
h₃ : x ^ 2 + x * y + y ^ 2 = 1
h₄ : k ≥ 1
a✝ : (k * x) ^ 2 + (k * y) ^ 2 + k * x * (k * y) ≥ 1
⊢ False
failed

workbook0/lean_workbook_plus_65933.lean:
workbook0/lean_workbook_plus_65933.lean:106:2: error: type mismatch
  not_not.mpr ?m.870
has type
  ¬¬?m.867 : Prop
but is expected to have type
  ¬∃ x y z, y ≠ z ∧ x ^ 3 = 6 * y ^ 6 + 2 * z ^ 6 : Prop

workbook0/lean_workbook_plus_12527.lean:
workbook0/lean_workbook_plus_12527.lean:107:10: error: invalid constructor ⟨...⟩, expected type must be an inductive type 
  ∀ (x y z : ℝ),
    x ^ 3 + 2 * x * y ^ 2 + y ^ 3 + 2 * y * z ^ 2 + z ^ 3 + 2 * z * x ^ 2 ≥ 3 * (x ^ 2 * y + y ^ 2 * z + z ^ 2 * x)

workbook0/lean_workbook_plus_5978.lean:
workbook0/lean_workbook_plus_5978.lean:107:10: error: invalid constructor ⟨...⟩, expected type must be an inductive type 
  ∀ (x y z : ℝ), x + y + z ≠ 0 → 1 / (x + y + z) ≠ 1 / x + 1 / y + 1 / z

workbook0/lean_workbook_plus_82819.lean:
workbook0/lean_workbook_plus_82819.lean:107:10: error: invalid constructor ⟨...⟩, expected type must be an inductive type 
  ∀ (a b : ℤ), a + b + 1 ∣ (a + b) * (a + b + 1) - (4 * a * b - 1)

workbook0/lean_workbook_plus_7624.lean:
workbook0/lean_workbook_plus_7624.lean:107:10: error: invalid constructor ⟨...⟩, expected type must be an inductive type 
  ∀ (x y z : ℝ),
    (x * y + y * z + z * x) ^ 2 - 3 / 2 * x * y * z * (x + y + z) ≤
      1 / 2 * (x ^ 2 + y ^ 2 + z ^ 2) * (x * y + y * z + z * x)

workbook0/lean_workbook_plus_35431.lean:
workbook0/lean_workbook_plus_35431.lean:109:2: error: tactic 'introN' failed, insufficient number of binders
x y : ℝ
h₀ : 3 * x + 7 * y = 1891
h₁ : 2 * x + 11 * y = 8624
⊢ x = 187 ∧ y = 665

workbook0/lean_workbook_plus_21325.lean:
workbook0/lean_workbook_plus_21325.lean:106:2: error: type mismatch
  not_forall.mpr (Exists.intro π ?m.169)
has type
  ¬∀ (x : ℝ), ?m.151 x : Prop
but is expected to have type
  ∀ (x : ℝ), 0 ≤ x ∧ x < 2 * π → arcsin (sin x) = x : Prop

workbook0/lean_workbook_plus_66261.lean:
workbook0/lean_workbook_plus_66261.lean:110:9: error: invalid constructor ⟨...⟩, expected type must be an inductive type 
  ∀ (A B C : ℝ),
    A ∈ Set.Ioo 0 π ∧ B ∈ Set.Ioo 0 π ∧ C ∈ Set.Ioo 0 π ∧ A + B + C = π →
      3 / 2 ≤ cos A / cos (B - C) + cos B / cos (C - A) + cos C / cos (A - B) ∧
        cos A / cos (B - C) + cos B / cos (C - A) + cos C / cos (A - B) < 2

workbook0/lean_workbook_plus_61984.lean:
workbook0/lean_workbook_plus_61984.lean:106:2: error: type mismatch
  not_forall.mpr (Exists.intro 1 fun h => ?m.23363 h)
has type
  ¬∀ (x : ℕ), ?m.23330 x : Prop
but is expected to have type
  ∀ (a b c d e f : ℝ),
    a ≥ 0 ∧ b ≥ 0 ∧ c ≥ 0 ∧ d ≥ 0 ∧ e ≥ 0 ∧ f ≥ 0 →
      -(ad + be + cf) ^ 2 + 3 / 4 * a ^ 2 * d * (d + a) + 3 / 4 * b ^ 2 * e * (b + e) + 3 / 4 * c ^ 2 * f * (c + f) +
              3 / 4 * d ^ 2 * a * (d + a) +
            3 / 4 * e ^ 2 * b * (b + e) +
          3 / 4 * f ^ 2 * c * (c + f) =
        3 / 8 * (f - c) ^ 2 * c * f + 3 / 8 * (d - a) ^ 2 * a * d + 3 / 8 * (e - b) ^ 2 * b * e +
                    3 / 8 * (b - e) ^ 2 * b * e +
                  3 / 8 * (c - f) ^ 2 * c * f +
                3 / 8 * (a - d) ^ 2 * a * d +
              1 / 3 * (2 * a * d - b * e - c * f) ^ 2 +
            1 / 3 * (2 * b * e - a * d - c * f) ^ 2 +
          1 / 3 * (2 * c * f - a * d - b * e) ^ 2 : Prop

workbook0/lean_workbook_plus_23838.lean:
workbook0/lean_workbook_plus_23838.lean:105:169: error: unsolved goals
a b : ℝ
ha : 0 < a
hb : 0 < b
⊢ False

workbook0/lean_workbook_plus_31896.lean:
workbook0/lean_workbook_plus_31896.lean:108:10: error: invalid constructor ⟨...⟩, expected type must be an inductive type 
  ∀ (x : ℝ), x ≠ π / 2 ∧ x ≠ -π / 2 → -7 * tan x ^ 6 + 35 * tan x ^ 4 - 21 * tan x ^ 2 + 1 = 0
workbook0/lean_workbook_plus_31896.lean:109:2: error: no goals to be solved

workbook0/lean_workbook_plus_7687.lean:
workbook0/lean_workbook_plus_7687.lean:107:2: error: linarith failed to find a contradiction
case a
a b c : ℝ
ha : 0 < a
hb : 0 < b
hc : 0 < c
a✝ : a * b⁻¹ * (3 / 2) + a * c⁻¹ + b * c⁻¹ + b * a⁻¹ + b⁻¹ * c * (3 / 2) + c * a⁻¹ > a * b⁻¹ + b * c⁻¹ + c * a⁻¹
⊢ False
failed

workbook0/lean_workbook_plus_65563.lean:
workbook0/lean_workbook_plus_65563.lean:109:10: error: invalid constructor ⟨...⟩, expected type must be an inductive type 
  ∀ ⦃a : ℕ⦄,
    2 ^ a ∣
        93326215443944152681699238856266700490715968264381621468592963895217599993229915608941463976156518286253697920827223758251185210916864000000000000000000000000 →
      a ≤ 9

workbook0/lean_workbook_plus_52689.lean:
workbook0/lean_workbook_plus_52689.lean:105:170: error: unsolved goals
a b c : ℝ
ha : a = 1
hb : b = 1 / 64
hc : c = 1
⊢ False

workbook0/lean_workbook_plus_57276.lean:
workbook0/lean_workbook_plus_57276.lean:106:47: error: unsolved goals
⊢ False

workbook0/lean_workbook_plus_10700.lean:
workbook0/lean_workbook_plus_10700.lean:107:17: error: unsolved goals
f : ℕ → ℕ → ℕ
hf : ∃ x y, f x y ≠ Nat.gcd x y
⊢ 0 < f 1 1 → f 1 1 = 1 → ¬2 * f 1 1 = f 1 2

workbook0/lean_workbook_plus_46903.lean:
workbook0/lean_workbook_plus_46903.lean:107:27: error: invalid argument, variable is not a proposition or let-declaration
workbook0/lean_workbook_plus_46903.lean:107:2: error: type mismatch
  fun h1 h2 h3 => ?m.5511 h1 h2 h3
has type
  (h1 : ?m.5497) →
    (h2 : ?m.5508 h1) → (h3 : ?m.5509 h1 h2) → ?m.5510 h1 h2 h3 : Sort (imax ?u.5496 ?u.5499 ?u.5502 ?u.5505)
but is expected to have type
  Matrix.detRowAlternating A = -315 ∧
    ∑ x : Fin 3, A x x = 17 ∧ (∑ x : Fin 3, A x x) ^ 2 = 2023 ∧ (∑ x : Fin 3, A x x) ^ 3 = -315 : Prop

workbook0/lean_workbook_plus_24925.lean:
workbook0/lean_workbook_plus_24925.lean:111:2: warning: aesop: failed to prove the goal after exhaustive search.
workbook0/lean_workbook_plus_24925.lean:110:31: error: unsolved goals
case left
n : ℕ
f : ℕ → ℕ
h₁ : ∀ (n : ℕ), f (f n) = n * f 1
w : ℕ
h : ¬f w = w
w_1 : ℕ
h_1 : ¬f w_1 = w_1 * f 1
⊢ f 1 = 1

case right
n : ℕ
f : ℕ → ℕ
h₁ : ∀ (n : ℕ), f (f n) = n * f 1
w : ℕ
h : ¬f w = w
w_1 : ℕ
h_1 : ¬f w_1 = w_1 * f 1
n_1 : ℕ
⊢ f n_1 = n_1

workbook0/lean_workbook_plus_37270.lean:
workbook0/lean_workbook_plus_37270.lean:107:10: error: invalid constructor ⟨...⟩, expected type must be an inductive type 
  ∀ (n k : ℕ),
    (n + 2) * (n + 1) ≠ 0 ∧ (n + 2) * (n + 1) * choose n k ≠ 0 →
      1 / choose n k = (n + 1) / (n + 2) * (1 / choose (n + 1) k + 1 / choose (n + 1) (k + 1))

workbook0/lean_workbook_plus_71588.lean:
workbook0/lean_workbook_plus_71588.lean:106:27: error: unsolved goals
⊢ ¬?m.393 0

workbook0/lean_workbook_plus_2555.lean:
Try this: ring_nf
workbook0/lean_workbook_plus_2555.lean:108:30: error: unsolved goals
α β γ : ℝ
⊢ sin α * sin β * (1 - (2⁻¹ + cos (2 * γ) / 2)) * cos β * cos α +
        sin α * (1 - (2⁻¹ + cos (2 * β) / 2)) * sin γ * cos α * cos γ +
      ((1 - (2⁻¹ + cos (2 * α) / 2)) * sin β * sin γ * cos β * cos γ -
        (1 - (2⁻¹ + cos (2 * α) / 2)) * (1 - (2⁻¹ + cos (2 * β) / 2)) * (1 - (2⁻¹ + cos (2 * γ) / 2))) =
    sin α * sin β * (1 - (2⁻¹ + cos (2 * γ) / 2)) * cos β * cos α +
          sin α * (1 - (2⁻¹ + cos (2 * β) / 2)) * sin γ * cos α * cos γ +
        ((1 - (2⁻¹ + cos (2 * α) / 2)) * sin β * sin γ * cos β * cos γ -
          (1 - (2⁻¹ + cos (2 * α) / 2)) * (1 - (2⁻¹ + cos (2 * γ) / 2))) +
      (1 - (2⁻¹ + cos (2 * α) / 2)) * (1 - (2⁻¹ + cos (2 * γ) / 2)) * (2⁻¹ + cos (2 * β) / 2)

workbook0/lean_workbook_plus_52147.lean:
workbook0/lean_workbook_plus_52147.lean:106:2: error: omega did not find a contradiction:
[0, 0, 1] ∈ [1, ∞)
[0, 1, -1] ∈ (-∞, -1]

workbook0/lean_workbook_plus_81767.lean:
workbook0/lean_workbook_plus_81767.lean:105:154: error: unsolved goals
f g : ℕ → ℝ
h₁ : ∀ (x : ℕ), f x = 1 / ((↑x + 1) * (↑x + 2))
h₂ : g 50 = ∑ k in Finset.range 50, f k
⊢ False

workbook0/lean_workbook_plus_75983.lean:
workbook0/lean_workbook_plus_75983.lean:107:12: error: invalid field notation, type is not of the form (C ...) where C is a constant
  h₁
has type
  x = 2 → y ≠ 3

workbook0/lean_workbook_plus_36478.lean:
workbook0/lean_workbook_plus_36478.lean:107:10: error: invalid constructor ⟨...⟩, expected type must be an inductive type 
  ∀ (m k : ℕ),
    ((2018 % 2 ^ (k + 1) % 2 ^ (k + 1) *
                      (((m % 2 ^ (k + 1) % 2 ^ (k + 1) +
                                  (2 % 2 ^ (k + 1) % 2 ^ (k + 1)) ^ k % 2 ^ (k + 1) % 2 ^ (k + 1)) %
                                2 ^ (k + 1) %
                              2 ^ (k + 1)) ^
                            2 %
                          2 ^ (k + 1) %
                        2 ^ (k + 1)) %
                    2 ^ (k + 1) %
                  2 ^ (k + 1) +
                20182017 % 2 ^ (k + 1) % 2 ^ (k + 1) *
                      ((m % 2 ^ (k + 1) % 2 ^ (k + 1) +
                            (2 % 2 ^ (k + 1) % 2 ^ (k + 1)) ^ k % 2 ^ (k + 1) % 2 ^ (k + 1)) %
                          2 ^ (k + 1) %
                        2 ^ (k + 1)) %
                    2 ^ (k + 1) %
                  2 ^ (k + 1)) %
              2 ^ (k + 1) %
            2 ^ (k + 1) +
          2017 % 2 ^ (k + 1) % 2 ^ (k + 1)) %
        2 ^ (k + 1) =
      0

workbook0/lean_workbook_plus_25150.lean:
workbook0/lean_workbook_plus_25150.lean:107:10: error: invalid constructor ⟨...⟩, expected type must be an inductive type 
  ∀ (p q r x1 x2 x3 : ℂ),
    x1 ^ 3 - p * x1 ^ 2 + q * x1 - r = 0 ∧ x2 ^ 3 - p * x2 ^ 2 + q * x2 - r = 0 ∧ x3 ^ 3 - p * x3 ^ 2 + q * x3 - r = 0 →
      p = x1 + x2 + x3 ∧ q = x1 * x2 + x1 * x3 + x2 * x3 ∧ r = x1 * x2 * x3

workbook0/lean_workbook_plus_45727.lean:
workbook0/lean_workbook_plus_45727.lean:121:2: warning: aesop: failed to prove the goal after exhaustive search.
workbook0/lean_workbook_plus_45727.lean:120:22: error: unsolved goals
case left
x y z : ℝ
h₀ : ¬x = 0
h₁ : ¬y = 0
h₂ : ¬z = 0
h₉ : (x ^ 2)⁻¹ + (y ^ 2)⁻¹ + (z ^ 2)⁻¹ = 1
h₁₀ : x⁻¹ + y⁻¹ + z⁻¹ = 1
h₁₁ : (y⁻¹ + z⁻¹) ^ 2 = 3 + x⁻¹ + (x ^ 2)⁻¹
h₁₂ : (z⁻¹ + x⁻¹) ^ 2 = 4 + y⁻¹ + (y ^ 2)⁻¹
h₁₃ : (x⁻¹ + y⁻¹) ^ 2 = 5 + z⁻¹ + (z ^ 2)⁻¹
⊢ x = y

case right
x y z : ℝ
h₀ : ¬x = 0
h₁ : ¬y = 0
h₂ : ¬z = 0
h₉ : (x ^ 2)⁻¹ + (y ^ 2)⁻¹ + (z ^ 2)⁻¹ = 1
h₁₀ : x⁻¹ + y⁻¹ + z⁻¹ = 1
h₁₁ : (y⁻¹ + z⁻¹) ^ 2 = 3 + x⁻¹ + (x ^ 2)⁻¹
h₁₂ : (z⁻¹ + x⁻¹) ^ 2 = 4 + y⁻¹ + (y ^ 2)⁻¹
h₁₃ : (x⁻¹ + y⁻¹) ^ 2 = 5 + z⁻¹ + (z ^ 2)⁻¹
⊢ y = z

workbook0/lean_workbook_plus_5798.lean:
workbook0/lean_workbook_plus_5798.lean:115:2: warning: aesop: failed to prove the goal after exhaustive search.
workbook0/lean_workbook_plus_5798.lean:114:32: error: unsolved goals
case left
x y z : ℕ
h₁ : ¬x = y
h₂ : ¬y = z
h₃ : ¬z = x
h₄ : x ^ 2 ≡ x [MOD 10]
h₅ : y ^ 2 ≡ y [MOD 10]
h₆ : z ^ 2 ≡ z [MOD 10]
left : 0 < x
left_1 : 0 < y
right_1 : 0 < z
⊢ x = 1

case right.left
x y z : ℕ
h₁ : ¬x = y
h₂ : ¬y = z
h₃ : ¬z = x
h₄ : x ^ 2 ≡ x [MOD 10]
h₅ : y ^ 2 ≡ y [MOD 10]
h₆ : z ^ 2 ≡ z [MOD 10]
left : 0 < x
left_1 : 0 < y
right_1 : 0 < z
⊢ y = 0

case right.right
x y z : ℕ
h₁ : ¬x = y
h₂ : ¬y = z
h₃ : ¬z = x
h₄ : x ^ 2 ≡ x [MOD 10]
h₅ : y ^ 2 ≡ y [MOD 10]
h₆ : z ^ 2 ≡ z [MOD 10]
left : 0 < x
left_1 : 0 < y
right_1 : 0 < z
⊢ z = 0

workbook0/lean_workbook_plus_73665.lean:
workbook0/lean_workbook_plus_73665.lean:107:10: error: invalid constructor ⟨...⟩, expected type must be an inductive type 
  ∀ (x y z : ℝ), (6 * x + 2 * y + 2 * z) ^ 5 * (5 * y + 5 * z) ^ 4 ≤ 1 / 9 * (10 / 3 * (x + y + z)) ^ 9

workbook0/lean_workbook_plus_34417.lean:
workbook0/lean_workbook_plus_34417.lean:108:44: error: unsolved goals
n : ℕ
⊢ 1 < ?m.5695

workbook0/lean_workbook_plus_27822.lean:
workbook0/lean_workbook_plus_27822.lean:106:2: error: type mismatch
  not_forall.mpr (Exists.intro 1 fun h => ?m.2799 h)
has type
  ¬∀ (x : ℕ), ?m.2766 x : Prop
but is expected to have type
  ∀ ε > 0, ∃ N, ∀ n ≥ N, |(20 ^ n + 23 ^ n) ^ (1 / n) - 23| < ε : Prop

workbook0/lean_workbook_plus_25737.lean:
workbook0/lean_workbook_plus_25737.lean:107:2: error: linarith failed to find a contradiction
case h2.h
a : ℝ
ha : a + a⁻¹ = 3
a✝ : 9 < a ^ 4 + a⁻¹ ^ 4
⊢ False
failed

workbook0/lean_workbook_plus_21525.lean:
workbook0/lean_workbook_plus_21525.lean:105:32: error: unexpected token '∀'; expected ':'

workbook0/lean_workbook_plus_79539.lean:
Try this: ring_nf
workbook0/lean_workbook_plus_79539.lean:105:139: error: unsolved goals
n : ℕ
⊢ -1 + ↑n ^ 3 = ↑n ^ 6 * (1 + ↑n ^ 3)⁻¹ - (1 + ↑n ^ 3)⁻¹

workbook0/lean_workbook_plus_10877.lean:
workbook0/lean_workbook_plus_10877.lean:107:10: error: invalid constructor ⟨...⟩, expected type must be an inductive type 
  ∀ (m n : ℕ) (z : ℂ),
    (∏ k in Finset.Icc 1 m, ∏ l in Finset.range n, (1 - z * (↑(rexp (2 * π * I * ↑l / ↑n)) / ↑k)))⁻¹ =
      (∏ k in Finset.Icc 1 m, (1 - z ^ n / ↑k ^ n))⁻¹

workbook0/lean_workbook_plus_65722.lean:
workbook0/lean_workbook_plus_65722.lean:107:10: error: invalid constructor ⟨...⟩, expected type must be an inductive type 
  ∀ (n : ℕ), ↑n / n! ^ (1 / n) = 1 / ↑n * ∑ k in Finset.range n, Real.log (↑n / ↑k)
workbook0/lean_workbook_plus_65722.lean:108:2: error: no goals to be solved

workbook0/lean_workbook_plus_37836.lean:
workbook0/lean_workbook_plus_37836.lean:105:81: error: unsolved goals
⊢ False

workbook0/lean_workbook_plus_82052.lean:
workbook0/lean_workbook_plus_82052.lean:107:10: error: invalid constructor ⟨...⟩, expected type must be an inductive type 
  ∀ (a b c : ℝ), a > 0 ∧ b > 0 ∧ c > 0 → 1 / (a ^ 2 + 3) + 1 / (b ^ 2 + 3) + 1 / (c ^ 2 + 3) ≤ 3 / 4

workbook0/lean_workbook_plus_16631.lean:
workbook0/lean_workbook_plus_16631.lean:105:89: error: expected token

workbook0/lean_workbook_plus_21024.lean:
workbook0/lean_workbook_plus_21024.lean:111:2: error: omega did not find a contradiction:
[0, 1] ∈ [1994, ∞)
[7, -1] ∈ [0, ∞)
[1] ∈ [1, ∞)

workbook0/lean_workbook_plus_8456.lean:
workbook0/lean_workbook_plus_8456.lean:106:2: error: type mismatch
  Mathlib.Tactic.Contrapose.mtr ?m.2325
has type
  ?m.2323 → ?m.2324 : Prop
but is expected to have type
  ∀ (a b c d : ℝ),
    a * b * c * d * (a ^ 2 + b ^ 2 + c ^ 2 + d ^ 2) ≤
      4 + 3 / 2 * a * b * c * d * (a + b + c + d) * (a + b + c + d - 4) : Prop

workbook0/lean_workbook_plus_61831.lean:
workbook0/lean_workbook_plus_61831.lean:107:10: error: invalid constructor ⟨...⟩, expected type must be an inductive type 
  ∀ (x y z : ℝ),
    3 ≥ (1 + x) / (3 - y * z) + (1 + y) / (3 - z * x) + (1 + z) / (3 - x * y) ∧
      (1 + x) / (3 - y * z) + (1 + y) / (3 - z * x) + (1 + z) / (3 - x * y) ≥
        2 + 1 / 9 * (x * y + z * x + y * z) + 2 / 3 * x ^ 2 * y ^ 2 * z ^ 2

workbook0/lean_workbook_plus_79194.lean:
workbook0/lean_workbook_plus_79194.lean:105:138: error: unsolved goals
x y z : ℝ
hx : x = 2 ^ (1 / 2)
hy : y = 7 ^ (1 / 12)
hz : z = 9 ^ (1 / 15)
⊢ False

workbook0/lean_workbook_plus_65202.lean:
workbook0/lean_workbook_plus_65202.lean:106:27: error: unsolved goals
⊢ ¬?m.963 0

workbook0/lean_workbook_plus_65451.lean:
workbook0/lean_workbook_plus_65451.lean:107:10: error: invalid constructor ⟨...⟩, expected type must be an inductive type 
  ∀ (x : ℝ), sin 3 * x / sin x = 2 * cos 2 * x + 1

workbook0/lean_workbook_plus_44491.lean:
workbook0/lean_workbook_plus_44491.lean:106:31: error: unsolved goals
⊢ False

workbook0/lean_workbook_plus_52808.lean:
workbook0/lean_workbook_plus_52808.lean:106:2: error: simp made no progress

workbook0/lean_workbook_plus_47629.lean:
workbook0/lean_workbook_plus_47629.lean:105:156: error: unsolved goals
x y z : ℝ
hx : 0 < x
hy : 0 < y
hz : 0 < z
⊢ False

workbook0/lean_workbook_plus_49919.lean:
workbook0/lean_workbook_plus_49919.lean:107:45: error: unsolved goals
f : ℝ → ℝ
hf : Continuous f
hx : ∃ x > 0, f x ≠ x
⊢ ¬f 1 * f 1 = f 1 + f 1

workbook0/lean_workbook_plus_66870.lean:
workbook0/lean_workbook_plus_66870.lean:105:73: error: unsolved goals
⊢ False

workbook0/lean_workbook_plus_53049.lean:
workbook0/lean_workbook_plus_53049.lean:107:10: error: invalid constructor ⟨...⟩, expected type must be an inductive type 
  ∀ (m n : ℕ), ↑⌊↑m * Real.sqrt 2⌋ * ↑⌊↑n * Real.sqrt 7⌋ < ↑⌊↑m * ↑n * Real.sqrt 14⌋

workbook0/lean_workbook_plus_40820.lean:
workbook0/lean_workbook_plus_40820.lean:106:2: error: tactic 'introN' failed, insufficient number of binders
x y : ℝ
hx : x ^ 3 + y ^ 3 = 2
hy : 8 * x + x * y + y = 2
⊢ x = 1 ∧ y = -1

workbook0/lean_workbook_plus_6963.lean:
workbook0/lean_workbook_plus_6963.lean:107:45: error: unsolved goals
f : ℝ → ℝ
hf : ∃ x, 0 < x ∧ f x ≠ x
⊢ ¬f (1 + f 2) = 2 * (f 1 + f 2 - 1)

workbook0/lean_workbook_plus_38774.lean:
workbook0/lean_workbook_plus_38774.lean:110:2: error: simp made no progress

workbook0/lean_workbook_plus_20137.lean:
workbook0/lean_workbook_plus_20137.lean:105:92: error: unsolved goals
h : 3 ≤ 5
⊢ ∑ k in Finset.Icc 3 5, choose 8 k = 56

workbook0/lean_workbook_plus_60166.lean:
workbook0/lean_workbook_plus_60166.lean:107:10: error: invalid constructor ⟨...⟩, expected type must be an inductive type 
  ∀ (x : ℤ) (x_1 : ℕ), ¬1 = ↑x / ↑x_1

workbook0/lean_workbook_plus_45313.lean:
workbook0/lean_workbook_plus_45313.lean:107:10: error: invalid constructor ⟨...⟩, expected type must be an inductive type 
  ∀ x ∈ Set.Ioo 0 (π / 2), sin x ^ 2 / (sin x + cos x) = (tan x - 1) / tan x
workbook0/lean_workbook_plus_45313.lean:108:2: error: no goals to be solved

workbook0/lean_workbook_plus_34650.lean:
workbook0/lean_workbook_plus_34650.lean:107:10: error: invalid constructor ⟨...⟩, expected type must be an inductive type 
  ∀ (a b c : ℝ), (a + 1 / (a + 4)) * (b + 9 / b) * (c + 1 / (c + 4)) > 3

workbook0/lean_workbook_plus_18178.lean:
workbook0/lean_workbook_plus_18178.lean:107:2: error: linarith failed to find a contradiction
case a
x y z : ℝ
hx : 0 < x ∧ 0 < y ∧ 0 < z
hx1 : y + z > x
hx2 : z + x > y
hx3 : x + y > z
a✝ : (y + z) * x ^ 2 + ((x + z) * y ^ 2 + (x + y) * z ^ 2) > x ^ 3 + (y ^ 3 + (z ^ 3 + x * (y * (z * 2))))
⊢ False
failed

workbook0/lean_workbook_plus_58757.lean:
workbook0/lean_workbook_plus_58757.lean:107:10: error: invalid constructor ⟨...⟩, expected type must be an inductive type 
  ∀ (a b c : ℝ), a / (b + c) + b / (c + a) + c / (a + b) < 2

workbook0/lean_workbook_plus_28234.lean:
workbook0/lean_workbook_plus_28234.lean:106:2: error: simp made no progress

workbook0/lean_workbook_plus_66726.lean:
workbook0/lean_workbook_plus_66726.lean:106:2: error: tactic 'introN' failed, insufficient number of binders
x y : ℝ
h₁ : x ≠ y
h₂ : x ^ 100 - y ^ 100 = 2 ^ 99 * (x - y)
h₃ : x ^ 200 - y ^ 200 = 2 ^ 199 * (x - y)
⊢ x = 2 ∧ y = 1 ∨ x = 1 ∧ y = 2

workbook0/lean_workbook_plus_79043.lean:
workbook0/lean_workbook_plus_79043.lean:105:170: error: unsolved goals
a b c : ℝ
hab : a = b + c
hb : b = -(2 + Real.sqrt 5) ^ (1 / 3)
hc : c = (2 - Real.sqrt 5) ^ (1 / 3)
⊢ False

workbook0/lean_workbook_plus_28398.lean:
workbook0/lean_workbook_plus_28398.lean:107:10: error: invalid constructor ⟨...⟩, expected type must be an inductive type 
  0 < m → n = 0

workbook0/lean_workbook_plus_29534.lean:
workbook0/lean_workbook_plus_29534.lean:107:10: error: invalid constructor ⟨...⟩, expected type must be an inductive type 
  ∀ (a b c : ℝ), (a + b) / (a * b + 3) + (b + c) / (b * c + 3) + (c + a) / (c * a + 3) ≤ 3 / 2

workbook0/lean_workbook_plus_38202.lean:
workbook0/lean_workbook_plus_38202.lean:106:14: warning: `tsum_geometric_of_abs_lt_1` has been deprecated, use `tsum_geometric_of_abs_lt_one` instead
workbook0/lean_workbook_plus_38202.lean:107:26: error: linarith failed to find a contradiction
case h2.h
a : ℝ
ha : |a| < 1
a✝ : a * (1 - a) < 1 * (1 - a)
⊢ False
failed
workbook0/lean_workbook_plus_38202.lean:105:94: error: unsolved goals
a : ℝ
ha : |a| < 1
⊢ 1 * (1 - a) = a * (1 - a)

workbook0/lean_workbook_plus_17746.lean:
workbook0/lean_workbook_plus_17746.lean:106:2: error: simp made no progress

workbook0/lean_workbook_plus_39847.lean:
workbook0/lean_workbook_plus_39847.lean:106:2: warning: aesop: failed to prove the goal after exhaustive search.
workbook0/lean_workbook_plus_39847.lean:105:173: error: unsolved goals
case left
n : ℕ
hn : 1000 < n
h1 : Nat.gcd 63 (n + 57) = 21
h2 : Nat.gcd (n + 63) 120 = 60
⊢ n = 1890

case right
n : ℕ
hn : 1000 < n
h1 : Nat.gcd 63 (n + 57) = 21
h2 : Nat.gcd (n + 63) 120 = 60
⊢ List.sum (digits 10 n) = 18

workbook0/lean_workbook_plus_10506.lean:
workbook0/lean_workbook_plus_10506.lean:107:10: error: invalid constructor ⟨...⟩, expected type must be an inductive type 
  ∀ (a b c : ℝ), a ^ 2 / (1 + b * c) + b ^ 2 / (1 + c * a) + c ^ 2 / (1 + a * b) ≥ 3 / 4

workbook0/lean_workbook_plus_24897.lean:
workbook0/lean_workbook_plus_24897.lean:107:19: error: linarith failed to find a contradiction
h : ?m.5469
⊢ False
failed
workbook0/lean_workbook_plus_24897.lean:107:2: error: type mismatch
  fun h => ?m.5475 h
has type
  (h : ?m.5469) → ?m.5474 h : Sort (imax ?u.5468 ?u.5471)
but is expected to have type
  15801325804719 / 140737488355328 < (Real.sqrt 101)⁻¹ ∧ (Real.sqrt 101)⁻¹ < 1 / 10 : Prop

workbook0/lean_workbook_plus_53126.lean:
workbook0/lean_workbook_plus_53126.lean:109:2: error: tactic 'introN' failed, insufficient number of binders
a b c : ℝ
ha : 0 < a
hb : 0 < b
hc : 0 < c
habc : a * b * c = 1
h : a ^ 2 + b ^ 2 + c ^ 2 = 1
⊢ 1 ≤ a / (1 + b * c) + b / (1 + a * c) + c / (1 + a * b) ∧
    a / (1 + b * c) + b / (1 + a * c) + c / (1 + a * b) ≤ Real.sqrt 2

workbook0/lean_workbook_plus_1739.lean:
workbook0/lean_workbook_plus_1739.lean:105:147: error: unsolved goals
a : ℕ → ℚ
h : ∀ (k : ℕ), a k = ↑k / 108
⊢ False

workbook0/lean_workbook_plus_10351.lean:
workbook0/lean_workbook_plus_10351.lean:107:130: error: unsolved goals
x y : ℝ
hx : 0 ≤ x ∧ x ≤ 1
hy : 0 ≤ y ∧ y ≤ 1
⊢ False

workbook0/lean_workbook_plus_61017.lean:
workbook0/lean_workbook_plus_61017.lean:107:12: error: invalid field notation, type is not of the form (C ...) where C is a constant
  h₁
has type
  x = -1 → y ≠ 1

workbook0/lean_workbook_plus_9154.lean:
workbook0/lean_workbook_plus_9154.lean:106:39: error: unsolved goals
⊢ ¬?m.1860 1

workbook0/lean_workbook_plus_31194.lean:
workbook0/lean_workbook_plus_31194.lean:105:34: error: unexpected token '^'; expected ':'

workbook0/lean_workbook_plus_18076.lean:
workbook0/lean_workbook_plus_18076.lean:106:2: error: type mismatch
  not_forall.mpr (Exists.intro 0 fun h => ?m.4652 h)
has type
  ¬∀ (x : ℕ), ?m.4619 x : Prop
but is expected to have type
  ∀ (x y z : ℝ),
    x * Real.sqrt (y ^ 2 + 1) + y * Real.sqrt (z ^ 2 + 1) + z * Real.sqrt (x ^ 2 + 1) ≤
      3 / 2 * 2 ^ (1 / 3) + 3 / 2 * 4 ^ (1 / 3) - 1 / 5 * (x * y * z) / (x + y) / (y + z) / (z + x) : Prop

workbook0/lean_workbook_plus_59592.lean:
workbook0/lean_workbook_plus_59592.lean:105:179: error: unsolved goals
case h
n! : ℝ
a : ℕ → ℝ
a1 : a 0 = 3
a_rec : ∃ n, ¬a n = 2 ^ (n - 1) * n! * 5 ^ ((n - 1) * n / 2) * 3
⊢ ¬a 1 = 2 * 3

workbook0/lean_workbook_plus_4057.lean:
workbook0/lean_workbook_plus_4057.lean:108:2: error: tactic 'apply' failed, failed to unify
  0 ≤ ?a / ?b
with
  0 ≤
    ((a * (2 * b + 1) + b * (2 * a + 1)) * (2 * c + 1) + c * ((2 * a + 1) * (2 * b + 1))) /
        ((2 * a + 1) * (2 * b + 1) * (2 * c + 1)) -
      1
a b c : ℝ
ha : 1 ≤ a
hb : 1 ≤ b
hc : 1 ≤ c
⊢ 0 ≤
    ((a * (2 * b + 1) + b * (2 * a + 1)) * (2 * c + 1) + c * ((2 * a + 1) * (2 * b + 1))) /
        ((2 * a + 1) * (2 * b + 1) * (2 * c + 1)) -
      1

workbook0/lean_workbook_plus_40372.lean:
workbook0/lean_workbook_plus_40372.lean:107:12: error: invalid field notation, type is not of the form (C ...) where C is a constant
  h₁
has type
  x = 32 → y = 8 → z ≠ 4

workbook0/lean_workbook_plus_64182.lean:
workbook0/lean_workbook_plus_64182.lean:109:10: error: invalid constructor ⟨...⟩, expected type must be an inductive type 
  ∀ (a b c : ℝ), 2 * (a + b + c) ^ 3 ≥ 9 * (a ^ 2 + b ^ 2 + c ^ 2 + a * b + b * c + c * a)

workbook0/lean_workbook_plus_76916.lean:
workbook0/lean_workbook_plus_76916.lean:107:27: error: unsolved goals
⊢ ¬?m.1093 6

workbook0/lean_workbook_plus_26877.lean:
workbook0/lean_workbook_plus_26877.lean:105:32: error: unexpected token; expected ':'

workbook0/lean_workbook_plus_56244.lean:
workbook0/lean_workbook_plus_56244.lean:106:59: error: unsolved goals
⊢ False

workbook0/lean_workbook_plus_45013.lean:
workbook0/lean_workbook_plus_45013.lean:107:10: error: invalid constructor ⟨...⟩, expected type must be an inductive type 
  ∀ (x : ℕ), ∑ i in Finset.range x, 2 ^ i + 2 ^ x = 2 ^ (x + 1) - 2

workbook0/lean_workbook_plus_33006.lean:
workbook0/lean_workbook_plus_33006.lean:109:2: error: linarith failed to find a contradiction
case h
G : ℝ → ℝ
h₂ : ∀ (x : ℝ), G x > 0
h₁ : G 2001 ≠ 1
a✝ : G 2001 = (G 0)⁻¹ + (G 0)⁻¹ + (G 2001)⁻¹
⊢ False
failed

workbook0/lean_workbook_plus_40524.lean:
workbook0/lean_workbook_plus_40524.lean:106:39: error: unsolved goals
a : ℕ → ℝ
a0 : a 0 = 1
a1 : a 1 = 1
h : ∀ (n : ℕ), a (n + 2) = 3 * a (n + 1) - 2 * a n
⊢ ¬?m.638 0

workbook0/lean_workbook_plus_9237.lean:
workbook0/lean_workbook_plus_9237.lean:107:10: error: invalid constructor ⟨...⟩, expected type must be an inductive type 
  ∀ (a b c : ℝ),
    (3 * (a ^ 2 + b ^ 2 + c ^ 2) / (a + b + c) ^ 2) ^ (1 / 4) ≤ (3 * (a ^ 2 + b ^ 2 + c ^ 2) / (a + b + c) ^ 2 + 3) / 4

workbook0/lean_workbook_plus_43682.lean:
workbook0/lean_workbook_plus_43682.lean:105:152: error: unsolved goals
case zero
a : ℕ → ℕ
a1 : a 0 = 1
a_rec : ∀ (n : ℕ), a (n + 1) = a n + a (n - 1)
⊢ False

case succ
a : ℕ → ℕ
a1 : a 0 = 1
a_rec : ∀ (n : ℕ), a (n + 1) = a n + a (n - 1)
n✝ : ℕ
n_ih✝ : a n✝ = 0
⊢ a (n✝ - 1) = 0

workbook0/lean_workbook_plus_16642.lean:
workbook0/lean_workbook_plus_16642.lean:108:30: error: linarith failed to find a contradiction
case mp.a
a b c : ℝ
ha : 0 < a
hb : 0 < b
hc : 0 < c
habc : a * b * c = 1
h :
  a * b + a * b * c * 2 + a * c + b * c ≤
    a * b * c * (-1 + a + b + c)⁻¹ + a * b ^ 2 + a * c ^ 2 + a ^ 2 * b + a ^ 2 * c + b * c ^ 2 + b ^ 2 * c
a✝ :
  5 >
    -(a * b) + a * b * c * 3 + (a * b ^ 2 - a * c) + a * c ^ 2 + a ^ 2 * b + (a ^ 2 * c - b * c) + b * c ^ 2 +
        b ^ 2 * c +
      (-1 + a + b + c)⁻¹
⊢ False
failed
workbook0/lean_workbook_plus_16642.lean:108:30: error: linarith failed to find a contradiction
case mpr.a
a b c : ℝ
ha : 0 < a
hb : 0 < b
hc : 0 < c
habc : a * b * c = 1
h :
  5 ≤
    -(a * b) + a * b * c * 3 + (a * b ^ 2 - a * c) + a * c ^ 2 + a ^ 2 * b + (a ^ 2 * c - b * c) + b * c ^ 2 +
        b ^ 2 * c +
      (-1 + a + b + c)⁻¹
a✝ :
  a * b + a * b * c * 2 + a * c + b * c >
    a * b * c * (-1 + a + b + c)⁻¹ + a * b ^ 2 + a * c ^ 2 + a ^ 2 * b + a ^ 2 * c + b * c ^ 2 + b ^ 2 * c
⊢ False
failed
workbook0/lean_workbook_plus_16642.lean:105:275: error: unsolved goals
case mp
a b c : ℝ
ha : 0 < a
hb : 0 < b
hc : 0 < c
habc : a * b * c = 1
h :
  a * b + a * b * c * 2 + a * c + b * c ≤
    a * b * c * (-1 + a + b + c)⁻¹ + a * b ^ 2 + a * c ^ 2 + a ^ 2 * b + a ^ 2 * c + b * c ^ 2 + b ^ 2 * c
⊢ 5 ≤
    -(a * b) + a * b * c * 3 + (a * b ^ 2 - a * c) + a * c ^ 2 + a ^ 2 * b + (a ^ 2 * c - b * c) + b * c ^ 2 +
        b ^ 2 * c +
      (-1 + a + b + c)⁻¹

case mpr
a b c : ℝ
ha : 0 < a
hb : 0 < b
hc : 0 < c
habc : a * b * c = 1
h :
  5 ≤
    -(a * b) + a * b * c * 3 + (a * b ^ 2 - a * c) + a * c ^ 2 + a ^ 2 * b + (a ^ 2 * c - b * c) + b * c ^ 2 +
        b ^ 2 * c +
      (-1 + a + b + c)⁻¹
⊢ a * b + a * b * c * 2 + a * c + b * c ≤
    a * b * c * (-1 + a + b + c)⁻¹ + a * b ^ 2 + a * c ^ 2 + a ^ 2 * b + a ^ 2 * c + b * c ^ 2 + b ^ 2 * c

workbook0/lean_workbook_plus_76111.lean:
workbook0/lean_workbook_plus_76111.lean:105:34: error: unexpected token; expected '_' or identifier

workbook0/lean_workbook_plus_6269.lean:
workbook0/lean_workbook_plus_6269.lean:107:10: error: invalid constructor ⟨...⟩, expected type must be an inductive type 
  ∀ (b c : ℝ), 2 * b * c + 2 * b ^ 2 + 2 * c ^ 2 ≤ 6 + b ^ 3 * c + b * c ^ 3

workbook0/lean_workbook_plus_65410.lean:
workbook0/lean_workbook_plus_65410.lean:107:10: error: invalid constructor ⟨...⟩, expected type must be an inductive type 
  ∀ (x y z : ℝ),
    ∑ x in {x, y, z}, x ^ 2 * y * (y - z) / (x + y) ≥ 0 ↔
      ∑ x in {x, y, z}, x ^ 2 * y ^ 2 / (x + y) ≥ x * y * z * ∑ x in {x, y, z}, x / (x + y)

workbook0/lean_workbook_plus_79403.lean:
workbook0/lean_workbook_plus_79403.lean:107:10: error: invalid constructor ⟨...⟩, expected type must be an inductive type 
  ∀ (x y z : ℝ),
    x > 0 ∧ y > 0 ∧ z > 0 ∧ x + y + z = 1 →
      x ^ 2 * (x + y) * (x + z) + y ^ 2 * (y + x) * (y + z) + z ^ 2 * (z + x) * (z + y) ≥
        1 + (x + y) ^ 2 + (x + z) ^ 2 + (y + z) ^ 2

workbook0/lean_workbook_plus_79986.lean:
workbook0/lean_workbook_plus_79986.lean:105:180: error: unsolved goals
⊢ False

workbook0/lean_workbook_plus_54770.lean:
workbook0/lean_workbook_plus_54770.lean:105:37: error: unexpected token '|'; expected '}'

workbook0/lean_workbook_plus_19660.lean:
workbook0/lean_workbook_plus_19660.lean:107:10: error: invalid constructor ⟨...⟩, expected type must be an inductive type 
  ∀ (A B C : ℝ), (cos A / (sin B * sin C)) ^ 2 + (cos B / (sin C * sin A)) ^ 2 + (cos C / (sin A * sin B)) ^ 2 ≥ 4 / 3

workbook0/lean_workbook_plus_11868.lean:
workbook0/lean_workbook_plus_11868.lean:105:32: error: unexpected token '∀'; expected ':'

workbook0/lean_workbook_plus_51629.lean:
workbook0/lean_workbook_plus_51629.lean:105:225: error: unsolved goals
a b c : ℝ
ha : 0 < a
hb : 0 < b
hc : 0 < c
habc : a * b * c = 1
⊢ False

workbook0/lean_workbook_plus_79468.lean:
workbook0/lean_workbook_plus_79468.lean:107:10: error: invalid constructor ⟨...⟩, expected type must be an inductive type 
  ∀ (A B C : ℝ), 2 * sin (B / 2) ≥ cos A + cos B + cos C - 1 + cos A * cos C

workbook0/lean_workbook_plus_8277.lean:
workbook0/lean_workbook_plus_8277.lean:107:10: error: invalid constructor ⟨...⟩, expected type must be an inductive type 
  ∀ (a b : ℤ), ¬5 ∣ a ∧ ¬5 ∣ b → a ^ 3 * b - a * b ^ 3 ≡ 0 [ZMOD 10]

workbook0/lean_workbook_plus_15900.lean:
workbook0/lean_workbook_plus_15900.lean:107:2: error: type mismatch
  Mathlib.Tactic.Contrapose.mtr ?m.2463
has type
  ?m.2461 → ?m.2462 : Prop
but is expected to have type
  ∀ (x y z : ℝ),
    1 / x + 1 / y + 1 / z = 1 → (1 - 1 / (1 + x ^ 2)) * (1 - 1 / (1 + y ^ 2)) * (1 - 1 / (1 + z ^ 2)) > 1 / 2 : Prop

workbook0/lean_workbook_plus_42502.lean:
workbook0/lean_workbook_plus_42502.lean:107:10: error: invalid constructor ⟨...⟩, expected type must be an inductive type 
  ∀ (a b : ℝ), 2 * (a + b + 1) ^ 2 / (a ^ 2 + b ^ 2 + 3 * a * b + 3 * a + 3 * b + 1) ≥ 3 / 2

workbook0/lean_workbook_plus_59690.lean:
workbook0/lean_workbook_plus_59690.lean:106:2: error: type mismatch
  not_forall_of_exists_not ?m.6192
has type
  ¬∀ (x : ?m.6190), ?m.6191 x : Prop
but is expected to have type
  ∀ (a b c : ℝ),
    (a ^ 2 + b ^ 2 + c ^ 2 - a * b - b * c - c * a) *
        (1 / (a ^ 2 + b ^ 2 + c ^ 2) - (a + b + c) / (3 * (a ^ 3 + b ^ 3 + c ^ 3))) ≥
      0 : Prop

workbook0/lean_workbook_plus_11282.lean:
workbook0/lean_workbook_plus_11282.lean:106:2: error: simp made no progress

workbook0/lean_workbook_plus_37218.lean:
workbook0/lean_workbook_plus_37218.lean:108:10: error: invalid constructor ⟨...⟩, expected type must be an inductive type 
  ∀ (n : ℕ),
    ↑n ^ 3 / 3 + ↑n ^ 2 / 2 + ↑n / 6 < ∑ k in Finset.Icc 1 n, 1 / Real.log (1 + 1 / ↑k ^ 2) ∧
      ∑ k in Finset.Icc 1 n, 1 / Real.log (1 + 1 / ↑k ^ 2) < ↑n ^ 3 / 3 + ↑n ^ 2 / 2 + 7 * ↑n / 6

workbook0/lean_workbook_plus_31403.lean:
workbook0/lean_workbook_plus_31403.lean:105:44: error: unexpected token; expected ')'

workbook0/lean_workbook_plus_73449.lean:
workbook0/lean_workbook_plus_73449.lean:107:10: error: invalid constructor ⟨...⟩, expected type must be an inductive type 
  ∀ (n : ℕ), ¬n ^ 2 ∣ (n - 2)!

workbook0/lean_workbook_plus_27778.lean:
workbook0/lean_workbook_plus_27778.lean:107:2: error: omega did not find a contradiction:
[0, 0, 1] ∈ [0, ∞)

workbook0/lean_workbook_plus_637.lean:
workbook0/lean_workbook_plus_637.lean:107:10: error: invalid constructor ⟨...⟩, expected type must be an inductive type 
  ∀ (a b c : ℝ), a ^ 2 + b ^ 2 + c ^ 2 + 2 * a * b * c + 1 ≥ 2 * (a * b + b * c + c * a)

workbook0/lean_workbook_plus_22446.lean:
workbook0/lean_workbook_plus_22446.lean:107:12: error: invalid field notation, type is not of the form (C ...) where C is a constant
  h₁
has type
  x = 1 → y ≠ 1

workbook0/lean_workbook_plus_60020.lean:
workbook0/lean_workbook_plus_60020.lean:107:17: error: unsolved goals
f : ℝ → ℝ
h₁ : f 1 = 1
h₂ : ∃ x, f x ≠ 1
⊢ ¬f 2 = 5

workbook0/lean_workbook_plus_9441.lean:
workbook0/lean_workbook_plus_9441.lean:106:2: error: simp made no progress

workbook0/lean_workbook_plus_61776.lean:
workbook0/lean_workbook_plus_61776.lean:107:10: error: invalid constructor ⟨...⟩, expected type must be an inductive type 
  ∀ (n m : ℕ), f (m + n) = f m * f n

workbook0/lean_workbook_plus_52213.lean:
workbook0/lean_workbook_plus_52213.lean:105:109: error: unsolved goals
⊢ False

workbook0/lean_workbook_plus_43842.lean:
workbook0/lean_workbook_plus_43842.lean:106:2: error: simp made no progress

workbook0/lean_workbook_plus_62954.lean:
workbook0/lean_workbook_plus_62954.lean:107:10: error: invalid constructor ⟨...⟩, expected type must be an inductive type 
  ∀ (x y z t : ℝ), (x + (y + z + t)) / 2 ≥ Real.sqrt (x * (y + z + t))

workbook0/lean_workbook_plus_2107.lean:
workbook0/lean_workbook_plus_2107.lean:107:10: error: invalid constructor ⟨...⟩, expected type must be an inductive type 
  ∀ (a b c : ℝ),
    a ≥ 0 ∧ b ≥ 0 ∧ c ≥ 0 →
      (a + b) ^ 2 / (2 * c ^ 2 + 3 * a * b) + (b + c) ^ 2 / (2 * a ^ 2 + 3 * b * c) +
          (c + a) ^ 2 / (2 * b ^ 2 + 3 * c * a) ≥
        7 / 3

workbook0/lean_workbook_plus_7678.lean:
workbook0/lean_workbook_plus_7678.lean:106:2: error: tactic 'decide' proved that the proposition
  (6, 2, 0) + (4, 4, 0) + (6, 1, 1) + (3, 3, 2) + 2 * (4, 3, 1) ≥ 6 * (4, 2, 2)
is false

workbook0/lean_workbook_plus_1924.lean:
workbook0/lean_workbook_plus_1924.lean:107:2: error: simp made no progress

workbook0/lean_workbook_plus_34923.lean:
workbook0/lean_workbook_plus_34923.lean:107:10: error: invalid constructor ⟨...⟩, expected type must be an inductive type 
  ∀ (x y z : ℝ),
    x > 0 ∧ y > 0 ∧ z > 0 →
      1 / (2 * (y ^ 2 + z ^ 2 + y * z)) + 1 / (2 * (y ^ 2 + x ^ 2 + y * x)) + z / (2 * (x ^ 2 + y * x + y ^ 2)) +
          (x + y + z) / 3 ≥
        3 / 2

workbook0/lean_workbook_plus_23590.lean:
workbook0/lean_workbook_plus_23590.lean:105:69: error: unsolved goals
⊢ False

workbook0/lean_workbook_plus_27174.lean:
workbook0/lean_workbook_plus_27174.lean:106:91: error: unsolved goals
⊢ False

workbook0/lean_workbook_plus_48944.lean:
workbook0/lean_workbook_plus_48944.lean:107:10: error: invalid constructor ⟨...⟩, expected type must be an inductive type 
  ∀ (a b c : ℝ),
    a ^ 8061 / (a ^ 2 + 1) + b ^ 29 / (b ^ 2 + 1) + c ^ 121 / (c ^ 2 + 1) + 4101 / 2 ≥
      2015 * a ^ 2 + 7 * b ^ 2 + 30 * c ^ 2

workbook0/lean_workbook_plus_12895.lean:
workbook0/lean_workbook_plus_12895.lean:112:2: error: linarith failed to find a contradiction
case h1.h
a✝ : -23 - Real.sqrt 2 * 22 < 0
⊢ False
failed

workbook0/lean_workbook_plus_48603.lean:
workbook0/lean_workbook_plus_48603.lean:110:19: error: unsolved goals
a b n : ℕ
h₀ : 0 < a ∧ 0 < b ∧ 0 < n
h₁ : n = 1001 * a + 1001 * b
h₂ : a = 5993 / 13
h₃ : b = 6994 / 13
⊢ False

workbook0/lean_workbook_plus_76519.lean:
workbook0/lean_workbook_plus_76519.lean:108:10: error: invalid constructor ⟨...⟩, expected type must be an inductive type 
  ∀ ε > 0, ∃ δ > 0, ∀ x ∈ Set.Ioo (-δ) δ, |sin x / x - 1| < ε

workbook0/lean_workbook_plus_32825.lean:
workbook0/lean_workbook_plus_32825.lean:106:27: error: unsolved goals
⊢ ¬?m.457 1

workbook0/lean_workbook_plus_28308.lean:
workbook0/lean_workbook_plus_28308.lean:107:10: error: invalid constructor ⟨...⟩, expected type must be an inductive type 
  ∀ (f : ℝ → ℝ) (x : ℝ), f x = x

workbook0/lean_workbook_plus_73552.lean:
workbook0/lean_workbook_plus_73552.lean:105:32: error: unexpected token; expected ':'

workbook0/lean_workbook_plus_68775.lean:
workbook0/lean_workbook_plus_68775.lean:105:32: error: unexpected token '∀'; expected ':'

workbook0/lean_workbook_plus_53770.lean:
workbook0/lean_workbook_plus_53770.lean:105:125: error: unsolved goals
x y : ℝ
hx : ⌊Real.sqrt x⌋ = 10
hy : ⌊Real.sqrt y⌋ = 14
⊢ False

workbook0/lean_workbook_plus_19204.lean:
workbook0/lean_workbook_plus_19204.lean:105:148: error: unsolved goals
a b : ℚ
hab : a = 53405834 / 242371 ∧ b = 23742398572309857 / 423471453
⊢ False

workbook0/lean_workbook_plus_54070.lean:
workbook0/lean_workbook_plus_54070.lean:108:6: error: tactic 'rewrite' failed, did not find instance of the pattern in the target expression
  ?m.12919 / ?m.12920 < ?m.12921 / ?m.12922
abc a b c : ℝ
ha : 1 < a
hb : 1 < b
hc : 1 < c
⊢ 3 / (1 + 1) ≤ ((b + 1) * (c + 1) + (c + 1 + (b + 1)) * (a + 1)) / ((a + 1) * ((b + 1) * (c + 1)))

workbook0/lean_workbook_plus_56036.lean:
workbook0/lean_workbook_plus_56036.lean:105:100: error: unsolved goals
⊢ False

workbook0/lean_workbook_plus_36839.lean:
workbook0/lean_workbook_plus_36839.lean:106:2: error: type mismatch
  not_forall_of_exists_not ?m.723
has type
  ¬∀ (x : ?m.721), ?m.722 x : Prop
but is expected to have type
  ∀ (a b c : ℝ),
    a + b + c + a * b * c = 4 → 3 * a * b * c ≤ a * b + b * c + c * a ∧ a * b + b * c + c * a ≤ a * b * c + 4 : Prop

workbook0/lean_workbook_plus_16562.lean:
workbook0/lean_workbook_plus_16562.lean:107:10: error: invalid constructor ⟨...⟩, expected type must be an inductive type 
  ∀ (k n : ℕ), k ≠ 0 ∧ n ≠ 0 → 1 / (k * (n - k + 1)) = (1 / k + 1 / (1 + n - k)) * (1 / (n + 1))

workbook0/lean_workbook_plus_26043.lean:
workbook0/lean_workbook_plus_26043.lean:105:44: error: unexpected token '('; expected ')'

workbook0/lean_workbook_plus_43895.lean:
workbook0/lean_workbook_plus_43895.lean:105:107: error: unsolved goals
x : ℝ
hx : x ≠ 0
⊢ False

workbook0/lean_workbook_plus_57668.lean:
workbook0/lean_workbook_plus_57668.lean:107:10: error: invalid constructor ⟨...⟩, expected type must be an inductive type 
  ∀ (a b c : ℝ), a > 0 ∧ b > 0 ∧ c > 0 ∧ a ^ 2 + b ^ 2 + c ^ 2 = 3 → a * b + b * c + c * a ≤ 1

workbook0/lean_workbook_plus_50196.lean:
workbook0/lean_workbook_plus_50196.lean:105:173: error: unsolved goals
n : ℕ
⊢ False

workbook0/lean_workbook_plus_23020.lean:
workbook0/lean_workbook_plus_23020.lean:105:32: error: unexpected token '∀'; expected ':'

workbook0/lean_workbook_plus_52841.lean:
workbook0/lean_workbook_plus_52841.lean:110:10: error: invalid constructor ⟨...⟩, expected type must be an inductive type 
  ∀ (a b c : ℝ), (a + b) ^ 2 / (c ^ 2 + a * b) + (b + c) ^ 2 / (a ^ 2 + b * c) + (c + a) ^ 2 / (b ^ 2 + c * a) ≥ 6

workbook0/lean_workbook_plus_10589.lean:
workbook0/lean_workbook_plus_10589.lean:107:46: error: unsolved goals
f : ℝ → ℝ
hf : ContinuousOn f (Set.Icc 0 1)
hx : ∃ x ∈ Set.Icc 0 1, f x ≠ x - x ^ 2
⊢ ¬f (1 / 4) + f (1 / 2) = 1 / 2

workbook0/lean_workbook_plus_53533.lean:
workbook0/lean_workbook_plus_53533.lean:107:10: error: invalid constructor ⟨...⟩, expected type must be an inductive type 
  ∀ (a b c : ℝ),
    (a + 2 * b + c)⁻¹ - (a + 3 * c) / (a + 2 * b + c) ^ 2 - 4 * b / (a + b + 2 * c) ^ 2 + 8 * c / (a + b + 3 * c) ^ 2 =
        0 ∧
      -2 * (a + 3 * c) / (a + 2 * b + c) ^ 2 + 4 * (a + b + 2 * c)⁻¹ - 4 * b / (a + b + 2 * c) ^ 2 +
            8 * c / (a + b + 3 * c) ^ 2 =
          0 ∧
        3 * (a + 2 * b + c)⁻¹ - (a + 3 * c) / (a + 2 * b + c) ^ 2 - 8 * b / (a + b + 2 * c) ^ 2 -
              8 * (a + b + 3 * c)⁻¹ +
            24 * c / (a + b + 3 * c) ^ 2 =
          0

workbook0/lean_workbook_plus_21691.lean:
workbook0/lean_workbook_plus_21691.lean:106:2: error: simp made no progress

workbook0/lean_workbook_plus_35248.lean:
workbook0/lean_workbook_plus_35248.lean:106:28: error: unsolved goals
⊢ ¬?m.1692 (-1)

workbook0/lean_workbook_plus_70469.lean:
workbook0/lean_workbook_plus_70469.lean:107:2: error: not a positivity goal

workbook0/lean_workbook_plus_21784.lean:
workbook0/lean_workbook_plus_21784.lean:106:2: error: simp made no progress

workbook0/lean_workbook_plus_3480.lean:
workbook0/lean_workbook_plus_3480.lean:107:10: error: invalid constructor ⟨...⟩, expected type must be an inductive type 
  ∀ (n k : ℕ), (n - 2 * k) * choose n k = n * (choose (n - 1) k - choose (n - 1) (k - 1))

workbook0/lean_workbook_plus_47186.lean:
workbook0/lean_workbook_plus_47186.lean:106:2: error: linarith failed to find a contradiction
case a
a b c : ℝ
hx : a > 0 ∧ b > 0 ∧ c > 0
hab : a + b > c
hbc : b + c > a
hca : a + c > b
a✝ : (a + b + c) ^ 2 > 2 * (a ^ 2 + b ^ 2 + c ^ 2)
⊢ False
failed

workbook0/lean_workbook_plus_10292.lean:
workbook0/lean_workbook_plus_10292.lean:106:2: error: simp made no progress

workbook0/lean_workbook_plus_325.lean:
workbook0/lean_workbook_plus_325.lean:107:8: error: invalid constructor ⟨...⟩, expected type must be an inductive type 
  ∀ (a b c d e f : ℝ),
    a ≥ 0 ∧ b ≥ 0 ∧ c ≥ 0 ∧ d ≥ 0 ∧ e ≥ 0 ∧ f ≥ 0 →
      3 / 2 * (a * d - b * c) ^ 2 + 3 / 2 * (b * e - c * d) ^ 2 + 3 / 2 * (a * c - d * e) ^ 2 + (a - b) ^ 2 * a * b +
                                (b - c) ^ 2 * b * c +
                              (c - d) ^ 2 * c * d +
                            (d - e) ^ 2 * d * e +
                          (e - a) ^ 2 * e * a +
                        5 / 2 * (a * b + b * c + c * d + d * e + e * a - a * c - b * d - e * c - a * d - b * e) ^ 2 +
                      (e - b) ^ 2 * b * e +
                    (d - a) ^ 2 * a * d +
                  (c - e) ^ 2 * e * c +
                (b - d) ^ 2 * b * d +
              (a - c) ^ 2 * a * c +
            3 / 2 * (b * d - e * a) ^ 2 +
          3 / 2 * (e * c - a * b) ^ 2 =
        0

workbook0/lean_workbook_plus_64096.lean:
workbook0/lean_workbook_plus_64096.lean:107:10: error: invalid constructor ⟨...⟩, expected type must be an inductive type 
  ∀ (a b c : ℕ), 4 * a * b - a - b ≠ c ^ 2

workbook0/lean_workbook_plus_26491.lean:
workbook0/lean_workbook_plus_26491.lean:107:10: error: invalid constructor ⟨...⟩, expected type must be an inductive type 
  ∀ (b a c : ℝ), (1 - b) * (1 - a * c) ≥ 0

workbook0/lean_workbook_plus_32250.lean:
workbook0/lean_workbook_plus_32250.lean:110:28: error: unsolved goals
a : ℕ → ℕ
h₀ : a 6 = a 3 + a 3 + 9
h₁ : a 3 = a 2 + a 1 + 2
h₂ : a 2 = a 1 + a 1 + 1 + 3
h₃ : a 1 = 6
⊢ False

workbook0/lean_workbook_plus_5119.lean:
workbook0/lean_workbook_plus_5119.lean:107:10: error: invalid constructor ⟨...⟩, expected type must be an inductive type 
  ∀ (a b c : ℝ),
    (a / b + b / a + b / c + c / b + c / a + a / c) ^ 2 ≥
      4 * (a ^ 2 + b ^ 2 + c ^ 2) * (1 / b * c + 1 / c * a + 1 / a * b)

workbook0/lean_workbook_plus_510.lean:
workbook0/lean_workbook_plus_510.lean:107:10: error: invalid constructor ⟨...⟩, expected type must be an inductive type 
  ∀ (a b : ℤ),
    a / (b + 7) + b / (a + 7) = 1 ↔
      a = -8 ∧ b = 7 ∨
        a = -7 ∧ b = 8 ∨
          a = -6 ∧ b = 13 ∨
            a = -5 ∧ b = 14 ∨
              a = -4 ∧ b = 17 ∨
                a = -3 ∧ b = 18 ∨
                  a = -2 ∧ b = 21 ∨
                    a = -1 ∧ b = 22 ∨
                      a = 0 ∧ b = 25 ∨
                        a = 1 ∧ b = 26 ∨
                          a = 2 ∧ b = 29 ∨ a = 3 ∧ b = 30 ∨ a = 4 ∧ b = 33 ∨ a = 5 ∧ b = 34 ∨ a = 6 ∧ b = 37

workbook0/lean_workbook_plus_72942.lean:
workbook0/lean_workbook_plus_72942.lean:106:2: warning: aesop: failed to prove the goal after exhaustive search.
workbook0/lean_workbook_plus_72942.lean:105:141: error: unsolved goals
case left
x y z : ℝ
h₁ : x + y + z = 3
h₂ : x * y + y * z + z * x = 9
h₃ : x * y * z = 10
⊢ x = 2

case right.left
x y z : ℝ
h₁ : x + y + z = 3
h₂ : x * y + y * z + z * x = 9
h₃ : x * y * z = 10
⊢ y = 1

case right.right
x y z : ℝ
h₁ : x + y + z = 3
h₂ : x * y + y * z + z * x = 9
h₃ : x * y * z = 10
⊢ z = 0

workbook0/lean_workbook_plus_77944.lean:
workbook0/lean_workbook_plus_77944.lean:107:10: error: invalid constructor ⟨...⟩, expected type must be an inductive type 
  ∀ (x y z : ℝ), (x * y) ^ 2 + (y * z) ^ 2 + (z * x) ^ 2 > (x ^ 4 + y ^ 4 + z ^ 4) / 2

workbook0/lean_workbook_plus_13397.lean:
workbook0/lean_workbook_plus_13397.lean:105:167: error: unsolved goals
⊢ False

workbook0/lean_workbook_plus_71178.lean:
workbook0/lean_workbook_plus_71178.lean:105:126: error: unsolved goals
u : ℝ
h₁ : u = (54 + 2 * Real.sqrt 675) ^ (1 / 3) - (10 + Real.sqrt 108) ^ (1 / 3)
⊢ False

workbook0/lean_workbook_plus_20190.lean:
workbook0/lean_workbook_plus_20190.lean:107:10: error: invalid constructor ⟨...⟩, expected type must be an inductive type 
  ∀ (n : ℝ), (if n = 0 then 0 else rexp (-1 / n ^ 2)) = 0

workbook0/lean_workbook_plus_11665.lean:
workbook0/lean_workbook_plus_11665.lean:106:2: error: simp made no progress

workbook0/lean_workbook_plus_42444.lean:
workbook0/lean_workbook_plus_42444.lean:107:10: error: invalid constructor ⟨...⟩, expected type must be an inductive type 
  ∀ (a b c : ℤ), a > 0 ∧ b > 0 ∧ c > 0 → a / (b + c) + b / (c + a) + c / (a + b) ≥ 3 / 2

workbook0/lean_workbook_plus_23562.lean:
workbook0/lean_workbook_plus_23562.lean:107:10: error: invalid constructor ⟨...⟩, expected type must be an inductive type 
  ∀ ε > 0, ∃ δ > 0, ∀ x ∈ Set.Ioo (-δ) δ, |x / tan x - 1| < ε

workbook0/lean_workbook_plus_12763.lean:
workbook0/lean_workbook_plus_12763.lean:106:30: error: simp made no progress

workbook0/lean_workbook_plus_18896.lean:
workbook0/lean_workbook_plus_18896.lean:106:28: error: unsolved goals
⊢ ¬?m.1104 (-2)

workbook0/lean_workbook_plus_13772.lean:
workbook0/lean_workbook_plus_13772.lean:105:86: error: unsolved goals
⊢ False

workbook0/lean_workbook_plus_79880.lean:
workbook0/lean_workbook_plus_79880.lean:105:123: error: unsolved goals
A : Matrix (Fin 2) (Fin 2) ℤ
hA : A = Matrix.of ![![3, -3], ![3, 3]]
⊢ False

workbook0/lean_workbook_plus_12816.lean:
workbook0/lean_workbook_plus_12816.lean:107:2: error: linarith failed to find a contradiction
case intro.intro.intro.intro.intro.intro.h2.h
P : ℝ → ℝ
hP0 : P 0 = 0
hP1 : P 1 = 1 / 2
hP2 : P 2 = 2 / 3
hP3 : P 3 = 3 / 4
hP4 : P 4 = 4 / 5
hP5 : P 5 = 5 / 6
a0 a1 a2 a3 a4 a5 : ℝ
hP : ∀ (x : ℝ), P x = a0 + a1 * x + a2 * x ^ 2 + a3 * x ^ 3 + a4 * x ^ 4 + a5 * x ^ 5
a✝ : 5 / 7 < P 6
⊢ False
failed

workbook0/lean_workbook_plus_28912.lean:
workbook0/lean_workbook_plus_28912.lean:105:219: error: unsolved goals
x y z : ℝ
hx : 2 < x
hy : 2 < y
hz : 2 < z
h : 1 / x ^ 4 + 1 / y ^ 4 + 1 / z ^ 4 = 1 / 8
⊢ False

workbook0/lean_workbook_plus_42738.lean:
workbook0/lean_workbook_plus_42738.lean:107:10: error: invalid constructor ⟨...⟩, expected type must be an inductive type 
  ∀ (x : ℝ), x ≤ (a ^ 2 + b ^ 2 + c ^ 2) / (a * b + b * c + a * c)

workbook0/lean_workbook_plus_31993.lean:
workbook0/lean_workbook_plus_31993.lean:107:2: error: simp made no progress

workbook0/lean_workbook_plus_66729.lean:
workbook0/lean_workbook_plus_66729.lean:106:2: error: simp made no progress

workbook0/lean_workbook_plus_9944.lean:
workbook0/lean_workbook_plus_9944.lean:107:10: error: invalid constructor ⟨...⟩, expected type must be an inductive type 
  ∀ (n : ℕ), a n * a (n + 2) - a (n + 1) ^ 2 = 2

workbook0/lean_workbook_plus_70999.lean:
workbook0/lean_workbook_plus_70999.lean:106:87: error: unsolved goals
⊢ False

workbook0/lean_workbook_plus_39371.lean:
workbook0/lean_workbook_plus_39371.lean:107:6: error: tactic 'rewrite' failed, did not find instance of the pattern in the target expression
  ?m.13468 / ?m.13469 < ?m.13470 / ?m.13471
abc a b c : ℝ
ha : 0 < a
hb : 0 < b
hc : 0 < c
habc : a + b + c = 3
⊢ (2 + (3 + a * b + b * c + a * c)) / (3 + a * b + b * c + a * c) ≤ 5 / 6

workbook0/lean_workbook_plus_3518.lean:
workbook0/lean_workbook_plus_3518.lean:107:10: error: invalid constructor ⟨...⟩, expected type must be an inductive type 
  ∀ (a b c : ℝ), (c / (a + c)) ^ 3 + (a / (a + b)) ^ 3 + (b / (b + c)) ^ 3 ≤ 9 / 8

workbook0/lean_workbook_plus_49.lean:
workbook0/lean_workbook_plus_49.lean:107:10: error: invalid constructor ⟨...⟩, expected type must be an inductive type 
  ∀ (a b : ℝ), a > 0 ∧ b > 0 → (a + 1 / a) ^ 2 + (b + 1 / b) ^ 2 ≥ 25 / 2

workbook0/lean_workbook_plus_49221.lean:
workbook0/lean_workbook_plus_49221.lean:105:158: error: unsolved goals
⊢ False

workbook0/lean_workbook_plus_77824.lean:
workbook0/lean_workbook_plus_77824.lean:105:163: error: unsolved goals
n : ℕ
⊢ False

workbook0/lean_workbook_plus_41324.lean:
workbook0/lean_workbook_plus_41324.lean:107:10: error: invalid constructor ⟨...⟩, expected type must be an inductive type 
  ∀ (a b c : ℝ), a ^ 2 + b ^ 2 + c ^ 2 + a * b * c = 4 → a + b + c ≥ a * b + b * c + c * a

workbook0/lean_workbook_plus_21805.lean:
workbook0/lean_workbook_plus_21805.lean:127:76: error: unsolved goals
a b c d e f : ℤ
h₀ : -4 ≤ a ∧ a ≤ 4
h₁ : -4 ≤ b ∧ b ≤ 4
h₂ : -4 ≤ c ∧ c ≤ 4
h₃ : -4 ≤ d ∧ d ≤ 4
h₄ : -4 ≤ e ∧ e ≤ 4
h₅ : -4 ≤ f ∧ f ≤ 4
h₆ : a ≠ b
h₇ : a ≠ c
h₈ : a ≠ d
h₉ : a ≠ e
h₁₀ : a ≠ f
h₁₁ : b ≠ c
h₁₂ : b ≠ d
h₁₃ : b ≠ e
h₁₄ : b ≠ f
h₁₅ : c ≠ d
h₁₆ : c ≠ e
h₁₇ : c ≠ f
h₁₈ : d ≠ e
h₁₉ : d ≠ f
h₂₀ : e ≠ f
⊢ False

workbook0/lean_workbook_plus_21897.lean:
workbook0/lean_workbook_plus_21897.lean:105:139: error: unsolved goals
y : ℕ
⊢ False

workbook0/lean_workbook_plus_32148.lean:
workbook0/lean_workbook_plus_32148.lean:107:10: error: invalid constructor ⟨...⟩, expected type must be an inductive type 
  ∀ (a b c : ℝ), 1 / (cos a ^ 2 * cos b ^ 2 * cos c ^ 2) > 0

workbook0/lean_workbook_plus_72864.lean:
workbook0/lean_workbook_plus_72864.lean:107:10: error: invalid constructor ⟨...⟩, expected type must be an inductive type 
  ∀ (a b c : ℝ), a ^ 3 / (a + b) ^ 2 + b ^ 3 / (b + c) ^ 2 + c ^ 3 / (c + a) ^ 2 ≥ (a + b + c) / 4

workbook0/lean_workbook_plus_24900.lean:
Try this: ring_nf
workbook0/lean_workbook_plus_24900.lean:105:298: error: unsolved goals
x y z : ℝ
hx : 0 < x
hy : 0 < y
hz : 0 < z
⊢ z * Real.sqrt (x + y) * Real.sqrt (z + x) + z * Real.sqrt (x + y) * Real.sqrt (z + y) + z * (x + y) +
                x * Real.sqrt (x + y) * Real.sqrt (z + y) +
              x * Real.sqrt (z + x) * Real.sqrt (z + y) +
            x * (z + y) +
          y * Real.sqrt (x + y) * Real.sqrt (z + x) +
        y * Real.sqrt (z + x) * Real.sqrt (z + y) +
      y * (z + x) =
    z * x * 2 + z * y * 2 + x * y * 2 + Real.sqrt (x + y) * Real.sqrt (z + x) * (z + y) +
        Real.sqrt (x + y) * (z + x) * Real.sqrt (z + y) +
      (x + y) * Real.sqrt (z + x) * Real.sqrt (z + y)

workbook0/lean_workbook_plus_15091.lean:
workbook0/lean_workbook_plus_15091.lean:106:2: error: tactic 'introN' failed, insufficient number of binders
⊢ ∃ u, ∀ (n : ℕ), 1 ≤ u n ∧ ∀ (n : ℕ), (n + 1) * u n ≤ n * u (n + 1) ∧ ∀ (n m : ℕ), u (n * m) = u n * u m

workbook0/lean_workbook_plus_73756.lean:
workbook0/lean_workbook_plus_73756.lean:106:2: error: tactic 'introN' failed, insufficient number of binders
x A : ℝ
h₁ : A = (3 - 4 * x) / (x ^ 2 + 1)
⊢ x = -1 ∧ A = 7 ∨ x = 1 ∧ A = -1

workbook0/lean_workbook_plus_3621.lean:
workbook0/lean_workbook_plus_3621.lean:110:2: error: tactic 'introN' failed, insufficient number of binders
n : ℕ
h₀ : 0 < n
h₁ : ∑ k in Finset.range n, (k + 1) = 3321
h₂ : ∑ k in Finset.range (n - 1), (k + 1) = 3260
⊢ n = 81

workbook0/lean_workbook_plus_16326.lean:
workbook0/lean_workbook_plus_16326.lean:106:2: error: linarith failed to find a contradiction
case h1.h
t : ℝ
a✝ :
  118 / 7 * t ^ 4 + 8 * t ^ 3 + 12 * t ^ 2 + 8 * t + 10 / 7 <
    6 / 7 * t ^ 4 - 1 / 4 * t ^ 2 + 1 / 50 + (4 * t ^ 2 + t - 3 / 25) ^ 2 +
      (1221 / 100 * t ^ 2 + 206 / 25 * t + 493 / 350)
⊢ False
failed

workbook0/lean_workbook_plus_4079.lean:
workbook0/lean_workbook_plus_4079.lean:106:2: error: linarith failed to find a contradiction
case a
a b c : ℝ
ha : 0 < a
hb : 0 < b
hc : 0 < c
habc : a * b * c = 1
h : 1 / (a ^ 2 * (b + c)) + 1 / (b ^ 2 * (a + c)) + 1 / (c ^ 2 * (a + b)) = 1 / 2
a✝ : 3 > a * b * c
⊢ False
failed

workbook0/lean_workbook_plus_15578.lean:
workbook0/lean_workbook_plus_15578.lean:106:27: error: unsolved goals
⊢ ¬?m.1691 0

workbook0/lean_workbook_plus_18112.lean:
workbook0/lean_workbook_plus_18112.lean:109:2: error: tactic 'introN' failed, insufficient number of binders
x : ℕ
h₀ : 0 < x
h₁ : ∑ k in Finset.Icc 1 (x + 1), k ^ 3 - ∑ k in Finset.Icc 1 x, k = 4290
⊢ x = 10

workbook0/lean_workbook_plus_68931.lean:
workbook0/lean_workbook_plus_68931.lean:109:2: error: linarith failed to find a contradiction
case h
θ : ℝ
h₁ : π / 2 < θ ∧ θ < π
h₂ : ¬cos θ = -(6324555320336759 / 20000000000000000)
a✝ : 2 * sin θ * cos θ / (2 * cos θ ^ 2 - 1) = 3 / 4
⊢ False
failed

workbook0/lean_workbook_plus_51172.lean:
workbook0/lean_workbook_plus_51172.lean:105:108: error: unsolved goals
⊢ False

workbook0/lean_workbook_plus_61643.lean:
workbook0/lean_workbook_plus_61643.lean:105:32: error: unexpected token; expected ':'

workbook0/lean_workbook_plus_21717.lean:
workbook0/lean_workbook_plus_21717.lean:107:10: error: invalid constructor ⟨...⟩, expected type must be an inductive type 
  ∀ (a b c : ℝ), a > 0 ∧ b > 0 ∧ c > 0 ∧ a + b + c = 1 → a / (a + b * c) + c / (b + a * c) + b / (c + a * b) ≤ 9 / 4

workbook0/lean_workbook_plus_19557.lean:
workbook0/lean_workbook_plus_19557.lean:107:10: error: invalid constructor ⟨...⟩, expected type must be an inductive type 
  ∀ (a b c : ℝ),
    a > 0 ∧ b > 0 ∧ c > 0 ∧ a ∈ Set.Icc 0 (1 / 2) ∧ b ∈ Set.Icc 0 (1 / 2) ∧ c ∈ Set.Icc 0 (1 / 2) →
      a * (1 - a) + b * (1 - b) + c * (1 - c) ≤ 2 / 3

workbook0/lean_workbook_plus_81236.lean:
workbook0/lean_workbook_plus_81236.lean:106:2: error: omega did not find a contradiction:
[0, 0, 0, 1, 0] ∈ [-5, ∞)
[0, 0, 0, 0, 1] ∈ [0, ∞)
[0, 0, 0, 3, -1] ∈ [-6, ∞)
[0, 0, 0, 1] ∈ [0, ∞)
[0, 0, 0, 1, -1] ∈ [-1, ∞)

workbook0/lean_workbook_plus_44571.lean:
workbook0/lean_workbook_plus_44571.lean:107:10: error: invalid constructor ⟨...⟩, expected type must be an inductive type 
  ∀ (x y : ℝ), |f x - f y| > 1

workbook0/lean_workbook_plus_51295.lean:
workbook0/lean_workbook_plus_51295.lean:106:2: error: simp made no progress

workbook0/lean_workbook_plus_72931.lean:
workbook0/lean_workbook_plus_72931.lean:107:6: error: invalid universe level, ?u.699 is not greater than 0
workbook0/lean_workbook_plus_72931.lean:107:9: error: too many arguments supplied to `use`

workbook0/lean_workbook_plus_55698.lean:
workbook0/lean_workbook_plus_55698.lean:105:41: error: unexpected token; expected '_' or identifier

workbook0/lean_workbook_plus_11131.lean:
workbook0/lean_workbook_plus_11131.lean:105:40: error: unexpected token; expected ')'

workbook0/lean_workbook_plus_18264.lean:
workbook0/lean_workbook_plus_18264.lean:106:28: error: unsolved goals
⊢ False

workbook0/lean_workbook_plus_10782.lean:
workbook0/lean_workbook_plus_10782.lean:110:2: error: simp made no progress

workbook0/lean_workbook_plus_23324.lean:
workbook0/lean_workbook_plus_23324.lean:107:10: error: invalid constructor ⟨...⟩, expected type must be an inductive type 
  ∀ (x y z : ℝ),
    9 * x ^ 6 + 27 * x ^ 4 * y ^ 2 + 27 * x ^ 4 * z ^ 2 + 18 * x ^ 3 * y ^ 2 * z + 18 * x ^ 3 * z ^ 2 * y +
        9 * x ^ 2 * y ^ 2 * z ^ 2 ≥
      4 * (x + y + z) ^ 2 * (x ^ 2 + y ^ 2 + z ^ 2) ^ 2

workbook0/lean_workbook_plus_19564.lean:
workbook0/lean_workbook_plus_19564.lean:105:158: error: unsolved goals
a b : ℕ
hab : a = 49 ∧ b = 100
⊢ False

workbook0/lean_workbook_plus_54412.lean:
workbook0/lean_workbook_plus_54412.lean:106:2: error: simp made no progress

workbook0/lean_workbook_plus_19451.lean:
workbook0/lean_workbook_plus_19451.lean:107:6: warning: `tsum_geometric_of_abs_lt_1` has been deprecated, use `tsum_geometric_of_abs_lt_one` instead
workbook0/lean_workbook_plus_19451.lean:105:86: error: unsolved goals
x : ℝ
hx : x = 1
⊢ False

workbook0/lean_workbook_plus_68601.lean:
workbook0/lean_workbook_plus_68601.lean:109:99: error: unsolved goals
x y z : ℝ
h₀ : x = 4 / 3
h₁ : y = 4 / 3
h₂ : z = 4 / 3
⊢ False

workbook0/lean_workbook_plus_52963.lean:
workbook0/lean_workbook_plus_52963.lean:109:2: error: simp made no progress

workbook0/lean_workbook_plus_13490.lean:
workbook0/lean_workbook_plus_13490.lean:107:10: error: invalid constructor ⟨...⟩, expected type must be an inductive type 
  ∀ (n : ℕ), ∑ k in Finset.range n, (2 * k + 1) = n * (n + 2)

workbook0/lean_workbook_plus_40075.lean:
workbook0/lean_workbook_plus_40075.lean:105:32: error: unexpected token '∑'; expected ':'

workbook0/lean_workbook_plus_1328.lean:
workbook0/lean_workbook_plus_1328.lean:106:2: error: simp made no progress

workbook0/lean_workbook_plus_18033.lean:
workbook0/lean_workbook_plus_18033.lean:107:10: error: invalid constructor ⟨...⟩, expected type must be an inductive type 
  ∀ (n : ℕ),
    ∑ j in Finset.range (n + 1), (2 ^ j * choose (3 * n + 2 - j) j - 2 ^ (j - 1) * choose (3 * n + 1 - j) (j - 1)) =
      2 ^ (3 * n)

workbook0/lean_workbook_plus_12666.lean:
workbook0/lean_workbook_plus_12666.lean:106:2: error: simp made no progress

workbook0/lean_workbook_plus_51925.lean:
workbook0/lean_workbook_plus_51925.lean:105:93: error: unsolved goals
⊢ False

workbook0/lean_workbook_plus_56976.lean:
workbook0/lean_workbook_plus_56976.lean:106:2: error: simp made no progress

workbook0/lean_workbook_plus_80662.lean:
workbook0/lean_workbook_plus_80662.lean:105:46: error: unexpected token ')'; expected ':=', 'where' or '|'

workbook0/lean_workbook_plus_44874.lean:
workbook0/lean_workbook_plus_44874.lean:107:22: error: invalid constructor ⟨...⟩, expected type must be an inductive type 
  ?m.96 k hk
workbook0/lean_workbook_plus_44874.lean:107:2: error: type mismatch
  fun k hk => ?m.98 k hk
has type
  (k : ?m.87) → (hk : ?m.99 k) → ?m.96 k hk : Sort (imax ?u.86 ?u.89 ?u.92)
but is expected to have type
  ∃ k ≤ A, ∀ l > k, l ≤ A : Prop

workbook0/lean_workbook_plus_44562.lean:
workbook0/lean_workbook_plus_44562.lean:107:10: error: invalid constructor ⟨...⟩, expected type must be an inductive type 
  ∀ (a b c : ℝ), 18 / (a ^ 2 + b ^ 2 + c ^ 2 + 6) ≤ 1

workbook0/lean_workbook_plus_15809.lean:
workbook0/lean_workbook_plus_15809.lean:108:6: error: tactic 'rewrite' failed, equality or iff proof expected
  False
f g : ℝ → ℝ
hf : ∀ x ≥ 1, f (g x) = x ^ 2
h16 : g 16 = 16
hg : g 4 ≠ 2
⊢ g (f 2) ≠ 2 ^ 3

workbook0/lean_workbook_plus_51323.lean:
workbook0/lean_workbook_plus_51323.lean:107:10: error: invalid constructor ⟨...⟩, expected type must be an inductive type 
  ∀ (a b : ℝ), a ≠ b → ∀ (x : ℝ), x ≠ 0 → (rexp (-a * x) - rexp (-b * x)) / x = b - a
workbook0/lean_workbook_plus_51323.lean:108:2: error: no goals to be solved

workbook0/lean_workbook_plus_27546.lean:
workbook0/lean_workbook_plus_27546.lean:107:10: error: invalid constructor ⟨...⟩, expected type must be an inductive type 
  ∀ (x y z : ℝ), x ^ 6 / (y ^ 2 + z ^ 2) ^ 2 + (y ^ 2 + z ^ 2) / 8 + (y ^ 2 + z ^ 2) / 8 ≥ 3 * x ^ 2 / 4

workbook0/lean_workbook_plus_55012.lean:
workbook0/lean_workbook_plus_55012.lean:107:10: error: invalid constructor ⟨...⟩, expected type must be an inductive type 
  ∀ (a b c : ℤ), a ∣ (a + 1) * (b + 1) * (c + 1) - (b + c) * (a + 1)

workbook0/lean_workbook_plus_14452.lean:
workbook0/lean_workbook_plus_14452.lean:107:44: error: omega did not find a contradiction:
[0, 1] ∈ [0, ∞)

workbook0/lean_workbook_plus_17482.lean:
workbook0/lean_workbook_plus_17482.lean:109:6: error: tactic 'rewrite' failed, did not find instance of the pattern in the target expression
  ?m.10566 / ?m.10567 ≤ ?m.10568 / ?m.10569
a b c : ℝ
ha : 0 < a
hb : 0 < b
hc : 0 < c
⊢ (a * b * c)⁻¹ * (a + b + c) ≤ (a * b * c)⁻¹ * (((a * a * c + b * b * b) * a + c * c * (b * c)) * (b * c * a)⁻¹)

workbook0/lean_workbook_plus_29957.lean:
workbook0/lean_workbook_plus_29957.lean:107:10: error: invalid constructor ⟨...⟩, expected type must be an inductive type 
  ∀ (A B C : ℝ),
    A + B + C = π ∧ A > 0 ∧ B > 0 ∧ C > 0 →
      sin ((A + B) / 2) + sin ((B + C) / 2) + sin ((C + A) / 2) > sin A + sin B + sin C

workbook0/lean_workbook_plus_50892.lean:
workbook0/lean_workbook_plus_50892.lean:107:10: error: invalid constructor ⟨...⟩, expected type must be an inductive type 
  ∀ (a b : ℝ), (a ^ a + b ^ a) ^ a * (a ^ b + b ^ b) ^ b ≥ (a ^ 2 + b ^ 2) ^ 4

workbook0/lean_workbook_plus_32790.lean:
workbook0/lean_workbook_plus_32790.lean:106:2: error: omega did not find a contradiction:
trivial

workbook0/lean_workbook_plus_16459.lean:
workbook0/lean_workbook_plus_16459.lean:107:10: error: invalid constructor ⟨...⟩, expected type must be an inductive type 
  ∀ (x : ℝ), ∏ i in Finset.range 2009, cos (x / 2 ^ i) = sin x / (2 ^ 2009 * sin (x / 2 ^ 2009))

workbook0/lean_workbook_plus_1003.lean:
workbook0/lean_workbook_plus_1003.lean:112:2: error: omega did not find a contradiction:
[0, 0, 1] ∈ [1, ∞)
[0, 0, 0, 0, 0, 1] ∈ [1, ∞)
[0, 0, 0, 0, 1] ∈ [1, ∞)
[0, 0, 0, 1] ∈ [1, ∞)
[0, 1] ∈ [1, ∞)
[1] ∈ [1, ∞)

workbook0/lean_workbook_plus_38387.lean:
workbook0/lean_workbook_plus_38387.lean:107:10: error: invalid constructor ⟨...⟩, expected type must be an inductive type 
  ∀ (a b c : ℝ), a + b + c ≥ 3 * (a * b * c) ^ (1 / 3)

workbook0/lean_workbook_plus_18675.lean:
workbook0/lean_workbook_plus_18675.lean:107:10: error: invalid constructor ⟨...⟩, expected type must be an inductive type 
  ∀ (x y z : ℝ),
    4 * (y * z + z * x + x * y) ^ 3 * (x ^ 2 * y + y ^ 2 * z + z ^ 2 * x + x * y * z) ^ 2 ≥
      27 * x ^ 2 * y ^ 2 * z ^ 2 * (y + z) ^ 2 * (z + x) ^ 2 * (x + y) ^ 2

workbook0/lean_workbook_plus_13998.lean:
workbook0/lean_workbook_plus_13998.lean:107:10: error: invalid constructor ⟨...⟩, expected type must be an inductive type 
  ∀ (a b c : ℝ), (a + 1) ^ (-2) + (b + 1) ^ (-2) + (c + 1) ^ (-2) + (a + b + c) / 4 ≥ 3 / 2

workbook0/lean_workbook_plus_30637.lean:
workbook0/lean_workbook_plus_30637.lean:106:2: error: tactic 'introN' failed, insufficient number of binders
⊢ ∑' (i : ℕ), 1 / 2 ^ (i + 1) = 1

workbook0/lean_workbook_plus_75915.lean:
workbook0/lean_workbook_plus_75915.lean:106:30: error: unsolved goals
⊢ ¬?m.1911 (-2)

workbook0/lean_workbook_plus_9973.lean:
workbook0/lean_workbook_plus_9973.lean:105:120: error: unsolved goals
⊢ False

workbook0/lean_workbook_plus_81495.lean:
workbook0/lean_workbook_plus_81495.lean:105:117: error: unsolved goals
X2 X3 X1 a : ℤ
h₁ : True
h₂ : (9 * X2 ^ 3) ^ 2 + 2 = X3 ^ 3
h₃ : True
⊢ False

workbook0/lean_workbook_plus_10124.lean:
workbook0/lean_workbook_plus_10124.lean:106:2: error: tactic 'introN' failed, insufficient number of binders
f : ℝ → ℝ
hf : f 0 = 1 / 2
h : ∃ a, ∀ (x y : ℝ), f (a - y) * f x + f (a - x) * f y = f (x + y)
⊢ ∃ k, ∀ (x : ℝ), f x = k * x

workbook0/lean_workbook_plus_44225.lean:
workbook0/lean_workbook_plus_44225.lean:106:57: error: unsolved goals
⊢ False

workbook0/lean_workbook_plus_13644.lean:
workbook0/lean_workbook_plus_13644.lean:106:2: error: simp made no progress

workbook0/lean_workbook_plus_35112.lean:
workbook0/lean_workbook_plus_35112.lean:107:10: error: invalid constructor ⟨...⟩, expected type must be an inductive type 
  ∀ (x : ℝ), 4 * cos x ^ 4 - 4 * cos x ^ 3 - 2 * cos x ^ 2 + 2 * cos x = 0

workbook0/lean_workbook_plus_33000.lean:
workbook0/lean_workbook_plus_33000.lean:107:6: error: invalid universe level, ?u.3481 is not greater than 0
workbook0/lean_workbook_plus_33000.lean:107:9: error: too many arguments supplied to `use`

workbook0/lean_workbook_plus_74344.lean:
workbook0/lean_workbook_plus_74344.lean:106:2: error: type mismatch
  hP
has type
  P ≠ 0 : Prop
but is expected to have type
  P = 0 : Prop

workbook0/lean_workbook_plus_20769.lean:
workbook0/lean_workbook_plus_20769.lean:106:2: error: simp made no progress

workbook0/lean_workbook_plus_12969.lean:
workbook0/lean_workbook_plus_12969.lean:107:10: error: invalid constructor ⟨...⟩, expected type must be an inductive type 
  ∀ (a b c : ℝ), 1 / (a - b) ^ 2 + 1 / (b - c) ^ 2 + 1 / (c - a) ^ 2 ≥ 9 / 4

workbook0/lean_workbook_plus_13062.lean:
workbook0/lean_workbook_plus_13062.lean:106:2: error: simp made no progress

workbook0/lean_workbook_plus_75235.lean:
workbook0/lean_workbook_plus_75235.lean:107:10: error: invalid constructor ⟨...⟩, expected type must be an inductive type 
  ∀ (m M θ : ℝ), 1 / ((1 - θ) * m + θ * M) ≤ (1 - θ) / m + θ / M

workbook0/lean_workbook_plus_16404.lean:
workbook0/lean_workbook_plus_16404.lean:106:2: error: linarith failed to find a contradiction
case h1.h
x : ℝ
hx : cos x + sin x = 6 / 5
a✝ : sin (2 * x) < 12 / 25
⊢ False
failed

workbook0/lean_workbook_plus_37281.lean:
workbook0/lean_workbook_plus_37281.lean:105:73: error: unsolved goals
⊢ False

workbook0/lean_workbook_plus_78784.lean:
workbook0/lean_workbook_plus_78784.lean:106:2: error: simp made no progress

workbook0/lean_workbook_plus_69844.lean:
workbook0/lean_workbook_plus_69844.lean:105:32: error: unexpected token '∀'; expected ':'

workbook0/lean_workbook_plus_1735.lean:
workbook0/lean_workbook_plus_1735.lean:105:214: error: unsolved goals
abc a b c : ℝ
ha : 0 < a ∧ a < 1
hb : 0 < b ∧ b < 1
hc : 0 < c ∧ c < 1
hab : a + b + c = 1
⊢ False

workbook0/lean_workbook_plus_14445.lean:
workbook0/lean_workbook_plus_14445.lean:107:10: error: invalid constructor ⟨...⟩, expected type must be an inductive type 
  ∀ (a b c d : ℝ),
    a * b ^ 4 * c + b * c ^ 4 * d + a * c * d ^ 4 + a ^ 4 * b * d ≥ a * b * c * d * (a ^ 2 + c ^ 2 + b ^ 2 + d ^ 2)

workbook0/lean_workbook_plus_9827.lean:
workbook0/lean_workbook_plus_9827.lean:107:18: error: typeclass instance problem is stuck, it is often due to metavariables
  Preorder ?m.6136

workbook0/lean_workbook_plus_79044.lean:
workbook0/lean_workbook_plus_79044.lean:105:32: error: unexpected token '∑'; expected ':'

workbook0/lean_workbook_plus_41742.lean:
workbook0/lean_workbook_plus_41742.lean:105:123: error: unsolved goals
F : ℕ → ℕ
h : F 0 = 1 ∧ F 1 = 1 ∧ ∀ (n : ℕ), F (n + 2) = F (n + 1) + F n
⊢ False

workbook0/lean_workbook_plus_31227.lean:
workbook0/lean_workbook_plus_31227.lean:107:10: error: invalid constructor ⟨...⟩, expected type must be an inductive type 
  ∀ (x : ℚ), ¬↑x = 1 + 1

workbook0/lean_workbook_plus_23378.lean:
workbook0/lean_workbook_plus_23378.lean:106:2: error: simp made no progress

workbook0/lean_workbook_plus_43131.lean:
workbook0/lean_workbook_plus_43131.lean:106:43: error: unsolved goals
⊢ ¬?m.3603 0

workbook0/lean_workbook_plus_46503.lean:
workbook0/lean_workbook_plus_46503.lean:107:30: error: unsolved goals
f : ℕ → ℕ
hf1 : f 1 = 1
hf2 : ∀ (n : ℕ), f (n + 2) + (n ^ 2 + 4 * n + 3) * f n = (2 * n + 5) * f (n + 1)
hf3 : ∃ n, f n ≠ n
⊢ ¬f 0 = 1

workbook0/lean_workbook_plus_6043.lean:
workbook0/lean_workbook_plus_6043.lean:107:2: error: tactic 'introN' failed, insufficient number of binders
n : ℕ
b : ℕ → ℕ
hb : b 0 = 1
hb1 : ∀ (n : ℕ), b (n + 1) = (2 * n + 1) / (n + 1) * b n
c : ℕ → ℕ
hc : c = fun n => b n + 2
⊢ (n + 1) * ((2 * n + 1) / (n + 1) * b n + 2) = 2 * (2 * n + 1) * (b n + 2)

workbook0/lean_workbook_plus_43736.lean:
workbook0/lean_workbook_plus_43736.lean:105:44: error: unexpected token; expected ')'

workbook0/lean_workbook_plus_75865.lean:
workbook0/lean_workbook_plus_75865.lean:107:10: error: invalid constructor ⟨...⟩, expected type must be an inductive type 
  ∀ (x : ℕ × ℕ), 2 ^ x.1 - 1 = 7 ^ x.2 ↔ x ∈ {(3, 1)}

workbook0/lean_workbook_plus_69946.lean:
workbook0/lean_workbook_plus_69946.lean:105:32: error: unexpected token '∀'; expected ':'

workbook0/lean_workbook_plus_54347.lean:
workbook0/lean_workbook_plus_54347.lean:107:10: error: invalid constructor ⟨...⟩, expected type must be an inductive type 
  ∀ (a b c : ℝ), a > 1 ∧ b > 1 ∧ c > 1 → a > b → a ^ c > b ^ c ∧ c ^ a > b ^ a

workbook0/lean_workbook_plus_76978.lean:
workbook0/lean_workbook_plus_76978.lean:106:2: error: simp made no progress

workbook0/lean_workbook_plus_67721.lean:
workbook0/lean_workbook_plus_67721.lean:106:2: error: simp made no progress

workbook0/lean_workbook_plus_46781.lean:
workbook0/lean_workbook_plus_46781.lean:105:203: error: unsolved goals
x y z : ℝ
hx : 0 ≤ x
hy : 0 ≤ y
hz : 0 ≤ z
hab : x + y + z = 1
⊢ False

workbook0/lean_workbook_plus_12819.lean:
workbook0/lean_workbook_plus_12819.lean:106:56: error: unsolved goals
⊢ False

workbook0/lean_workbook_plus_63806.lean:
workbook0/lean_workbook_plus_63806.lean:107:10: error: invalid constructor ⟨...⟩, expected type must be an inductive type 
  ∀ (a b c : ℝ),
    a > 0 ∧ b > 0 ∧ c > 0 → 1 / (1 + c) ≥ 5 * (a * b ^ 2 * c ^ 2 / ((1 + a) * (1 + b) ^ 2 * (1 + c) ^ 2)) ^ (1 / 5)

workbook0/lean_workbook_plus_37103.lean:
workbook0/lean_workbook_plus_37103.lean:107:10: error: invalid constructor ⟨...⟩, expected type must be an inductive type 
  ∀ (a : ℕ), (a ^ 3 + 2 * a) % (a ^ 4 + 3 * a ^ 2 + 1) ≠ 0 ∧ Nat.gcd (a ^ 3 + 2 * a) (a ^ 4 + 3 * a ^ 2 + 1) = 1

workbook0/lean_workbook_plus_12299.lean:
workbook0/lean_workbook_plus_12299.lean:108:27: error: unsolved goals
⊢ ¬?m.3959 0

workbook0/lean_workbook_plus_43384.lean:
workbook0/lean_workbook_plus_43384.lean:107:10: error: invalid constructor ⟨...⟩, expected type must be an inductive type 
  ∀ (a b c : ℝ), a / (1 + b * c) + b / (1 + a * c) + c / (1 + a * b) ≤ 2

workbook0/lean_workbook_plus_80302.lean:
workbook0/lean_workbook_plus_80302.lean:106:29: error: function expected at
  h
term has type
  ℤ

workbook0/lean_workbook_plus_65249.lean:
workbook0/lean_workbook_plus_65249.lean:107:10: error: invalid constructor ⟨...⟩, expected type must be an inductive type 
  ∀ (a b c : ℝ),
    (a ^ 2 / b + b ^ 2 / c + c ^ 2 / a) ^ 2 * (a ^ 2 * b ^ 2 + b ^ 2 * c ^ 2 + c ^ 2 * a ^ 2) ≥
      (a ^ 2 + b ^ 2 + c ^ 2) ^ 3

workbook0/lean_workbook_plus_18541.lean:
workbook0/lean_workbook_plus_18541.lean:106:27: error: unsolved goals
e : ℕ
⊢ ¬?m.2830 0

workbook0/lean_workbook_plus_42066.lean:
workbook0/lean_workbook_plus_42066.lean:106:2: error: tactic 'introN' failed, insufficient number of binders
x1 x2 : ℝ
hx1 : 0 < x1
hx2 : 0 < x2
hx1x2 : x1 * x2 < 1
⊢ ∃ k, 2 ≤ k ∧ x1 ^ (1 / k) + x2 ^ (1 / k) < 2

workbook0/lean_workbook_plus_13241.lean:
workbook0/lean_workbook_plus_13241.lean:105:151: error: unsolved goals
R : Type u_1
inst✝ : Ring R
A B : Matrix (Fin 2) (Fin 2) R
h : A * B = -(B * A)
⊢ B * (A * (A * (B * (B * A)))) = B * (B * (B * (A * (A * A))))

workbook0/lean_workbook_plus_33662.lean:
workbook0/lean_workbook_plus_33662.lean:106:28: error: unsolved goals
⊢ ¬?m.961 (-1)

workbook0/lean_workbook_plus_81357.lean:
workbook0/lean_workbook_plus_81357.lean:107:10: error: invalid constructor ⟨...⟩, expected type must be an inductive type 
  ∀ (a : ℝ), (a + 1) ^ 2 / (a ^ 2 + 1) ^ 2 ≤ 1 / (a ^ 2 - a + 1)

workbook0/lean_workbook_plus_36394.lean:
workbook0/lean_workbook_plus_36394.lean:105:37: error: unexpected token '|'; expected '}'

workbook0/lean_workbook_plus_42954.lean:
workbook0/lean_workbook_plus_42954.lean:105:32: error: unexpected token '∑'; expected ':'

workbook0/lean_workbook_plus_51570.lean:
workbook0/lean_workbook_plus_51570.lean:106:29: error: invalid field notation, type is not of the form (C ...) where C is a constant
  h
has type
  ?m.353
workbook0/lean_workbook_plus_51570.lean:106:29: error: Argument passed to linarith has metavariables:
  ?m.363
workbook0/lean_workbook_plus_51570.lean:106:2: error: type mismatch
  fun h => ?m.359 h
has type
  (h : ?m.353) → ?m.358 h : Sort (imax ?u.352 ?u.355)
but is expected to have type
  x = 6 ∧ y = -2 : Prop

workbook0/lean_workbook_plus_73432.lean:
workbook0/lean_workbook_plus_73432.lean:107:10: error: invalid constructor ⟨...⟩, expected type must be an inductive type 
  ∀ (n : ℕ) (a : ℝ), a > 0 ∧ a < 1 → ⌊(1 + ↑⌊(1 + ↑n * a ^ 2) / a⌋) / a⌋ = ↑n

workbook0/lean_workbook_plus_50635.lean:
workbook0/lean_workbook_plus_50635.lean:107:10: error: invalid constructor ⟨...⟩, expected type must be an inductive type 
  ∀ (x y z : ℤ), 2 * x * z = y ^ 2 → x + z ≠ 1994

workbook0/lean_workbook_plus_47408.lean:
workbook0/lean_workbook_plus_47408.lean:107:2: error: type mismatch
  fun C1 C2 hC1 hC2 => ?m.917 C1 C2 hC1 hC2
has type
  (C1 : ?m.888) →
    (C2 : ?m.924 C1) →
      (hC1 : ?m.923 C1 C2) →
        (hC2 : ?m.921 C1 C2 hC1) → ?m.909 C1 C2 hC1 hC2 : Sort (imax ?u.887 ?u.890 ?u.893 ?u.896 ?u.899)
but is expected to have type
  ∃ C1 C2,
    0 < C1 ∧ 0 < C2 ∧ ∀ (n : ℕ), C1 * Real.sqrt ↑n * (↑n / e) ^ n < n! ∧ n! < C2 * Real.sqrt ↑n * (↑n / e) ^ n : Prop

workbook0/lean_workbook_plus_59775.lean:
workbook0/lean_workbook_plus_59775.lean:106:2: error: simp made no progress

workbook0/lean_workbook_plus_69673.lean:
workbook0/lean_workbook_plus_69673.lean:107:10: error: invalid constructor ⟨...⟩, expected type must be an inductive type 
  ∀ (P : ℝ), -Real.sqrt 2 ≤ P ∧ P ≤ Real.sqrt 2

workbook0/lean_workbook_plus_785.lean:
workbook0/lean_workbook_plus_785.lean:111:2: error: linarith failed to find a contradiction
case h1.h
a b p : ℕ
h₀ : 0 < a ∧ 0 < b ∧ 0 < p
h₂ : Nat.gcd a p = Nat.gcd b p
h₁ : a * (a + p) ≠ b * (b + p)
a✝ : a < b
⊢ False
failed

workbook0/lean_workbook_plus_66172.lean:
workbook0/lean_workbook_plus_66172.lean:107:9: error: invalid constructor ⟨...⟩, expected type must be an inductive type 
  ∀ (a b c : ℝ), a ≥ b ∧ b ≥ 1 ∧ 1 ≥ c → a * b ≤ 2 - c ∧ (b ^ 2 - 1) * (1 - c) ≥ 0 ∧ (a - 1) * (1 - c) ≥ 0

workbook0/lean_workbook_plus_59344.lean:
workbook0/lean_workbook_plus_59344.lean:105:99: error: unsolved goals
⊢ ∏ i in Finset.Icc 2 10, (1 - 1 / (i + 1) ^ 2) = 11 / 20

workbook0/lean_workbook_plus_38330.lean:
workbook0/lean_workbook_plus_38330.lean:107:2: error: linarith failed to find a contradiction
case h2.h
x : ℝ
a✝ : -5 / 2 < -x ^ 7 + (x ^ 8 + (2 * x ^ 6 + (-(2 * x ^ 5) + (3 * x ^ 4 + (-(3 * x ^ 3) + (4 * x ^ 2 + -(4 * x)))))))
⊢ False
failed

workbook0/lean_workbook_plus_10928.lean:
workbook0/lean_workbook_plus_10928.lean:106:2: warning: aesop: failed to prove the goal after exhaustive search.
workbook0/lean_workbook_plus_10928.lean:105:136: error: unsolved goals
case left
x y : ℝ
h₁ : x * y ^ 2 - 2 * y + 3 * x ^ 2 = 0
h₂ : x ^ 2 + 8 * y ^ 2 = 12
⊢ x = 0

case right
x y : ℝ
h₁ : x * y ^ 2 - 2 * y + 3 * x ^ 2 = 0
h₂ : x ^ 2 + 8 * y ^ 2 = 12
⊢ y = 1

workbook0/lean_workbook_plus_920.lean:
workbook0/lean_workbook_plus_920.lean:107:10: error: invalid constructor ⟨...⟩, expected type must be an inductive type 
  ∀ (a b c d k : ℝ),
    k < 3 →
      2 * (a * b + b * c + c * d + d * a + a * c + b * d) ≤
        a + b + c + d + k * (a * b * c + a * b * d + a * c * d + b * c * d)

workbook0/lean_workbook_plus_31931.lean:
workbook0/lean_workbook_plus_31931.lean:105:32: error: unexpected token; expected ':'

workbook0/lean_workbook_plus_17840.lean:
workbook0/lean_workbook_plus_17840.lean:107:10: error: invalid constructor ⟨...⟩, expected type must be an inductive type 
  ∀ (a b c : ℝ),
    (a ^ 2 + 16 * b * c) / (b ^ 2 + c ^ 2) + (b ^ 2 + 16 * c * a) / (c ^ 2 + a ^ 2) +
        (c ^ 2 + 16 * a * b) / (a ^ 2 + b ^ 2) ≥
      10

workbook0/lean_workbook_plus_2368.lean:
workbook0/lean_workbook_plus_2368.lean:107:10: error: invalid constructor ⟨...⟩, expected type must be an inductive type 
  ∀ (n r : ℕ), 1 / ↑(choose (n + r) (r + 1)) = (↑r + 1) / ↑r * (1 / ↑(choose (n + r - 1) r) - 1 / ↑(choose (n + r) r))

workbook0/lean_workbook_plus_35974.lean:
workbook0/lean_workbook_plus_35974.lean:105:66: error: unsolved goals
⊢ ↑(2 ^ 1008) ≡ 2 [ZMOD 1009]

workbook0/lean_workbook_plus_75435.lean:
workbook0/lean_workbook_plus_75435.lean:107:16: error: invalid field notation, type is not of the form (C ...) where C is a constant
  h₂
has type
  x = 2 → y ≠ -1 / 3

workbook0/lean_workbook_plus_67501.lean:
workbook0/lean_workbook_plus_67501.lean:105:34: error: unexpected token; expected '_' or identifier

workbook0/lean_workbook_plus_22946.lean:
workbook0/lean_workbook_plus_22946.lean:107:16: error: typeclass instance problem is stuck, it is often due to metavariables
  Preorder ?m.4171

workbook0/lean_workbook_plus_13020.lean:
workbook0/lean_workbook_plus_13020.lean:105:32: error: unexpected token; expected ':'

workbook0/lean_workbook_plus_24837.lean:
workbook0/lean_workbook_plus_24837.lean:107:10: error: invalid constructor ⟨...⟩, expected type must be an inductive type 
  ∀ (n : ℕ), Nat.Prime n → 6 ∣ n ^ 2 - n

workbook0/lean_workbook_plus_34874.lean:
workbook0/lean_workbook_plus_34874.lean:107:10: error: invalid constructor ⟨...⟩, expected type must be an inductive type 
  ∀ (n : ℕ), ∑ k in Finset.range n, k * (k - 1) = (n + 1) * n * (n - 1) / 3

workbook0/lean_workbook_plus_16790.lean:
workbook0/lean_workbook_plus_16790.lean:107:2: warning: aesop: failed to prove the goal after exhaustive search.
workbook0/lean_workbook_plus_16790.lean:105:146: error: unsolved goals
⊢ False

workbook0/lean_workbook_plus_35323.lean:
workbook0/lean_workbook_plus_35323.lean:107:2: error: omega did not find a contradiction:
[0, 0, 0, 0, 0, 0, 1] ∈ [1, ∞)

workbook0/lean_workbook_plus_34904.lean:
workbook0/lean_workbook_plus_34904.lean:107:14: error: unsolved goals
f : ℝ → ℝ
hf : Continuous f
hx : ∃ x, f x ≠ -x ^ 7 + x ^ 3 - 1
⊢ ¬f 1 = 0

workbook0/lean_workbook_plus_71090.lean:
workbook0/lean_workbook_plus_71090.lean:107:9: error: invalid constructor ⟨...⟩, expected type must be an inductive type 
  ∀ ε > 0, ∃ δ > 0, ∀ t ∈ Set.Ioo (-δ) δ, |(Real.log (1 + tan t) - Real.log (1 - tan t)) / tan t - 2| < ε

workbook0/lean_workbook_plus_13047.lean:
workbook0/lean_workbook_plus_13047.lean:105:132: error: unsolved goals
a b : ℕ
h₁ : a > b
h₂ : b ≠ 0
⊢ False

workbook0/lean_workbook_plus_75315.lean:
workbook0/lean_workbook_plus_75315.lean:106:49: error: application type mismatch
  Exists.intro 0 (not_forall.mpr (Exists.intro 0 ?m.187))
argument
  not_forall.mpr (Exists.intro 0 ?m.187)
has type
  ¬∀ (x : ℕ), ?m.160 x : Prop
but is expected to have type
  ¬?m.132 f 0 : Prop

workbook0/lean_workbook_plus_32532.lean:
workbook0/lean_workbook_plus_32532.lean:107:10: error: invalid constructor ⟨...⟩, expected type must be an inductive type 
  ∀ (k n : ℕ), k ≤ n → (1 + 1 / n) ^ k < 1 + k / n + k ^ 2 / n ^ 2

workbook0/lean_workbook_plus_45291.lean:
workbook0/lean_workbook_plus_45291.lean:107:35: error: simp made no progress

workbook0/lean_workbook_plus_44018.lean:
workbook0/lean_workbook_plus_44018.lean:107:2: error: linarith failed to find a contradiction
case h2.h
x : ℝ
hx : 0 < x
a : ℝ
ha : a = x ^ (1 / 3)
a✝ : 0 < 1 - 2 - (1 - 4) * Real.sqrt (1 - 7) - 3 + 28
⊢ False
failed

workbook0/lean_workbook_plus_11757.lean:
workbook0/lean_workbook_plus_11757.lean:107:43: error: unsolved goals
f : ℝ → ℝ
hf : ∃ x, x ≠ 0 ∧ f x ≠ x
⊢ ¬3 * f (4 * f 1 + f 2) = f (2 * f 1)

workbook0/lean_workbook_plus_63462.lean:
workbook0/lean_workbook_plus_63462.lean:106:28: error: unsolved goals
⊢ ¬?m.447 (-1)

workbook0/lean_workbook_plus_41632.lean:
workbook0/lean_workbook_plus_41632.lean:107:12: error: invalid field notation, type is not of the form (C ...) where C is a constant
  h₁
has type
  x = 10 → y ≠ 8

workbook0/lean_workbook_plus_66490.lean:
workbook0/lean_workbook_plus_66490.lean:106:91: error: unsolved goals
⊢ (∑ k in Finset.Icc 0 9, (k + 1) * (choose 12 9 - choose k 9)) % 1000 = 420

workbook0/lean_workbook_plus_26910.lean:
workbook0/lean_workbook_plus_26910.lean:107:31: error: unsolved goals
f : ℝ → ℝ
hf : ∃ x ∈ {0, 1}ᶜ, f x ≠ 1 / x + 1 / (1 - x)
⊢ ¬f (1 / 2) + f 2 = 0

workbook0/lean_workbook_plus_10987.lean:
workbook0/lean_workbook_plus_10987.lean:106:28: error: unsolved goals
⊢ ¬?m.517 (-1)

workbook0/lean_workbook_plus_72967.lean:
workbook0/lean_workbook_plus_72967.lean:106:2: error: simp made no progress

workbook0/lean_workbook_plus_31849.lean:
workbook0/lean_workbook_plus_31849.lean:106:2: error: tactic 'introN' failed, insufficient number of binders
x : ℝ
hx : x ^ 3 - 33 * x ^ 2 + 27 * x - 3 = 0
⊢ x = 3 ∨ x = 9 ∨ x = 11

workbook0/lean_workbook_plus_34019.lean:
workbook0/lean_workbook_plus_34019.lean:107:12: error: invalid field notation, type is not of the form (C ...) where C is a constant
  h₁
has type
  x = -2 → y ≠ 3

workbook0/lean_workbook_plus_69581.lean:
workbook0/lean_workbook_plus_69581.lean:109:10: error: invalid constructor ⟨...⟩, expected type must be an inductive type 
  ∀ (n : ℕ), ((1 + Real.sqrt 5) / 2) ^ (2 * n + 1) - ((1 - Real.sqrt 5) / 2) ^ (2 * n + 1) = ↑(fib 2) * ↑n + 1
workbook0/lean_workbook_plus_69581.lean:110:2: error: no goals to be solved

workbook0/lean_workbook_plus_57647.lean:
workbook0/lean_workbook_plus_57647.lean:107:10: error: invalid constructor ⟨...⟩, expected type must be an inductive type 
  ∀ (a b c : ℝ), (a - b) ^ 2 * (c / 2 - 1 / 2 - c / (a + b + Real.sqrt (2 * (a ^ 2 + b ^ 2)))) ≥ 0

workbook0/lean_workbook_plus_41244.lean:
workbook0/lean_workbook_plus_41244.lean:107:2: error: simp made no progress

workbook0/lean_workbook_plus_37819.lean:
workbook0/lean_workbook_plus_37819.lean:105:101: error: expected token

workbook0/lean_workbook_plus_41825.lean:
workbook0/lean_workbook_plus_41825.lean:106:39: error: unsolved goals
⊢ ¬?m.505 1

workbook0/lean_workbook_plus_68103.lean:
workbook0/lean_workbook_plus_68103.lean:108:2: error: omega did not find a contradiction:
[0, 8, 1, 0, 0] ∈ [-11, ∞)
[0, 0, 1] ∈ [0, ∞)
[0, 1, 0, 0, 0] ∈ [-3, ∞)
[0, 1] ∈ [0, ∞)
[0, 8, 1] ∈ [-11, ∞)

workbook0/lean_workbook_plus_63475.lean:
workbook0/lean_workbook_plus_63475.lean:110:14: error: unsolved goals
p : ℕ → ℚ
h₀ : p 0 = 1
h₁ : ∃ n, p n ≠ (1 + 3 ^ n) / (2 * 3 ^ n)
⊢ ¬p 1 = 5 / 6

workbook0/lean_workbook_plus_73943.lean:
workbook0/lean_workbook_plus_73943.lean:106:2: error: simp made no progress

workbook0/lean_workbook_plus_4672.lean:
workbook0/lean_workbook_plus_4672.lean:105:31: error: unexpected token '∀'; expected ':'

workbook0/lean_workbook_plus_69860.lean:
workbook0/lean_workbook_plus_69860.lean:109:22: warning: aesop: failed to prove the goal after exhaustive search.
workbook0/lean_workbook_plus_69860.lean:109:22: warning: aesop: failed to prove the goal after exhaustive search.
workbook0/lean_workbook_plus_69860.lean:119:2: error: linarith failed to find a contradiction
case refine'_1.h.h1.h
x : ℝ
h' : ¬x * 2 = 1 + Real.sqrt 5
h : -1 - x + x ^ 2 = 0
a✝ : (x * 2 - (1 + Real.sqrt 5)) * (-1 + x * 2 + Real.sqrt 5) < 0
⊢ False
failed

workbook0/lean_workbook_plus_46310.lean:
workbook0/lean_workbook_plus_46310.lean:107:2: error: omega did not find a contradiction:
[0, 1, -1] ∈ [0, ∞)

workbook0/lean_workbook_plus_15570.lean:
workbook0/lean_workbook_plus_15570.lean:105:202: error: unsolved goals
a b c : ℝ
ha : 0 < a
hb : 0 < b
hc : 0 < c
⊢ False

workbook0/lean_workbook_plus_55600.lean:
workbook0/lean_workbook_plus_55600.lean:106:2: error: type mismatch
  not_exists_of_forall_not fun s => ?m.713 s
has type
  ¬∃ x, ?m.707 x : Prop
but is expected to have type
  ∃! s, 1 / 2 ^ (s + 1) ≤ ↑n * x % 1 ∧ ↑n * x % 1 < 1 / 2 ^ s : Prop

workbook0/lean_workbook_plus_70021.lean:
workbook0/lean_workbook_plus_70021.lean:107:9: error: invalid constructor ⟨...⟩, expected type must be an inductive type 
  ∀ (x : ℝ), Real.sqrt (x + 1) - Real.sqrt (4 * x - 1) ≠ Real.sqrt (x - 1)
workbook0/lean_workbook_plus_70021.lean:108:2: error: no goals to be solved

workbook0/lean_workbook_plus_14869.lean:
workbook0/lean_workbook_plus_14869.lean:107:10: error: invalid constructor ⟨...⟩, expected type must be an inductive type 
  ∀ (x₁ x₂ x₃ : ℝ), (x₁ + x₂ + x₃) ^ 2 ≥ 9 + 3 * x₃ * (x₁ + x₂ + x₃ - 3) + 2 * x₁ * x₂ - 2 * x₃ ^ 2

workbook0/lean_workbook_plus_46825.lean:
workbook0/lean_workbook_plus_46825.lean:108:2: error: linarith failed to find a contradiction
case h1.h
x : ℝ
h₀ : x ^ 2 - 7 = x - 1
a✝ : x ^ 2 - x - 8 < 0
⊢ False
failed

workbook0/lean_workbook_plus_9273.lean:
workbook0/lean_workbook_plus_9273.lean:105:43: error: unexpected token; expected ')'

workbook0/lean_workbook_plus_24718.lean:
workbook0/lean_workbook_plus_24718.lean:106:2: error: tactic 'introN' failed, insufficient number of binders
a : ℝ
h : 4 * a ^ 2 - 2 * a - 1 = 0
⊢ a = 1 / 2 ∨ a = -1 / 2

workbook0/lean_workbook_plus_28146.lean:
workbook0/lean_workbook_plus_28146.lean:107:10: error: invalid constructor ⟨...⟩, expected type must be an inductive type 
  ∀ (x y z : ℝ),
    x ≥ -1 ∧ y ≥ -1 ∧ z ≥ -1 →
      (1 + x ^ 2) / (1 + y + z ^ 2) + (1 + y ^ 2) / (1 + z + x ^ 2) + (1 + z ^ 2) / (1 + x + y ^ 2) ≥ 2

workbook0/lean_workbook_plus_22202.lean:
workbook0/lean_workbook_plus_22202.lean:105:126: error: unsolved goals
x : ℝ
hx : x = (6 * Real.sqrt 3 + 10) ^ (1 / 3) - (6 * Real.sqrt 3 - 10) ^ (1 / 3)
⊢ False

workbook0/lean_workbook_plus_40760.lean:
workbook0/lean_workbook_plus_40760.lean:105:34: error: unexpected token '('; expected '_' or identifier

workbook0/lean_workbook_plus_82444.lean:
workbook0/lean_workbook_plus_82444.lean:107:10: error: invalid constructor ⟨...⟩, expected type must be an inductive type 
  ∀ (n : ℕ), ∑ k in Finset.range n, 1 / Real.sqrt (↑k + 1) < 2 * (Real.sqrt (↑n + 1) - 1)

workbook0/lean_workbook_plus_30158.lean:
workbook0/lean_workbook_plus_30158.lean:106:2: error: simp made no progress

workbook0/lean_workbook_plus_44263.lean:
workbook0/lean_workbook_plus_44263.lean:105:44: error: unexpected token; expected ')'

workbook0/lean_workbook_plus_6272.lean:
workbook0/lean_workbook_plus_6272.lean:107:10: error: invalid constructor ⟨...⟩, expected type must be an inductive type 
  ∀ (x y z : ℝ), (x ^ 3 + y ^ 3 + z ^ 3) ^ 8 ≥ 243 * (x ^ 4 * y ^ 4 + x ^ 4 * z ^ 4 + y ^ 4 * z ^ 4) ^ 3

workbook0/lean_workbook_plus_69090.lean:
workbook0/lean_workbook_plus_69090.lean:106:44: error: unsolved goals
⊢ False

workbook0/lean_workbook_plus_36945.lean:
workbook0/lean_workbook_plus_36945.lean:109:51: error: unsolved goals
a b c : ℝ
h₀ : a ≠ 0 ∧ b ≠ 0 ∧ c ≠ 0
h₁ : a + b + c ≠ 0
h₂ : ((b + c) * b + (c + a) * a) * c + (a + b) * (a * b) = 0
h₃ : (a + b + c) * ((b + a) * c + a * b) = 3 * (a * b * c)
⊢ False

workbook0/lean_workbook_plus_30835.lean:
workbook0/lean_workbook_plus_30835.lean:106:40: error: unsolved goals
⊢ ¬?m.1067 (-2)

workbook0/lean_workbook_plus_1824.lean:
workbook0/lean_workbook_plus_1824.lean:107:10: error: invalid constructor ⟨...⟩, expected type must be an inductive type 
  ∀ (x y z : ℝ),
    x ^ 2 + y ^ 2 + z ^ 2 = 1 →
      (x + y + z) / (1 + y ^ 2 * x ^ 2) ≥
        9 / 2 * ((y * z + 1) ^ 2 * (z * x + 1) ^ 2) /
          ((y * z + 1) ^ 2 * (z * x + 1) ^ 2 + (z * x + 1) ^ 2 * (x * y + 1) ^ 2 + (x * y + 1) ^ 2 * (y * z + 1) ^ 2)

workbook0/lean_workbook_plus_41850.lean:
workbook0/lean_workbook_plus_41850.lean:107:10: error: invalid constructor ⟨...⟩, expected type must be an inductive type 
  ∀ (a b c : ℝ), a = b → c ^ 6 + 2 * a ^ 4 * c ^ 2 ≥ a ^ 5 * c + c ^ 5 * a + a ^ 2 * c ^ 4 + c ^ 4 * a ^ 2

workbook0/lean_workbook_plus_55839.lean:
workbook0/lean_workbook_plus_55839.lean:108:6: error: tactic 'rewrite' failed, did not find instance of the pattern in the target expression
  ?m.40351 < ?m.40350
x y z : ℝ
hx : 0 < x
hy : 0 < y
hz : 0 < z
⊢ Real.sqrt
            (x * y * z * 15 + x * y ^ 2 * 3 + x * z ^ 2 * 3 + x ^ 2 * y * 3 + x ^ 2 * z * 3 + x ^ 3 + y * z ^ 2 * 3 +
                  y ^ 2 * z * 3 +
                y ^ 3 +
              z ^ 3) *
          (Real.sqrt (x + y))⁻¹ *
        (Real.sqrt (y + z))⁻¹ *
      (Real.sqrt (x + z))⁻¹ ≤
    (Real.sqrt (x + y))⁻¹ * (Real.sqrt (y + z))⁻¹ * (Real.sqrt (x + z))⁻¹ *
      Real.sqrt
        (x * y * z * 3 + x * y ^ 2 + x * z ^ 2 + x ^ 2 * y + x ^ 2 * z + x ^ 3 + y * z ^ 2 + y ^ 2 * z + y ^ 3 + z ^ 3)

workbook0/lean_workbook_plus_45521.lean:
workbook0/lean_workbook_plus_45521.lean:106:2: error: tactic 'introN' failed, insufficient number of binders
x y z : ℤ
h : x * y * (x ^ 2 - y ^ 2) + y * z * (y ^ 2 - z ^ 2) + z * x * (z ^ 2 - x ^ 2) = 1
⊢ x = 0 ∧ y = 1 ∧ z = 0 ∨
    x = 0 ∧ y = -1 ∧ z = 0 ∨
      x = 1 ∧ y = 0 ∧ z = 0 ∨
        x = -1 ∧ y = 0 ∧ z = 0 ∨
          x = 1 ∧ y = -1 ∧ z = 0 ∨
            x = -1 ∧ y = 1 ∧ z = 0 ∨
              x = 0 ∧ y = 0 ∧ z = 1 ∨
                x = 0 ∧ y = 0 ∧ z = -1 ∨
                  x = 1 ∧ y = 0 ∧ z = 1 ∨ x = -1 ∧ y = 0 ∧ z = -1 ∨ x = 0 ∧ y = 1 ∧ z = 1 ∨ x = 0 ∧ y = -1 ∧ z = -1

workbook0/lean_workbook_plus_49795.lean:
workbook0/lean_workbook_plus_49795.lean:107:9: error: invalid constructor ⟨...⟩, expected type must be an inductive type 
  ∀ ε > 0, ∃ δ > 0, ∀ x ∈ Set.Ioo (-δ) δ, |sin x / x - 1| < ε

workbook0/lean_workbook_plus_77674.lean:
workbook0/lean_workbook_plus_77674.lean:107:10: error: invalid constructor ⟨...⟩, expected type must be an inductive type 
  ∀ (a b c : ℝ),
    a > 0 ∧ b > 0 ∧ c > 0 ∧ a ^ 2 + b ^ 2 + c ^ 2 = 3 →
      a ^ 4 / Real.sqrt (b ^ 3 + 7) + b ^ 4 / Real.sqrt (c ^ 3 + 7) + c ^ 4 / Real.sqrt (a ^ 3 + 7) ≥ 3 / 2
workbook0/lean_workbook_plus_77674.lean:108:2: error: no goals to be solved

workbook0/lean_workbook_plus_57216.lean:
workbook0/lean_workbook_plus_57216.lean:109:66: error: unsolved goals
α β γ : ℝ
h₀ : α ^ 3 - 6 * α ^ 2 + 11 * α - 1 = 0
h₁ : β ^ 3 - 6 * β ^ 2 + 11 * β - 1 = 0
h₂ : γ ^ 3 - 6 * γ ^ 2 + 11 * γ - 1 = 0
⊢ False

workbook0/lean_workbook_plus_6211.lean:
workbook0/lean_workbook_plus_6211.lean:107:10: error: invalid constructor ⟨...⟩, expected type must be an inductive type 
  ∀ (a b c : ℝ), a / (1 + b * c) + b / (1 + c * a) + c / (1 + a * b) + a * b * c ≤ 5 / 2

workbook0/lean_workbook_plus_20761.lean:
workbook0/lean_workbook_plus_20761.lean:107:10: error: invalid constructor ⟨...⟩, expected type must be an inductive type 
  ∀ (m k z : ℂ),
    z = m ^ 2 - 1 →
      z * (z + 1) * (z + 2) * (z + 3) = (3 * m ^ 2 * k ^ 2 - 3 * m * k) ^ 2 + (3 * m * k ^ 2 + 3 * k * m ^ 2) ^ 2

workbook0/lean_workbook_plus_25527.lean:
workbook0/lean_workbook_plus_25527.lean:107:10: error: invalid constructor ⟨...⟩, expected type must be an inductive type 
  ∀ (p : ℕ), Nat.Prime p ∧ p > 2 → ∀ (m n : ℕ), m / n = ∑ i in Finset.Ico 1 (p - 1), 1 / (i + 1) → p ∣ m

workbook0/lean_workbook_plus_56087.lean:
workbook0/lean_workbook_plus_56087.lean:106:32: error: unsolved goals
⊢ False

workbook0/lean_workbook_plus_50449.lean:
workbook0/lean_workbook_plus_50449.lean:107:10: error: invalid constructor ⟨...⟩, expected type must be an inductive type 
  ∀ (n : ℕ), (1 + 1 / (n + 1)) ^ (n + 1) ≥ 2

workbook0/lean_workbook_plus_35921.lean:
workbook0/lean_workbook_plus_35921.lean:106:2: error: omega did not find a contradiction:
[1, 1] ∈ (-∞, 23119]
[0, 1] ∈ [0, 9999]
[1] ∈ [0, 9999]

workbook0/lean_workbook_plus_63175.lean:
workbook0/lean_workbook_plus_63175.lean:107:8: error: invalid constructor ⟨...⟩, expected type must be an inductive type 
  ∀ (x y z : ℝ),
    2 *
        (Real.sqrt (x * (y ^ 29 + z ^ 2007)) + Real.sqrt (y ^ 29 * (x + z ^ 2007)) +
          Real.sqrt (z ^ 2007 * (x + y ^ 29))) ≤
      3 * (x + y ^ 29 + z ^ 2007)

workbook0/lean_workbook_plus_65396.lean:
workbook0/lean_workbook_plus_65396.lean:106:32: error: simp made no progress

workbook0/lean_workbook_plus_60535.lean:
workbook0/lean_workbook_plus_60535.lean:107:10: error: invalid constructor ⟨...⟩, expected type must be an inductive type 
  ∀ (a b : ℝ), a * b ≥ 0 → a ^ 3 + b ^ 3 = (a + b) * (a ^ 2 - a * b + b ^ 2) ∧ a ^ 3 + b ^ 3 ≤ 64 ^ 3

workbook0/lean_workbook_plus_39418.lean:
workbook0/lean_workbook_plus_39418.lean:109:27: error: failed to synthesize
  Zero ?m.4594

workbook0/lean_workbook_plus_32234.lean:
workbook0/lean_workbook_plus_32234.lean:105:86: error: unsolved goals
x : ℝ
hx : x = 1 / 2
⊢ False

workbook0/lean_workbook_plus_57215.lean:
workbook0/lean_workbook_plus_57215.lean:105:93: error: unsolved goals
v : ℝ
h₁ : v = Real.sqrt (2 / 86400)
⊢ False

workbook0/lean_workbook_plus_13244.lean:
workbook0/lean_workbook_plus_13244.lean:107:10: error: invalid constructor ⟨...⟩, expected type must be an inductive type 
  ∀ (n : ℕ), ∑ i in Finset.range n, 1 / (1 + i) * choose n i + 1 / (1 + n) = 1 / (n + 1) * (2 ^ (n + 1) - 1)

workbook0/lean_workbook_plus_16075.lean:
workbook0/lean_workbook_plus_16075.lean:106:2: error: omega did not find a contradiction:
[1] ∈ [0, 595]

workbook0/lean_workbook_plus_29331.lean:
workbook0/lean_workbook_plus_29331.lean:107:10: error: invalid constructor ⟨...⟩, expected type must be an inductive type 
  ∀ (a b c : ℝ), a + b + c = π / 2 → tan a ^ 2 + tan b ^ 2 + tan c ^ 2 ≥ 1

workbook0/lean_workbook_plus_31430.lean:
workbook0/lean_workbook_plus_31430.lean:107:2: error: linarith failed to find a contradiction
case h2.h
a b c : ℝ
ha : a = 1 / 3
hb : b = 5 / 6
hc : c = Real.sqrt 79 / 6
a✝ : 1 < 7 / 6 + Real.sqrt 79 / 6
⊢ False
failed

workbook0/lean_workbook_plus_78080.lean:
workbook0/lean_workbook_plus_78080.lean:106:2: error: type mismatch
  not_forall.mpr (Exists.intro 0 fun h => ?m.7061 h)
has type
  ¬∀ (x : ℕ), ?m.7028 x : Prop
but is expected to have type
  ∀ (a b c : ℝ), a ^ 3 * (b ^ 2 - c ^ 2) ^ 2 + b ^ 3 * (c ^ 2 - a ^ 2) ^ 2 + c ^ 3 * (a ^ 2 - b ^ 2) ^ 2 ≥ 0 : Prop

workbook0/lean_workbook_plus_80510.lean:
workbook0/lean_workbook_plus_80510.lean:107:10: error: invalid constructor ⟨...⟩, expected type must be an inductive type 
  ∀ (a b c : ℝ), a > 0 ∧ b > 0 ∧ c > 0 ∧ a + b + c = 1 → a ^ 2 / (b + c) + b ^ 2 / (c + a) + c ^ 2 / (a + b) ≥ 2 / 3

workbook0/lean_workbook_plus_44306.lean:
workbook0/lean_workbook_plus_44306.lean:107:10: error: invalid constructor ⟨...⟩, expected type must be an inductive type 
  ∀ (n : ℕ), n ^ 2 ∣ ∑ i in Finset.range n, (2 * i - 1) ^ 3

workbook0/lean_workbook_plus_65847.lean:
workbook0/lean_workbook_plus_65847.lean:109:2: error: linarith failed to find a contradiction
case h
f : ℝ → ℝ
hf2 : ∀ (x : ℝ), f x - f (1 - x) = sin (1 - x) ^ 2
hf1 : ∃ x, f x ≠ 2 / 3 * sin x ^ 2 - 1 / 3 * sin (1 - x) ^ 2
a✝ : f (π / 2) + f ((2 - π) / 2) = 1
⊢ False
failed

workbook0/lean_workbook_plus_43674.lean:
workbook0/lean_workbook_plus_43674.lean:107:10: error: invalid constructor ⟨...⟩, expected type must be an inductive type 
  ∀ (a b c d : ℤ), (a + b * ℑ) % 2 = (c + d * ℑ) % 2 ↔ a % 2 = c % 2 ∧ b % 2 = d % 2

workbook0/lean_workbook_plus_10435.lean:
workbook0/lean_workbook_plus_10435.lean:105:228: error: unsolved goals
a b c : ℝ
ha : 0 < a
hb : 0 < b
hc : 0 < c
⊢ False

workbook0/lean_workbook_plus_65626.lean:
workbook0/lean_workbook_plus_65626.lean:107:10: error: invalid constructor ⟨...⟩, expected type must be an inductive type 
  ∀ (a b c : ℝ), 1 / (a + b * c) + 1 / (b + c * a) + 1 / (c + a * b) ≥ 3 / 2

workbook0/lean_workbook_plus_21007.lean:
workbook0/lean_workbook_plus_21007.lean:107:2: error: linarith failed to find a contradiction
case h1.h
x y z : ℝ
hx : 0 < x
hy : 0 < y
hz : 0 < z
hxy : x * y + 1 = 7 * y
hyz : y * z + 1 = 5 * z
hzx : (z * x + 1) * 9 = 7 * x
a✝ : x * y * z * 112 < 189
⊢ False
failed

workbook0/lean_workbook_plus_9528.lean:
workbook0/lean_workbook_plus_9528.lean:107:9: error: invalid constructor ⟨...⟩, expected type must be an inductive type 
  ∀ (x : ℝ),
    0 ≤ x ∧ x < 2 * π →
      (3 * sin x ^ 2 + 2 * cos x ^ 2 + 4 * sin x - (1 + 4 * Real.sqrt 2) * sin x * cos x + 4 * cos x -
            (2 + 2 * Real.sqrt 2)) /
          (2 * sin x - 2 * Real.sqrt 2 * sin x * cos x + 2 * cos x - Real.sqrt 2) >
        2
workbook0/lean_workbook_plus_9528.lean:108:2: error: no goals to be solved

workbook0/lean_workbook_plus_63199.lean:
workbook0/lean_workbook_plus_63199.lean:107:6: error: type mismatch
  1 / 2
has type
  ℕ : outParam Type
but is expected to have type
  ∀ (x y z m n : ℝ),
    x > 0 ∧ y > 0 ∧ z > 0 ∧ m > 0 ∧ n > 0 →
      x ^ 2 / (m * y + n * z) * (m * z + n * y) + y ^ 2 / (m * z + n * x) * (m * x + n * z) +
          z ^ 2 / (m * x + n * y) * (m * y + n * x) ≥
        3 / (m + n) ^ 2 : Prop

workbook0/lean_workbook_plus_32279.lean:
workbook0/lean_workbook_plus_32279.lean:105:166: error: unsolved goals
a b c : ℝ
ha : a ≥ 0 ∧ b ≥ 0 ∧ c ≥ 0
hab : a + b + c = 1
⊢ False

workbook0/lean_workbook_plus_6008.lean:
workbook0/lean_workbook_plus_6008.lean:105:36: error: unexpected token '|'; expected '}'

workbook0/lean_workbook_plus_65807.lean:
workbook0/lean_workbook_plus_65807.lean:107:10: error: invalid constructor ⟨...⟩, expected type must be an inductive type 
  ∀ (a b c : ℝ),
    0 ≤
      b * c ^ 3 / 4 +
          (b ^ 3 * c / 4 +
            (a * c ^ 3 / 4 +
                (a * b * c ^ 2 / 4 +
                  (a * b ^ 2 * c / 4 +
                    (a * b ^ 3 / 4 + (a ^ 2 * b * c / 4 + (a ^ 3 * c / 4 + (a ^ 3 * b / 4 + a ^ 4 / 4)))))) +
              b ^ 4 / 4)) +
        c ^ 4 / 4

workbook0/lean_workbook_plus_13736.lean:
workbook0/lean_workbook_plus_13736.lean:107:10: error: invalid constructor ⟨...⟩, expected type must be an inductive type 
  ∀ (x : ℝ), 1 + Real.sqrt 3 / 2 ≤ |cos x| + |cos 2 * x| + |cos 3 * x| + |cos 4 * x|

workbook0/lean_workbook_plus_68662.lean:
workbook0/lean_workbook_plus_68662.lean:105:86: error: expected token

workbook0/lean_workbook_plus_1844.lean:
workbook0/lean_workbook_plus_1844.lean:105:105: error: unsolved goals
n : ℕ
hn : n = 9
⊢ False

workbook0/lean_workbook_plus_35705.lean:
workbook0/lean_workbook_plus_35705.lean:106:2: warning: aesop: failed to prove the goal after exhaustive search.
workbook0/lean_workbook_plus_35705.lean:107:2: error: failed to synthesize
  LinearOrder (ℝ → ℝ)

workbook0/lean_workbook_plus_64707.lean:
workbook0/lean_workbook_plus_64707.lean:105:62: error: unsolved goals
⊢ False

workbook0/lean_workbook_plus_37964.lean:
workbook0/lean_workbook_plus_37964.lean:105:542: error: unsolved goals
⊢ False

workbook0/lean_workbook_plus_13276.lean:
workbook0/lean_workbook_plus_13276.lean:107:10: error: invalid constructor ⟨...⟩, expected type must be an inductive type 
  ∀ (n : ℕ), ∑ k in Finset.Icc 1 n, 1 / (↑k * ↑(∑ m in Finset.Icc 1 k, 1 / m) ^ 2) < 2
workbook0/lean_workbook_plus_13276.lean:108:2: error: no goals to be solved

workbook0/lean_workbook_plus_81834.lean:
workbook0/lean_workbook_plus_81834.lean:107:2: error: linarith failed to find a contradiction
case a
a b c : ℝ
hx : a > 0 ∧ b > 0 ∧ c > 0
hab : a + b > c
hbc : b + c > a
hca : a + c > b
a✝ : a * a * (b + c) + b * b * (c + a) + c * c * (a + b) > a * (a * a) + b * (b * b) + c * (c * c) + 2 * a * b * c
⊢ False
failed

workbook0/lean_workbook_plus_18270.lean:
workbook0/lean_workbook_plus_18270.lean:105:120: error: unsolved goals
k! : ℕ
⊢ False

workbook0/lean_workbook_plus_21402.lean:
workbook0/lean_workbook_plus_21402.lean:105:363: error: unsolved goals
⊢ False

workbook0/lean_workbook_plus_56142.lean:
workbook0/lean_workbook_plus_56142.lean:105:103: error: unsolved goals
⊢ False

workbook0/lean_workbook_plus_25179.lean:
workbook0/lean_workbook_plus_25179.lean:106:2: error: linarith failed to find a contradiction
case a
a b c : ℝ
ha : 0 < a
hb : 0 < b
hc : 0 < c
habc : a + b + c = 1
h : (a + b) * (b + c) * (a + c) = 1
a✝ : 3 / 4 > a * b + b * c + c * a
⊢ False
failed

workbook0/lean_workbook_plus_3873.lean:
workbook0/lean_workbook_plus_3873.lean:107:10: error: invalid constructor ⟨...⟩, expected type must be an inductive type 
  ∀ (a b c : ℝ),
    a > 0 ∧ b > 0 ∧ c > 0 →
      (a / (b + c) + b / (c + a)) * (b / (c + a) + c / (a + b)) * (c / (a + b) + a / (b + c)) ≥
        1 + 9 * (a - b / (a + b)) ^ 2 * (b - c / (b + c)) ^ 2 * (c - a / (c + a)) ^ 2

workbook0/lean_workbook_plus_81778.lean:
workbook0/lean_workbook_plus_81778.lean:107:2: error: linarith failed to find a contradiction
case h
a b : ℝ
ha : a ^ 3 - 3 * a ^ 2 + 5 * a - 17 = 0
hb : a + b ≠ 6
a✝ : b ^ 3 - 3 * b ^ 2 + 5 * b - 11 = 0
⊢ False
failed

workbook0/lean_workbook_plus_12669.lean:
workbook0/lean_workbook_plus_12669.lean:106:2: warning: aesop: failed to prove the goal after exhaustive search.
workbook0/lean_workbook_plus_12669.lean:105:155: error: unsolved goals
case left
x y z : ℝ
hx : x + y + z = π
hxy : tan x * tan z = 2
hzy : tan y * tan z = 18
⊢ x = π / 3

case right.left
x y z : ℝ
hx : x + y + z = π
hxy : tan x * tan z = 2
hzy : tan y * tan z = 18
⊢ y = π / 3

case right.right
x y z : ℝ
hx : x + y + z = π
hxy : tan x * tan z = 2
hzy : tan y * tan z = 18
⊢ z = π / 3

workbook0/lean_workbook_plus_32529.lean:
workbook0/lean_workbook_plus_32529.lean:105:191: error: unsolved goals
x y : ℝ
⊢ False

workbook0/lean_workbook_plus_80993.lean:
workbook0/lean_workbook_plus_80993.lean:107:14: error: unsolved goals
a : ℕ → ℤ
a1 : a 0 = 1
a2 : a 1 = 1
h : ∃ n, a n ≠ (2 ^ n + (-2) ^ n) / 3
⊢ ¬a 2 = 9

workbook0/lean_workbook_plus_25134.lean:
workbook0/lean_workbook_plus_25134.lean:107:9: error: invalid constructor ⟨...⟩, expected type must be an inductive type 
  ∀ (x : ℝ),
    x / (1 - x) ≥ (9 + 6 * Real.sqrt 3) / 4 * x ^ 2 - 1 / 4 ↔
      (x - 1 / Real.sqrt 3) ^ 2 * ((2 * Real.sqrt 3 + 3) * x + 1) ≥ 0
workbook0/lean_workbook_plus_25134.lean:108:2: error: no goals to be solved

workbook0/lean_workbook_plus_43796.lean:
workbook0/lean_workbook_plus_43796.lean:105:128: error: unsolved goals
P : ℕ → ℕ
hP : ∀ (n : ℕ), P n = List.sum (digits 10 n)
⊢ False

workbook0/lean_workbook_plus_40824.lean:
workbook0/lean_workbook_plus_40824.lean:106:40: error: unsolved goals
⊢ ¬?m.4405 (-2)

workbook0/lean_workbook_plus_41721.lean:
workbook0/lean_workbook_plus_41721.lean:107:10: error: invalid constructor ⟨...⟩, expected type must be an inductive type 
  ∀ (n : ℕ), ∑ x in Finset.Icc 1 n, (↑x)⁻¹ * ↑(choose n x) = ∑ x in Finset.Icc 1 n, ↑(2 ^ x / x)

workbook0/lean_workbook_plus_35383.lean:
workbook0/lean_workbook_plus_35383.lean:107:10: error: invalid constructor ⟨...⟩, expected type must be an inductive type 
  ∀ (x y z : ℤ), x ^ n + y ^ n ≠ z ^ n

workbook0/lean_workbook_plus_69773.lean:
workbook0/lean_workbook_plus_69773.lean:105:92: error: unsolved goals
⊢ False

workbook0/lean_workbook_plus_4937.lean:
workbook0/lean_workbook_plus_4937.lean:106:27: error: unsolved goals
⊢ ¬?m.2462 1

workbook0/lean_workbook_plus_46318.lean:
workbook0/lean_workbook_plus_46318.lean:107:11: warning: `tsum_geometric_of_lt_1` has been deprecated, use `tsum_geometric_of_lt_one` instead
workbook0/lean_workbook_plus_46318.lean:105:93: error: unsolved goals
case refine'_3
x : ℝ
hx : x = 1 / 2018
⊢ False

workbook0/lean_workbook_plus_6501.lean:
workbook0/lean_workbook_plus_6501.lean:106:2: error: type mismatch
  not_forall.mpr (Exists.intro 1 fun h => ?m.7031 h)
has type
  ¬∀ (x : ℕ), ?m.6998 x : Prop
but is expected to have type
  ∀ (a b c : ℝ),
    2 * (a ^ 4 + b ^ 4) * (b ^ 4 + c ^ 4) * (c ^ 4 + a ^ 4) ≥ (a * b ^ 2 + b * c ^ 2 + c * a ^ 2 - a * b * c) ^ 4 : Prop

workbook0/lean_workbook_plus_5040.lean:
workbook0/lean_workbook_plus_5040.lean:107:9: error: invalid constructor ⟨...⟩, expected type must be an inductive type 
  ∀ (x : ℝ), 0 ≤ x → |x ^ 4 - 9 * x ^ 2| ≤ 14 + Real.sqrt (2 - x ^ 2)
workbook0/lean_workbook_plus_5040.lean:108:2: error: no goals to be solved

workbook0/lean_workbook_plus_65631.lean:
workbook0/lean_workbook_plus_65631.lean:107:10: error: invalid constructor ⟨...⟩, expected type must be an inductive type 
  ∀ (k : ℕ), k ^ 3 < 61 → k ∈ {1, 2, 3}

workbook0/lean_workbook_plus_19279.lean:
workbook0/lean_workbook_plus_19279.lean:106:48: error: unsolved goals
⊢ False

workbook0/lean_workbook_plus_42352.lean:
workbook0/lean_workbook_plus_42352.lean:107:10: error: invalid constructor ⟨...⟩, expected type must be an inductive type 
  ∀ (x y z : ℝ),
    (x + y + z) ^ 2 / 3 ≤ x ^ 2 + y ^ 2 + z ^ 2 ∧ x ^ 2 + y ^ 2 + z ^ 2 = x * y * z ∧ x * y * z ≤ (x + y + z) ^ 3 / 27

workbook0/lean_workbook_plus_5656.lean:
workbook0/lean_workbook_plus_5656.lean:107:12: error: invalid field notation, type is not of the form (C ...) where C is a constant
  h₁
has type
  x = 2 → y ≠ 1

workbook0/lean_workbook_plus_55820.lean:
workbook0/lean_workbook_plus_55820.lean:105:86: error: unsolved goals
⊢ False

workbook0/lean_workbook_plus_80328.lean:
workbook0/lean_workbook_plus_80328.lean:111:2: error: tactic 'introN' failed, insufficient number of binders
a b c : ℝ
ha : 0 < a
hb : 0 < b
hc : 0 < c
habc : a * b * c = 1
h : a ^ 2 + b ^ 2 + c ^ 2 = 1
⊢ 2 * a * b + 2 * b * c + 7 * c * a ≤ 4 ∧
    3 * a * b + 3 * b * c + 7 * c * a ≤ 9 / 2 ∧
      2 * a * b + 2 * b * c + 3 * c * a ≤ (3 + Real.sqrt 41) / 4 ∧
        2 * a * b + 2 * b * c + 5 * c * a ≤ (5 + Real.sqrt 57) / 4 ∧
          3 * a * b + 3 * b * c + 8 * c * a ≤ (4 + Real.sqrt 34) / 2 ∧
            a * b + 2 * b * c + 3 * c * a ≤ Real.sqrt 42 / 3 * cos (arccos 9 * Real.sqrt 42 / 98)

workbook0/lean_workbook_plus_17494.lean:
workbook0/lean_workbook_plus_17494.lean:107:10: error: invalid constructor ⟨...⟩, expected type must be an inductive type 
  ∀ (a b c d : ℝ),
    a ≥ b ∧ b ≥ c ∧ c ≥ d ∧ d ≥ 0 →
      (a + b + c + d) * (b + c + d + a) * (c + d + a + b) * (d + a + b + c) / (a + b) / (b + c) / (c + d) / (d + a) ≥
        (3 / 2) ^ 4

workbook0/lean_workbook_plus_74498.lean:
workbook0/lean_workbook_plus_74498.lean:105:193: error: unsolved goals
n : ℕ
⊢ False

workbook0/lean_workbook_plus_48260.lean:
workbook0/lean_workbook_plus_48260.lean:107:10: error: invalid constructor ⟨...⟩, expected type must be an inductive type 
  ∀ (x y z : ℝ),
    (1 + x) ^ 2 * (1 + y) = 1 - 2 * (1 + x) ∧
        (1 + y) ^ 2 * (1 + z) = 1 - 2 * (1 + y) ∧ (1 + z) ^ 2 * (1 + x) = 1 - 2 * (1 + z) ↔
      x = y ∧ y = z ∧ z = x

workbook0/lean_workbook_plus_46213.lean:
workbook0/lean_workbook_plus_46213.lean:107:10: error: invalid constructor ⟨...⟩, expected type must be an inductive type 
  ∀ (x : ℝ), x ^ 2 - x * sin x - cos x = 0 ↔ x = π / 2 ∨ x = π / 2 + π
workbook0/lean_workbook_plus_46213.lean:108:2: error: no goals to be solved

workbook0/lean_workbook_plus_7832.lean:
workbook0/lean_workbook_plus_7832.lean:108:18: error: unsolved goals
h : ℝ → ℝ
h_bij : ∃ g, Function.LeftInverse g h ∧ Function.RightInverse g h
h_cont : Continuous h
h_fixed : ∃ u, h u = u
h_sum : ∃ x, h x ≠ x
⊢ ¬h (1 / 2) + (h (1 / 2))⁻¹ = 1

workbook0/lean_workbook_plus_50001.lean:
workbook0/lean_workbook_plus_50001.lean:107:17: error: unsolved goals
s : ℝ
h₀ :
  s =
    2 ^ 4 - 1 + 2 * (3 ^ 4 - 2 ^ 4) + 3 * (4 ^ 4 - 3 ^ 4) + 4 * (5 ^ 4 - 4 ^ 4) + 5 * (6 ^ 4 - 5 ^ 4) +
      6 * (2006 - 6 ^ 4)
⊢ False

workbook0/lean_workbook_plus_26914.lean:
workbook0/lean_workbook_plus_26914.lean:107:10: error: invalid constructor ⟨...⟩, expected type must be an inductive type 
  ∀ (a b c : ℝ), 1 / (a + b) ^ 2 + 1 / (b + c) ^ 2 + 1 / (c + a) ^ 2 ≥ 3 / 4

workbook0/lean_workbook_plus_15689.lean:
workbook0/lean_workbook_plus_15689.lean:107:10: error: invalid constructor ⟨...⟩, expected type must be an inductive type 
  ∀ (a b c : ℝ), a > 0 ∧ b > 0 ∧ c > 0 → a / (1 + a) ^ 3 + b / (1 + b) ^ 3 + c / (1 + c) ^ 3 ≤ 3 / 8

workbook0/lean_workbook_plus_5217.lean:
workbook0/lean_workbook_plus_5217.lean:105:31: error: unexpected token; expected ':'

workbook0/lean_workbook_plus_4861.lean:
workbook0/lean_workbook_plus_4861.lean:105:122: error: unsolved goals
a b : ℝ
h₁ : a = 36 ^ (1 / 3)
h₂ : b = 25 ^ (1 / 3)
⊢ False

workbook0/lean_workbook_plus_38855.lean:
workbook0/lean_workbook_plus_38855.lean:106:2: error: simp made no progress

workbook0/lean_workbook_plus_49021.lean:
workbook0/lean_workbook_plus_49021.lean:107:10: error: invalid constructor ⟨...⟩, expected type must be an inductive type 
  ∀ (a b c : ℝ), 3 * a * b * c ≤ a ^ 3 + b ^ 3 + c ^ 3

workbook0/lean_workbook_plus_45867.lean:
workbook0/lean_workbook_plus_45867.lean:105:259: error: unsolved goals
a b c d : ℝ
ha : a ≥ 0
hb : b ≥ 0
hc : c ≥ 0
hd : d ≥ 0
hab : a + b + c + d = 4
⊢ False

workbook0/lean_workbook_plus_55690.lean:
workbook0/lean_workbook_plus_55690.lean:107:13: error: invalid field notation, type is not of the form (C ...) where C is a constant
  hx
has type
  x = 3 / 5 → x ≠ -3 / 5

workbook0/lean_workbook_plus_1807.lean:
workbook0/lean_workbook_plus_1807.lean:107:10: error: invalid constructor ⟨...⟩, expected type must be an inductive type 
  ∀ (x y z : ℝ), (x + y + z) * (1 / (y + z) ^ 2 + 1 / (z + x) ^ 2 + 1 / (x + y) ^ 2) ≥ 9 / 4

workbook0/lean_workbook_plus_68137.lean:
workbook0/lean_workbook_plus_68137.lean:107:10: error: invalid constructor ⟨...⟩, expected type must be an inductive type 
  ∀ (a b c : ℝ),
    0 ≤ a ∧ 0 ≤ b ∧ 0 ≤ c ∧ a ≤ 1 ∧ b ≤ 1 ∧ c ≤ 1 →
      a / (b * c) ^ 2 + 5 + b / (c * a) ^ 2 + 5 + c / (a * b) ^ 2 + 5 ≤ 1 / 2

workbook0/lean_workbook_plus_27974.lean:
workbook0/lean_workbook_plus_27974.lean:107:6: error: tactic 'rewrite' failed, did not find instance of the pattern in the target expression
  ?m.20612 / ?m.20613 < ?m.20611
a b c : ℝ
ha : 0 < a
hb : 0 < b
hc : 0 < c
habc : a * b * c = 1
h :
  (a * b * (1 + c * a) + b * c * (1 + b * c)) * (1 + a * b) + c * a * ((1 + b * c) * (1 + c * a)) =
    (1 + b * c) * (1 + c * a) * (1 + a * b)
⊢ 6 * Real.sqrt 2 ≤ ((b ^ 3 + a ^ 3) * c ^ 3 + a ^ 3 * b ^ 3) / (a ^ 3 * b ^ 3 * c ^ 3)

workbook0/lean_workbook_plus_1861.lean:
workbook0/lean_workbook_plus_1861.lean:106:2: error: simp made no progress

workbook0/lean_workbook_plus_73830.lean:
workbook0/lean_workbook_plus_73830.lean:107:10: error: invalid constructor ⟨...⟩, expected type must be an inductive type 
  ∀ (a b c : ℝ), -9 * a ^ 2 * b ^ 2 * c ^ 2 ≥ -a * b * c * (a + b + c)

workbook0/lean_workbook_plus_21265.lean:
workbook0/lean_workbook_plus_21265.lean:105:206: error: unsolved goals
a b c : ℝ
ha : a ≥ 0
hb : b ≥ 0
hc : c ≥ 0
hab : a * b + a * c + b * c = 1
⊢ False

workbook0/lean_workbook_plus_7346.lean:
workbook0/lean_workbook_plus_7346.lean:106:2: error: simp made no progress

workbook0/lean_workbook_plus_9481.lean:
workbook0/lean_workbook_plus_9481.lean:107:10: error: invalid constructor ⟨...⟩, expected type must be an inductive type 
  ∀ (x y : ℝ),
    (x - 2) * (x - 1) * x * (x + 1) + (y - 2) * (y - 1) * y * (y + 1) -
        (x - 1) * (y - 1) * (4 * x ^ 2 - 5 * x * y + 4 * y ^ 2 - 4) =
      0

workbook0/lean_workbook_plus_68416.lean:
workbook0/lean_workbook_plus_68416.lean:109:2: error: linarith failed to find a contradiction
case h1.h
a✝ :
  125 + 5 * (10 * Real.sqrt 5) + (5 * (10 * Real.sqrt 5) + 100) +
        (5 * (10 * Real.sqrt 5) + 100 + (100 + 5 * (8 * Real.sqrt 5))) -
      (5 * (10 * Real.sqrt 5) + 100 + (100 + 4 * (10 * Real.sqrt 5)) +
                (100 + 2 * (2 * (10 * Real.sqrt 5)) + (2 * (2 * (10 * Real.sqrt 5)) + 80)) +
              (5 * (10 * Real.sqrt 5) + 100 + (100 + 4 * (10 * Real.sqrt 5)) +
                (100 + 2 * (2 * (10 * Real.sqrt 5)) + (2 * (2 * (10 * Real.sqrt 5)) + 80))) -
            (100 + 4 * (10 * Real.sqrt 5) + (4 * (10 * Real.sqrt 5) + 80) +
              (4 * (10 * Real.sqrt 5) + 80 + (80 + 4 * (8 * Real.sqrt 5)))) +
          (5 * (10 * Real.sqrt 5) + 100 + (100 + 4 * (10 * Real.sqrt 5)) +
            (100 + 2 * (2 * (10 * Real.sqrt 5)) + (2 * (2 * (10 * Real.sqrt 5)) + 80))) -
        (100 + 2 * (2 * (10 * Real.sqrt 5)) + (2 * (2 * (10 * Real.sqrt 5)) + 80) +
              (2 * (2 * (10 * Real.sqrt 5)) + 80 + (80 + 2 * (2 * (8 * Real.sqrt 5)))) +
            (100 + 2 * (2 * (10 * Real.sqrt 5)) + (2 * (2 * (10 * Real.sqrt 5)) + 80) +
              (2 * (2 * (10 * Real.sqrt 5)) + 80 + (80 + 2 * (2 * (8 * Real.sqrt 5))))) -
          (5 * (8 * Real.sqrt 5) + 80 + (80 + 4 * (8 * Real.sqrt 5)) +
            (80 + 2 * (2 * (8 * Real.sqrt 5)) + (2 * (2 * (8 * Real.sqrt 5)) + 64))))) <
    49
⊢ False
failed

workbook0/lean_workbook_plus_66625.lean:
workbook0/lean_workbook_plus_66625.lean:107:10: error: invalid constructor ⟨...⟩, expected type must be an inductive type 
  ∀ (a b : ℝ), 2 * a ^ 3 * b ^ 3 + 2 * a * b ≥ 4 * a ^ 2 * b ^ 2

workbook0/lean_workbook_plus_12973.lean:
workbook0/lean_workbook_plus_12973.lean:107:10: error: invalid constructor ⟨...⟩, expected type must be an inductive type 
  ∀ (x y z : ℝ),
    8 / 27 * (x + y + z) ^ 2 * (x ^ 2 + y ^ 2 + z ^ 2) * (x * y + y * z + z * x) / (x + y) * (y + z) * (z + x) ≥
      (x ^ 3 / (2 * x ^ 2 - x * y + 2 * y ^ 2) + y ^ 3 / (2 * y ^ 2 - y * z + 2 * z ^ 2) +
          z ^ 3 / (2 * z ^ 2 - z * x + 2 * x ^ 2)) *
        (x * y + y * z + z * x)

workbook0/lean_workbook_plus_28438.lean:
workbook0/lean_workbook_plus_28438.lean:107:12: error: invalid field notation, type is not of the form (C ...) where C is a constant
  h₁
has type
  x = 1 → y ≠ 2

workbook0/lean_workbook_plus_55382.lean:
workbook0/lean_workbook_plus_55382.lean:106:2: error: simp made no progress

workbook0/lean_workbook_plus_21988.lean:
workbook0/lean_workbook_plus_21988.lean:105:34: error: unexpected token '∀'; expected '_' or identifier

workbook0/lean_workbook_plus_78085.lean:
workbook0/lean_workbook_plus_78085.lean:108:2: error: omega did not find a contradiction:
[0, 3, 0, 0, 0, 0, -8] ∈ [-3, 4]
[1] ∈ [4, ∞)

workbook0/lean_workbook_plus_40193.lean:
workbook0/lean_workbook_plus_40193.lean:105:44: error: unexpected token; expected ')'

workbook0/lean_workbook_plus_4859.lean:
workbook0/lean_workbook_plus_4859.lean:105:77: error: unsolved goals
⊢ False

workbook0/lean_workbook_plus_16734.lean:
workbook0/lean_workbook_plus_16734.lean:107:10: error: invalid constructor ⟨...⟩, expected type must be an inductive type 
  ∀ (p q r : ℝ), p = 2 ∧ q = 1 ∧ r ≤ 4 / 27

workbook0/lean_workbook_plus_21583.lean:
workbook0/lean_workbook_plus_21583.lean:107:10: error: invalid constructor ⟨...⟩, expected type must be an inductive type 
  ∀ (x y z : ℝ), x ^ 2 + y ^ 2 + z ^ 2 ≥ (3 - x - y - z) / 2

workbook0/lean_workbook_plus_52737.lean:
workbook0/lean_workbook_plus_52737.lean:105:108: error: expected token

workbook0/lean_workbook_plus_16231.lean:
workbook0/lean_workbook_plus_16231.lean:109:2: error: type mismatch
  not_forall_of_exists_not ?m.9832
has type
  ¬∀ (x : ?m.9830), ?m.9831 x : Prop
but is expected to have type
  ∀ (a b c : ℝ),
    (a / (a + b)) ^ 2 + (b / (b + c)) ^ 2 + (c / (c + a)) ^ 2 ≥
      (a ^ 2 + a * b + b ^ 2 + b * c + c ^ 2 + c * a) ^ 2 /
        ((a + b) ^ 2 * (b + c) ^ 2 + (b + c) ^ 2 * (c + a) ^ 2 + (c + a) ^ 2 * (a + b) ^ 2) : Prop

workbook0/lean_workbook_plus_15090.lean:
workbook0/lean_workbook_plus_15090.lean:107:10: error: invalid constructor ⟨...⟩, expected type must be an inductive type 
  ∀ n ≥ 1,
    0 ≤ ∑ k in Finset.range n, arcsin (↑k - 1) / (↑k ^ 2 - ↑k + 1) ∧
      ∑' (k : ℕ), arcsin (↑k - 1) / (↑k ^ 2 - ↑k + 1) ≤ π / 2

workbook0/lean_workbook_plus_80069.lean:
workbook0/lean_workbook_plus_80069.lean:107:10: error: invalid constructor ⟨...⟩, expected type must be an inductive type 
  ∀ (x y : ℝ), x ^ 3 + y ^ 3 ≥ x * y * (x + y)

workbook0/lean_workbook_plus_49343.lean:
workbook0/lean_workbook_plus_49343.lean:105:103: error: unsolved goals
⊢ ∑ k in Finset.Icc 1 99, k * (2 ^ (100 - k) - 1) = 2 ^ 100 - 100

workbook0/lean_workbook_plus_53322.lean:
workbook0/lean_workbook_plus_53322.lean:107:10: error: invalid constructor ⟨...⟩, expected type must be an inductive type 
  ∀ (a b c : ℝ), (a + b + c - 1) ^ 2 - 1 ≥ 3 / 8 * (a + b) * (b + c) * (c + a)

workbook0/lean_workbook_plus_69703.lean:
workbook0/lean_workbook_plus_69703.lean:105:32: error: unexpected token '∑'; expected ':'

workbook0/lean_workbook_plus_25137.lean:
workbook0/lean_workbook_plus_25137.lean:107:10: error: invalid constructor ⟨...⟩, expected type must be an inductive type 
  ∀ (x y z : ℝ),
    x ^ 4 * y ^ 2 + x ^ 2 * y ^ 4 + y ^ 4 * z ^ 2 + y ^ 2 * z ^ 4 + z ^ 4 * x ^ 2 + z ^ 2 * x ^ 4 +
        2 * (x ^ 3 * y ^ 3 + y ^ 3 * z ^ 3 + z ^ 3 * x ^ 3) ≥
      2 * x * y * z * (x ^ 3 + y ^ 3 + z ^ 3) + 6 * x ^ 2 * y ^ 2 * z ^ 2

workbook0/lean_workbook_plus_41705.lean:
workbook0/lean_workbook_plus_41705.lean:105:144: error: unsolved goals
a : ℕ → ℚ
h : ∀ (k : ℕ), a k = ↑k / 108
⊢ False

workbook0/lean_workbook_plus_52093.lean:
workbook0/lean_workbook_plus_52093.lean:105:216: error: unsolved goals
a b c : ℝ
ha : 0 < a
hb : 0 < b
hc : 0 < c
⊢ False

workbook0/lean_workbook_plus_3309.lean:
workbook0/lean_workbook_plus_3309.lean:106:8: error: unknown constant 'Real.logb_eq_iff_rpow_eq'
workbook0/lean_workbook_plus_3309.lean:106:6: error: tactic 'rewrite' failed, equality or iff proof expected
  ?m.521
a b c d : ℝ
h1 : 4 ^ a = 5
h2 : 5 ^ b = 6
h3 : 6 ^ c = 7
h4 : 7 ^ d = 8
⊢ a * b * c * d = 3 / 2

workbook0/lean_workbook_plus_4449.lean:
workbook0/lean_workbook_plus_4449.lean:106:2: error: tactic 'decide' proved that the proposition
  ∑ k in Finset.Icc 2 42, choose k 2 = 1170
is false

workbook0/lean_workbook_plus_75903.lean:
workbook0/lean_workbook_plus_75903.lean:105:42: error: unexpected token '|'; expected '}'

workbook0/lean_workbook_plus_56710.lean:
workbook0/lean_workbook_plus_56710.lean:106:30: error: simp made no progress

workbook0/lean_workbook_plus_67889.lean:
workbook0/lean_workbook_plus_67889.lean:107:10: error: invalid constructor ⟨...⟩, expected type must be an inductive type 
  ∀ (x : ℝ), cos 1 ^ 2 + sin 1 ^ 2 + 1 ≤ f x ∧ f x ≤ cos (-1) ^ 2 + sin (-1) ^ 2 + 1
workbook0/lean_workbook_plus_67889.lean:108:2: error: no goals to be solved

workbook0/lean_workbook_plus_77227.lean:
workbook0/lean_workbook_plus_77227.lean:105:34: error: unexpected token; expected '_' or identifier

workbook0/lean_workbook_plus_23734.lean:
workbook0/lean_workbook_plus_23734.lean:107:13: error: function expected at
  h
term has type
  ℝ
workbook0/lean_workbook_plus_23734.lean:105:110: error: unsolved goals
h : ℝ
⊢ h > 0 → ∃ N, ∀ x > ↑N, |(x ^ 4 + 1) ^ (1 / 4) - x| < h

workbook0/lean_workbook_plus_3376.lean:
workbook0/lean_workbook_plus_3376.lean:106:27: error: unsolved goals
⊢ ¬?m.1804 0

workbook0/lean_workbook_plus_50484.lean:
workbook0/lean_workbook_plus_50484.lean:110:17: error: unsolved goals
f : ℝ → ℝ
h₀ : f 0 ^ 2 = f 0
h₁ : f 0 ≠ 1
⊢ ¬f 0 = 0

workbook0/lean_workbook_plus_81569.lean:
workbook0/lean_workbook_plus_81569.lean:105:102: error: unsolved goals
⊢ False

workbook0/lean_workbook_plus_53523.lean:
workbook0/lean_workbook_plus_53523.lean:105:103: error: unsolved goals
⊢ False

workbook0/lean_workbook_plus_74919.lean:
workbook0/lean_workbook_plus_74919.lean:105:82: error: unsolved goals
⊢ False

workbook0/lean_workbook_plus_7081.lean:
workbook0/lean_workbook_plus_7081.lean:107:20: error: rcases tactic failed: a_rec : ∀ (l : ℝ), ∃ ε > 0, ∀ (N : ℕ), ∃ n ≥ N, ε ≤ |a n - l| is not an inductive datatype

workbook0/lean_workbook_plus_73917.lean:
workbook0/lean_workbook_plus_73917.lean:107:10: error: invalid constructor ⟨...⟩, expected type must be an inductive type 
  ∀ (a b c d : ℝ), a ^ 3 + b ^ 3 + c ^ 3 + d ^ 3 ≥ (a + b + c + d) ^ 3

workbook0/lean_workbook_plus_39762.lean:
workbook0/lean_workbook_plus_39762.lean:107:10: error: invalid constructor ⟨...⟩, expected type must be an inductive type 
  ∀ (x y : ℝ), x * y ≠ 0 → 1 / (x - y) ^ 2 + 1 / y ^ 2 + 1 / x ^ 2 ≥ 4 / (x * y)

workbook0/lean_workbook_plus_4945.lean:
workbook0/lean_workbook_plus_4945.lean:107:20: error: invalid field notation, type is not of the form (C ...) where C is a constant
  h₃
has type
  a = 2 → b = 5 → r ≠ 3

workbook0/lean_workbook_plus_70798.lean:
workbook0/lean_workbook_plus_70798.lean:106:2: error: simp made no progress

workbook0/lean_workbook_plus_6048.lean:
workbook0/lean_workbook_plus_6048.lean:105:43: error: unexpected token; expected ')'

workbook0/lean_workbook_plus_40787.lean:
workbook0/lean_workbook_plus_40787.lean:106:27: error: unsolved goals
⊢ ¬?m.1249 0

workbook0/lean_workbook_plus_55714.lean:
workbook0/lean_workbook_plus_55714.lean:107:9: error: invalid constructor ⟨...⟩, expected type must be an inductive type 
  ∀ (a b : ℝ),
    a > 0 ∧ b > 0 →
      1 / 5 * (a + b) * (a ^ 3 * b ^ 2 + a ^ 2 * b ^ 3 + 3) ≥ (a + b) * a * b ∧
        1 / 2 * (a + b) * (a ^ 3 * b ^ 2 + a ^ 2 * b ^ 3) ≥ Real.sqrt (a * b) * 2 * Real.sqrt (a ^ 5 * b ^ 5) ∧
          1 / 10 * (a + b) * (3 * a ^ 3 * b ^ 2 + 3 * a ^ 2 * b ^ 3 + 4) ≥
            2 * Real.sqrt (a * b) * Real.sqrt (a ^ 15 * b ^ 15) ^ (1 / 10)
workbook0/lean_workbook_plus_55714.lean:108:2: error: no goals to be solved

workbook0/lean_workbook_plus_21268.lean:
workbook0/lean_workbook_plus_21268.lean:107:10: error: invalid constructor ⟨...⟩, expected type must be an inductive type 
  ∀ (α β γ : ℝ),
    5 / 2 < sin (α / 4) ^ 4 + cos (α / 4) ^ 4 + sin (β / 4) ^ 4 + cos (β / 4) ^ 4 + sin (γ / 4) ^ 4 + cos (γ / 4) ^ 4 ∧
      sin (α / 4) ^ 4 + cos (α / 4) ^ 4 + sin (β / 4) ^ 4 + cos (β / 4) ^ 4 + sin (γ / 4) ^ 4 + cos (γ / 4) ^ 4 ≤ 21 / 8

workbook0/lean_workbook_plus_74809.lean:
workbook0/lean_workbook_plus_74809.lean:105:32: error: unexpected token; expected ':'

workbook0/lean_workbook_plus_13667.lean:
workbook0/lean_workbook_plus_13667.lean:105:98: error: unsolved goals
⊢ False

workbook0/lean_workbook_plus_27817.lean:
workbook0/lean_workbook_plus_27817.lean:106:2: error: omega did not find a contradiction:
[0, 1] ∈ [0, 2005]

workbook0/lean_workbook_plus_65560.lean:
workbook0/lean_workbook_plus_65560.lean:107:2: error: tactic 'decide' proved that the proposition
  ∑ x in Finset.Icc 1 7, ∑ x_1 in Finset.Icc 1 7, ∑ x_2 in Finset.Icc 1 7, x * x_1 * x_2 = 1596
is false

workbook0/lean_workbook_plus_78605.lean:
workbook0/lean_workbook_plus_78605.lean:107:10: error: invalid constructor ⟨...⟩, expected type must be an inductive type 
  ∀ (a b c : ℝ), a ^ 2 / (2 * b + c) + b ^ 2 / (2 * c + a) + c ^ 2 / (2 * a + b) ≥ (a ^ 2 + b ^ 2 + c ^ 2) / (a + b + c)

workbook0/lean_workbook_plus_70184.lean:
workbook0/lean_workbook_plus_70184.lean:107:10: error: invalid constructor ⟨...⟩, expected type must be an inductive type 
  ∀ (a b c : ℝ),
    a > 0 ∧ b > 0 ∧ c > 0 → 1 / (b * (a + b)) + 1 / (c * (b + c)) + 1 / (a * (a + c)) ≥ 27 / 2 * (a + b + c) ^ 2

workbook0/lean_workbook_plus_43618.lean:
workbook0/lean_workbook_plus_43618.lean:105:34: error: unexpected token '∑'; expected '_' or identifier

workbook0/lean_workbook_plus_49048.lean:
workbook0/lean_workbook_plus_49048.lean:106:2: error: simp made no progress

workbook0/lean_workbook_plus_53644.lean:
workbook0/lean_workbook_plus_53644.lean:106:2: error: simp made no progress

workbook0/lean_workbook_plus_22444.lean:
workbook0/lean_workbook_plus_22444.lean:105:34: error: unexpected token '='; expected ':'

workbook0/lean_workbook_plus_79453.lean:
workbook0/lean_workbook_plus_79453.lean:107:10: error: invalid constructor ⟨...⟩, expected type must be an inductive type 
  ∀ (A B C : ℝ), tan (A / 2) * tan (B / 2) + tan (A / 2) * tan (C / 2) + tan (B / 2) * tan (C / 2) = 1

workbook0/lean_workbook_plus_38253.lean:
workbook0/lean_workbook_plus_38253.lean:106:27: error: unsolved goals
⊢ ¬?m.388 1

workbook0/lean_workbook_plus_43747.lean:
workbook0/lean_workbook_plus_43747.lean:105:34: error: unexpected token '∀'; expected '_' or identifier

workbook0/lean_workbook_plus_22423.lean:
workbook0/lean_workbook_plus_22423.lean:107:10: error: invalid constructor ⟨...⟩, expected type must be an inductive type 
  ∀ (x : ℝ), (Real.sqrt (sin x ^ 2 + cos x) + Real.sqrt (cos x ^ 2 + sin x)) ^ 2 ≤ 2 * (1 + cos x + sin x)
workbook0/lean_workbook_plus_22423.lean:108:2: error: no goals to be solved

workbook0/lean_workbook_plus_62493.lean:
workbook0/lean_workbook_plus_62493.lean:106:2: error: type mismatch
  not_forall.mpr (Exists.intro 1 ?m.11633)
has type
  ¬∀ (x : ℕ), ?m.11604 x : Prop
but is expected to have type
  ∀ (x y z : ℝ),
    7 * (x ^ 3 + y ^ 3 + z ^ 3) ^ 2 ≥
      (x ^ 5 + y ^ 5 + z ^ 5) * (x + y + z) +
        2 * (x ^ 2 * y ^ 2 + x ^ 2 * z ^ 2 + y ^ 2 * z ^ 2) * (x + y + z) ^ 2 : Prop

workbook0/lean_workbook_plus_27314.lean:
workbook0/lean_workbook_plus_27314.lean:106:2: error: tactic 'introN' failed, insufficient number of binders
f : ℝ → ℝ
hf : ∀ (x y : ℝ), f (x * f y + y * f x) = x ^ 2 + y ^ 2
⊢ ∃ k, ∀ (x : ℝ), f x = k * x ∨ ∀ (x : ℝ), f x = k / x

workbook0/lean_workbook_plus_32236.lean:
workbook0/lean_workbook_plus_32236.lean:107:10: error: invalid constructor ⟨...⟩, expected type must be an inductive type 
  ∀ (a b c : ℝ), a > 0 ∧ b > 0 ∧ c > 0 ∧ a + b + c = 1 → a ^ 2 / (b + c) + b ^ 2 / (c + a) + c ^ 2 / (a + b) ≥ 2

workbook0/lean_workbook_plus_21087.lean:
workbook0/lean_workbook_plus_21087.lean:107:10: error: invalid constructor ⟨...⟩, expected type must be an inductive type 
  ∀ (x y : ℤ), x * (x + 1) ≠ ↑p ^ (n * 2) * y * (y + 1)

workbook0/lean_workbook_plus_61969.lean:
workbook0/lean_workbook_plus_61969.lean:105:103: error: unsolved goals
f : ℝ → ℝ
x : ℝ
hx : x = 1
⊢ False

workbook0/lean_workbook_plus_38107.lean:
workbook0/lean_workbook_plus_38107.lean:107:13: error: invalid field notation, type is not of the form (C ...) where C is a constant
  h₁
has type
  a = Real.sqrt 2 / 2 → b = Real.sqrt 2 / 2 → c ≠ Real.sqrt 2 / 2

workbook0/lean_workbook_plus_81359.lean:
workbook0/lean_workbook_plus_81359.lean:105:32: error: unexpected token '∀'; expected ':'

workbook0/lean_workbook_plus_26502.lean:
workbook0/lean_workbook_plus_26502.lean:105:34: error: unexpected token; expected '_' or identifier

workbook0/lean_workbook_plus_55284.lean:
workbook0/lean_workbook_plus_55284.lean:107:10: error: invalid constructor ⟨...⟩, expected type must be an inductive type 
  ∀ (n : ℕ), 1 / 2 ≤ b n ∧ b n < b (n - 1) ∧ b (n - 1) ≤ 1

workbook0/lean_workbook_plus_43000.lean:
workbook0/lean_workbook_plus_43000.lean:105:190: error: unsolved goals
x y z : ℝ
hx : x ≥ 0 ∧ y ≥ 0 ∧ z ≥ 0
hab : x + y + z = 1
⊢ False

workbook0/lean_workbook_plus_20391.lean:
workbook0/lean_workbook_plus_20391.lean:109:29: error: invalid field notation, type is not of the form (C ...) where C is a constant
  h
has type
  ?m.490
workbook0/lean_workbook_plus_20391.lean:109:29: error: Argument passed to linarith has metavariables:
  ?m.500
workbook0/lean_workbook_plus_20391.lean:109:2: error: type mismatch
  fun h => ?m.496 h
has type
  (h : ?m.490) → ?m.495 h : Sort (imax ?u.489 ?u.492)
but is expected to have type
  x = 1 ∧ y = 3 : Prop

workbook0/lean_workbook_plus_75406.lean:
workbook0/lean_workbook_plus_75406.lean:105:35: error: expected token

workbook0/lean_workbook_plus_52216.lean:
workbook0/lean_workbook_plus_52216.lean:107:10: error: invalid constructor ⟨...⟩, expected type must be an inductive type 
  ∀ (a b : ℝ), cos a + cos b = 2 * cos (a + b) / 2 * cos (a - b) / 2

workbook0/lean_workbook_plus_18801.lean:
workbook0/lean_workbook_plus_18801.lean:105:136: error: expected token

workbook0/lean_workbook_plus_61907.lean:
workbook0/lean_workbook_plus_61907.lean:106:27: error: unsolved goals
⊢ ¬?m.1182 2

workbook0/lean_workbook_plus_57197.lean:
workbook0/lean_workbook_plus_57197.lean:107:10: error: invalid constructor ⟨...⟩, expected type must be an inductive type 
  ∀ (A B C : ℝ),
    (cos (A / 2) + cos (B / 2) + cos (C / 2)) *
        (tan (A / 2) + tan (B / 2) + tan (C / 2) - tan (A / 2) * tan (B / 2) * tan (C / 2)) ≥
      4

workbook0/lean_workbook_plus_14050.lean:
workbook0/lean_workbook_plus_14050.lean:107:27: error: unsolved goals
⊢ (∑ k in Finset.Icc 1 100, (101 - k) * 5 ^ k) / ∑ k in Finset.Icc 1 100, k * 5 ^ k = (5 ^ 101 - 405) / 16

workbook0/lean_workbook_plus_38628.lean:
workbook0/lean_workbook_plus_38628.lean:106:2: error: simp made no progress

workbook0/lean_workbook_plus_31830.lean:
workbook0/lean_workbook_plus_31830.lean:105:45: error: unexpected token; expected '_' or identifier

workbook0/lean_workbook_plus_28349.lean:
workbook0/lean_workbook_plus_28349.lean:107:9: error: rcases tactic failed: h₁ : ∀ (n : ℕ), ↑n * x + ↑k ≤ ↑⌊↑n * x⌋ → ↑n * x + ↑k + 1 ≤ ↑⌊↑n * x⌋ is not an inductive datatype

workbook0/lean_workbook_plus_36292.lean:
workbook0/lean_workbook_plus_36292.lean:113:2: error: simp made no progress

workbook0/lean_workbook_plus_24403.lean:
workbook0/lean_workbook_plus_24403.lean:107:16: error: invalid field notation, type is not of the form (C ...) where C is a constant
  h₂
has type
  b = 12 / 5 → c ≠ 13 / 5

workbook0/lean_workbook_plus_67507.lean:
workbook0/lean_workbook_plus_67507.lean:105:32: error: unexpected token; expected ':'

workbook0/lean_workbook_plus_52984.lean:
workbook0/lean_workbook_plus_52984.lean:107:10: error: invalid constructor ⟨...⟩, expected type must be an inductive type 
  ∀ (a b c : ℝ), (a ^ 2 + b ^ 2) / (a + b) + (b ^ 2 + c ^ 2) / (b + c) + (c ^ 2 + a ^ 2) / (c + a) ≥ a + b + c

workbook0/lean_workbook_plus_28422.lean:
workbook0/lean_workbook_plus_28422.lean:107:10: error: invalid constructor ⟨...⟩, expected type must be an inductive type 
  ∀ (A B C : ℝ), sin A ^ 2 + sin B ^ 2 - sin C ^ 2 ≥ -1 / 4

workbook0/lean_workbook_plus_11966.lean:
workbook0/lean_workbook_plus_11966.lean:107:10: error: invalid constructor ⟨...⟩, expected type must be an inductive type 
  ∀ (a b c : ℝ),
    a ≥ 0 ∧ b ≥ 0 ∧ c ≥ 0 → 1 / (a ^ 2 + b ^ 2) + 1 / (b ^ 2 + c ^ 2) + 1 / (c ^ 2 + a ^ 2) ≥ 10 / (a + b + c) ^ 2

workbook0/lean_workbook_plus_82095.lean:
workbook0/lean_workbook_plus_82095.lean:106:20: error: invalid constructor ⟨...⟩, expected type must be an inductive type 
  ?m.844

workbook0/lean_workbook_plus_55452.lean:
workbook0/lean_workbook_plus_55452.lean:107:10: error: invalid constructor ⟨...⟩, expected type must be an inductive type 
  ∀ (n : ℕ), (1 + 1 / (↑n + 1)) ^ (n + 2) < (1 + 1 / ↑n) ^ (n + 1)

workbook0/lean_workbook_plus_62554.lean:
workbook0/lean_workbook_plus_62554.lean:110:2: error: type mismatch
  h✝
has type
  ∀ (n m : ℕ), n ≠ m → d n ≠ d m : Prop
but is expected to have type
  ∃ i j, i ≠ j ∧ d i = d j : Prop

workbook0/lean_workbook_plus_53720.lean:
workbook0/lean_workbook_plus_53720.lean:105:44: error: unexpected token; expected ')'

workbook0/lean_workbook_plus_78392.lean:
workbook0/lean_workbook_plus_78392.lean:107:10: error: invalid constructor ⟨...⟩, expected type must be an inductive type 
  ∀ (x : ℝ), sin x - cos x = -(Real.sqrt 2 * (sin x * (Real.sqrt 2 / 2) - cos x * (Real.sqrt 2 / 2)))
workbook0/lean_workbook_plus_78392.lean:108:2: error: no goals to be solved

workbook0/lean_workbook_plus_66435.lean:
workbook0/lean_workbook_plus_66435.lean:106:2: error: simp made no progress

workbook0/lean_workbook_plus_77235.lean:
workbook0/lean_workbook_plus_77235.lean:105:107: error: unsolved goals
h₁ : 2 ^ 22 = 4194304
⊢ ∑ n in Finset.Icc 1 21, n * 2 ^ n = 4194303

workbook0/lean_workbook_plus_42411.lean:
workbook0/lean_workbook_plus_42411.lean:109:12: error: unsolved goals
f : ℝ → ℝ
h2 : ∀ (x y : ℝ), x < y → f x < f y
hf : ∃ x, f x ≠ x
⊢ ¬f 2 = (f 2)⁻¹

workbook0/lean_workbook_plus_34667.lean:
workbook0/lean_workbook_plus_34667.lean:107:10: error: invalid constructor ⟨...⟩, expected type must be an inductive type 
  ∀ (a b c : ℝ),
    2 * a / (21 * a + 75 * b) + 2 * b / (21 * b + 75 * c) + 2 * c / (21 * c + 75 * a) + 1 / 7 +
        1 / 10 * Real.sqrt ((a * b + a * c + b * c) / (a ^ 2 + b ^ 2 + c ^ 2)) ≤
      5 * Real.sqrt (a ^ 2 + 3 * a * b) / (21 * a + 75 * b) + 5 * Real.sqrt (b ^ 2 + 3 * b * c) / (21 * b + 75 * c) +
        5 * Real.sqrt (3 * a * c + c ^ 2) / (21 * c + 75 * a)

workbook0/lean_workbook_plus_38916.lean:
workbook0/lean_workbook_plus_38916.lean:106:2: error: simp made no progress

workbook0/lean_workbook_plus_67450.lean:
workbook0/lean_workbook_plus_67450.lean:107:12: error: invalid field notation, type is not of the form (C ...) where C is a constant
  h₁
has type
  x = 5 → y ≠ 12

workbook0/lean_workbook_plus_36818.lean:
workbook0/lean_workbook_plus_36818.lean:107:8: error: invalid constructor ⟨...⟩, expected type must be an inductive type 
  ∀ (G H : ℝ → ℝ → ℝ), P ≠ G * H

workbook0/lean_workbook_plus_76155.lean:
workbook0/lean_workbook_plus_76155.lean:105:32: error: unexpected token; expected ':'

workbook0/lean_workbook_plus_35143.lean:
workbook0/lean_workbook_plus_35143.lean:105:34: error: unexpected token; expected '_' or identifier

workbook0/lean_workbook_plus_28867.lean:
workbook0/lean_workbook_plus_28867.lean:105:67: error: expected token

workbook0/lean_workbook_plus_73086.lean:
workbook0/lean_workbook_plus_73086.lean:105:34: error: unexpected token '∀'; expected '_' or identifier

workbook0/lean_workbook_plus_28387.lean:
workbook0/lean_workbook_plus_28387.lean:105:112: error: unsolved goals
a b c d : ℚ
h₁ : a = 4 + 1 / 6
h₂ : b = 2 + 2 / 5
⊢ False

workbook0/lean_workbook_plus_27177.lean:
workbook0/lean_workbook_plus_27177.lean:106:27: error: unsolved goals
⊢ ¬?m.638 0

workbook0/lean_workbook_plus_65617.lean:
workbook0/lean_workbook_plus_65617.lean:106:2: error: linarith failed to find a contradiction
case h1.h
a b c : ℝ
h₁ : a = 20806
h₂ : b = 408
h₃ : c ^ 2 = a ^ 2 + b ^ 2
a✝ : c < 20874
⊢ False
failed

workbook0/lean_workbook_plus_54613.lean:
workbook0/lean_workbook_plus_54613.lean:107:23: error: expected token

workbook0/lean_workbook_plus_58791.lean:
workbook0/lean_workbook_plus_58791.lean:107:10: error: invalid constructor ⟨...⟩, expected type must be an inductive type 
  ∀ (n : ℕ), n ≥ 3 ∧ Odd n → ¬3 ^ n - 1 ≡ 2 [ZMOD 8]

workbook0/lean_workbook_plus_63571.lean:
workbook0/lean_workbook_plus_63571.lean:107:10: error: invalid constructor ⟨...⟩, expected type must be an inductive type 
  ∀ (a b c : ℝ), a / (b + c) + b / (c + a) + c / (a + b) ≥ 7 / 2 - 16 * a * b * c / ((a + b + c) ^ 3 + 5 * a * b * c)

workbook0/lean_workbook_plus_8114.lean:
workbook0/lean_workbook_plus_8114.lean:107:2: error: linarith failed to find a contradiction
case h
a : ℝ
h : 3 < a ^ 3 → 4 ≤ a ^ 3
a✝ : a ^ 5 - a ^ 3 + a = 2
⊢ False
failed

workbook0/lean_workbook_plus_37815.lean:
workbook0/lean_workbook_plus_37815.lean:108:2: error: linarith failed to find a contradiction
case h2.h
a✝ : 1 < 11 + (5 * Real.sqrt 5 + (76 - 34 * Real.sqrt 5))
⊢ False
failed

workbook0/lean_workbook_plus_35678.lean:
workbook0/lean_workbook_plus_35678.lean:106:8: warning: `summable_geometric_of_abs_lt_1` has been deprecated, use `summable_geometric_of_abs_lt_one` instead
workbook0/lean_workbook_plus_35678.lean:106:43: warning: `tsum_geometric_of_abs_lt_1` has been deprecated, use `tsum_geometric_of_abs_lt_one` instead
workbook0/lean_workbook_plus_35678.lean:108:26: error: linarith failed to find a contradiction
case h2.h
x : ℝ
hx : |x| < 1
a✝ : x * (1 - x) < 1 * (1 - x)
⊢ False
failed
workbook0/lean_workbook_plus_35678.lean:105:96: error: unsolved goals
x : ℝ
hx : |x| < 1
⊢ 1 * (1 - x) = x * (1 - x)

workbook0/lean_workbook_plus_1696.lean:
workbook0/lean_workbook_plus_1696.lean:106:2: error: linarith failed to find a contradiction
case a
a b c : ℝ
ha : 0 < a ∧ a < 1
hb : 0 < b ∧ b < 1
hc : 0 < c ∧ c < 1
a✝ : 2 * (1 + a + b + c) > (1 + a) * (1 + b) * (1 + c)
⊢ False
failed

workbook0/lean_workbook_plus_26938.lean:
workbook0/lean_workbook_plus_26938.lean:107:10: error: invalid constructor ⟨...⟩, expected type must be an inductive type 
  ∀ (n : ℕ), Matrix.of ![![1, 1, 3], ![1, 5, 1], ![3, 1, 1]] ^ n = Matrix.of ![![1, 1, 3], ![1, 5, 1], ![3, 1, 1]]

workbook0/lean_workbook_plus_48641.lean:
workbook0/lean_workbook_plus_48641.lean:108:2: error: linarith failed to find a contradiction
case h
h : Real.sqrt 2 ≤ 3 / 2
a✝ : 3 ≥ 2 * Real.sqrt 2
⊢ False
failed

workbook0/lean_workbook_plus_28403.lean:
workbook0/lean_workbook_plus_28403.lean:107:10: error: invalid constructor ⟨...⟩, expected type must be an inductive type 
  ∀ (a b c : ℝ),
    1 / 2 ≤
      Real.sqrt (a ^ 2 / (4 * a ^ 2 + 5 * b * c)) + Real.sqrt (b ^ 2 / (5 * a * c + 4 * b ^ 2)) +
        Real.sqrt (c ^ 2 / (5 * a * b + 4 * c ^ 2))

workbook0/lean_workbook_plus_55584.lean:
workbook0/lean_workbook_plus_55584.lean:107:2: error: invalid constructor ⟨...⟩, expected type must be an inductive type 
  ∀ (n : ℕ), ∑ k in Finset.range (2 * n), (-1) ^ k / (↑k + 1) = ↑(∑ k in Finset.Icc (n + 1) (2 * n), 1 / k)

workbook0/lean_workbook_plus_56266.lean:
workbook0/lean_workbook_plus_56266.lean:107:29: error: unsolved goals
f : ℕ → ℕ
hf h : True
h₁ : f 5 = 13
⊢ ¬f 2 = 7

workbook0/lean_workbook_plus_34515.lean:
workbook0/lean_workbook_plus_34515.lean:107:10: error: invalid constructor ⟨...⟩, expected type must be an inductive type 
  ∀ (x y : ℝ), 2 * (sin x ^ 2 * sin y ^ 2 + cos x ^ 2 * cos y ^ 2) > 1

workbook0/lean_workbook_plus_10325.lean:
workbook0/lean_workbook_plus_10325.lean:107:10: error: invalid constructor ⟨...⟩, expected type must be an inductive type 
  ∀ (a b : ℝ), (a + b) * (a ^ 3 + b ^ 3) ^ 2 ≥ (a ^ 2 + b ^ 2) ^ 2 * (a ^ 3 + b ^ 3)

workbook0/lean_workbook_plus_22514.lean:
workbook0/lean_workbook_plus_22514.lean:107:10: error: invalid constructor ⟨...⟩, expected type must be an inductive type 
  ∀ (a b c d : ℝ),
    a ^ 4 + b ^ 4 + c ^ 4 + d ^ 4 + 12 * a * b * c * d ≥
      (a + b + c + d) * (a * b * c + b * c * d + c * d * a + d * a * b)

workbook0/lean_workbook_plus_52131.lean:
workbook0/lean_workbook_plus_52131.lean:105:176: error: unsolved goals
a b c : ℝ
ha : 0 < a
hb : 0 < b
hc : 0 < c
habc : a + b + c = 1
⊢ False

workbook0/lean_workbook_plus_1258.lean:
workbook0/lean_workbook_plus_1258.lean:106:29: error: unsolved goals
⊢ ¬?m.5142 (-12)

workbook0/lean_workbook_plus_28274.lean:
workbook0/lean_workbook_plus_28274.lean:107:10: error: invalid constructor ⟨...⟩, expected type must be an inductive type 
  ∀ (a b c d : ℝ),
    a * b + (a * c + (b * c + (b * d + (c * d + d * a)))) ≤ a * b * c * d + (a ^ 2 + (b ^ 2 + (c ^ 2 + (d ^ 2 + 1))))

workbook0/lean_workbook_plus_7090.lean:
workbook0/lean_workbook_plus_7090.lean:109:2: error: simp made no progress

workbook0/lean_workbook_plus_13416.lean:
workbook0/lean_workbook_plus_13416.lean:105:79: error: unsolved goals
n : ℕ
⊢ False

workbook0/lean_workbook_plus_48770.lean:
workbook0/lean_workbook_plus_48770.lean:105:95: error: unsolved goals
⊢ False

workbook0/lean_workbook_plus_73500.lean:
workbook0/lean_workbook_plus_73500.lean:107:12: error: invalid field notation, type is not of the form (C ...) where C is a constant
  h₁
has type
  x = 6 → y ≠ 6

workbook0/lean_workbook_plus_8670.lean:
workbook0/lean_workbook_plus_8670.lean:106:2: error: tactic 'introN' failed, insufficient number of binders
F : ℕ → ℝ
h : F 0 = 1 ∧ F 1 = 1
⊢ ∃ c d, ∀ (n : ℕ), F n = c * (1 + Real.sqrt 5) / 2 ^ n + d * (1 - Real.sqrt 5) / 2 ^ n

workbook0/lean_workbook_plus_4703.lean:
workbook0/lean_workbook_plus_4703.lean:106:2: error: simp made no progress

workbook0/lean_workbook_plus_69953.lean:
workbook0/lean_workbook_plus_69953.lean:105:34: error: unexpected token '∀'; expected '_' or identifier

workbook0/lean_workbook_plus_20415.lean:
workbook0/lean_workbook_plus_20415.lean:107:10: error: invalid constructor ⟨...⟩, expected type must be an inductive type 
  ∀ (a b c : ℝ), a ^ 2 * b ^ 2 * c ^ 2 + 8 * (a * b + b * c + a * c) ≤ 25

workbook0/lean_workbook_plus_18552.lean:
workbook0/lean_workbook_plus_18552.lean:107:10: error: invalid constructor ⟨...⟩, expected type must be an inductive type 
  ∀ x > 0, (1 + 1 / x) ^ x > rexp 1
workbook0/lean_workbook_plus_18552.lean:108:2: error: no goals to be solved

workbook0/lean_workbook_plus_53714.lean:
workbook0/lean_workbook_plus_53714.lean:107:14: error: function expected at
  h'
term has type
  ℤ
workbook0/lean_workbook_plus_53714.lean:105:128: error: unsolved goals
x y : ℤ
h : Coprime (Int.natAbs x) (Int.natAbs y)
h' : ℤ
⊢ ∀ (n : ℤ), h' * x + n * y < x * y - x - y

workbook0/lean_workbook_plus_17305.lean:
workbook0/lean_workbook_plus_17305.lean:111:6: error: tactic 'rewrite' failed, did not find instance of the pattern in the target expression
  ?m.34919 / ?m.34920 < ?m.34921 / ?m.34922
a b c : ℝ
ha : 0 < a
hb : 0 < b
hc : 0 < c
habc : a * b * c = 1
h : (b + a) * c + a * b ≤ 1
h1 : 0 < a * b
⊢ 12 / (c + (a + b) - 1) ≤
    (a * (a * b) + a * (b * b) + (a * (a * (a * c)) + a * (a * (b * c))) +
          (a * (b * (b * c)) + b * (b * (b * c)) + (a * (a * (b * (c * c))) + a * (b * (b * (c * c))))) +
        (a * (b * (b * b)) + b * (b * c) + (a * (b * (b * c)) + b * (c * c)) +
            (a * (a * (b * (b * c))) + a * (b * (c * c)) + (a * (a * (b * (c * c))) + a * (c * (c * c)))) +
          (a * (a * c) + a * (a * (a * b)) + (a * (a * (b * c)) + a * (c * c)) +
            (a * (a * (b * (b * c))) + a * (b * (c * c)) + (a * (b * (b * (c * c))) + b * (c * (c * c))))))) /
      (a * (a * (b * b)) + a * (b * c) + (a * (a * (a * (b * c))) + a * (a * (c * c))) +
        (a * (b * (b * (b * c))) + b * (b * (c * c)) + (a * (a * (b * (b * (c * c)))) + a * (b * (c * (c * c))))))

workbook0/lean_workbook_plus_78172.lean:
workbook0/lean_workbook_plus_78172.lean:106:2: error: simp made no progress

workbook0/lean_workbook_plus_19344.lean:
workbook0/lean_workbook_plus_19344.lean:106:2: error: simp made no progress

workbook0/lean_workbook_plus_12992.lean:
workbook0/lean_workbook_plus_12992.lean:105:32: error: unexpected token '∑'; expected ':'

workbook0/lean_workbook_plus_6121.lean:
workbook0/lean_workbook_plus_6121.lean:105:70: error: expected token

workbook0/lean_workbook_plus_18098.lean:
workbook0/lean_workbook_plus_18098.lean:105:32: error: unexpected token '∀'; expected ':'

workbook0/lean_workbook_plus_32062.lean:
workbook0/lean_workbook_plus_32062.lean:107:10: error: invalid constructor ⟨...⟩, expected type must be an inductive type 
  ∀ (α β γ : ℝ), cos α * sin β / sin α + cos β * sin γ / sin β + cos γ * sin α / sin γ ≥ 3 / 2

workbook0/lean_workbook_plus_77032.lean:
workbook0/lean_workbook_plus_77032.lean:105:32: error: unexpected token '∀'; expected ':'

workbook0/lean_workbook_plus_78200.lean:
workbook0/lean_workbook_plus_78200.lean:107:2: error: omega did not find a contradiction:
[0, 0, 1] ∈ [0, ∞)

workbook0/lean_workbook_plus_40024.lean:
workbook0/lean_workbook_plus_40024.lean:107:10: error: invalid constructor ⟨...⟩, expected type must be an inductive type 
  ∀ (x y : ℝ),
    (x, y) ≠ (1, 1) →
      (x + 2 * y + 1) ^ 2 < (x + 2 * y) ^ 2 + 2 * x + 5 * y + 9 ∧
        (x + 2 * y) ^ 2 + 2 * x + 5 * y + 9 < (x + 2 * y + 2) ^ 2

workbook0/lean_workbook_plus_81712.lean:
workbook0/lean_workbook_plus_81712.lean:107:10: error: invalid constructor ⟨...⟩, expected type must be an inductive type 
  ∀ ε > 0, ∃ δ > 0, ∀ t ∈ Set.Ioo (-δ) δ, |(1 - cos t) / t ^ 2 - 1 / 2| < ε
workbook0/lean_workbook_plus_81712.lean:108:2: error: no goals to be solved

workbook0/lean_workbook_plus_11816.lean:
workbook0/lean_workbook_plus_11816.lean:106:30: error: unsolved goals
⊢ ¬?m.558 (-2)

workbook0/lean_workbook_plus_59251.lean:
workbook0/lean_workbook_plus_59251.lean:105:61: error: unsolved goals
⊢ False

workbook0/lean_workbook_plus_19856.lean:
workbook0/lean_workbook_plus_19856.lean:107:2: error: omega did not find a contradiction:
[0, 0, 0, 0, 0, 0, 0, 16, -1] ∈ [0, ∞)
[0, 0, 0, 0, 0, 0, 0, 0, 0, 0, 0, 0, 0, 64, -1] ∈ [0, ∞)
[0, 0, 0, 0, 0, 0, 0, 0, 0, 32, -1] ∈ [0, ∞)
[0, 0, 0, 0, 0, 0, 0, 64, -4, 64, -2, 64, -8, 64, -1, 64, -16, 32] ∈ [-62, 64]
[0, 0, 0, 0, 0, 0, 0, 0, 0, 0, 0, 0, 0, 0, 0, 4, -1] ∈ [0, ∞)
[0, 0, 0, 0, 0, 0, 0, 0, 0, 0, 0, 0, 0, 0, 0, 0, 0, 1] ∈ [0, ∞)
[0, 0, 0, 0, 0, 0, 0, 0, 0, 0, 0, 8, -1] ∈ [0, ∞)

workbook0/lean_workbook_plus_40458.lean:
workbook0/lean_workbook_plus_40458.lean:107:10: error: invalid constructor ⟨...⟩, expected type must be an inductive type 
  ∀ (a b c : ℝ), 1 + 1 / 3 * (a * b + b * c + c * a) ≥ (a - b / 3) * (c - b / 3) + 8 / 9 * b ^ 2

workbook0/lean_workbook_plus_58722.lean:
workbook0/lean_workbook_plus_58722.lean:107:10: error: invalid constructor ⟨...⟩, expected type must be an inductive type 
  ∀ (x : ℤ), x = 0 ∨ x = 1 ∨ x = 8 ↔ x ^ 3 % 9 = x % 9

workbook0/lean_workbook_plus_33515.lean:
workbook0/lean_workbook_plus_33515.lean:105:128: error: unsolved goals
x : ℕ → ℝ
x1 : x 0 = 1
xn : ∀ (n : ℕ), x (n + 1) = x n + 1 / x n
⊢ False

workbook0/lean_workbook_plus_37696.lean:
workbook0/lean_workbook_plus_37696.lean:107:10: error: invalid constructor ⟨...⟩, expected type must be an inductive type 
  ∀ (a b : ℝ), a * b * (a ^ 2 + b ^ 2) = 9 * a * b - 8 * a ^ 2 * b ^ 2 + a ^ 3 * b ^ 3

workbook0/lean_workbook_plus_7118.lean:
workbook0/lean_workbook_plus_7118.lean:107:16: error: expected token
workbook0/lean_workbook_plus_7118.lean:105:97: error: unsolved goals
x : ℝ
hx : 0 < x
h1 : 0 ≤ x
h2 : 0 ≤ sorryAx ℕ true
⊢ 2 * x * Real.sqrt x - 3 * x + 1 ≥ 0

workbook0/lean_workbook_plus_70087.lean:
workbook0/lean_workbook_plus_70087.lean:107:10: error: invalid constructor ⟨...⟩, expected type must be an inductive type 
  ∀ (a b c : ℝ), (a ^ 2 + b ^ 2 + c ^ 2) / (a * b + b * c + c * a) + 8 * a * b * c / (a + b) / (b + c) / (c + a) ≥ 2

workbook0/lean_workbook_plus_51497.lean:
workbook0/lean_workbook_plus_51497.lean:105:128: error: unsolved goals
x : ℝ
hx : x ≠ 21982145917308330487013369 ^ (1 / 13)
⊢ ¬x ^ 13 = 21982145917308330487013369

workbook0/lean_workbook_plus_6785.lean:
workbook0/lean_workbook_plus_6785.lean:109:23: error: unsolved goals
x : ℝ
f : ℝ → ℝ
h₀ : f x = x ^ 2 - 4 * x + 3
h₁ : f 3 = 0
⊢ False

workbook0/lean_workbook_plus_64494.lean:
workbook0/lean_workbook_plus_64494.lean:107:10: error: invalid constructor ⟨...⟩, expected type must be an inductive type 
  ∀ (a b c : ℝ), (a + b + c) * (1 / a + 2 / b + 1 / c) ≤ 15

workbook0/lean_workbook_plus_5215.lean:
workbook0/lean_workbook_plus_5215.lean:107:9: error: invalid constructor ⟨...⟩, expected type must be an inductive type 
  ∀ x > 0, x + 2 / x - 1 / (x + 1) ≥ Real.sqrt (9 + 6 * Real.sqrt 3)
workbook0/lean_workbook_plus_5215.lean:108:2: error: no goals to be solved

workbook0/lean_workbook_plus_6775.lean:
workbook0/lean_workbook_plus_6775.lean:105:314: error: unsolved goals
a b c : ℝ
ha : 0 < a
hb : 0 < b
hc : 0 < c
hab : a + b + c = 1
⊢ False

workbook0/lean_workbook_plus_15347.lean:
workbook0/lean_workbook_plus_15347.lean:107:10: error: invalid constructor ⟨...⟩, expected type must be an inductive type 
  ∀ (n : ℕ), ∑ i in Finset.range n, i * i! = (n + 1)! - 1

workbook0/lean_workbook_plus_43361.lean:
workbook0/lean_workbook_plus_43361.lean:105:34: error: unexpected token; expected '_' or identifier

workbook0/lean_workbook_plus_82419.lean:
workbook0/lean_workbook_plus_82419.lean:105:163: error: unsolved goals
⊢ False

workbook0/lean_workbook_plus_56315.lean:
workbook0/lean_workbook_plus_56315.lean:108:10: error: invalid constructor ⟨...⟩, expected type must be an inductive type 
  ∀ (a b c : ℝ),
    (a + b + c) * (a / (a ^ 2 + 3 * b * c) + b / (b ^ 2 + 3 * c * a) + c / (c ^ 2 + 3 * a * b)) ≤
      (a + b + c) ^ 3 / (4 * (a * b + b * c + c * a) ^ 2)

workbook0/lean_workbook_plus_68866.lean:
workbook0/lean_workbook_plus_68866.lean:106:2: error: simp made no progress

workbook0/lean_workbook_plus_52747.lean:
workbook0/lean_workbook_plus_52747.lean:105:32: error: unexpected token; expected ':'

workbook0/lean_workbook_plus_35232.lean:
workbook0/lean_workbook_plus_35232.lean:107:10: error: invalid constructor ⟨...⟩, expected type must be an inductive type 
  ∀ (a b c : ℝ), (a ^ 2 + b ^ 2 + c ^ 2) / (a * b + b * c + c * a) + 8 * a * b * c / (a + b) / (b + c) / (c + a) ≥ 2

workbook0/lean_workbook_plus_4775.lean:
workbook0/lean_workbook_plus_4775.lean:107:10: error: invalid constructor ⟨...⟩, expected type must be an inductive type 
  ∀ (t1 t2 : ℝ),
    1 / 4 * (x1 ^ (4 * t1) + x2 ^ (4 * t1) + x3 ^ (4 * t1) + x4 ^ (4 * t1)) *
        (1 / 4 * (x1 ^ (4 * t2) + x2 ^ (4 * t2) + x3 ^ (4 * t2) + x4 ^ (4 * t2))) ≥
      1 / 81 * (x1 ^ (t1 + t2) + x2 ^ (t1 + t2) + x3 ^ (t1 + t2) + x4 ^ (t1 + t2)) *
            (x2 ^ (t1 + t2) + x3 ^ (t1 + t2) + x4 ^ (t1 + t2) + x1 ^ (t1 + t2)) *
          (x3 ^ (t1 + t2) + x4 ^ (t1 + t2) + x1 ^ (t1 + t2) + x2 ^ (t1 + t2)) *
        (x4 ^ (t1 + t2) + x1 ^ (t1 + t2) + x2 ^ (t1 + t2) + x3 ^ (t1 + t2))

workbook0/lean_workbook_plus_70857.lean:
workbook0/lean_workbook_plus_70857.lean:106:2: error: simp made no progress

workbook0/lean_workbook_plus_25492.lean:
workbook0/lean_workbook_plus_25492.lean:107:8: error: typeclass instance problem is stuck, it is often due to metavariables
  Infinite ?m.2259

workbook0/lean_workbook_plus_5778.lean:
workbook0/lean_workbook_plus_5778.lean:105:32: error: expected token

workbook0/lean_workbook_plus_67013.lean:
workbook0/lean_workbook_plus_67013.lean:107:17: error: application type mismatch
  le_trans h₂
argument
  h₂
has type
  2 ^ (y - 1) < x : Prop
but is expected to have type
  x ≤ ?m.364 : Prop
workbook0/lean_workbook_plus_67013.lean:105:91: error: unsolved goals
x y : ℕ
h₁ : 0 < y
h₂ : 2 ^ (y - 1) < x
⊢ x ≤ 2 ^ y

workbook0/lean_workbook_plus_26112.lean:
workbook0/lean_workbook_plus_26112.lean:106:32: error: function expected at
  h
term has type
  ℕ

workbook0/lean_workbook_plus_33714.lean:
workbook0/lean_workbook_plus_33714.lean:106:2: error: linarith failed to find a contradiction
case h2.h
x y : ℝ
h₁ : x * y = 6
h₂ : x ^ 2 * y + x * y ^ 2 + x + y = 63
a✝ : 37 < x ^ 2 + y ^ 2
⊢ False
failed

workbook0/lean_workbook_plus_71714.lean:
workbook0/lean_workbook_plus_71714.lean:107:10: error: invalid constructor ⟨...⟩, expected type must be an inductive type 
  ∀ (x y z : ℝ), (1 + x + y) ^ 2 + (1 + y + z) ^ 2 + (1 + z + x) ^ 2 ≤ 3 * (x + y + z) ^ 2

workbook0/lean_workbook_plus_74654.lean:
workbook0/lean_workbook_plus_74654.lean:106:85: error: unsolved goals
n : ℕ
⊢ False

workbook0/lean_workbook_plus_70793.lean:
workbook0/lean_workbook_plus_70793.lean:107:10: error: invalid constructor ⟨...⟩, expected type must be an inductive type 
  ∀ (x1 x2 x3 x4 x5 : ℝ), (x1 + x2 + x3 + x4 + x5) ^ 2 ≥ 4 * (x1 * x2 + x2 * x3 + x3 * x4 + x4 * x5 + x5 * x1)

workbook0/lean_workbook_plus_56516.lean:
workbook0/lean_workbook_plus_56516.lean:105:62: error: unsolved goals
⊢ False

workbook0/lean_workbook_plus_11120.lean:
workbook0/lean_workbook_plus_11120.lean:108:36: error: invalid universe level, ?u.1193 is not greater than 0

workbook0/lean_workbook_plus_54928.lean:
workbook0/lean_workbook_plus_54928.lean:106:2: error: linarith failed to find a contradiction
case a
a b c : ℝ
ha : 0 < a
hb : 0 < b
hc : 0 < c
habc : a + b + c = 1
h : 1 = (a + b) * (b + c) * (c + a)
a✝ : 3 / 4 > a * b + b * c + c * a
⊢ False
failed

workbook0/lean_workbook_plus_5636.lean:
workbook0/lean_workbook_plus_5636.lean:106:47: error: unsolved goals
⊢ False

workbook0/lean_workbook_plus_72247.lean:
workbook0/lean_workbook_plus_72247.lean:105:134: error: unsolved goals
f : ℕ → ℤ
hf : ∀ (n : ℕ), f (n + 2) = f (n + 1) + f n
h1 : f 1 = 0
h2 : f 2 = -2
⊢ False

workbook0/lean_workbook_plus_47340.lean:
workbook0/lean_workbook_plus_47340.lean:106:39: error: unsolved goals
f g : ℝ → ℝ
hf : ∀ (x : ℝ), f x = x / (1 - x)
hg : ∀ (x : ℝ), g x = x / (1 - 3 * x)
⊢ ¬?m.529 0

workbook0/lean_workbook_plus_12327.lean:
workbook0/lean_workbook_plus_12327.lean:107:14: error: unsolved goals
f : ℕ → ℕ
hf : f 1 = 1
hf2 : ∃ n, f n ≠ n
⊢ ¬f 2 = 3

workbook0/lean_workbook_plus_47935.lean:
workbook0/lean_workbook_plus_47935.lean:105:167: error: unsolved goals
a b c : ℝ
ha : 0 < a
hb : 0 < b
hc : 0 < c
habc : a + b + c = 1
⊢ False

workbook0/lean_workbook_plus_36733.lean:
workbook0/lean_workbook_plus_36733.lean:105:101: error: unsolved goals
x : ℚ
⊢ False

workbook0/lean_workbook_plus_32199.lean:
workbook0/lean_workbook_plus_32199.lean:107:10: error: invalid constructor ⟨...⟩, expected type must be an inductive type 
  ∀ (a b c : ℝ),
    2 * a * (a + c) * (c + 2 * b) * (c + 2 * a) / (a * (a + c) * (c + 2 * b) ^ 2 + b * (b + c) * (c + 2 * a) ^ 2) ≤
      Real.sqrt (a * (a + c) / (b * (b + c)))

workbook0/lean_workbook_plus_24528.lean:
workbook0/lean_workbook_plus_24528.lean:107:9: error: invalid constructor ⟨...⟩, expected type must be an inductive type 
  ∀ (x : ℝ),
    Real.log (Real.sqrt (x ^ 2 + x + 1)) / Real.log (Real.sqrt 2) + Real.log (x ^ 2 - 4) / Real.log 2 ≤
      Real.log (Real.sqrt (x ^ 2 + 1) / 2) / Real.log (1 / 2)
workbook0/lean_workbook_plus_24528.lean:108:2: error: no goals to be solved

workbook0/lean_workbook_plus_54902.lean:
workbook0/lean_workbook_plus_54902.lean:105:32: error: unexpected token '∀'; expected ':'

workbook0/lean_workbook_plus_60407.lean:
workbook0/lean_workbook_plus_60407.lean:106:2: error: tactic 'introN' failed, insufficient number of binders
x y z : ℝ
h₁ : x * y * z = 1
h₂ : x ^ 2 + y ^ 2 + z ^ 2 = 4 * x * Real.sqrt (y * z) - 2 * y * z
⊢ x = y ∧ y = z ∧ z = 4 ^ (1 / 3)

workbook0/lean_workbook_plus_55094.lean:
workbook0/lean_workbook_plus_55094.lean:107:10: error: invalid constructor ⟨...⟩, expected type must be an inductive type 
  ∀ (a b c : ℝ),
    a ≥ 0 ∧ b ≥ 0 ∧ c ≥ 0 ∧ a + b + c = 7 / 3 →
      (a * b + b * c + c * a + a * b * c) * (1 / (a + b) ^ 3 + 1 / (b + c) ^ 3 + 1 / (c + a) ^ 3) ≥ 51 / 28

workbook0/lean_workbook_plus_62029.lean:
workbook0/lean_workbook_plus_62029.lean:105:125: error: unsolved goals
f : ℕ → ℕ
⊢ ∑ k in Finset.Icc 2 10, choose k 2 * choose (12 - k) 2 = 5148

workbook0/lean_workbook_plus_42832.lean:
workbook0/lean_workbook_plus_42832.lean:106:40: error: unsolved goals
⊢ ¬?m.909 (-1)

workbook0/lean_workbook_plus_11711.lean:
workbook0/lean_workbook_plus_11711.lean:105:40: error: unexpected token ')'; expected ':=', 'where' or '|'

workbook0/lean_workbook_plus_30144.lean:
workbook0/lean_workbook_plus_30144.lean:105:32: error: unexpected token '∀'; expected ':'

workbook0/lean_workbook_plus_21986.lean:
workbook0/lean_workbook_plus_21986.lean:107:10: error: invalid constructor ⟨...⟩, expected type must be an inductive type 
  ∀ (a b c t r μ : ℝ),
    a ^ 2 / b ^ 2 * (t / (1 - 2 * t)) ^ 2 + b ^ 2 / c ^ 2 * (r / (1 - 2 * r)) ^ 2 +
          c ^ 2 / a ^ 2 * (μ / (1 - 2 * μ)) ^ 2 +
        16 * t * r * μ ≥
      1

workbook0/lean_workbook_plus_77848.lean:
workbook0/lean_workbook_plus_77848.lean:105:73: error: unsolved goals
⊢ False

workbook0/lean_workbook_plus_10235.lean:
workbook0/lean_workbook_plus_10235.lean:105:82: error: unsolved goals
⊢ False

workbook0/lean_workbook_plus_10630.lean:
workbook0/lean_workbook_plus_10630.lean:105:32: error: unexpected token '∀'; expected ':'

workbook0/lean_workbook_plus_31949.lean:
workbook0/lean_workbook_plus_31949.lean:105:147: error: unsolved goals
n : ℕ
⊢ False

workbook0/lean_workbook_plus_49068.lean:
workbook0/lean_workbook_plus_49068.lean:106:39: error: unsolved goals
a : ℕ → ℚ
a1 : a 0 = 1 / 75
a_rec : ∀ (n : ℕ), a (n + 1) = (↑n + 1) / (↑n + 74) * (1 + a n)
⊢ ¬?m.630 0

workbook0/lean_workbook_plus_24615.lean:
workbook0/lean_workbook_plus_24615.lean:105:80: error: unsolved goals
h : 3 ≠ 0 ∧ 2 ≠ 0
⊢ False

workbook0/lean_workbook_plus_32772.lean:
workbook0/lean_workbook_plus_32772.lean:105:159: error: unsolved goals
x y : ℝ
hx : 0 < x
hy : 0 < y
hxy : x * y = 1
⊢ False

workbook0/lean_workbook_plus_26700.lean:
workbook0/lean_workbook_plus_26700.lean:105:32: error: unexpected token '∀'; expected ':'

workbook0/lean_workbook_plus_463.lean:
workbook0/lean_workbook_plus_463.lean:105:129: error: unsolved goals
case zero
⊢ False

case succ
n : ℕ
ih : (1 / 2) ^ n < (2 ^ n + 4) / (3 ^ n + 5) ∧ (2 ^ n + 4) / (3 ^ n + 5) < (7 / 8) ^ n
⊢ False

workbook0/lean_workbook_plus_52987.lean:
workbook0/lean_workbook_plus_52987.lean:105:32: error: unexpected token '∀'; expected ':'

workbook0/lean_workbook_plus_15544.lean:
workbook0/lean_workbook_plus_15544.lean:107:10: error: invalid constructor ⟨...⟩, expected type must be an inductive type 
  ∀ (p t : ℝ), (4 * p + 9) * (p - 3) ≥ (t - 3) * (36 - 8 * p)

workbook0/lean_workbook_plus_46092.lean:
workbook0/lean_workbook_plus_46092.lean:107:9: error: invalid constructor ⟨...⟩, expected type must be an inductive type 
  ∀ (f g : ℝ → ℝ),
    ((∀ (x : ℝ), f (x + 1) - g (x - 1) = c * f x) ∧ ∀ (x : ℝ), g (x + 1) * f (x - 1) = c * g x) ↔
      ∃ a b, ∀ (x : ℝ), f x = a ^ x ∧ ∀ (x : ℝ), g x = b ^ x
workbook0/lean_workbook_plus_46092.lean:108:2: error: no goals to be solved

workbook0/lean_workbook_plus_56791.lean:
workbook0/lean_workbook_plus_56791.lean:107:9: error: invalid constructor ⟨...⟩, expected type must be an inductive type 
  ∀ (a b c : ℝ), a + b + c = 1 → 4 * (a * b + b * c + c * a) - 9 * a * b * c ≤ 1

workbook0/lean_workbook_plus_67757.lean:
workbook0/lean_workbook_plus_67757.lean:110:2: error: linarith failed to find a contradiction
case h1.h
t₁ t₂ t₃ : ℝ
h₀ : t₁ = 5 / 2 / 40
h₁ : t₂ = 1 / 2 / 20
h₂ : t₃ = t₁ + t₂
a✝ : t₃ < 11 / 80
⊢ False
failed

workbook0/lean_workbook_plus_77172.lean:
workbook0/lean_workbook_plus_77172.lean:107:9: error: invalid constructor ⟨...⟩, expected type must be an inductive type 
  ∀ (p k : ℕ) (x : ℤ), ↑p ^ k ∣ x ^ p ^ k - x ^ p ^ (k - 1)

workbook0/lean_workbook_plus_34691.lean:
workbook0/lean_workbook_plus_34691.lean:105:157: error: unsolved goals
a b : ℝ
ha : 0 < a
hb : 0 < b
⊢ False

workbook0/lean_workbook_plus_20671.lean:
workbook0/lean_workbook_plus_20671.lean:105:32: error: unexpected token; expected ':'

workbook0/lean_workbook_plus_30170.lean:
workbook0/lean_workbook_plus_30170.lean:106:39: error: unsolved goals
⊢ ¬?m.1607 0

workbook0/lean_workbook_plus_62217.lean:
workbook0/lean_workbook_plus_62217.lean:105:51: error: expected token

workbook0/lean_workbook_plus_45181.lean:
workbook0/lean_workbook_plus_45181.lean:105:42: error: expected token

workbook0/lean_workbook_plus_20627.lean:
workbook0/lean_workbook_plus_20627.lean:105:225: error: unsolved goals
n : ℕ
⊢ False

workbook0/lean_workbook_plus_19285.lean:
workbook0/lean_workbook_plus_19285.lean:107:27: error: unsolved goals
f : ℝ → ℝ
hf : ∃ x ∈ {0}ᶜ, f x ≠ x / 3 - 2 / 3 * (1 / x)
⊢ ¬f 1 + 2 * f 1 = 1

workbook0/lean_workbook_plus_79342.lean:
workbook0/lean_workbook_plus_79342.lean:105:61: error: unsolved goals
⊢ False

workbook0/lean_workbook_plus_41905.lean:
workbook0/lean_workbook_plus_41905.lean:108:17: error: unsolved goals
y : ℝ
h₀ : 0 < y
h₁ : y = (625 ^ logb 5 2015) ^ (1 / 4)
⊢ False

workbook0/lean_workbook_plus_26739.lean:
workbook0/lean_workbook_plus_26739.lean:106:2: error: linarith failed to find a contradiction
case a
a b c : ℝ
ha : 0 ≤ a
hb : 0 ≤ b
hc : 0 ≤ c
habc : a * b * c = 1
h : a / (a + 2) + b / (b + 2) + c / (c + 1) = 1
a✝ : a * b * c > 1 / 2
⊢ False
failed

workbook0/lean_workbook_plus_25471.lean:
workbook0/lean_workbook_plus_25471.lean:107:10: error: invalid constructor ⟨...⟩, expected type must be an inductive type 
  ∀ (a b : ℝ),
    Real.sqrt 2 / Real.sqrt 3 ≤ (-a + 1) * (-b + 1) + (b / (1 + 2 * a) + (a / (1 + 2 * b) + 6⁻¹)) ∧
      (-a + 1) * (-b + 1) + (b / (1 + 2 * a) + a / (1 + 2 * b)) ≤ 1

workbook0/lean_workbook_plus_29592.lean:
workbook0/lean_workbook_plus_29592.lean:107:10: error: invalid constructor ⟨...⟩, expected type must be an inductive type 
  ∀ (x y : ℤ), ↑x ^ p ≠ ↑y ^ 2 + 1

workbook0/lean_workbook_plus_66337.lean:
workbook0/lean_workbook_plus_66337.lean:105:75: error: unsolved goals
⊢ False

workbook0/lean_workbook_plus_48196.lean:
workbook0/lean_workbook_plus_48196.lean:107:10: error: invalid constructor ⟨...⟩, expected type must be an inductive type 
  ∀ (n : ℕ), ∑ k in Finset.Icc 2 n, Real.sqrt (↑k - 1) / ↑k < 2 ^ (n + 1) / (2 ^ n + 1) * Real.sqrt ↑n

workbook0/lean_workbook_plus_51094.lean:
workbook0/lean_workbook_plus_51094.lean:111:9: error: invalid constructor ⟨...⟩, expected type must be an inductive type 
  ∀ (x : ℝ),
    (x + ↑n + 1 / 2) ^ 2 - ↑n ^ 4 / (↑n ^ 2 * (↑n + 1 / 2 + x) ^ 2) = (↑n ^ 2)⁻¹ - ↑n ^ 2 / (↑n + 1 / 2 + x) ^ 2
workbook0/lean_workbook_plus_51094.lean:112:2: error: no goals to be solved

workbook0/lean_workbook_plus_39674.lean:
workbook0/lean_workbook_plus_39674.lean:107:22: error: invalid constructor ⟨...⟩, expected type must be an inductive type 
  ?m.1005 c hc
workbook0/lean_workbook_plus_39674.lean:107:2: error: type mismatch
  fun c hc => ?m.1007 c hc
has type
  (c : ?m.996) → (hc : ?m.1008 c) → ?m.1005 c hc : Sort (imax ?u.995 ?u.998 ?u.1001)
but is expected to have type
  ∃ c > 0, ∀ (x : ℝ), |x| ≤ 1 / 2 → 0 < x - Real.log (1 + x) ∧ x - Real.log (1 + x) < c * x ^ 2 : Prop

workbook0/lean_workbook_plus_42305.lean:
workbook0/lean_workbook_plus_42305.lean:107:16: error: invalid constructor ⟨...⟩, expected type must be an inductive type 
  ?m.910 q
workbook0/lean_workbook_plus_42305.lean:107:2: error: type mismatch
  fun q => ?m.911 q
has type
  (q : ?m.905) → ?m.910 q : Sort (imax ?u.904 ?u.907)
but is expected to have type
  ∃ q, ∀ (n : ℕ), q n + 1 / 3 * q (n - 1) = 0 ∧ p n = 1 / 3 + q n : Prop

workbook0/lean_workbook_plus_9479.lean:
workbook0/lean_workbook_plus_9479.lean:106:2: error: simp made no progress

workbook0/lean_workbook_plus_41432.lean:
workbook0/lean_workbook_plus_41432.lean:106:27: error: unsolved goals
⊢ ¬?m.1437 1

workbook0/lean_workbook_plus_30741.lean:
workbook0/lean_workbook_plus_30741.lean:105:254: error: unsolved goals
p q r : ℚ
h : (p * q ^ 2) ^ (1 / 3) + (q * r ^ 2) ^ (1 / 3) + (r * p ^ 2) ^ (1 / 3) ≠ 0
⊢ ∃ y, ↑y = p ^ 2 + (q ^ 2 + r ^ 2)

workbook0/lean_workbook_plus_72812.lean:
workbook0/lean_workbook_plus_72812.lean:106:29: error: unsolved goals
⊢ ¬?m.1460 0

workbook0/lean_workbook_plus_79743.lean:
workbook0/lean_workbook_plus_79743.lean:105:32: error: unexpected token; expected ':'

workbook0/lean_workbook_plus_27482.lean:
workbook0/lean_workbook_plus_27482.lean:107:14: error: unsolved goals
a : ℕ → ℕ
h : a ≠ fun n => n ^ 2 + 1
⊢ ¬2 * a 2 - a 1 = 3

workbook0/lean_workbook_plus_53780.lean:
workbook0/lean_workbook_plus_53780.lean:105:35: error: expected token

workbook0/lean_workbook_plus_74201.lean:
workbook0/lean_workbook_plus_74201.lean:106:29: error: unsolved goals
⊢ ¬?m.3490 0

workbook0/lean_workbook_plus_73126.lean:
workbook0/lean_workbook_plus_73126.lean:107:10: error: invalid constructor ⟨...⟩, expected type must be an inductive type 
  ∀ (a b c : ℝ), a > 0 ∧ b > 0 ∧ c > 0 → a * b * c = 3 → 1 / 3 = 1 / (a * b) + 1 / (b * c) + 1 / (c * a)

workbook0/lean_workbook_plus_53374.lean:
workbook0/lean_workbook_plus_53374.lean:105:105: error: unsolved goals
⊢ False

workbook0/lean_workbook_plus_44897.lean:
workbook0/lean_workbook_plus_44897.lean:105:81: error: unsolved goals
⊢ False

workbook0/lean_workbook_plus_71700.lean:
workbook0/lean_workbook_plus_71700.lean:107:8: error: invalid constructor ⟨...⟩, expected type must be an inductive type 
  ∀ (a b c : ℝ),
    a ≥ 0 ∧ b ≥ 0 ∧ c ≥ 0 → a * b ^ 2 + b * c ^ 2 + c * a ^ 2 ≥ (a * b * c) ^ (1 / 3) * (a * b + b * c + c * a)

workbook0/lean_workbook_plus_15280.lean:
workbook0/lean_workbook_plus_15280.lean:108:10: error: invalid constructor ⟨...⟩, expected type must be an inductive type 
  ∀ (n : ℕ), 101 ∣ ∑ k in Finset.range (n + 1), 2007 * 10 ^ (4 * k)

workbook0/lean_workbook_plus_27684.lean:
workbook0/lean_workbook_plus_27684.lean:107:10: error: invalid constructor ⟨...⟩, expected type must be an inductive type 
  ∀ (r : ℝ), 2 / (1 + r + r ^ 2 + r ^ 3) ≥ 1 / (1 + r ^ 3)

workbook0/lean_workbook_plus_53496.lean:
workbook0/lean_workbook_plus_53496.lean:111:10: error: invalid constructor ⟨...⟩, expected type must be an inductive type 
  ∀ (n : ℕ),
    ∏ k in Finset.Icc 1 n, 2 * ↑k / (2 * ↑k - 1) > ∏ k in Finset.Icc 1 n, (2 * ↑k + 1) / (2 * ↑k) ∧
      ∏ k in Finset.Icc 1 n, 2 * ↑k / (2 * ↑k - 1) < 2 * Real.sqrt ↑n ∧
        1 / ∏ k in Finset.Icc 1 n, 2 * ↑k / (2 * ↑k - 1) < 1 / Real.sqrt (2 * ↑n + 1)

workbook0/lean_workbook_plus_22288.lean:
workbook0/lean_workbook_plus_22288.lean:105:34: error: unexpected token; expected '_' or identifier

workbook0/lean_workbook_plus_13064.lean:
workbook0/lean_workbook_plus_13064.lean:107:10: error: invalid constructor ⟨...⟩, expected type must be an inductive type 
  ∀ (n : ℕ),
    (∏ i in Finset.range n, (2 * i + 1) / (2 * i) ^ 2) * ((2 * n + 1) / (2 * n) ^ 2 * (1 / (2 * n + 1))) <
      1 / (2 * n + 1)

workbook0/lean_workbook_plus_52650.lean:
workbook0/lean_workbook_plus_52650.lean:105:160: error: unsolved goals
x : ℝ
⊢ False

workbook0/lean_workbook_plus_17620.lean:
workbook0/lean_workbook_plus_17620.lean:110:2: error: simp made no progress

workbook0/lean_workbook_plus_29508.lean:
workbook0/lean_workbook_plus_29508.lean:105:44: error: unexpected token; expected ')'

workbook0/lean_workbook_plus_43029.lean:
workbook0/lean_workbook_plus_43029.lean:106:40: error: unsolved goals
⊢ ¬?m.1052 (-3)

workbook0/lean_workbook_plus_66553.lean:
workbook0/lean_workbook_plus_66553.lean:107:10: error: invalid constructor ⟨...⟩, expected type must be an inductive type 
  ∀ (a b : ℝ), a ^ 3 + a ^ 3 * b ^ 3 + 1 ≥ a ^ 3 * b + a ^ 2 * b ^ 2 + a

workbook0/lean_workbook_plus_81920.lean:
workbook0/lean_workbook_plus_81920.lean:107:10: error: invalid constructor ⟨...⟩, expected type must be an inductive type 
  ∀ (x y z : ℝ),
    x ^ 2 * y ^ 2 + x ^ 2 * z ^ 2 + y ^ 2 * z ^ 2 - x * y * z * (x + y + z) ≥
      OfScientific.ofScientific 45 true 1 * (1 - x * y * z)

workbook0/lean_workbook_plus_28628.lean:
workbook0/lean_workbook_plus_28628.lean:107:2: warning: aesop: failed to prove the goal after exhaustive search.
workbook0/lean_workbook_plus_28628.lean:105:216: error: unsolved goals
p : ℕ
hp : Nat.Prime p
a f : ℕ → ℕ
hf : f 0 = 0
h : ∀ (k : ℕ), ∃ n, n < p * k → ¬f n = p * (k + a (n % p))
⊢ ∃ k r, r < p → ¬f (k * p + r) = p * (a r + k)

workbook0/lean_workbook_plus_80587.lean:
workbook0/lean_workbook_plus_80587.lean:109:34: error: mod_cast has type
  2 ≤ n : Prop
but is expected to have type
  1 < ?m.4079 : Prop
workbook0/lean_workbook_plus_80587.lean:109:58: error: failed to prove positivity/nonnegativity/nonzeroness

workbook0/lean_workbook_plus_10103.lean:
workbook0/lean_workbook_plus_10103.lean:105:133: error: unsolved goals
h₁ : 10 ≤ 10 ∧ 15 ≤ 15
⊢ False

workbook0/lean_workbook_plus_14086.lean:
workbook0/lean_workbook_plus_14086.lean:107:10: error: invalid constructor ⟨...⟩, expected type must be an inductive type 
  ∀ (f : ℝ × ℝ → ℝ), (∀ (x : ℝ × ℝ), x.1 ^ 2 + x.2 ^ 2 < 1 → f x = 5) → ∀ (x y : ℝ × ℝ), f x = f y

workbook0/lean_workbook_plus_8042.lean:
workbook0/lean_workbook_plus_8042.lean:105:119: error: unsolved goals
x : ℤ
hx : x = 33 * 100 * 101 + 1 + 1 / 2 - 1 / 101 - 1 / 102
⊢ False

workbook0/lean_workbook_plus_3098.lean:
workbook0/lean_workbook_plus_3098.lean:106:2: error: simp made no progress

workbook0/lean_workbook_plus_23798.lean:
workbook0/lean_workbook_plus_23798.lean:106:2: error: simp made no progress

workbook0/lean_workbook_plus_43055.lean:
workbook0/lean_workbook_plus_43055.lean:107:10: error: invalid constructor ⟨...⟩, expected type must be an inductive type 
  ∀ (a : ℚ), ↑a ≠ 2 ^ (1 / 3) + 3 ^ (1 / 3) + 5 ^ (1 / 3)

workbook0/lean_workbook_plus_16723.lean:
workbook0/lean_workbook_plus_16723.lean:112:2: error: type mismatch
  sin_lt_sin_of_lt_of_le_pi_div_two
    (le_of_not_gt fun a =>
      Linarith.lt_irrefl
        (Eq.mp
          (congrArg (fun _a => _a < 0)
            (Mathlib.Tactic.Ring.of_eq
              (Mathlib.Tactic.Ring.add_congr
                (Mathlib.Tactic.Ring.add_congr
                  (Mathlib.Tactic.Ring.mul_congr
                    (Mathlib.Tactic.Ring.cast_pos (Mathlib.Meta.NormNum.isNat_ofNat ℝ (Eq.refl 4)))
                    (Mathlib.Tactic.Ring.neg_congr (Mathlib.Tactic.Ring.atom_pf k)
                      (Mathlib.Tactic.Ring.neg_add
                        (Mathlib.Tactic.Ring.neg_mul k (Nat.rawCast 1)
                          (Mathlib.Tactic.Ring.neg_one_mul
                            (Mathlib.Meta.NormNum.IsInt.to_raw_eq
                              (Mathlib.Meta.NormNum.isInt_mul (Eq.refl HMul.hMul)
                                (Mathlib.Meta.NormNum.IsInt.of_raw ℝ (Int.negOfNat 1))
                                (Mathlib.Meta.NormNum.IsNat.to_isInt (Mathlib.Meta.NormNum.IsNat.of_raw ℝ 1))
                                (Eq.refl (Int.negOfNat 1))))))
                        Mathlib.Tactic.Ring.neg_zero))
                    (Mathlib.Tactic.Ring.add_mul
                      (Mathlib.Tactic.Ring.mul_add
                        (Mathlib.Tactic.Ring.mul_pf_right k (Nat.rawCast 1)
                          (Mathlib.Meta.NormNum.IsInt.to_raw_eq
                            (Mathlib.Meta.NormNum.isInt_mul (Eq.refl HMul.hMul)
                              (Mathlib.Meta.NormNum.IsNat.to_isInt (Mathlib.Meta.NormNum.IsNat.of_raw ℝ 4))
                              (Mathlib.Meta.NormNum.IsInt.of_raw ℝ (Int.negOfNat 1)) (Eq.refl (Int.negOfNat 4)))))
                        (Mathlib.Tactic.Ring.mul_zero (Nat.rawCast 4))
                        (Mathlib.Tactic.Ring.add_pf_add_zero (k ^ Nat.rawCast 1 * Int.rawCast (Int.negOfNat 4) + 0)))
                      (Mathlib.Tactic.Ring.zero_mul (k ^ Nat.rawCast 1 * Int.rawCast (Int.negOfNat 1) + 0))
                      (Mathlib.Tactic.Ring.add_pf_add_zero (k ^ Nat.rawCast 1 * Int.rawCast (Int.negOfNat 4) + 0))))
                  (Mathlib.Tactic.Ring.sub_congr
                    (Mathlib.Tactic.Ring.mul_congr
                      (Mathlib.Tactic.Ring.cast_pos (Mathlib.Meta.NormNum.isNat_ofNat ℝ (Eq.refl 2)))
                      (Mathlib.Tactic.Ring.atom_pf k)
                      (Mathlib.Tactic.Ring.add_mul
                        (Mathlib.Tactic.Ring.mul_add
                          (Mathlib.Tactic.Ring.mul_pf_right k (Nat.rawCast 1)
                            (Mathlib.Tactic.Ring.mul_one (Nat.rawCast 2)))
                          (Mathlib.Tactic.Ring.mul_zero (Nat.rawCast 2))
                          (Mathlib.Tactic.Ring.add_pf_add_zero (k ^ Nat.rawCast 1 * Nat.rawCast 2 + 0)))
                        (Mathlib.Tactic.Ring.zero_mul (k ^ Nat.rawCast 1 * Nat.rawCast 1 + 0))
                        (Mathlib.Tactic.Ring.add_pf_add_zero (k ^ Nat.rawCast 1 * Nat.rawCast 2 + 0))))
                    (Mathlib.Tactic.Ring.mul_congr
                      (Mathlib.Tactic.Ring.cast_pos (Mathlib.Meta.NormNum.isNat_ofNat ℝ Nat.cast_one))
                      (Mathlib.Tactic.Ring.atom_pf π)
                      (Mathlib.Tactic.Ring.add_mul
                        (Mathlib.Tactic.Ring.mul_add
                          (Mathlib.Tactic.Ring.mul_pf_right π (Nat.rawCast 1)
                            (Mathlib.Tactic.Ring.one_mul (Nat.rawCast 1)))
                          (Mathlib.Tactic.Ring.mul_zero (Nat.rawCast 1))
                          (Mathlib.Tactic.Ring.add_pf_add_zero (π ^ Nat.rawCast 1 * Nat.rawCast 1 + 0)))
                        (Mathlib.Tactic.Ring.zero_mul (π ^ Nat.rawCast 1 * Nat.rawCast 1 + 0))
                        (Mathlib.Tactic.Ring.add_pf_add_zero (π ^ Nat.rawCast 1 * Nat.rawCast 1 + 0))))
                    (Mathlib.Tactic.Ring.sub_pf
                      (Mathlib.Tactic.Ring.neg_add
                        (Mathlib.Tactic.Ring.neg_mul π (Nat.rawCast 1)
                          (Mathlib.Tactic.Ring.neg_one_mul
                            (Mathlib.Meta.NormNum.IsInt.to_raw_eq
                              (Mathlib.Meta.NormNum.isInt_mul (Eq.refl HMul.hMul)
                                (Mathlib.Meta.NormNum.IsInt.of_raw ℝ (Int.negOfNat 1))
                                (Mathlib.Meta.NormNum.IsNat.to_isInt (Mathlib.Meta.NormNum.IsNat.of_raw ℝ 1))
                                (Eq.refl (Int.negOfNat 1))))))
                        Mathlib.Tactic.Ring.neg_zero)
                      (Mathlib.Tactic.Ring.add_pf_add_lt (k ^ Nat.rawCast 1 * Nat.rawCast 2)
                        (Mathlib.Tactic.Ring.add_pf_zero_add (π ^ Nat.rawCast 1 * Int.rawCast (Int.negOfNat 1) + 0)))))
                  (Mathlib.Tactic.Ring.add_pf_add_overlap
                    (Mathlib.Tactic.Ring.add_overlap_pf k (Nat.rawCast 1)
                      (Mathlib.Meta.NormNum.IsInt.to_raw_eq
                        (Mathlib.Meta.NormNum.isInt_add (Eq.refl HAdd.hAdd)
                          (Mathlib.Meta.NormNum.IsInt.of_raw ℝ (Int.negOfNat 4))
                          (Mathlib.Meta.NormNum.IsNat.to_isInt (Mathlib.Meta.NormNum.IsNat.of_raw ℝ 2))
                          (Eq.refl (Int.negOfNat 2)))))
                    (Mathlib.Tactic.Ring.add_pf_zero_add (π ^ Nat.rawCast 1 * Int.rawCast (Int.negOfNat 1) + 0))))
                (Mathlib.Tactic.Ring.sub_congr
                  (Mathlib.Tactic.Ring.mul_congr
                    (Mathlib.Tactic.Ring.cast_pos (Mathlib.Meta.NormNum.isNat_ofNat ℝ (Eq.refl 2)))
                    (Mathlib.Tactic.Ring.atom_pf k)
                    (Mathlib.Tactic.Ring.add_mul
                      (Mathlib.Tactic.Ring.mul_add
                        (Mathlib.Tactic.Ring.mul_pf_right k (Nat.rawCast 1)
                          (Mathlib.Tactic.Ring.mul_one (Nat.rawCast 2)))
                        (Mathlib.Tactic.Ring.mul_zero (Nat.rawCast 2))
                        (Mathlib.Tactic.Ring.add_pf_add_zero (k ^ Nat.rawCast 1 * Nat.rawCast 2 + 0)))
                      (Mathlib.Tactic.Ring.zero_mul (k ^ Nat.rawCast 1 * Nat.rawCast 1 + 0))
                      (Mathlib.Tactic.Ring.add_pf_add_zero (k ^ Nat.rawCast 1 * Nat.rawCast 2 + 0))))
                  (Mathlib.Tactic.Ring.neg_congr
                    (Mathlib.Tactic.Ring.mul_congr
                      (Mathlib.Tactic.Ring.cast_pos (Mathlib.Meta.NormNum.isNat_ofNat ℝ Nat.cast_one))
                      (Mathlib.Tactic.Ring.atom_pf π)
                      (Mathlib.Tactic.Ring.add_mul
                        (Mathlib.Tactic.Ring.mul_add
                          (Mathlib.Tactic.Ring.mul_pf_right π (Nat.rawCast 1)
                            (Mathlib.Tactic.Ring.one_mul (Nat.rawCast 1)))
                          (Mathlib.Tactic.Ring.mul_zero (Nat.rawCast 1))
                          (Mathlib.Tactic.Ring.add_pf_add_zero (π ^ Nat.rawCast 1 * Nat.rawCast 1 + 0)))
                        (Mathlib.Tactic.Ring.zero_mul (π ^ Nat.rawCast 1 * Nat.rawCast 1 + 0))
                        (Mathlib.Tactic.Ring.add_pf_add_zero (π ^ Nat.rawCast 1 * Nat.rawCast 1 + 0))))
                    (Mathlib.Tactic.Ring.neg_add
                      (Mathlib.Tactic.Ring.neg_mul π (Nat.rawCast 1)
                        (Mathlib.Tactic.Ring.neg_one_mul
                          (Mathlib.Meta.NormNum.IsInt.to_raw_eq
                            (Mathlib.Meta.NormNum.isInt_mul (Eq.refl HMul.hMul)
                              (Mathlib.Meta.NormNum.IsInt.of_raw ℝ (Int.negOfNat 1))
                              (Mathlib.Meta.NormNum.IsNat.to_isInt (Mathlib.Meta.NormNum.IsNat.of_raw ℝ 1))
                              (Eq.refl (Int.negOfNat 1))))))
                      Mathlib.Tactic.Ring.neg_zero))
                  (Mathlib.Tactic.Ring.sub_pf
                    (Mathlib.Tactic.Ring.neg_add
                      (Mathlib.Tactic.Ring.neg_mul π (Nat.rawCast 1)
                        (Mathlib.Tactic.Ring.neg_one_mul
                          (Mathlib.Meta.NormNum.IsNat.to_raw_eq
                            (Mathlib.Meta.NormNum.IsInt.to_isNat
                              (Mathlib.Meta.NormNum.isInt_mul (Eq.refl HMul.hMul)
                                (Mathlib.Meta.NormNum.IsInt.of_raw ℝ (Int.negOfNat 1))
                                (Mathlib.Meta.NormNum.IsInt.of_raw ℝ (Int.negOfNat 1)) (Eq.refl (Int.ofNat 1)))))))
                      Mathlib.Tactic.Ring.neg_zero)
                    (Mathlib.Tactic.Ring.add_pf_add_lt (k ^ Nat.rawCast 1 * Nat.rawCast 2)
                      (Mathlib.Tactic.Ring.add_pf_zero_add (π ^ Nat.rawCast 1 * Nat.rawCast 1 + 0)))))
                (Mathlib.Tactic.Ring.add_pf_add_overlap_zero
                  (Mathlib.Tactic.Ring.add_overlap_pf_zero k (Nat.rawCast 1)
                    (Mathlib.Meta.NormNum.IsInt.to_isNat
                      (Mathlib.Meta.NormNum.isInt_add (Eq.refl HAdd.hAdd)
                        (Mathlib.Meta.NormNum.IsInt.of_raw ℝ (Int.negOfNat 2))
                        (Mathlib.Meta.NormNum.IsNat.to_isInt (Mathlib.Meta.NormNum.IsNat.of_raw ℝ 2))
                        (Eq.refl (Int.ofNat 0)))))
                  (Mathlib.Tactic.Ring.add_pf_add_overlap_zero
                    (Mathlib.Tactic.Ring.add_overlap_pf_zero π (Nat.rawCast 1)
                      (Mathlib.Meta.NormNum.IsInt.to_isNat
                        (Mathlib.Meta.NormNum.isInt_add (Eq.refl HAdd.hAdd)
                          (Mathlib.Meta.NormNum.IsInt.of_raw ℝ (Int.negOfNat 1))
                          (Mathlib.Meta.NormNum.IsNat.to_isInt (Mathlib.Meta.NormNum.IsNat.of_raw ℝ 1))
                          (Eq.refl (Int.ofNat 0)))))
                    (Mathlib.Tactic.Ring.add_pf_zero_add 0))))
              (Mathlib.Tactic.Ring.cast_zero (Mathlib.Meta.NormNum.isNat_ofNat ℝ Nat.cast_zero))))
          (Left.add_neg
            (Left.add_neg
              (Linarith.mul_neg (neg_neg_of_pos h₁)
                (of_eq_true
                  (eq_true
                    (Mathlib.Meta.NormNum.isNat_lt_true (Mathlib.Meta.NormNum.isNat_ofNat ℝ Nat.cast_zero)
                      (Mathlib.Meta.NormNum.isNat_ofNat ℝ (Eq.refl 4)) (Eq.refl false)))))
              (Eq.mp
                (congrArg (fun _a => _a < 0)
                  (CancelDenoms.sub_subst rfl
                    (CancelDenoms.div_subst rfl
                      (of_eq_true
                        (eq_true
                          (Mathlib.Meta.NormNum.isNat_eq_true
                            (Mathlib.Meta.NormNum.IsInt.to_isNat
                              (Mathlib.Meta.NormNum.IsRat.to_isInt
                                (Mathlib.Meta.NormNum.isRat_div
                                  (Mathlib.Meta.NormNum.IsNat.to_isRat
                                    (Mathlib.Meta.NormNum.IsInt.to_isNat
                                      (Mathlib.Meta.NormNum.IsRat.to_isInt
                                        (Mathlib.Meta.NormNum.isRat_mul (Eq.refl HMul.hMul)
                                          (Mathlib.Meta.NormNum.IsNat.to_isRat
                                            (Mathlib.Meta.NormNum.isNat_ofNat ℝ (Eq.refl 2)))
                                          (Mathlib.Meta.NormNum.isRat_inv_pos
                                            (Mathlib.Meta.NormNum.IsNat.to_isRat
                                              (Mathlib.Meta.NormNum.isNat_ofNat ℝ (Eq.refl 2))))
                                          (Eq.refl (Int.mul (Int.ofNat 2) (Int.ofNat 1))) (Eq.refl 2))))))))
                            (Mathlib.Meta.NormNum.isNat_ofNat ℝ Nat.cast_one))))
                      (of_eq_true
                        (eq_true
                          (Mathlib.Meta.NormNum.isNat_eq_true
                            (Mathlib.Meta.NormNum.isNat_mul (Eq.refl HMul.hMul)
                              (Mathlib.Meta.NormNum.isNat_ofNat ℝ Nat.cast_one)
                              (Mathlib.Meta.NormNum.isNat_ofNat ℝ (Eq.refl 2)) (Eq.refl 2))
                            (Mathlib.Meta.NormNum.isNat_ofNat ℝ (Eq.refl 2))))))))
                (Linarith.mul_neg (sub_neg_of_lt h₂)
                  (of_eq_true
                    (eq_true
                      (Mathlib.Meta.NormNum.isNat_lt_true (Mathlib.Meta.NormNum.isNat_ofNat ℝ Nat.cast_zero)
                        (Mathlib.Meta.NormNum.isNat_ofNat ℝ (Eq.refl 2)) (Eq.refl false)))))))
            (Eq.mp
              (congrArg (fun _a => _a < 0)
                (CancelDenoms.sub_subst rfl
                  (CancelDenoms.neg_subst
                    (CancelDenoms.div_subst rfl
                      (of_eq_true
                        (eq_true
                          (Mathlib.Meta.NormNum.isNat_eq_true
                            (Mathlib.Meta.NormNum.IsInt.to_isNat
                              (Mathlib.Meta.NormNum.IsRat.to_isInt
                                (Mathlib.Meta.NormNum.isRat_div
                                  (Mathlib.Meta.NormNum.IsNat.to_isRat
                                    (Mathlib.Meta.NormNum.IsInt.to_isNat
                                      (Mathlib.Meta.NormNum.IsRat.to_isInt
                                        (Mathlib.Meta.NormNum.isRat_mul (Eq.refl HMul.hMul)
                                          (Mathlib.Meta.NormNum.IsNat.to_isRat
                                            (Mathlib.Meta.NormNum.isNat_ofNat ℝ (Eq.refl 2)))
                                          (Mathlib.Meta.NormNum.isRat_inv_pos
                                            (Mathlib.Meta.NormNum.IsNat.to_isRat
                                              (Mathlib.Meta.NormNum.isNat_ofNat ℝ (Eq.refl 2))))
                                          (Eq.refl (Int.mul (Int.ofNat 2) (Int.ofNat 1))) (Eq.refl 2))))))))
                            (Mathlib.Meta.NormNum.isNat_ofNat ℝ Nat.cast_one))))
                      (of_eq_true
                        (eq_true
                          (Mathlib.Meta.NormNum.isNat_eq_true
                            (Mathlib.Meta.NormNum.isNat_mul (Eq.refl HMul.hMul)
                              (Mathlib.Meta.NormNum.isNat_ofNat ℝ Nat.cast_one)
                              (Mathlib.Meta.NormNum.isNat_ofNat ℝ (Eq.refl 2)) (Eq.refl 2))
                            (Mathlib.Meta.NormNum.isNat_ofNat ℝ (Eq.refl 2)))))))))
              (Linarith.mul_neg (sub_neg_of_lt a)
                (of_eq_true
                  (eq_true
                    (Mathlib.Meta.NormNum.isNat_lt_true (Mathlib.Meta.NormNum.isNat_ofNat ℝ Nat.cast_zero)
                      (Mathlib.Meta.NormNum.isNat_ofNat ℝ (Eq.refl 2)) (Eq.refl false)))))))))
    (le_of_not_gt fun a =>
      Linarith.lt_irrefl
        (Eq.mp
          (congrArg (fun _a => _a < 0)
            (Mathlib.Tactic.Ring.of_eq
              (Mathlib.Tactic.Ring.sub_congr
                (Mathlib.Tactic.Ring.mul_congr
                  (Mathlib.Tactic.Ring.cast_pos (Mathlib.Meta.NormNum.isNat_ofNat ℝ Nat.cast_one))
                  (Mathlib.Tactic.Ring.atom_pf π)
                  (Mathlib.Tactic.Ring.add_mul
                    (Mathlib.Tactic.Ring.mul_add
                      (Mathlib.Tactic.Ring.mul_pf_right π (Nat.rawCast 1) (Mathlib.Tactic.Ring.one_mul (Nat.rawCast 1)))
                      (Mathlib.Tactic.Ring.mul_zero (Nat.rawCast 1))
                      (Mathlib.Tactic.Ring.add_pf_add_zero (π ^ Nat.rawCast 1 * Nat.rawCast 1 + 0)))
                    (Mathlib.Tactic.Ring.zero_mul (π ^ Nat.rawCast 1 * Nat.rawCast 1 + 0))
                    (Mathlib.Tactic.Ring.add_pf_add_zero (π ^ Nat.rawCast 1 * Nat.rawCast 1 + 0))))
                (Mathlib.Tactic.Ring.mul_congr
                  (Mathlib.Tactic.Ring.cast_pos (Mathlib.Meta.NormNum.isNat_ofNat ℝ Nat.cast_one))
                  (Mathlib.Tactic.Ring.atom_pf π)
                  (Mathlib.Tactic.Ring.add_mul
                    (Mathlib.Tactic.Ring.mul_add
                      (Mathlib.Tactic.Ring.mul_pf_right π (Nat.rawCast 1) (Mathlib.Tactic.Ring.one_mul (Nat.rawCast 1)))
                      (Mathlib.Tactic.Ring.mul_zero (Nat.rawCast 1))
                      (Mathlib.Tactic.Ring.add_pf_add_zero (π ^ Nat.rawCast 1 * Nat.rawCast 1 + 0)))
                    (Mathlib.Tactic.Ring.zero_mul (π ^ Nat.rawCast 1 * Nat.rawCast 1 + 0))
                    (Mathlib.Tactic.Ring.add_pf_add_zero (π ^ Nat.rawCast 1 * Nat.rawCast 1 + 0))))
                (Mathlib.Tactic.Ring.sub_pf
                  (Mathlib.Tactic.Ring.neg_add
                    (Mathlib.Tactic.Ring.neg_mul π (Nat.rawCast 1)
                      (Mathlib.Tactic.Ring.neg_one_mul
                        (Mathlib.Meta.NormNum.IsInt.to_raw_eq
                          (Mathlib.Meta.NormNum.isInt_mul (Eq.refl HMul.hMul)
                            (Mathlib.Meta.NormNum.IsInt.of_raw ℝ (Int.negOfNat 1))
                            (Mathlib.Meta.NormNum.IsNat.to_isInt (Mathlib.Meta.NormNum.IsNat.of_raw ℝ 1))
                            (Eq.refl (Int.negOfNat 1))))))
                    Mathlib.Tactic.Ring.neg_zero)
                  (Mathlib.Tactic.Ring.add_pf_add_overlap_zero
                    (Mathlib.Tactic.Ring.add_overlap_pf_zero π (Nat.rawCast 1)
                      (Mathlib.Meta.NormNum.IsInt.to_isNat
                        (Mathlib.Meta.NormNum.isInt_add (Eq.refl HAdd.hAdd)
                          (Mathlib.Meta.NormNum.IsNat.to_isInt (Mathlib.Meta.NormNum.IsNat.of_raw ℝ 1))
                          (Mathlib.Meta.NormNum.IsInt.of_raw ℝ (Int.negOfNat 1)) (Eq.refl (Int.ofNat 0)))))
                    (Mathlib.Tactic.Ring.add_pf_zero_add 0))))
              (Mathlib.Tactic.Ring.cast_zero (Mathlib.Meta.NormNum.isNat_ofNat ℝ Nat.cast_zero))))
          (Eq.mp
            (congrArg (fun _a => _a < 0)
              (CancelDenoms.sub_subst
                (CancelDenoms.div_subst rfl
                  (of_eq_true
                    (eq_true
                      (Mathlib.Meta.NormNum.isNat_eq_true
                        (Mathlib.Meta.NormNum.IsInt.to_isNat
                          (Mathlib.Meta.NormNum.IsRat.to_isInt
                            (Mathlib.Meta.NormNum.isRat_div
                              (Mathlib.Meta.NormNum.IsNat.to_isRat
                                (Mathlib.Meta.NormNum.IsInt.to_isNat
                                  (Mathlib.Meta.NormNum.IsRat.to_isInt
                                    (Mathlib.Meta.NormNum.isRat_mul (Eq.refl HMul.hMul)
                                      (Mathlib.Meta.NormNum.IsNat.to_isRat
                                        (Mathlib.Meta.NormNum.isNat_ofNat ℝ (Eq.refl 2)))
                                      (Mathlib.Meta.NormNum.isRat_inv_pos
                                        (Mathlib.Meta.NormNum.IsNat.to_isRat
                                          (Mathlib.Meta.NormNum.isNat_ofNat ℝ (Eq.refl 2))))
                                      (Eq.refl (Int.mul (Int.ofNat 2) (Int.ofNat 1))) (Eq.refl 2))))))))
                        (Mathlib.Meta.NormNum.isNat_ofNat ℝ Nat.cast_one))))
                  (of_eq_true
                    (eq_true
                      (Mathlib.Meta.NormNum.isNat_eq_true
                        (Mathlib.Meta.NormNum.isNat_mul (Eq.refl HMul.hMul)
                          (Mathlib.Meta.NormNum.isNat_ofNat ℝ Nat.cast_one)
                          (Mathlib.Meta.NormNum.isNat_ofNat ℝ (Eq.refl 2)) (Eq.refl 2))
                        (Mathlib.Meta.NormNum.isNat_ofNat ℝ (Eq.refl 2))))))
                (CancelDenoms.div_subst rfl
                  (of_eq_true
                    (eq_true
                      (Mathlib.Meta.NormNum.isNat_eq_true
                        (Mathlib.Meta.NormNum.IsInt.to_isNat
                          (Mathlib.Meta.NormNum.IsRat.to_isInt
                            (Mathlib.Meta.NormNum.isRat_div
                              (Mathlib.Meta.NormNum.IsNat.to_isRat
                                (Mathlib.Meta.NormNum.IsInt.to_isNat
                                  (Mathlib.Meta.NormNum.IsRat.to_isInt
                                    (Mathlib.Meta.NormNum.isRat_mul (Eq.refl HMul.hMul)
                                      (Mathlib.Meta.NormNum.IsNat.to_isRat
                                        (Mathlib.Meta.NormNum.isNat_ofNat ℝ (Eq.refl 2)))
                                      (Mathlib.Meta.NormNum.isRat_inv_pos
                                        (Mathlib.Meta.NormNum.IsNat.to_isRat
                                          (Mathlib.Meta.NormNum.isNat_ofNat ℝ (Eq.refl 2))))
                                      (Eq.refl (Int.mul (Int.ofNat 2) (Int.ofNat 1))) (Eq.refl 2))))))))
                        (Mathlib.Meta.NormNum.isNat_ofNat ℝ Nat.cast_one))))
                  (of_eq_true
                    (eq_true
                      (Mathlib.Meta.NormNum.isNat_eq_true
                        (Mathlib.Meta.NormNum.isNat_mul (Eq.refl HMul.hMul)
                          (Mathlib.Meta.NormNum.isNat_ofNat ℝ Nat.cast_one)
                          (Mathlib.Meta.NormNum.isNat_ofNat ℝ (Eq.refl 2)) (Eq.refl 2))
                        (Mathlib.Meta.NormNum.isNat_ofNat ℝ (Eq.refl 2))))))))
            (Linarith.mul_neg (sub_neg_of_lt a)
              (of_eq_true
                (eq_true
                  (Mathlib.Meta.NormNum.isNat_lt_true (Mathlib.Meta.NormNum.isNat_ofNat ℝ Nat.cast_zero)
                    (Mathlib.Meta.NormNum.isNat_ofNat ℝ (Eq.refl 2)) (Eq.refl false))))))))
    h₂
has type
  sin k < sin (π / 2) : Prop
but is expected to have type
  sin k < 1 : Prop

workbook0/lean_workbook_plus_48285.lean:
workbook0/lean_workbook_plus_48285.lean:106:2: error: simp made no progress

workbook0/lean_workbook_plus_27387.lean:
workbook0/lean_workbook_plus_27387.lean:107:13: error: function expected at
  hy
term has type
  ∃ x y, dy_dx ≠ x / y + 2 * y / x
workbook0/lean_workbook_plus_27387.lean:105:110: error: unsolved goals
dy_dx : ℕ
x y : ℝ
hx : x ≠ 0
hy : ∃ x y, dy_dx ≠ x / y + 2 * y / x
⊢ y = 0

workbook0/lean_workbook_plus_67317.lean:
workbook0/lean_workbook_plus_67317.lean:105:86: error: unsolved goals
⊢ False

workbook0/lean_workbook_plus_37272.lean:
workbook0/lean_workbook_plus_37272.lean:106:27: error: unsolved goals
⊢ ¬?m.407 0

workbook0/lean_workbook_plus_35806.lean:
workbook0/lean_workbook_plus_35806.lean:107:17: error: unsolved goals
f : ℤ → ℤ
hf : f 1 > 0
hf2 : ∃ x, f x ≠ x + 1
⊢ ¬f (f 0) = f 1 + f 1 - 2 * f 1

workbook0/lean_workbook_plus_12790.lean:
workbook0/lean_workbook_plus_12790.lean:107:10: error: invalid constructor ⟨...⟩, expected type must be an inductive type 
  ∀ (a b : ℝ), a > 0 ∧ b > 0 ∧ 2 * a = a * b + b ^ 2 → (a - b) * (a + b) ^ 3 + 2 * a * b * (a + b) - 2 * a - 10 * b ≥ 0

workbook0/lean_workbook_plus_62198.lean:
workbook0/lean_workbook_plus_62198.lean:105:32: error: unexpected token '∀'; expected ':'

workbook0/lean_workbook_plus_34871.lean:
workbook0/lean_workbook_plus_34871.lean:106:2: error: simp made no progress

workbook0/lean_workbook_plus_19304.lean:
workbook0/lean_workbook_plus_19304.lean:107:13: error: function expected at
  h
term has type
  ℝ
workbook0/lean_workbook_plus_19304.lean:105:572: error: unsolved goals
h : ℝ
⊢ ∀ (b c : ℝ),
    Real.sqrt ((h ^ 2 + b * c) / 2) =
        (h ^ 2 + b * c) / 2 * (2 * h / 3 + b / 6 + c / 6) /
          Real.sqrt ((h ^ 2 + b * c) / 2 * (2 * h / 3 + b / 6 + c / 6) ^ 2) ∧
      (h ^ 2 + b * c) / 2 * (2 * h / 3 + b / 6 + c / 6) /
          Real.sqrt ((h ^ 2 + b * c) / 2 * (2 * h / 3 + b / 6 + c / 6) ^ 2) ≥
        (h ^ 2 + b * c) / 2 * (2 * h / 3 + b / 6 + c / 6) /
              (3 * (h ^ 2 + b * c) * (2 * h / 3 + b / 6 + c / 6) ^ 2 + (h ^ 2 + b * c) ^ 2 +
                (2 * h / 3 + b / 6 + c / 6) ^ 4) /
            4 *
          (1 / 2 * (h ^ 2 + b * c) + (2 * h / 3 + b / 6 + c / 6) ^ 2)

workbook0/lean_workbook_plus_45771.lean:
workbook0/lean_workbook_plus_45771.lean:106:2: error: simp made no progress

workbook0/lean_workbook_plus_23855.lean:
workbook0/lean_workbook_plus_23855.lean:107:10: error: invalid constructor ⟨...⟩, expected type must be an inductive type 
  ∀ (n : ℕ), 2 - 1 / 2 ^ (n - 1) ≤ x n ∧ x n < 2 - 1 / 2 ^ n

workbook0/lean_workbook_plus_26796.lean:
workbook0/lean_workbook_plus_26796.lean:105:44: error: unexpected token; expected ')'

workbook0/lean_workbook_plus_50538.lean:
workbook0/lean_workbook_plus_50538.lean:106:2: error: simp made no progress

workbook0/lean_workbook_plus_2492.lean:
workbook0/lean_workbook_plus_2492.lean:106:2: error: simp made no progress

workbook0/lean_workbook_plus_60054.lean:
workbook0/lean_workbook_plus_60054.lean:107:10: error: invalid constructor ⟨...⟩, expected type must be an inductive type 
  ∀ (x y z : ℤ),
    x ^ 3 + y ^ 3 + z ^ 3 - 3 * x * y * z = x * y * z * (x ^ 2 + y ^ 2 + z ^ 2) + (x + y + z) * (-x * y - y * z - z * x)

workbook0/lean_workbook_plus_24045.lean:
workbook0/lean_workbook_plus_24045.lean:108:13: error: function expected at
  hab
term has type
  ∃ x,
    x = (a + 1) / (a ^ 2 - a + 1) + (b + 1) / (b ^ 2 - b + 1) + (c + 1) / (c ^ 2 - c + 1) ∧ (1 ≤ x → 3 < x) ∨
      x ≠ (a + 1) / (a ^ 2 - a + 1) + (b + 1) / (b ^ 2 - b + 1) + (c + 1) / (c ^ 2 - c + 1) ∧ 1 ≤ x ∧ x ≤ 3
workbook0/lean_workbook_plus_24045.lean:105:205: error: unsolved goals
a b c : ℝ
hab :
  ∃ x,
    x = (a + 1) / (a ^ 2 - a + 1) + (b + 1) / (b ^ 2 - b + 1) + (c + 1) / (c ^ 2 - c + 1) ∧ (1 ≤ x → 3 < x) ∨
      x ≠ (a + 1) / (a ^ 2 - a + 1) + (b + 1) / (b ^ 2 - b + 1) + (c + 1) / (c ^ 2 - c + 1) ∧ 1 ≤ x ∧ x ≤ 3
⊢ a * b + b * c + c * a ≠ 3

workbook0/lean_workbook_plus_12805.lean:
workbook0/lean_workbook_plus_12805.lean:107:10: error: invalid constructor ⟨...⟩, expected type must be an inductive type 
  ∀ (a b c : ℝ),
    a > 0 ∧ b > 0 ∧ c > 0 → 1 / (b * (a + b)) + 1 / (c * (b + c)) + 1 / (a * (c + a)) ≥ 27 / 2 * (a + b + c) ^ 2

workbook0/lean_workbook_plus_64039.lean:
workbook0/lean_workbook_plus_64039.lean:106:2: error: linarith failed to find a contradiction
case a
x y z : ℝ
hx : 0 < x
hy : 0 < y
hz : 0 < z
habc : x * y * z = 1
a✝ : 1 / 4 + 5 * x + 1 / 4 + 5 * y + 1 / 4 + 5 * z > 1 / 3
⊢ False
failed

workbook0/lean_workbook_plus_79890.lean:
workbook0/lean_workbook_plus_79890.lean:107:10: error: invalid constructor ⟨...⟩, expected type must be an inductive type 
  ∀ (a b c : ℝ),
    a * b / c ^ 2 + a * c / b ^ 2 + b * c / a ^ 2 + a ^ 2 / (b * c) + b ^ 2 / (a * c) + c ^ 2 / (a * b) - 6 ≥ 0

workbook0/lean_workbook_plus_74455.lean:
workbook0/lean_workbook_plus_74455.lean:107:10: error: invalid constructor ⟨...⟩, expected type must be an inductive type 
  ∀ (a b c d : ℝ), 4 / (a / (1 - a) + b / (1 - b) + c / (1 - c) + d / (1 - d)) ≥ 1

workbook0/lean_workbook_plus_14146.lean:
workbook0/lean_workbook_plus_14146.lean:107:10: error: invalid constructor ⟨...⟩, expected type must be an inductive type 
  ∀ (a b c : ℝ), 1 / (a + 1) ^ 2 + 1 / (b + 1) ^ 2 + 1 / (c + 1) ^ 2 + (a * b + b * c + c * a) / 8 ≥ 9 / 8

workbook0/lean_workbook_plus_52626.lean:
workbook0/lean_workbook_plus_52626.lean:113:19: error: function expected at
  h₀
term has type
  ∃ x, f x ≠ 0

workbook0/lean_workbook_plus_70311.lean:
workbook0/lean_workbook_plus_70311.lean:107:2: error: linarith failed to find a contradiction
case h1.h
x : ℝ
A : Matrix (Fin 3) (Fin 3) ℝ
hA : A = Matrix.of ![![0, 2, 1], ![3, -1, 2], ![x, x - 4, x - 3]]
h_det : -(2 * 3 * (x - 3)) + 2 * 2 * x + 3 * (x - 4) + x = 14
a✝ : x < 29 / 7
⊢ False
failed

workbook0/lean_workbook_plus_30821.lean:
workbook0/lean_workbook_plus_30821.lean:107:10: error: invalid constructor ⟨...⟩, expected type must be an inductive type 
  ∀ (m : ℕ), 7 ∣ m ∧ m ≠ 7 → ¬m ∣ choose m 7

workbook0/lean_workbook_plus_78264.lean:
workbook0/lean_workbook_plus_78264.lean:107:10: error: invalid constructor ⟨...⟩, expected type must be an inductive type 
  ∀ ⦃a₁ a₂ : ℕ × ℕ⦄, f a₁ = f a₂ → a₁ = a₂

workbook0/lean_workbook_plus_17646.lean:
workbook0/lean_workbook_plus_17646.lean:106:2: error: tactic 'introN' failed, insufficient number of binders
x y : ℝ
h₁ : x ^ 2 + y ^ 2 = 10
h₂ : x + x * y + y = -5
⊢ x = -2 ∧ y = -1 ∨ x = 2 ∧ y = 1

workbook0/lean_workbook_plus_18733.lean:
workbook0/lean_workbook_plus_18733.lean:107:13: error: function expected at
  h
term has type
  ℤ
workbook0/lean_workbook_plus_18733.lean:105:67: error: unsolved goals
nodd : Prop
h : ℤ
⊢ h % 2 = 1 ↔ nodd

workbook0/lean_workbook_plus_5030.lean:
workbook0/lean_workbook_plus_5030.lean:107:2: error: omega did not find a contradiction:
[0, 0, 0, 0, 0, 0, 0, 1] ∈ [0, ∞)
[0, 0, 0, 0, 1, 1, 1, 1, 1, 1, 1, 1, 1, 1, 1, 1, 1, 1, 1] ∈ [-9, ∞)
[0, 0, 0, 0, 0, 0, 0, 0, 0, 0, 1] ∈ [0, ∞)
[0, 0, 0, 0, 0, 1] ∈ [0, ∞)
[0, 0, 0, 0, 0, 0, 0, 0, 0, 0, 0, 0, 1] ∈ [0, ∞)
[0, 0, 0, 0, 0, 0, 0, 0, 0, 0, 0, 1] ∈ [0, ∞)
[0, 0, 0, 0, 0, 0, 0, 0, 0, 0, 0, 0, 0, 0, 1] ∈ [0, ∞)
[0, 0, 0, 0, 0, 0, 0, 0, 0, 1] ∈ [0, ∞)
[0, 0, 0, 0, 0, 0, 0, 0, 0, 0, 0, 0, 0, 0, 0, 0, 1] ∈ [0, ∞)
[0, 0, 0, 0, 0, 0, 0, 0, 0, 0, 0, 0, 0, 0, 0, 1] ∈ [0, ∞)
[0, 0, 0, 0, 0, 0, 0, 0, 0, 0, 0, 0, 0, 0, 0, 0, 0, 0, 1] ∈ [0, ∞)
[0, 0, 1] ∈ [0, ∞)
[0, 0, 0, 0, 0, 0, 0, 0, 0, 0, 0, 0, 0, 1] ∈ [0, ∞)
[0, 0, 0, 0, 1] ∈ [0, ∞)
[0, 0, 0, 1] ∈ [0, ∞)
[0, 1, 1, 1] ∈ (-∞, 200]
[0, 0, 0, 0, 0, 0, 1] ∈ [0, ∞)
[0, 1] ∈ [0, ∞)
[0, 0, 0, 0, 0, 0, 0, 0, 0, 0, 0, 0, 0, 0, 0, 0, 0, 1] ∈ [0, ∞)
[0, 0, 0, 0, 0, 0, 0, 0, 1] ∈ [0, ∞)

workbook0/lean_workbook_plus_65922.lean:
workbook0/lean_workbook_plus_65922.lean:105:61: error: unsolved goals
⊢ False

workbook0/lean_workbook_plus_32171.lean:
workbook0/lean_workbook_plus_32171.lean:107:9: error: invalid constructor ⟨...⟩, expected type must be an inductive type 
  ∀ (n m : ℕ), n ≥ 1 ∧ m ≥ 1 → choose (n + m - 1) n = ∑ i in Finset.range m, choose m i * choose (n - 1) (i - 1)

workbook0/lean_workbook_plus_4908.lean:
workbook0/lean_workbook_plus_4908.lean:107:2: error: linarith failed to find a contradiction
case h
a b c : ℝ
hab :
  2 ≤
      (1 / (a ^ 2 + 1) + 1 / (b ^ 2 + 1) + 1 / (c ^ 2 + 1)) *
        (a ^ 2 / (a ^ 2 + 1) + b ^ 2 / (b ^ 2 + 1) + c ^ 2 / (c ^ 2 + 1)) →
    27 / 16 <
      (1 / (a ^ 2 + 1) + 1 / (b ^ 2 + 1) + 1 / (c ^ 2 + 1)) *
        (a ^ 2 / (a ^ 2 + 1) + b ^ 2 / (b ^ 2 + 1) + c ^ 2 / (c ^ 2 + 1))
a✝ : a * b + b * c + c * a = 1
⊢ False
failed

workbook0/lean_workbook_plus_24762.lean:
workbook0/lean_workbook_plus_24762.lean:106:2: error: simp made no progress

workbook0/lean_workbook_plus_11037.lean:
workbook0/lean_workbook_plus_11037.lean:107:30: error: unsolved goals
f : ℝ → ℝ
hf : f 1 = 1
hf1 : ∃ x, f x ≠ x
⊢ ¬f (5 / 2) = 2 * f 5

workbook0/lean_workbook_plus_74291.lean:
workbook0/lean_workbook_plus_74291.lean:105:147: error: unsolved goals
x : ℝ
⊢ False

workbook0/lean_workbook_plus_19446.lean:
workbook0/lean_workbook_plus_19446.lean:105:127: error: unsolved goals
n : ℕ
⊢ False

workbook0/lean_workbook_plus_57527.lean:
workbook0/lean_workbook_plus_57527.lean:107:16: error: unsolved goals
x : ℝ
h₀ : x ≠ 424
⊢ ¬25 * x - ↑(∑ x in Finset.Icc 1 25, 2 * x) = 10000

workbook0/lean_workbook_plus_64253.lean:
workbook0/lean_workbook_plus_64253.lean:106:94: error: unsolved goals
⊢ ∑ k in Finset.Icc 1 10, 2 * (k + 1) * (k + 2) = 8 * ∑ k in Finset.Icc 1 10, k ^ 3

workbook0/lean_workbook_plus_36284.lean:
workbook0/lean_workbook_plus_36284.lean:105:36: error: expected token

workbook0/lean_workbook_plus_50066.lean:
workbook0/lean_workbook_plus_50066.lean:131:20: error: unsolved goals
a : ℕ → ℕ → ℕ
h₀ : a 0 0 = 1
h₁ : a 1 0 = 1
h₂ : a 2 0 = 2
h₃ : a 3 0 = 4
h₄ : a 4 0 = 8
h₅ : a 0 1 = 1
h₆ : a 1 1 = 2
h₇ : a 2 1 = 4
h₈ : a 3 1 = 8
h₉ : a 4 1 = 16
h₁₀ : a 0 2 = 2
h₁₁ : a 1 2 = 4
h₁₂ : a 2 2 = 8
h₁₃ : a 3 2 = 16
h₁₄ : a 4 2 = 32
h₁₅ : a 0 3 = 4
h₁₆ : a 1 3 = 8
h₁₇ : a 2 3 = 16
h₁₈ : a 3 3 = 32
h₁₉ : a 4 3 = 64
h₂₀ : a 0 4 = 8
h₂₁ : a 1 4 = 16
h₂₂ : a 2 4 = 32
h₂₃ : a 3 4 = 64
h₂₄ : a 4 4 = 128
⊢ False

workbook0/lean_workbook_plus_32190.lean:
workbook0/lean_workbook_plus_32190.lean:107:10: error: invalid constructor ⟨...⟩, expected type must be an inductive type 
  ∀ (x : ℕ), ∃ n, (∑ k in Finset.range n, 1 / (k + 1)) % 1 = x
workbook0/lean_workbook_plus_32190.lean:108:2: error: no goals to be solved

workbook0/lean_workbook_plus_67059.lean:
workbook0/lean_workbook_plus_67059.lean:106:2: error: linarith failed to find a contradiction
case h1.h
a b x y : ℝ
h1 : a * x + b * y = 3
h2 : a * x ^ 2 + b * y ^ 2 = 7
h3 : a * x ^ 3 + b * y ^ 3 = 16
h4 : a * x ^ 4 + b * y ^ 4 = 42
a✝ : a * x ^ 5 + b * y ^ 5 < 126
⊢ False
failed

workbook0/lean_workbook_plus_71460.lean:
workbook0/lean_workbook_plus_71460.lean:106:2: error: simp made no progress

workbook0/lean_workbook_plus_19584.lean:
workbook0/lean_workbook_plus_19584.lean:105:32: error: unexpected token '∀'; expected ':'

workbook0/lean_workbook_plus_77590.lean:
workbook0/lean_workbook_plus_77590.lean:106:2: error: simp made no progress

workbook0/lean_workbook_plus_45330.lean:
workbook0/lean_workbook_plus_45330.lean:105:198: error: unsolved goals
a b c : ℝ
ha : 0 < a
hb : 0 < b
hc : 0 < c
habc : a + b + c = 1
⊢ False

workbook0/lean_workbook_plus_9048.lean:
workbook0/lean_workbook_plus_9048.lean:108:9: error: invalid constructor ⟨...⟩, expected type must be an inductive type 
  ∀ (x y z : ℝ),
    x ^ 7 * y + y ^ 7 * z + z ^ 7 * x + 3 * (x ^ 7 * z + y ^ 7 * x + z ^ 7 * y) +
                    (x ^ 6 * y ^ 2 + y ^ 6 * z ^ 2 + z ^ 6 * x ^ 2) +
                  6 * (x ^ 6 * z ^ 2 + y ^ 6 * x ^ 2 + z ^ 6 * y ^ 2) +
                5 * (x ^ 6 * y * z + y ^ 6 * x * z + z ^ 6 * x * y) +
              7 * (x ^ 5 * z ^ 3 + y ^ 5 * x ^ 3 + z ^ 5 * y ^ 3) +
            13 * (x ^ 5 * y * z ^ 2 + y ^ 5 * z * x ^ 2 + z ^ 5 * x * y ^ 2) +
          2 * (x ^ 4 * y ^ 4 + y ^ 4 * z ^ 4 + z ^ 4 * x ^ 4) +
        7 * (x ^ 4 * y * z ^ 3 + y ^ 4 * z * x ^ 3 + z ^ 4 * x * y ^ 3) ≥
      6 * (x ^ 4 * y ^ 3 * z + y ^ 4 * z ^ 3 * x + z ^ 4 * x ^ 3 * y) +
          9 * (x ^ 4 * y ^ 2 * z ^ 2 + y ^ 4 * z ^ 2 * x ^ 2 + z ^ 4 * x ^ 2 * y ^ 2) +
        30 * (x ^ 3 * y ^ 3 * z ^ 2 + y ^ 3 * z ^ 3 * x ^ 2 + z ^ 3 * x ^ 3 * y ^ 2)

workbook0/lean_workbook_plus_16818.lean:
workbook0/lean_workbook_plus_16818.lean:106:27: error: unsolved goals
⊢ ¬?m.2340 0

workbook0/lean_workbook_plus_3655.lean:
workbook0/lean_workbook_plus_3655.lean:105:39: error: unexpected token; expected ')'

workbook0/lean_workbook_plus_8801.lean:
workbook0/lean_workbook_plus_8801.lean:108:10: error: invalid constructor ⟨...⟩, expected type must be an inductive type 
  ∀ (x : ℝ), x + Real.sqrt (25 - x ^ 2) ≠ 17

workbook0/lean_workbook_plus_12207.lean:
workbook0/lean_workbook_plus_12207.lean:108:25: error: tactic 'apply' failed, failed to unify
  ?a ≤ ?b
with
  0 ≤ ?m.5035
a b : ℝ
hab : a > 0 ∧ b > 0 ∧ a + b = 1
⊢ 0 ≤ ?m.5035
workbook0/lean_workbook_plus_12207.lean:108:60: error: tactic 'apply' failed, failed to unify
  ?a ≤ ?b
with
  0 ≤ ?m.5036
a b : ℝ
hab : a > 0 ∧ b > 0 ∧ a + b = 1
⊢ 0 ≤ ?m.5036

workbook0/lean_workbook_plus_68639.lean:
workbook0/lean_workbook_plus_68639.lean:105:34: error: unexpected token '∀'; expected '_' or identifier

workbook0/lean_workbook_plus_74688.lean:
workbook0/lean_workbook_plus_74688.lean:107:10: error: invalid constructor ⟨...⟩, expected type must be an inductive type 
  ∀ (a b c : ℝ), a + b + c = 1 → a / (b + c) ^ 2 + b / (c + a) ^ 2 + c / (a + b) ^ 2 ≥ 9 / 4

workbook0/lean_workbook_plus_6391.lean:
workbook0/lean_workbook_plus_6391.lean:136:45: error: (deterministic) timeout at 'isDefEq', maximum number of heartbeats (200000) has been reached (use 'set_option maxHeartbeats <num>' to set the limit)

workbook0/lean_workbook_plus_59183.lean:
workbook0/lean_workbook_plus_59183.lean:105:32: error: unexpected token '∀'; expected ':'

workbook0/lean_workbook_plus_10376.lean:
workbook0/lean_workbook_plus_10376.lean:107:10: error: invalid constructor ⟨...⟩, expected type must be an inductive type 
  ∀ (a b c : ℝ), (1 + a) * (1 + b) * (1 + c) > 7 * (a ^ 4 * b ^ 4 * c ^ 4) ^ (1 / 7)

workbook0/lean_workbook_plus_43119.lean:
workbook0/lean_workbook_plus_43119.lean:106:38: error: unsolved goals
⊢ False

workbook0/lean_workbook_plus_35979.lean:
workbook0/lean_workbook_plus_35979.lean:106:16: error: expected token
workbook0/lean_workbook_plus_35979.lean:105:120: error: unsolved goals
a : ℝ
ha : a > 0
h1 : 0 < sorryAx ℕ true
⊢ 1 / Real.sqrt a > 2 * (Real.sqrt (a + 1) - Real.sqrt a)

workbook0/lean_workbook_plus_6122.lean:
workbook0/lean_workbook_plus_6122.lean:105:42: error: unexpected token; expected ':'

workbook0/lean_workbook_plus_3777.lean:
workbook0/lean_workbook_plus_3777.lean:111:29: error: unsolved goals
a b c : ℝ
h₀ : 0 < a ∧ 0 < b ∧ 0 < c
h₁ : a + b + c = 1
h₂ : a = 9 / 100
h₃ : b = 49 / 100
h₄ : c = 42 / 100
⊢ False

workbook0/lean_workbook_plus_62574.lean:
workbook0/lean_workbook_plus_62574.lean:106:2: warning: aesop: failed to prove the goal after exhaustive search.
workbook0/lean_workbook_plus_62574.lean:105:95: error: unsolved goals
case h.inl
⊢ False

case h.inr
left : 1 ≤ 0
⊢ False

workbook0/lean_workbook_plus_13069.lean:
workbook0/lean_workbook_plus_13069.lean:105:82: error: unsolved goals
⊢ False

workbook0/lean_workbook_plus_35916.lean:
workbook0/lean_workbook_plus_35916.lean:105:32: error: unexpected token '∀'; expected ':'

workbook0/lean_workbook_plus_60839.lean:
workbook0/lean_workbook_plus_60839.lean:106:2: error: linarith failed to find a contradiction
case h2.h
a b c : ℝ
h : a * b * c = 1
a✝ : 1 < a ^ 2 + b ^ 2 + c ^ 2 + 2 * a * b * c
⊢ False
failed

workbook0/lean_workbook_plus_28806.lean:
workbook0/lean_workbook_plus_28806.lean:106:6: error: unknown identifier 'orderOf_mul_eq_mul_orderOf_of_coprime'
workbook0/lean_workbook_plus_28806.lean:106:6: error: tactic 'rewrite' failed, equality or iff proof expected
  ?m.2198
G : Type u_1
inst✝ : Group G
g h : G
hg : IsOfFinOrder g
hh : IsOfFinOrder h
hgh : Commute g h
hmn : Coprime (orderOf g) (orderOf h)
⊢ orderOf (g * h) = orderOf g * orderOf h

workbook0/lean_workbook_plus_46941.lean:
workbook0/lean_workbook_plus_46941.lean:105:154: error: unsolved goals
a : ℕ → ℤ
a0 : a 0 = 1
a1 : a 1 = 4
a_rec : ∀ n ≥ 1, a (n + 1) = 5 * a n - a (n - 1)
⊢ False

workbook0/lean_workbook_plus_25865.lean:
workbook0/lean_workbook_plus_25865.lean:108:10: error: invalid constructor ⟨...⟩, expected type must be an inductive type 
  ∀ (a b c : ℝ),
    (a * b * c - a - b - c) * (a * b * c + a + b - c) * (a * b * c + a - b + c) * (a * b * c - a + b + c) = 0

workbook0/lean_workbook_plus_79407.lean:
workbook0/lean_workbook_plus_79407.lean:107:17: error: unsolved goals
f : ℝ → ℝ
hf : f 1 ≠ 1
⊢ ¬f 1 = 0

workbook0/lean_workbook_plus_13140.lean:
workbook0/lean_workbook_plus_13140.lean:107:10: error: invalid constructor ⟨...⟩, expected type must be an inductive type 
  ∀ (a b : ℝ), (a + b) / (a * b) ≥ 24 / (a ^ 2 * b ^ 2 + 4 * a * b + 4)

workbook0/lean_workbook_plus_8261.lean:
workbook0/lean_workbook_plus_8261.lean:107:16: error: invalid field notation, type is not of the form (C ...) where C is a constant
  h₂
has type
  y = -7 / 5 → x ≠ 2 / 5

workbook0/lean_workbook_plus_49156.lean:
workbook0/lean_workbook_plus_49156.lean:107:10: error: invalid constructor ⟨...⟩, expected type must be an inductive type 
  ∀ (n m : ℕ), choose n m * choose (n - m) (n - 2 * m) = choose n (2 * m) * choose (2 * m) n

workbook0/lean_workbook_plus_40702.lean:
workbook0/lean_workbook_plus_40702.lean:107:10: error: invalid constructor ⟨...⟩, expected type must be an inductive type 
  ∀ (n : ℕ), ¬Even (3 ^ n - 2 ^ n)

workbook0/lean_workbook_plus_73592.lean:
workbook0/lean_workbook_plus_73592.lean:107:10: error: invalid constructor ⟨...⟩, expected type must be an inductive type 
  ∀ (a : ℝ), 1 + a ^ 2 + a ^ 4 ≥ 1 / (3 * a ^ 2) * (a + a ^ 2 + a ^ 3)

workbook0/lean_workbook_plus_7547.lean:
workbook0/lean_workbook_plus_7547.lean:118:2: error: tactic 'induction' failed, major premise type is not an inductive type 
  a i = 0 → False
case intro.h
n : ℕ
a : Fin n → ℝ
i : Fin n
hi : ↑2 ^ n = 1
h₁ : a i ≠ 0
⊢ ¬n = 0

workbook0/lean_workbook_plus_30586.lean:
workbook0/lean_workbook_plus_30586.lean:107:2: error: tactic 'introN' failed, insufficient number of binders
a : ℕ → ℤ
h : ∀ (n : ℕ), a (n + 1) = a n ^ 3 + 1999
⊢ ∃ k, ∀ (n : ℕ), n ≠ k ∧ a n = a k ^ 2

workbook0/lean_workbook_plus_81683.lean:
workbook0/lean_workbook_plus_81683.lean:107:10: error: invalid constructor ⟨...⟩, expected type must be an inductive type 
  ∀ (a b c : ℝ), 2 * (a ^ 2 + b ^ 2 + c ^ 2) ^ 2 ≥ 27 - 3 * (a ^ 2 * b + b ^ 2 * c + c ^ 2 * a)

workbook0/lean_workbook_plus_76771.lean:
workbook0/lean_workbook_plus_76771.lean:107:9: error: invalid constructor ⟨...⟩, expected type must be an inductive type 
  ∀ (x y a : ℝ),
    12 * (x ^ 2 - x * y + y ^ 2) * a ^ 2 + 3 * (4 * x ^ 3 + 5 * x ^ 2 * y - 9 * x * y ^ 2 + 4 * y ^ 3) * a + 4 * x ^ 4 +
            5 * x ^ 3 * y -
          9 * x * y ^ 3 +
        4 * y ^ 4 ≥
      0

workbook0/lean_workbook_plus_25246.lean:
workbook0/lean_workbook_plus_25246.lean:107:58: error: linarith failed to find a contradiction
case a
a b : ℝ
a✝ : 2 > Real.sqrt 2
⊢ False
failed
workbook0/lean_workbook_plus_25246.lean:105:119: error: unsolved goals
a b : ℝ
⊢ 2 ≤ Real.sqrt 2

workbook0/lean_workbook_plus_20877.lean:
workbook0/lean_workbook_plus_20877.lean:106:2: error: linarith failed to find a contradiction
case a
a b c : ℝ
ha : 0 < a
hb : 0 < b
hc : 0 < c
habc : a * b * c = 1
h : a / (b + 1) + b / (c + 1) + c / (a + 1) = 1
a✝ : a * b * c > 1 / 8
⊢ False
failed

workbook0/lean_workbook_plus_46553.lean:
workbook0/lean_workbook_plus_46553.lean:107:2: error: linarith failed to find a contradiction
case a
a b c : ℝ
ha : 0 < a
hb : 0 < b
hc : 0 < c
habc : a * b * c = 1
hab : a + b + c ≤ 3 / 2
a✝ : 15 / 2 > (((a + b + c) * a + 1) * b + a) * c + a * b
⊢ False
failed

workbook0/lean_workbook_plus_59844.lean:
workbook0/lean_workbook_plus_59844.lean:107:2: error: linarith failed to find a contradiction
case a
a b c : ℝ
ha : 0 < a
hb : 0 < b
hc : 0 < c
habc : a * b * c = 1
a✝ : a ^ 4 + b ^ 4 + (b ^ 4 + c ^ 4) + (c ^ 4 + a ^ 4) + 9 > 4 * (a + b + c)
⊢ False
failed

workbook0/lean_workbook_plus_15360.lean:
workbook0/lean_workbook_plus_15360.lean:106:39: error: unsolved goals
u : ℕ → ℝ
u1 : u 0 = 1 / 2
u2 : u 1 = 3
un : ∀ (n : ℕ), u (n + 2) = (u (n + 1) * u n + 1) / (u (n + 1) + u n)
⊢ ¬?m.585 0

workbook0/lean_workbook_plus_61821.lean:
Try this: ring_nf
workbook0/lean_workbook_plus_61821.lean:105:121: error: unsolved goals
a b c : ℝ
⊢ cos b * cos c * sin a * sin b + cos a * (cos b * sin b) * sin c +
      (cos a * (cos c * (1 - (2⁻¹ + cos (b * 2) / 2))) - (1 - (2⁻¹ + cos (b * 2) / 2)) * sin a * sin c) =
    cos b * cos c * sin a * sin b + cos a * (cos b * sin b) * sin c + (2⁻¹ + cos (b * 2) / 2) * sin a * sin c +
      (cos a * (cos c * (1 - (2⁻¹ + cos (b * 2) / 2))) - sin a * sin c)

workbook0/lean_workbook_plus_33421.lean:
workbook0/lean_workbook_plus_33421.lean:106:2: error: type mismatch
  not_forall_of_exists_not ?m.513
has type
  ¬∀ (x : ?m.511), ?m.512 x : Prop
but is expected to have type
  ∀ (a b : ℝ), a + b ≥ 1 / 2 * (Real.sqrt a + Real.sqrt b) ^ 2 : Prop

workbook0/lean_workbook_plus_40841.lean:
workbook0/lean_workbook_plus_40841.lean:106:16: error: function expected at
  h
term has type
  ∃ a, x = ↑a

workbook0/lean_workbook_plus_61217.lean:
workbook0/lean_workbook_plus_61217.lean:106:2: error: simp made no progress

workbook0/lean_workbook_plus_14398.lean:
workbook0/lean_workbook_plus_14398.lean:105:32: error: unexpected token; expected ':'

workbook0/lean_workbook_plus_14251.lean:
workbook0/lean_workbook_plus_14251.lean:108:10: error: invalid constructor ⟨...⟩, expected type must be an inductive type 
  ∀ (a b c : ℝ), a + b + c = 1 → -(a * b) + (a * b * c * 3 - a * c) + (a ^ 2 * b * 3 - b * c) + b * c ^ 2 * 3 ≥ 0

workbook0/lean_workbook_plus_19750.lean:
workbook0/lean_workbook_plus_19750.lean:107:10: error: invalid constructor ⟨...⟩, expected type must be an inductive type 
  ∀ (x y z : ℤ), x ^ 4 + y ^ 4 ≠ z ^ 2

workbook0/lean_workbook_plus_30300.lean:
workbook0/lean_workbook_plus_30300.lean:107:10: error: invalid constructor ⟨...⟩, expected type must be an inductive type 
  ∀ (a b c : ℝ),
    a > 0 ∧ b > 0 ∧ c > 0 →
      a ^ 2 / (a ^ 2 + a * b + b ^ 2) + b ^ 2 / (b ^ 2 + b * c + c ^ 2) + c ^ 2 / (c ^ 2 + c * a + a ^ 2) ≥
        (a + b + c) / 3

workbook0/lean_workbook_plus_62356.lean:
workbook0/lean_workbook_plus_62356.lean:107:10: error: invalid constructor ⟨...⟩, expected type must be an inductive type 
  ∀ (a b c : ℝ), a * b * c ≥ (4 * (a * b + b * c + c * a) * (a + b + c) - (a + b + c) ^ 3) / 9

workbook0/lean_workbook_plus_77677.lean:
workbook0/lean_workbook_plus_77677.lean:107:8: error: invalid constructor ⟨...⟩, expected type must be an inductive type 
  ∀ (a b c : ℝ), a ^ 2 * b * c ≠ 0 ∧ a * b * c ≠ 0 → b / c ^ 2 + c / a ^ 2 + a / b ^ 2 ≥ 1 / a + 1 / b + 1 / c

workbook0/lean_workbook_plus_58700.lean:
workbook0/lean_workbook_plus_58700.lean:106:2: error: type mismatch
  not_exists.mpr fun x => not_and.mpr fun h₁ h₂ => ?m.446 x h₁ h₂
has type
  ¬∃ x, ?m.431 x ∧ ?m.432 x : Prop
but is expected to have type
  ∃! x, Real.log x = 8 - 2 * x ^ 2 : Prop

workbook0/lean_workbook_plus_43516.lean:
workbook0/lean_workbook_plus_43516.lean:107:10: error: invalid constructor ⟨...⟩, expected type must be an inductive type 
  ∀ (A B C : ℝ), cos A * cos B * cos C + 2 * (cos A ^ 3 + cos B ^ 3 + cos C ^ 3) ≥ 7 / 8

workbook0/lean_workbook_plus_75741.lean:
workbook0/lean_workbook_plus_75741.lean:107:10: error: invalid constructor ⟨...⟩, expected type must be an inductive type 
  ∀ (a b c : ℝ), 27 / (a * b * c) ≤ (a⁻¹ + (b⁻¹ + c⁻¹)) ^ 3

workbook0/lean_workbook_plus_35689.lean:
workbook0/lean_workbook_plus_35689.lean:106:2: error: simp made no progress

workbook0/lean_workbook_plus_80286.lean:
workbook0/lean_workbook_plus_80286.lean:105:32: error: unexpected token; expected ':'

workbook0/lean_workbook_plus_63190.lean:
workbook0/lean_workbook_plus_63190.lean:106:19: error: linarith failed to find a contradiction
a : ℕ → ℝ
h₁ : a 1 + 8 * a 2 + 27 * a 3 + 64 * a 4 = 1
h₂ : 8 * a 1 + 27 * a 2 + 64 * a 3 + 125 * a 4 = 27
h₃ : 27 * a 1 + 64 * a 2 + 125 * a 3 + 216 * a 4 = 125
h₄ : 64 * a 1 + 125 * a 2 + 216 * a 3 + 343 * a 4 = 343
h : ?m.1646
⊢ False
failed
workbook0/lean_workbook_plus_63190.lean:106:2: error: type mismatch
  fun h => ?m.1652 h
has type
  (h : ?m.1646) → ?m.1651 h : Sort (imax ?u.1645 ?u.1648)
but is expected to have type
  a 1 + a 2 + a 3 + a 4 = 27 ∧ 64 * a 1 + 27 * a 2 + 8 * a 3 + a 4 = 343 : Prop

workbook0/lean_workbook_plus_44699.lean:
workbook0/lean_workbook_plus_44699.lean:107:6: error: invalid universe level, ?u.893 is not greater than 0
workbook0/lean_workbook_plus_44699.lean:108:2: error: no goals to be solved

workbook0/lean_workbook_plus_20800.lean:
workbook0/lean_workbook_plus_20800.lean:107:10: error: invalid constructor ⟨...⟩, expected type must be an inductive type 
  ∀ (n : ℕ), (2 * n + 1) ^ (n + 1) ≤ (2 * n + 1)!! * 3 ^ n ∧ (n = 1 ↔ (2 * n + 1) ^ (n + 1) = (2 * n + 1)!! * 3 ^ n)

workbook0/lean_workbook_plus_25007.lean:
workbook0/lean_workbook_plus_25007.lean:106:29: error: invalid field notation, type is not of the form (C ...) where C is a constant
  h
has type
  ?m.811
workbook0/lean_workbook_plus_25007.lean:106:29: error: Argument passed to linarith has metavariables:
  ?m.821
workbook0/lean_workbook_plus_25007.lean:106:2: error: type mismatch
  fun h => ?m.817 h
has type
  (h : ?m.811) → ?m.816 h : Sort (imax ?u.810 ?u.813)
but is expected to have type
  x = 0 ∧ y = 1 : Prop

workbook0/lean_workbook_plus_6779.lean:
workbook0/lean_workbook_plus_6779.lean:105:31: error: unexpected token; expected ':'

workbook0/lean_workbook_plus_55321.lean:
workbook0/lean_workbook_plus_55321.lean:106:2: error: type mismatch
  not_forall_of_exists_not ?m.1868
has type
  ¬∀ (x : ?m.1866), ?m.1867 x : Prop
but is expected to have type
  ∀ (A B C : ℝ), (1 - 1 / sin (A / 2)) ^ 2 * (1 - 1 / sin (B / 2)) ^ 2 * (1 - 1 / sin (C / 2)) ^ 2 > 0 : Prop

workbook0/lean_workbook_plus_72101.lean:
workbook0/lean_workbook_plus_72101.lean:106:20: error: invalid constructor ⟨...⟩, expected type must be an inductive type 
  ?m.600

workbook0/lean_workbook_plus_19348.lean:
workbook0/lean_workbook_plus_19348.lean:107:10: error: invalid constructor ⟨...⟩, expected type must be an inductive type 
  ∀ (p : ℝ), p > 0 ∧ p ≠ 1 → 1 / 27 * ((9 - p) / 2) ^ 2 ≤ 1 / p

workbook0/lean_workbook_plus_64257.lean:
workbook0/lean_workbook_plus_64257.lean:105:232: error: unsolved goals
α β γ : ℂ
h : α ^ 3 - α ^ 2 - 2 * α + 1 = 0
h' : β ^ 3 - β ^ 2 - 2 * β + 1 = 0
h'' : γ ^ 3 - γ ^ 2 - 2 * γ + 1 = 0
⊢ False

workbook0/lean_workbook_plus_31218.lean:
workbook0/lean_workbook_plus_31218.lean:105:119: error: unsolved goals
⊢ False

workbook0/lean_workbook_plus_65573.lean:
workbook0/lean_workbook_plus_65573.lean:107:10: error: invalid constructor ⟨...⟩, expected type must be an inductive type 
  ∀ (a b c x : ℝ), a > 0 ∧ b > 0 ∧ c > 0 → a ^ 4 + b ^ 4 + c ^ 4 = a * b * c * (a + b + c) ↔ a = b ∧ b = c ∧ c = x

workbook0/lean_workbook_plus_82797.lean:
workbook0/lean_workbook_plus_82797.lean:105:95: error: unsolved goals
⊢ False

workbook0/lean_workbook_plus_73423.lean:
workbook0/lean_workbook_plus_73423.lean:110:6: error: tactic 'rewrite' failed, did not find instance of the pattern in the target expression
  ?m.13829 / ?m.13830 < ?m.13831 / ?m.13832
a b c : ℝ
ha : a > 0
hb : b > 0
hc : c > 0
habc : a * b * c = 1
h1 : 0 < a ^ 3
h2 : 0 < b ^ 3
h3 : 0 < c ^ 3
⊢ (((a ^ 3 + 2) * (2 * b ^ 3 + 1) + (b ^ 3 + 2) * (2 * a ^ 3 + 1)) * (2 * c ^ 3 + 1) +
        (c ^ 3 + 2) * ((2 * a ^ 3 + 1) * (2 * b ^ 3 + 1))) /
      ((2 * a ^ 3 + 1) * (2 * b ^ 3 + 1) * (2 * c ^ 3 + 1)) ≤
    1 / 3

workbook0/lean_workbook_plus_80383.lean:
workbook0/lean_workbook_plus_80383.lean:105:212: error: unsolved goals
x : ℕ → ℝ
hx : x 0 = 25 ∧ x 1 = 11
hx' : ∀ (n : ℕ), x (n + 2) = 20 * x (n + 1) / 14 * x n
⊢ False

workbook0/lean_workbook_plus_69153.lean:
workbook0/lean_workbook_plus_69153.lean:111:2: error: linarith failed to find a contradiction
case h2.h
x y : ℝ
g : ℝ → ℝ
h₀ : g 0 = 1
h₁ : ∀ (x : ℝ), g (x ^ 2 / 2) = g x ^ 2 / 2 + 1 / 2
h₂ : ∀ (x y : ℝ), g ((x ^ 2 + y ^ 2) / 2) = g (x ^ 2 / 2) + g (y ^ 2 / 2) - 1
a✝ : g x ^ 2 / 2 + g y ^ 2 / 2 - 1 < g ((x ^ 2 + y ^ 2) / 2)
⊢ False
failed

workbook0/lean_workbook_plus_10699.lean:
workbook0/lean_workbook_plus_10699.lean:105:32: error: unexpected token '∀'; expected ':'

workbook0/lean_workbook_plus_78104.lean:
workbook0/lean_workbook_plus_78104.lean:107:10: error: invalid constructor ⟨...⟩, expected type must be an inductive type 
  ∀ (a b c : ℝ), (6 - (a ^ 2 + b ^ 2 + c ^ 2)) ^ 2 ≤ 24 - 5 * (a ^ 2 + b ^ 2 + c ^ 2)

workbook0/lean_workbook_plus_21020.lean:
workbook0/lean_workbook_plus_21020.lean:107:14: error: invalid field notation, type is not of the form (C ...) where C is a constant
  h₁
has type
  X = 2 * (1 + Real.sqrt 3) → Y ≠ 2 * (-1 - Real.sqrt 3)

workbook0/lean_workbook_plus_75391.lean:
workbook0/lean_workbook_plus_75391.lean:105:34: error: unexpected token; expected '_' or identifier

workbook0/lean_workbook_plus_48170.lean:
workbook0/lean_workbook_plus_48170.lean:106:2: error: tactic 'decide' proved that the proposition
  ∑ r in Finset.Icc 1 5, choose 20 (2 * r - 1) = 1024
is false

workbook0/lean_workbook_plus_28800.lean:
workbook0/lean_workbook_plus_28800.lean:107:12: error: invalid field notation, type is not of the form (C ...) where C is a constant
  h₁
has type
  x = 1 → y ≠ 1 / 2

workbook0/lean_workbook_plus_46517.lean:
workbook0/lean_workbook_plus_46517.lean:106:2: error: simp made no progress

workbook0/lean_workbook_plus_64710.lean:
workbook0/lean_workbook_plus_64710.lean:105:184: error: unsolved goals
a b c : ℝ
ha : a ^ 3 - 3 * a ^ 2 - 5 * a - 1 = 0
hb : b ^ 3 - 3 * b ^ 2 - 5 * b - 1 = 0
hc : c ^ 3 - 3 * c ^ 2 - 5 * c - 1 = 0
⊢ False

workbook0/lean_workbook_plus_41068.lean:
workbook0/lean_workbook_plus_41068.lean:105:172: error: unsolved goals
n : ℕ
hn : 2 ≤ n
⊢ False

workbook0/lean_workbook_plus_62328.lean:
workbook0/lean_workbook_plus_62328.lean:107:10: error: invalid constructor ⟨...⟩, expected type must be an inductive type 
  ∀ (n : ℕ), ∑ k in Finset.filter (fun k => k ∣ n) (Finset.Icc 1 n), k = ∑ m in Finset.Icc 1 n, n / m * m

workbook0/lean_workbook_plus_40667.lean:
workbook0/lean_workbook_plus_40667.lean:105:127: error: unsolved goals
a b : ℝ
⊢ False

workbook0/lean_workbook_plus_25060.lean:
workbook0/lean_workbook_plus_25060.lean:106:2: warning: aesop: failed to prove the goal after exhaustive search.
workbook0/lean_workbook_plus_25060.lean:105:118: error: unsolved goals
case left.left
k : ℕ
⊢ 1 ≤ k

case left.right
k : ℕ
⊢ k ≤ 49

case right.left.h
⊢ False

case right.right.left.h
⊢ False

case right.right.right.left.h
⊢ False

case right.right.right.right.h
⊢ False

workbook0/lean_workbook_plus_7442.lean:
workbook0/lean_workbook_plus_7442.lean:111:18: warning: aesop: failed to prove the goal after exhaustive search.
workbook0/lean_workbook_plus_7442.lean:112:64: error: unknown identifier 'a_1'

workbook0/lean_workbook_plus_72456.lean:
workbook0/lean_workbook_plus_72456.lean:107:10: error: invalid constructor ⟨...⟩, expected type must be an inductive type 
  ∀ (a b c d : ℤ), a ^ 2 + b ^ 2 + c ^ 2 ≠ 7 * d ^ 2

workbook0/lean_workbook_plus_80262.lean:
workbook0/lean_workbook_plus_80262.lean:107:22: error: linarith failed to find a contradiction
xy : ℕ
f : ℕ → ℕ
hf : ∀ (x y : ℕ), f (xy + 1) = x * f y + 2012
x : ℕ
hx : ?m.3125 x
⊢ False
failed
workbook0/lean_workbook_plus_80262.lean:107:2: error: type mismatch
  fun x hx => ?m.3127 x hx
has type
  (x : ℕ) → (hx : ?m.3125 x) → ?m.3126 x hx : Sort (imax 1 ?u.3119 ?u.3122)
but is expected to have type
  0 < ∑ i in Finset.range 2012, f i ^ 3 : Prop

workbook0/lean_workbook_plus_20072.lean:
workbook0/lean_workbook_plus_20072.lean:106:2: error: type mismatch
  not_forall.mpr (Exists.intro 1 fun h => ?m.27536 h)
has type
  ¬∀ (x : ℕ), ?m.27503 x : Prop
but is expected to have type
  ∀ (x y z : ℝ),
    (x ^ 3 * y + y ^ 3 * z + z ^ 3 * x) ^ 2 ≥
        (x ^ 3 * y + y ^ 3 * z + z ^ 3 * x) * (x * y ^ 3 + y * z ^ 3 + z * x ^ 3) ∧
      (x ^ 3 * y + y ^ 3 * z + z ^ 3 * x) * (x * y ^ 3 + y * z ^ 3 + z * x ^ 3) ≥
        (x ^ 2 * y ^ 2 + y ^ 2 * z ^ 2 + z ^ 2 * x ^ 2) ^ 2 : Prop

workbook0/lean_workbook_plus_58875.lean:
workbook0/lean_workbook_plus_58875.lean:106:19: error: simp made no progress

workbook0/lean_workbook_plus_57173.lean:
workbook0/lean_workbook_plus_57173.lean:106:2: error: type mismatch
  not_forall.mpr (Exists.intro (-1) fun h => ?m.2327 h)
has type
  ¬∀ (x : ℤ), ?m.2198 x : Prop
but is expected to have type
  ∀ (a b c d : ℝ),
    a ^ 2 + b ^ 2 + c ^ 2 + d ^ 2 + a * b * c * d + 1 ≥ a * b + a * c + a * d + b * c + b * d + c * d : Prop

workbook0/lean_workbook_plus_8013.lean:
workbook0/lean_workbook_plus_8013.lean:107:10: error: invalid constructor ⟨...⟩, expected type must be an inductive type 
  ∀ (a b c d : ℝ), a ^ 4 + b ^ 4 + c ^ 4 + d ^ 4 ≥ 4 * a * b * c * d + 2 * (a - b) * (b - c) * (c - d) * (d - a)

workbook0/lean_workbook_plus_71647.lean:
workbook0/lean_workbook_plus_71647.lean:107:15: error: unsolved goals
f : ℝ → ℝ
hf : f (-1) ≠ 1
⊢ ¬f (-1) + 2 * f (-1) = -3

workbook0/lean_workbook_plus_62770.lean:
workbook0/lean_workbook_plus_62770.lean:107:10: error: invalid constructor ⟨...⟩, expected type must be an inductive type 
  ∀ (a b c : ℝ),
    a ^ 3 + b ^ 3 + c ^ 3 + 3 * a * b * c ≥ a ^ 2 * b + b ^ 2 * a + c ^ 2 * b + b * c ^ 2 + c ^ 2 * a + a * c ^ 2

workbook0/lean_workbook_plus_9938.lean:
workbook0/lean_workbook_plus_9938.lean:107:10: error: invalid constructor ⟨...⟩, expected type must be an inductive type 
  ∀ (a b c : ℝ), 2 * (a ^ 3 + b ^ 3 + c ^ 3) + 4 * (a * b + b * c + c * a) + a * b * c ≥ 19

workbook0/lean_workbook_plus_43460.lean:
workbook0/lean_workbook_plus_43460.lean:107:10: error: invalid constructor ⟨...⟩, expected type must be an inductive type 
  ∀ (a b c : ℝ), 4 * (a ^ 2 * b + b ^ 2 * c + c ^ 2 * a + a * b * c) ≤ 16 / 27 * (a + b + c) ^ 3

workbook0/lean_workbook_plus_74358.lean:
workbook0/lean_workbook_plus_74358.lean:112:9: error: invalid constructor ⟨...⟩, expected type must be an inductive type 
  ∀ (a b c R s : ℝ),
    a > 0 ∧ b > 0 ∧ c > 0 ∧ R > 0 ∧ s > 0 →
      Real.sqrt (a ^ 3 * b ^ 3 / (b + c - a) / (c + a - b)) + Real.sqrt (b ^ 3 * c ^ 3 / (c + a - b) / (a + b - c)) +
          Real.sqrt (a ^ 3 * c ^ 3 / (a + b - c) / (b + c - a)) ≥
        2 * R * Real.sqrt 3 * s
workbook0/lean_workbook_plus_74358.lean:113:2: error: no goals to be solved

workbook0/lean_workbook_plus_9641.lean:
workbook0/lean_workbook_plus_9641.lean:106:2: error: simp made no progress

workbook0/lean_workbook_plus_40555.lean:
workbook0/lean_workbook_plus_40555.lean:107:6: error: tactic 'rewrite' failed, did not find instance of the pattern in the target expression
  ?m.7652 / ?m.7653 < ?m.7651
a b c : ℝ
ha : 0 < a
hb : 0 < b
hc : 0 < c
habc : a + b + c + 2 = a * b * c
⊢ 4 * (a + b + c) ≤ ((b + a) * c + a * b) / (a * b * c)

workbook0/lean_workbook_plus_12173.lean:
workbook0/lean_workbook_plus_12173.lean:108:21: error: unsolved goals
p : ℕ → ℚ
h₀ : p 1 = 1
h₁ : ∀ (n : ℕ), p (n + 1) = 2 * p n / (↑n + 1)
⊢ False

workbook0/lean_workbook_plus_68020.lean:
workbook0/lean_workbook_plus_68020.lean:109:2: warning: aesop: failed to prove the goal. Some goals were not explored because the maximum rule application depth (30) was reached. Set option 'maxRuleApplicationDepth' to increase the limit.
workbook0/lean_workbook_plus_68020.lean:105:185: error: unsolved goals
case h
n! : ℕ
T : ℕ → ℕ
h₁ : T 0 = 1
h₂ : T 1 = 1
w : ℕ
h : ¬T w = n!
a : T 2 = 2
⊢ False

workbook0/lean_workbook_plus_50645.lean:
workbook0/lean_workbook_plus_50645.lean:112:41: error: linarith failed to find a contradiction
case h
x : ℝ
hx : x ≠ 4 ∧ x ≠ 5
h1 : x ^ 3 + (-(x ^ 2 * 9) + x * 20) ≠ x ^ 3 * 4 + (-(x ^ 2 * 51) + (x * 215 + -300))
h2 : x ^ 2 - x - 6 = (x - 3) * (x + 2)
a✝ : x - 3 = 0
⊢ False
failed
workbook0/lean_workbook_plus_50645.lean:112:68: error: linarith failed to find a contradiction
case h
x : ℝ
hx : x ≠ 4 ∧ x ≠ 5
h1 : x ^ 3 + (-(x ^ 2 * 9) + x * 20) ≠ x ^ 3 * 4 + (-(x ^ 2 * 51) + (x * 215 + -300))
h2 : x ^ 2 - x - 6 = (x - 3) * (x + 2)
a✝ : x + 2 = 0
⊢ False
failed
workbook0/lean_workbook_plus_50645.lean:118:2: error: linarith failed to find a contradiction
case h1.h
x : ℝ
hx : x ≠ 4 ∧ x ≠ 5
h1 : x ^ 3 + (-(x ^ 2 * 9) + x * 20) ≠ x ^ 3 * 4 + (-(x ^ 2 * 51) + (x * 215 + -300))
h2 : x ^ 2 - x - 6 = (x - 3) * (x + 2)
h3 : x - 3 ≠ 0 ∧ x + 2 ≠ 0
h4 : x ≠ 4
h5 : x - 4 ≠ 0
h6 : x ≠ 5
h7 : x - 5 ≠ 0
a✝ : (x - 5) * x < (x - 5) * 4
⊢ False
failed

workbook0/lean_workbook_plus_15262.lean:
workbook0/lean_workbook_plus_15262.lean:106:20: error: invalid constructor ⟨...⟩, expected type must be an inductive type 
  ?m.2977

workbook0/lean_workbook_plus_16821.lean:
workbook0/lean_workbook_plus_16821.lean:107:10: error: invalid constructor ⟨...⟩, expected type must be an inductive type 
  ∀ (x y z : ℤ), 2 * x * z = y ^ 2 → x + z ≠ 997

workbook0/lean_workbook_plus_41129.lean:
workbook0/lean_workbook_plus_41129.lean:106:27: error: unsolved goals
⊢ ¬?m.1691 0

workbook0/lean_workbook_plus_77699.lean:
workbook0/lean_workbook_plus_77699.lean:107:16: error: invalid field notation, type is not of the form (C ...) where C is a constant
  h₂
has type
  b = 3 → c ≠ 7

workbook0/lean_workbook_plus_44352.lean:
workbook0/lean_workbook_plus_44352.lean:108:2: error: aesop: error in norm simp: tactic 'simp' failed, nested error:
maximum recursion depth has been reached (use `set_option maxRecDepth <num>` to increase limit)

workbook0/lean_workbook_plus_66470.lean:
workbook0/lean_workbook_plus_66470.lean:107:10: error: invalid constructor ⟨...⟩, expected type must be an inductive type 
  ∀ (x y z : ℝ),
    y ^ 2 * x * z / (y + x) ^ 2 * (x * y + z ^ 2) + z ^ 2 * x * y / (y + z) ^ 2 * (z * y + x ^ 2) +
        x ^ 2 * y * z / (z + x) ^ 2 * (x * z + y ^ 2) ≤
      3 / 8

workbook0/lean_workbook_plus_3749.lean:
workbook0/lean_workbook_plus_3749.lean:105:130: error: unsolved goals
⊢ False

workbook0/lean_workbook_plus_10279.lean:
workbook0/lean_workbook_plus_10279.lean:106:2: error: simp made no progress

workbook0/lean_workbook_plus_66340.lean:
workbook0/lean_workbook_plus_66340.lean:107:25: error: linarith failed to find a contradiction
case h1.h
x y z : ℤ
h₁ : x + y + z = 96
h₂ : x = 6 * z
h₃ : z = y - 40
a✝ : -(6 * (y - 40) - y) < 64
⊢ False
failed
workbook0/lean_workbook_plus_66340.lean:105:123: error: unsolved goals
x y z : ℤ
h₁ : x + y + z = 96
h₂ : x = 6 * z
h₃ : z = y - 40
⊢ -(6 * (y - 40) - y) = 64

workbook0/lean_workbook_plus_63162.lean:
workbook0/lean_workbook_plus_63162.lean:107:2: warning: aesop: failed to prove the goal after exhaustive search.
workbook0/lean_workbook_plus_63162.lean:105:215: error: unsolved goals
n : ℕ
⊢ False

workbook0/lean_workbook_plus_24191.lean:
workbook0/lean_workbook_plus_24191.lean:105:205: error: unsolved goals
a b k : ℝ
h₁ : 0 < k
h₂ : k = (a + Real.sqrt (a ^ 2 + 1)) * (b + Real.sqrt (b ^ 2 + 1))
⊢ a + a * Real.sqrt (1 + a ^ 2) * b + a * Real.sqrt (1 + a ^ 2) * Real.sqrt (1 + b ^ 2) +
                  a * b * Real.sqrt (1 + b ^ 2) +
                a * b ^ 2 +
              a ^ 2 * b +
            a ^ 2 * Real.sqrt (1 + b ^ 2) +
          Real.sqrt (1 + a ^ 2) * b * Real.sqrt (1 + b ^ 2) +
        Real.sqrt (1 + a ^ 2) * b ^ 2 +
      b =
    a * Real.sqrt (1 + a ^ 2) * b + a * Real.sqrt (1 + a ^ 2) * Real.sqrt (1 + b ^ 2) + a * b * Real.sqrt (1 + b ^ 2) +
              (a * (1 + b ^ 2) - Real.sqrt (1 + a ^ 2)) +
            Real.sqrt (1 + a ^ 2) * b * Real.sqrt (1 + b ^ 2) +
          Real.sqrt (1 + a ^ 2) * (1 + b ^ 2) +
        (1 + a ^ 2) * b +
      ((1 + a ^ 2) * Real.sqrt (1 + b ^ 2) - Real.sqrt (1 + b ^ 2))

workbook0/lean_workbook_plus_50799.lean:
workbook0/lean_workbook_plus_50799.lean:107:10: error: invalid constructor ⟨...⟩, expected type must be an inductive type 
  ∀ (x : ℚ), ¬1 + 1 = ↑x

workbook0/lean_workbook_plus_75045.lean:
workbook0/lean_workbook_plus_75045.lean:106:2: error: simp made no progress

workbook0/lean_workbook_plus_20220.lean:
workbook0/lean_workbook_plus_20220.lean:107:10: error: invalid constructor ⟨...⟩, expected type must be an inductive type 
  ∀ (n : ℝ), 1 / (1000 + n) + 1 / (3002 - n) = 4002 / (3002000 + 2002 * n - n ^ 2)

workbook0/lean_workbook_plus_78466.lean:
workbook0/lean_workbook_plus_78466.lean:107:9: error: invalid constructor ⟨...⟩, expected type must be an inductive type 
  ∀ (a b c : ℝ),
    a ≥ 0 ∧ b ≥ 0 ∧ c ≥ 0 ∧ a * b + b * c + c * a = 3 →
      Real.sqrt a ^ 2 + b ^ 2 + Real.sqrt b ^ 2 + c ^ 2 + Real.sqrt c ^ 2 + a ^ 2 ≤
        Real.sqrt 2 * (2 - a * b * c) * (a + b + c)
workbook0/lean_workbook_plus_78466.lean:108:2: error: no goals to be solved

workbook0/lean_workbook_plus_6726.lean:
workbook0/lean_workbook_plus_6726.lean:106:2: error: simp made no progress

workbook0/lean_workbook_plus_14852.lean:
workbook0/lean_workbook_plus_14852.lean:106:2: error: simp made no progress

workbook0/lean_workbook_plus_20903.lean:
workbook0/lean_workbook_plus_20903.lean:106:110: error: unsolved goals
n : ℕ
⊢ False

workbook0/lean_workbook_plus_7811.lean:
workbook0/lean_workbook_plus_7811.lean:106:40: error: unsolved goals
⊢ ¬?m.7446 (-1)

workbook0/lean_workbook_plus_33095.lean:
workbook0/lean_workbook_plus_33095.lean:111:17: error: rcases tactic failed: left✝ : x = -((-31 + ↑(Real.sqrt (-7103))) / 112) → False is not an inductive datatype

workbook0/lean_workbook_plus_78126.lean:
workbook0/lean_workbook_plus_78126.lean:105:43: error: unexpected token; expected ':'

workbook0/lean_workbook_plus_27665.lean:
workbook0/lean_workbook_plus_27665.lean:106:2: error: tactic 'introN' failed, insufficient number of binders
x y z : ℤ
h1 : x ^ 2 + 1 = 2 * y ^ 2
h2 : 2 * x ^ 2 + 1 = 3 * z ^ 2
⊢ x = 0 ∧ y = 1 ∧ z = 1 ∨ x = 0 ∧ y = -1 ∧ z = -1 ∨ x = 1 ∧ y = 0 ∧ z = -1 ∨ x = -1 ∧ y = 0 ∧ z = 1

workbook0/lean_workbook_plus_77288.lean:
workbook0/lean_workbook_plus_77288.lean:105:75: error: unsolved goals
⊢ False

workbook0/lean_workbook_plus_50967.lean:
workbook0/lean_workbook_plus_50967.lean:105:112: error: unsolved goals
f : ℝ → ℝ
hf : f = fun x => -1
⊢ 1 < 0

workbook0/lean_workbook_plus_61310.lean:
workbook0/lean_workbook_plus_61310.lean:107:10: error: invalid constructor ⟨...⟩, expected type must be an inductive type 
  m✝ > n✝ → (1 + 1 / m✝) ^ m✝ > (1 + 1 / n✝) ^ n✝

workbook0/lean_workbook_plus_41118.lean:
workbook0/lean_workbook_plus_41118.lean:105:32: error: unexpected token; expected ':'

workbook0/lean_workbook_plus_58694.lean:
workbook0/lean_workbook_plus_58694.lean:106:2: error: tactic 'introN' failed, insufficient number of binders
⊢ ∃ n, ¬∃ k, n ^ 2 + 1 ≡ 0 [ZMOD 4 * k + 3]

workbook0/lean_workbook_plus_36012.lean:
workbook0/lean_workbook_plus_36012.lean:105:177: error: unsolved goals
a b c : ℝ
ha : 0 ≤ a
hb : 0 ≤ b
hc : 0 ≤ c
habc : a + b + c = 1
⊢ False

workbook0/lean_workbook_plus_67347.lean:
workbook0/lean_workbook_plus_67347.lean:106:2: error: type mismatch
  not_forall.mpr (Exists.intro 1 fun h => ?m.567 h)
has type
  ¬∀ (x : ℕ), ?m.534 x : Prop
but is expected to have type
  ∀ (x y z : ℝ), 8 * (x * y + x * z + y * z) * (x + y + z) ≤ 9 * (x + y) * (x + z) * (y + z) : Prop

workbook0/lean_workbook_plus_68471.lean:
workbook0/lean_workbook_plus_68471.lean:105:41: error: unexpected token ')'; expected ':=', 'where' or '|'

workbook0/lean_workbook_plus_47535.lean:
workbook0/lean_workbook_plus_47535.lean:110:2: error: linarith failed to find a contradiction
case h1.h
x y z : ℝ
h₀ : x + y + z = 2 * x
h₁ : y + z = 2 * y
h₂ : z + x = 2 * z
a✝ : x + y + z < 3
⊢ False
failed

workbook0/lean_workbook_plus_172.lean:
workbook0/lean_workbook_plus_172.lean:107:10: error: invalid constructor ⟨...⟩, expected type must be an inductive type 
  ∀ (a b c : ℝ),
    (2 * a ^ 2 - b * c) / (b ^ 2 - b * c + c ^ 2) + (2 * b ^ 2 - a * c) / (a ^ 2 - a * c + c ^ 2) +
        (2 * c ^ 2 - a * b) / (a ^ 2 - a * b + b ^ 2) ≥
      3

workbook0/lean_workbook_plus_79289.lean:
workbook0/lean_workbook_plus_79289.lean:106:53: error: unsolved goals
⊢ False

workbook0/lean_workbook_plus_22136.lean:
workbook0/lean_workbook_plus_22136.lean:107:16: error: typeclass instance problem is stuck, it is often due to metavariables
  Preorder ?m.3717

workbook0/lean_workbook_plus_25419.lean:
workbook0/lean_workbook_plus_25419.lean:106:59: error: unsolved goals
⊢ ∑ k in Finset.range 20, choose 19 k = 2 ^ 18

workbook0/lean_workbook_plus_40067.lean:
workbook0/lean_workbook_plus_40067.lean:107:10: error: invalid constructor ⟨...⟩, expected type must be an inductive type 
  ∀ (a b : ℝ), ⌊2 * a + 2 * b⌋ ≥ ⌊a + b⌋
workbook0/lean_workbook_plus_40067.lean:108:2: error: no goals to be solved

workbook0/lean_workbook_plus_34683.lean:
workbook0/lean_workbook_plus_34683.lean:107:10: error: invalid constructor ⟨...⟩, expected type must be an inductive type 
  ∀ (x y z : ℝ),
    2 * x * y + 2 * x * z + 2 * y * z ≤
      (z + x * y) * (x + y * z) / (z + x) + (y + x * z) * (x + y * z) / (x + y) + (z + x * y) * (y + x * z) / (y + z)

workbook0/lean_workbook_plus_71001.lean:
workbook0/lean_workbook_plus_71001.lean:105:32: error: unexpected token; expected ':'

workbook0/lean_workbook_plus_76275.lean:
workbook0/lean_workbook_plus_76275.lean:105:34: error: unexpected token; expected '_' or identifier

workbook0/lean_workbook_plus_43443.lean:
workbook0/lean_workbook_plus_43443.lean:109:2: error: linarith failed to find a contradiction
case h1.h
a b : ℤ
h₀ : 0 < a ∧ 0 < b
h₁ : (101 + a) ^ 2 = 201 * a + b
a✝ : 101 ^ 2 + 202 * a + a ^ 2 < 804 * a + 4 * b
⊢ False
failed

workbook0/lean_workbook_plus_21312.lean:
workbook0/lean_workbook_plus_21312.lean:107:10: error: invalid constructor ⟨...⟩, expected type must be an inductive type 
  ∀ (a b c : ℤ), (a - b) * (b - c) * (c - a) = (b - c) * (c - a) + (c - a) * (a - b) + (a - b) * (b - c)

workbook0/lean_workbook_plus_43296.lean:
workbook0/lean_workbook_plus_43296.lean:105:39: error: unexpected token ')'; expected ':=', 'where' or '|'

workbook0/lean_workbook_plus_77095.lean:
workbook0/lean_workbook_plus_77095.lean:108:6: error: tactic 'rewrite' failed, did not find instance of the pattern in the target expression
  ?m.11085 < ?m.11086 / ?m.11087
a b c : ℝ
hab : a + b + c = 3
ha : 0 < a
hb : 0 < b
hc : 0 < c
⊢ 18 / (a * b + b * c + c * a) ≤ 1 + 1 + 1

workbook0/lean_workbook_plus_19664.lean:
workbook0/lean_workbook_plus_19664.lean:107:10: error: invalid constructor ⟨...⟩, expected type must be an inductive type 
  ∀ (f : ℤ → ℤ), (∀ (m n : ℤ), f (m + n) = f m + f n) → (∀ (m : ℤ), f m = m) ∨ ∀ (m : ℤ), f m = -m

workbook0/lean_workbook_plus_36105.lean:
workbook0/lean_workbook_plus_36105.lean:107:10: error: invalid constructor ⟨...⟩, expected type must be an inductive type 
  ∀ (x y z : ℝ),
    (x ^ 2 - x + 1) / (x ^ 2 + y ^ 2 + 1) + (y ^ 2 - y + 1) / (y ^ 2 + z ^ 2 + 1) +
        (z ^ 2 - z + 1) / (z ^ 2 + x ^ 2 + 1) <
      3

workbook0/lean_workbook_plus_81953.lean:
workbook0/lean_workbook_plus_81953.lean:105:122: error: unsolved goals
f : ℂ → ℂ
hf : f = fun z => z ^ 28 - z ^ 8 - 1
⊢ False

workbook0/lean_workbook_plus_13798.lean:
workbook0/lean_workbook_plus_13798.lean:107:10: error: invalid constructor ⟨...⟩, expected type must be an inductive type 
  ∀ (n : ℕ), 3 < n → 1 + (2 - 1 / n) ^ n < (2 - 1 / (n + 1)) ^ n

workbook0/lean_workbook_plus_59249.lean:
workbook0/lean_workbook_plus_59249.lean:106:2: error: simp made no progress

workbook0/lean_workbook_plus_32832.lean:
workbook0/lean_workbook_plus_32832.lean:106:2: error: tactic 'introN' failed, insufficient number of binders
⊢ ∃ a, a 1 = 1 ∧ ∀ (n : ℕ), a (n + 1) * a n = ↑n ∧ a n = ↑(n - 1)!! / ↑(n - 2)!!

workbook0/lean_workbook_plus_22922.lean:
workbook0/lean_workbook_plus_22922.lean:105:45: error: unexpected token '!['; expected '_' or identifier

workbook0/lean_workbook_plus_32051.lean:
workbook0/lean_workbook_plus_32051.lean:105:32: error: unexpected token '∀'; expected ':'

workbook0/lean_workbook_plus_70309.lean:
workbook0/lean_workbook_plus_70309.lean:106:2: error: type mismatch
  not_forall_of_exists_not ?m.62
has type
  ¬∀ (x : ?m.60), ?m.61 x : Prop
but is expected to have type
  ∀ (x : ℝ), x * cos x = sin x : Prop

workbook0/lean_workbook_plus_59015.lean:
workbook0/lean_workbook_plus_59015.lean:107:10: error: invalid constructor ⟨...⟩, expected type must be an inductive type 
  ∀ (x : ℕ), 1 ≤ x → x ≤ p ^ n → Coprime x (p ^ n) → x = 0
workbook0/lean_workbook_plus_59015.lean:108:2: error: no goals to be solved

workbook0/lean_workbook_plus_7693.lean:
workbook0/lean_workbook_plus_7693.lean:106:2: error: linarith failed to find a contradiction
case h1.h
a b c d : ℝ
h₁ : a * 0 ^ 3 + b * 0 ^ 2 + c * 0 + d = 1
h₂ : a * 1 ^ 3 + b * 1 ^ 2 + c * 1 + d = 2
h₃ : a * 2 ^ 3 + b * 2 ^ 2 + c * 2 + d = 4
h₄ : a * 3 ^ 3 + b * 3 ^ 2 + c * 3 + d = 8
a✝ : a * 4 ^ 3 + b * 4 ^ 2 + c * 4 + d < 16
⊢ False
failed

workbook0/lean_workbook_plus_45566.lean:
workbook0/lean_workbook_plus_45566.lean:106:2: error: tactic 'introN' failed, insufficient number of binders
p : ℕ
k : ℤ
h₁ : ↑p = 4 * k + 1
h₂ : ∃ x y, x ^ 2 - ↑p * y ^ 2 = -1
⊢ ∃ x y, x ^ 2 - ↑p * y ^ 2 = -1 ∧ x ^ 2 + ↑p * y ^ 2 = 1 + (x + ↑p * y) ^ 2

workbook0/lean_workbook_plus_45354.lean:
workbook0/lean_workbook_plus_45354.lean:107:10: error: invalid constructor ⟨...⟩, expected type must be an inductive type 
  ∀ (a b c : ℝ),
    (b ^ 2 + c ^ 2 + a ^ 2 + c ^ 2 + a ^ 2 + b ^ 2) * (a ^ 2 + 1) ^ 2 / (b ^ 2 + c ^ 2) +
          (b ^ 2 + 1) ^ 2 / (a ^ 2 + c ^ 2) +
        (c ^ 2 + 1) ^ 2 / (a ^ 2 + b ^ 2) ≥
      (a ^ 2 + 1 + b ^ 2 + 1 + c ^ 2 + 1) ^ 2

workbook0/lean_workbook_plus_71690.lean:
workbook0/lean_workbook_plus_71690.lean:106:2: error: type mismatch
  h2
has type
  d ≠ 4 : Prop
but is expected to have type
  d = 4 : Prop

workbook0/lean_workbook_plus_14676.lean:
Try this: ring_nf
workbook0/lean_workbook_plus_14676.lean:105:122: error: unsolved goals
x y z : ℝ
⊢ sin x * cos y * sin y * cos z + sin x * cos y ^ 2 * sin z =
    sin x * cos y * sin y * cos z - sin x * (1 - cos y ^ 2) * sin z + sin x * sin z

workbook0/lean_workbook_plus_7286.lean:
workbook0/lean_workbook_plus_7286.lean:106:27: error: unsolved goals
⊢ ¬?m.101 2

workbook0/lean_workbook_plus_39979.lean:
workbook0/lean_workbook_plus_39979.lean:110:6: error: tactic 'rewrite' failed, did not find instance of the pattern in the target expression
  ?m.24000 / ?m.24001 < ?m.24002 / ?m.24003
a b c : ℝ
ha : 0 < a
hb : 0 < b
hc : 0 < c
habc : a * b * c = 1
h : a ^ 4 + b ^ 4 + c ^ 4 = 1
h1 : 0 < a ^ 2 * b ^ 2 * c ^ 2
h2 : 0 ≤ (a ^ 2 - b ^ 2) ^ 2
⊢ (1 + Real.sqrt 3)⁻¹ * 9 ≤
    a * b * c ^ 2 *
                        (a ^ 2 * b ^ 2 * c ^ 2 + a ^ 2 * b ^ 3 * c ^ 3 + a ^ 3 * b ^ 2 * c ^ 3 + a ^ 3 * b ^ 3 * c ^ 2 +
                                  a ^ 3 * b ^ 3 * c ^ 4 +
                                a ^ 3 * b ^ 4 * c ^ 3 +
                              a ^ 4 * b ^ 3 * c ^ 3 +
                            a ^ 4 * b ^ 4 * c ^ 4)⁻¹ +
                      a * b ^ 2 * c *
                        (a ^ 2 * b ^ 2 * c ^ 2 + a ^ 2 * b ^ 3 * c ^ 3 + a ^ 3 * b ^ 2 * c ^ 3 + a ^ 3 * b ^ 3 * c ^ 2 +
                                  a ^ 3 * b ^ 3 * c ^ 4 +
                                a ^ 3 * b ^ 4 * c ^ 3 +
                              a ^ 4 * b ^ 3 * c ^ 3 +
                            a ^ 4 * b ^ 4 * c ^ 4)⁻¹ +
                    a * b ^ 2 * c ^ 3 *
                      (a ^ 2 * b ^ 2 * c ^ 2 + a ^ 2 * b ^ 3 * c ^ 3 + a ^ 3 * b ^ 2 * c ^ 3 + a ^ 3 * b ^ 3 * c ^ 2 +
                                a ^ 3 * b ^ 3 * c ^ 4 +
                              a ^ 3 * b ^ 4 * c ^ 3 +
                            a ^ 4 * b ^ 3 * c ^ 3 +
                          a ^ 4 * b ^ 4 * c ^ 4)⁻¹ +
                  a ^ 2 * b * c *
                    (a ^ 2 * b ^ 2 * c ^ 2 + a ^ 2 * b ^ 3 * c ^ 3 + a ^ 3 * b ^ 2 * c ^ 3 + a ^ 3 * b ^ 3 * c ^ 2 +
                              a ^ 3 * b ^ 3 * c ^ 4 +
                            a ^ 3 * b ^ 4 * c ^ 3 +
                          a ^ 4 * b ^ 3 * c ^ 3 +
                        a ^ 4 * b ^ 4 * c ^ 4)⁻¹ +
                a ^ 2 * b ^ 2 * c ^ 2 *
                    (a ^ 2 * b ^ 2 * c ^ 2 + a ^ 2 * b ^ 3 * c ^ 3 + a ^ 3 * b ^ 2 * c ^ 3 + a ^ 3 * b ^ 3 * c ^ 2 +
                              a ^ 3 * b ^ 3 * c ^ 4 +
                            a ^ 3 * b ^ 4 * c ^ 3 +
                          a ^ 4 * b ^ 3 * c ^ 3 +
                        a ^ 4 * b ^ 4 * c ^ 4)⁻¹ *
                  3 +
              a ^ 2 * b ^ 3 * c *
                (a ^ 2 * b ^ 2 * c ^ 2 + a ^ 2 * b ^ 3 * c ^ 3 + a ^ 3 * b ^ 2 * c ^ 3 + a ^ 3 * b ^ 3 * c ^ 2 +
                          a ^ 3 * b ^ 3 * c ^ 4 +
                        a ^ 3 * b ^ 4 * c ^ 3 +
                      a ^ 4 * b ^ 3 * c ^ 3 +
                    a ^ 4 * b ^ 4 * c ^ 4)⁻¹ +
            a ^ 2 * b ^ 3 * c ^ 3 *
              (a ^ 2 * b ^ 2 * c ^ 2 + a ^ 2 * b ^ 3 * c ^ 3 + a ^ 3 * b ^ 2 * c ^ 3 + a ^ 3 * b ^ 3 * c ^ 2 +
                        a ^ 3 * b ^ 3 * c ^ 4 +
                      a ^ 3 * b ^ 4 * c ^ 3 +
                    a ^ 4 * b ^ 3 * c ^ 3 +
                  a ^ 4 * b ^ 4 * c ^ 4)⁻¹ +
          a ^ 3 * b * c ^ 2 *
            (a ^ 2 * b ^ 2 * c ^ 2 + a ^ 2 * b ^ 3 * c ^ 3 + a ^ 3 * b ^ 2 * c ^ 3 + a ^ 3 * b ^ 3 * c ^ 2 +
                      a ^ 3 * b ^ 3 * c ^ 4 +
                    a ^ 3 * b ^ 4 * c ^ 3 +
                  a ^ 4 * b ^ 3 * c ^ 3 +
                a ^ 4 * b ^ 4 * c ^ 4)⁻¹ +
        a ^ 3 * b ^ 2 * c ^ 3 *
          (a ^ 2 * b ^ 2 * c ^ 2 + a ^ 2 * b ^ 3 * c ^ 3 + a ^ 3 * b ^ 2 * c ^ 3 + a ^ 3 * b ^ 3 * c ^ 2 +
                    a ^ 3 * b ^ 3 * c ^ 4 +
                  a ^ 3 * b ^ 4 * c ^ 3 +
                a ^ 4 * b ^ 3 * c ^ 3 +
              a ^ 4 * b ^ 4 * c ^ 4)⁻¹ +
      a ^ 3 * b ^ 3 * c ^ 2 *
        (a ^ 2 * b ^ 2 * c ^ 2 + a ^ 2 * b ^ 3 * c ^ 3 + a ^ 3 * b ^ 2 * c ^ 3 + a ^ 3 * b ^ 3 * c ^ 2 +
                  a ^ 3 * b ^ 3 * c ^ 4 +
                a ^ 3 * b ^ 4 * c ^ 3 +
              a ^ 4 * b ^ 3 * c ^ 3 +
            a ^ 4 * b ^ 4 * c ^ 4)⁻¹

workbook0/lean_workbook_plus_46741.lean:
workbook0/lean_workbook_plus_46741.lean:112:10: error: invalid constructor ⟨...⟩, expected type must be an inductive type 
  ∀ (a b c : ℝ),
    a > 0 ∧ b > 0 ∧ c > 0 →
      (a / (a + b + c) - 1 / 3) * (b / (b + c) - 1 / 2) + (b / (b + c + a) - 1 / 3) * (c / (c + a) - 1 / 2) +
          (c / (c + a + b) - 1 / 3) * (a / (a + b) - 1 / 2) ≥
        2 / 3 * ((b + c) / (2 * a + b + c) + (c + a) / (2 * b + c + a) + (a + b) / (2 * c + a + b) - 3 / 2)

workbook0/lean_workbook_plus_50151.lean:
workbook0/lean_workbook_plus_50151.lean:107:6: error: tactic 'rewrite' failed, did not find instance of the pattern in the target expression
  ?m.20848 / ?m.20849 < ?m.20847
a b c : ℝ
ha : 0 < a
hb : 0 < b
hc : 0 < c
hab : a + b > c
hbc : b + c > a
hca : a + c > b
h : (a + b - c) * ((b + a) * c - a * b) = 4 * (a * b * c)
⊢ 2304 ≤ (a ^ 4 + b ^ 4 + c ^ 4) * ((b ^ 4 + a ^ 4) * c ^ 4 + a ^ 4 * b ^ 4) / (a ^ 4 * b ^ 4 * c ^ 4)

workbook0/lean_workbook_plus_64598.lean:
workbook0/lean_workbook_plus_64598.lean:106:43: error: unsolved goals
⊢ ¬?m.211 (π / 2)

workbook0/lean_workbook_plus_76652.lean:
workbook0/lean_workbook_plus_76652.lean:105:99: error: unsolved goals
f : ℝ → ℝ
f_def : ∀ (x : ℝ), f x = x ^ 2 - 3 * x + 2
⊢ False

workbook0/lean_workbook_plus_73161.lean:
workbook0/lean_workbook_plus_73161.lean:107:10: error: invalid constructor ⟨...⟩, expected type must be an inductive type 
  ∀ (x y z : ℕ), 2 * x * z = y ^ 2 → x + z ≠ 1994

workbook0/lean_workbook_plus_36456.lean:
workbook0/lean_workbook_plus_36456.lean:110:2: error: tactic 'introN' failed, insufficient number of binders
m n : ℤ
h₀ : 2 * m ≡ -1 [ZMOD n]
h₁ : n ^ 2 ≡ -2 [ZMOD m]
h₂ : 0 < m ∧ 0 < n
⊢ m = 1 ∧ n = -3 ∨ m = -11 ∧ n = -3 ∨ m = -3 ∧ n = -5 ∨ m = 27 ∧ n = -5

workbook0/lean_workbook_plus_40697.lean:
workbook0/lean_workbook_plus_40697.lean:106:49: error: invalid field notation, type is not of the form (C ...) where C is a constant
  h
has type
  ?m.890
workbook0/lean_workbook_plus_40697.lean:106:49: error: Argument passed to linarith has metavariables:
  ?m.923

workbook0/lean_workbook_plus_78622.lean:
workbook0/lean_workbook_plus_78622.lean:105:99: error: expected token

workbook0/lean_workbook_plus_61597.lean:
workbook0/lean_workbook_plus_61597.lean:107:10: error: invalid constructor ⟨...⟩, expected type must be an inductive type 
  ∀ (x y z : ℝ), x ^ 3 + y ^ 3 + z ^ 3 ≥ x * y * (x + y) + x * z * (x + z) + y * z * (y + z)

workbook0/lean_workbook_plus_950.lean:
workbook0/lean_workbook_plus_950.lean:107:57: error: expected token
workbook0/lean_workbook_plus_950.lean:105:110: error: unsolved goals
k : ℝ
h₁ : k > 0
h₂ : k ^ 3 / 4 = 7 * k / 3
h₃ : k ≠ 0
h₄ : k ^ 2 = 28 / 3
⊢ k = Real.sqrt (28 / 3)

workbook0/lean_workbook_plus_64060.lean:
workbook0/lean_workbook_plus_64060.lean:107:10: error: invalid constructor ⟨...⟩, expected type must be an inductive type 
  ∀ (A B C : ℝ), (1 + cos A ^ 2) * (1 + cos B ^ 2) * (1 + cos C ^ 2) > 4

workbook0/lean_workbook_plus_14177.lean:
workbook0/lean_workbook_plus_14177.lean:106:2: error: simp made no progress

workbook0/lean_workbook_plus_11951.lean:
workbook0/lean_workbook_plus_11951.lean:105:140: error: expected token

workbook0/lean_workbook_plus_44501.lean:
workbook0/lean_workbook_plus_44501.lean:106:39: error: unsolved goals
⊢ ¬?m.353 0

workbook0/lean_workbook_plus_34459.lean:
workbook0/lean_workbook_plus_34459.lean:106:27: error: unsolved goals
⊢ ¬?m.2482 0

workbook0/lean_workbook_plus_56587.lean:
workbook0/lean_workbook_plus_56587.lean:109:10: error: invalid constructor ⟨...⟩, expected type must be an inductive type 
  ∀ (n : ℕ), Real.sqrt (∑ k in Finset.Icc 1 n, Real.sqrt (Real.log (↑(2 * k - 1)! * ↑(2 * k)!))) < ↑n

workbook0/lean_workbook_plus_70942.lean:
workbook0/lean_workbook_plus_70942.lean:106:2: warning: aesop: failed to prove the goal after exhaustive search.
workbook0/lean_workbook_plus_70942.lean:107:26: error: unknown identifier 'a_1'
workbook0/lean_workbook_plus_70942.lean:105:174: error: unsolved goals
x : ℝ
⊢ ∃ x < 0, (if x ≤ 0 then rexp (3 * x) / 2 else (2 * rexp x - rexp (-x)) / 2) = 2⁻¹

workbook0/lean_workbook_plus_3624.lean:
workbook0/lean_workbook_plus_3624.lean:110:2: warning: aesop: failed to prove the goal after exhaustive search.
workbook0/lean_workbook_plus_3624.lean:109:15: error: unsolved goals
x : ℕ
h₀ : 0 < x
h₁ : ∑ k in Finset.Icc 1 49, k = ∑ k in Finset.Icc 1 x, k
⊢ x = 35

workbook0/lean_workbook_plus_35226.lean:
workbook0/lean_workbook_plus_35226.lean:107:10: error: invalid constructor ⟨...⟩, expected type must be an inductive type 
  ∀ (x : ℝ), sin x * cos x < 2⁻¹
workbook0/lean_workbook_plus_35226.lean:108:2: error: no goals to be solved

workbook0/lean_workbook_plus_39046.lean:
workbook0/lean_workbook_plus_39046.lean:105:34: error: unexpected token; expected '_' or identifier

workbook0/lean_workbook_plus_32709.lean:
workbook0/lean_workbook_plus_32709.lean:107:13: error: function expected at
  h
term has type
  ℝ
workbook0/lean_workbook_plus_32709.lean:105:114: error: unsolved goals
h : ℝ
⊢ ∀ (y z : ℝ), h ^ 2 + y ^ 2 + z ^ 2 ≥ (h + y - z) * (h - y + z) * (y + z - h)

workbook0/lean_workbook_plus_19987.lean:
workbook0/lean_workbook_plus_19987.lean:106:2: error: simp made no progress

workbook0/lean_workbook_plus_55106.lean:
workbook0/lean_workbook_plus_55106.lean:106:19: error: aesop: exceeded maximum number of normalisation iterations (100). This means normalisation probably got stuck in an infinite loop.
workbook0/lean_workbook_plus_55106.lean:106:2: error: type mismatch
  fun h => ?m.1160 h
has type
  (h : ?m.1154) → ?m.1159 h : Sort (imax ?u.1153 ?u.1156)
but is expected to have type
  x = 1 ∧ y = 0 : Prop

workbook0/lean_workbook_plus_80707.lean:
workbook0/lean_workbook_plus_80707.lean:107:9: error: invalid constructor ⟨...⟩, expected type must be an inductive type 
  ∀ ε > 0, ∃ δ > 0, ∀ h ∈ Set.Ioo (-δ) δ, |(e ^ h - 1) / h - 1| < ε

workbook0/lean_workbook_plus_45256.lean:
workbook0/lean_workbook_plus_45256.lean:107:2: error: simp made no progress

workbook0/lean_workbook_plus_50118.lean:
workbook0/lean_workbook_plus_50118.lean:107:10: error: invalid constructor ⟨...⟩, expected type must be an inductive type 
  ∀ (n : ℕ), ∑ k in Finset.range n, k = n * (n + 1) / 2

workbook0/lean_workbook_plus_60274.lean:
workbook0/lean_workbook_plus_60274.lean:106:2: error: type mismatch
  not_forall.mpr (Exists.intro (-1) fun h => ?m.7451 h)
has type
  ¬∀ (x : ℤ), ?m.7322 x : Prop
but is expected to have type
  ∀ (x y : ℝ),
    x ^ 3 + y ^ 3 ≥ x ^ 2 * y + x * y ^ 2 ∧
      ∀ (x y z : ℝ), x ^ 3 + y ^ 3 + z ^ 3 ≥ x * y ^ 2 + y * z ^ 2 + z * x ^ 2 : Prop

workbook0/lean_workbook_plus_79336.lean:
workbook0/lean_workbook_plus_79336.lean:106:2: error: tactic 'introN' failed, insufficient number of binders
a b c : ℤ
h : (1 + 1 / a) * (1 + 1 / b) * (1 + 1 / c) = 3
⊢ a = 1 ∧ b = 2 ∧ c = 3 ∨
    a = 1 ∧ b = 3 ∧ c = 2 ∨
      a = 2 ∧ b = 1 ∧ c = 3 ∨ a = 2 ∧ b = 3 ∧ c = 1 ∨ a = 3 ∧ b = 1 ∧ c = 2 ∨ a = 3 ∧ b = 2 ∧ c = 1

workbook0/lean_workbook_plus_29433.lean:
workbook0/lean_workbook_plus_29433.lean:105:94: error: unsolved goals
k! : ℝ
⊢ False

workbook0/lean_workbook_plus_61633.lean:
workbook0/lean_workbook_plus_61633.lean:107:10: error: invalid constructor ⟨...⟩, insufficient number of arguments, constructs 'Eq.refl' does not have explicit fields, but #4 provided

workbook0/lean_workbook_plus_27438.lean:
workbook0/lean_workbook_plus_27438.lean:107:2: error: linarith failed to find a contradiction
case h2.h
x : ℕ
a✝ :
  3 * x ^ 4 <
    x ^ 2 * (x ^ 2 * (x ^ 2 * x ^ 2)) + x * (x ^ 2 * (x ^ 2 * x ^ 2)) +
                  (x * 2 * (x ^ 2 * (x ^ 2 * x ^ 2)) + x * (x * 2) * (x ^ 2 * x ^ 2)) +
                (x ^ 2 * (x ^ 2 * x ^ 2) + x * 2 * (x ^ 2 * x ^ 2)) +
              (x ^ 2 * (x ^ 2 * x ^ 2) + x * (x ^ 2 * x ^ 2) + x ^ 2 * x ^ 2) +
            x *
              (x ^ 2 *
                ((x ^ 2 * x ^ 2 + x * x ^ 2 + (x * 2 * x ^ 2 + x * (x * 2)) + (x ^ 2 + x * 2) + (x ^ 2 + x + 1)) * 3)) +
          (x ^ 2 * (x ^ 2 * x ^ 2) + x * (x ^ 2 * x ^ 2) + (x * 2 * (x ^ 2 * x ^ 2) + x * (x * 2) * x ^ 2) +
              (x ^ 2 * x ^ 2 + x * 2 * x ^ 2) +
            (x ^ 2 * x ^ 2 + x * x ^ 2 + x ^ 2)) +
        x *
          ((x ^ 2 * (x ^ 2 * x ^ 2) + x * (x ^ 2 * x ^ 2) + (x * 2 * (x ^ 2 * x ^ 2) + x * (x * 2) * x ^ 2) +
                    (x ^ 2 * x ^ 2 + x * 2 * x ^ 2) +
                  (x ^ 2 * x ^ 2 + x * x ^ 2 + x ^ 2) +
                x *
                  ((x ^ 2 * x ^ 2 + x * x ^ 2 + (x * 2 * x ^ 2 + x * (x * 2)) + (x ^ 2 + x * 2) + (x ^ 2 + x + 1)) *
                    3) +
              (x ^ 2 * x ^ 2 + x * x ^ 2 + (x * 2 * x ^ 2 + x * (x * 2)) + (x ^ 2 + x * 2) + (x ^ 2 + x + 1))) *
            4) +
      (x ^ 2 * (x ^ 2 * x ^ 2) + x * (x ^ 2 * x ^ 2) + (x * 2 * (x ^ 2 * x ^ 2) + x * (x * 2) * x ^ 2) +
              (x ^ 2 * x ^ 2 + x * 2 * x ^ 2) +
            (x ^ 2 * x ^ 2 + x * x ^ 2 + x ^ 2) +
          x * ((x ^ 2 * x ^ 2 + x * x ^ 2 + (x * 2 * x ^ 2 + x * (x * 2)) + (x ^ 2 + x * 2) + (x ^ 2 + x + 1)) * 3) +
        (x ^ 2 * x ^ 2 + x * x ^ 2 + (x * 2 * x ^ 2 + x * (x * 2)) + (x ^ 2 + x * 2) + (x ^ 2 + x + 1)))
⊢ False
failed

workbook0/lean_workbook_plus_20129.lean:
workbook0/lean_workbook_plus_20129.lean:107:10: error: invalid constructor ⟨...⟩, expected type must be an inductive type 
  ∀ (n : ℕ),
    2 ≤ n →
      ∀ (a : Fin n → ℝ),
        (∀ (i : Fin n), 0 < a i ∧ a i < 1) → Real.sqrt (∏ i : Fin n, a i) + Real.sqrt (∏ i : Fin n, (1 - a i)) < 1
workbook0/lean_workbook_plus_20129.lean:108:2: error: no goals to be solved

workbook0/lean_workbook_plus_21662.lean:
workbook0/lean_workbook_plus_21662.lean:106:39: error: unsolved goals
⊢ ¬?m.434 2

workbook0/lean_workbook_plus_77615.lean:
workbook0/lean_workbook_plus_77615.lean:107:64: error: unsolved goals
u v w : ℂ
h : u + v + w = 0
h1 : w = -(u + v)
⊢ Complex.cos (2 * u) / 2 +
      (Complex.cos (2 * v) / 2 +
        (2⁻¹ +
          (2⁻¹ +
            ((Complex.cos (2 * u) / 2 + 2⁻¹) * (Complex.cos (2 * v) / 2 + 2⁻¹) +
              (-(Complex.cos u * Complex.cos v * Complex.sin v * Complex.sin u * 2) +
                (1 + (-(Complex.cos (2 * v) / 2) + -2⁻¹)) * (1 + (-(Complex.cos (2 * u) / 2) + -2⁻¹))))))) =
    1 +
      ((Complex.cos (2 * u) / 2 + 2⁻¹) * (Complex.cos (2 * v) / 2 + 2⁻¹) * 2 +
        -(Complex.cos u * Complex.cos v * Complex.sin v * Complex.sin u * 2))

workbook0/lean_workbook_plus_46605.lean:
workbook0/lean_workbook_plus_46605.lean:107:10: error: invalid constructor ⟨...⟩, expected type must be an inductive type 
  ∀ (a b c : ℝ), (a + b + c) ^ 2 / (a * b + b * c + a * c) ≥ 3

workbook0/lean_workbook_plus_28546.lean:
workbook0/lean_workbook_plus_28546.lean:107:10: error: invalid constructor ⟨...⟩, expected type must be an inductive type 
  ∀ (x y z : ℝ), x ^ 3 + y ^ 3 + z ^ 3 + 33 ≥ 4 * (x + y + z) ^ 2

workbook0/lean_workbook_plus_47688.lean:
workbook0/lean_workbook_plus_47688.lean:106:2: error: linarith failed to find a contradiction
case h2.h
a b c d : ℝ
h1 : a * 2013 ^ 3 + b * 2013 ^ 2 + c * 2013 + d = 0
h2 : a * 2014 ^ 3 + b * 2014 ^ 2 + c * 2014 + d = 666
h3 : a * 2015 ^ 3 + b * 2015 ^ 2 + c * 2015 + d = 1337
h4 : a * 2016 ^ 3 + b * 2016 ^ 2 + c * 2016 + d = 2016
a✝ : 1 / 2016 < a
⊢ False
failed

workbook0/lean_workbook_plus_19738.lean:
workbook0/lean_workbook_plus_19738.lean:106:2: warning: aesop: failed to prove the goal. Some goals were not explored because the maximum rule application depth (30) was reached. Set option 'maxRuleApplicationDepth' to increase the limit.
workbook0/lean_workbook_plus_19738.lean:105:180: error: unsolved goals
n : ℕ
A : Finset ℕ
hA : A.card = n + 1
hA3 : ∀ (a : ℕ), a ∉ A
⊢ False

workbook0/lean_workbook_plus_45064.lean:
workbook0/lean_workbook_plus_45064.lean:107:17: error: simp made no progress

workbook0/lean_workbook_plus_70034.lean:
workbook0/lean_workbook_plus_70034.lean:105:178: error: unsolved goals
⊢ False
workbook0/lean_workbook_plus_70034.lean:105:0: error: maximum recursion depth has been reached (use `set_option maxRecDepth <num>` to increase limit)

workbook0/lean_workbook_plus_46010.lean:
workbook0/lean_workbook_plus_46010.lean:106:2: warning: aesop: failed to prove the goal after exhaustive search.
workbook0/lean_workbook_plus_46010.lean:105:141: error: unsolved goals
case left
x y z t : ℤ
h1 : x * z - 2 * y * t = 3
h2 : x * t + y * z = 1
⊢ x = 1

case right.left
x y z t : ℤ
h1 : x * z - 2 * y * t = 3
h2 : x * t + y * z = 1
⊢ y = -1

case right.right.left
x y z t : ℤ
h1 : x * z - 2 * y * t = 3
h2 : x * t + y * z = 1
⊢ z = 1

case right.right.right
x y z t : ℤ
h1 : x * z - 2 * y * t = 3
h2 : x * t + y * z = 1
⊢ t = -1

workbook0/lean_workbook_plus_32074.lean:
workbook0/lean_workbook_plus_32074.lean:109:2: error: tactic 'apply' failed, failed to unify
  0 ≤ ?a / ?b
with
  0 ≤ (5 * a * a + b * (2 * a + b)) * (a * (a + b))⁻¹ - 4
a b : ℝ
ha : 0 < a
hb : 0 < b
⊢ 0 ≤ (5 * a * a + b * (2 * a + b)) * (a * (a + b))⁻¹ - 4

workbook0/lean_workbook_plus_27148.lean:
workbook0/lean_workbook_plus_27148.lean:107:9: error: invalid constructor ⟨...⟩, expected type must be an inductive type 
  ∀ (n x : ℝ),
    2⁻¹ * ((1 - rexp (n * x)) * (rexp (-x) - 1)⁻¹) + 2⁻¹ * ((rexp x - 1)⁻¹ * (1 - rexp (-(n * x)))) =
      (rexp x - rexp (-x)) * (rexp x + rexp (-x))⁻¹
workbook0/lean_workbook_plus_27148.lean:108:2: error: no goals to be solved

workbook0/lean_workbook_plus_51475.lean:
workbook0/lean_workbook_plus_51475.lean:105:145: error: unsolved goals
case intro
n : ℕ
A : Matrix (Fin n) (Fin n) ℕ
hA : A = Matrix.transpose A
k : ℕ
hk : n = 2 * k + 1
⊢ False

workbook0/lean_workbook_plus_55873.lean:
workbook0/lean_workbook_plus_55873.lean:106:2: error: simp made no progress

workbook0/lean_workbook_plus_71706.lean:
workbook0/lean_workbook_plus_71706.lean:106:39: error: unsolved goals
⊢ ¬?m.594 0

workbook0/lean_workbook_plus_7860.lean:
workbook0/lean_workbook_plus_7860.lean:106:2: warning: aesop: failed to prove the goal after exhaustive search.
workbook0/lean_workbook_plus_7860.lean:105:160: error: unsolved goals
x y : ℝ
h₁ : (x - 2011) * (2011 + 2012) = 1
h₂ : y - 4024 = 2012
⊢ x = 2011

workbook0/lean_workbook_plus_68256.lean:
workbook0/lean_workbook_plus_68256.lean:107:10: error: invalid constructor ⟨...⟩, expected type must be an inductive type 
  ∀ ε > 0, ∃ δ > 0, ∀ x ∈ Set.Ioo (-δ) δ, |sinh x / x - 1| < ε

workbook0/lean_workbook_plus_8035.lean:
workbook0/lean_workbook_plus_8035.lean:107:2: error: tactic 'introN' failed, insufficient number of binders
N : ℕ
hN : 0 < N
hxy : {x | 1 / x.1 + 1 / x.2 = 1 / N} = {2005}
⊢ ∃ k, k ^ 2 = N

workbook0/lean_workbook_plus_44322.lean:
workbook0/lean_workbook_plus_44322.lean:107:12: error: function expected at
  h
term has type
  ℝ

workbook0/lean_workbook_plus_60488.lean:
workbook0/lean_workbook_plus_60488.lean:106:27: error: unsolved goals
⊢ ¬?m.6288 1

workbook0/lean_workbook_plus_20784.lean:
workbook0/lean_workbook_plus_20784.lean:107:10: error: invalid constructor ⟨...⟩, expected type must be an inductive type 
  ∀ (x y z t : ℂ), x + y = z ∧ x * y = t → 2 * (z ^ 5 + 1) = 5 * t * (2 * z ^ 3 - 2 * z * t + z ^ 2 - 2 * t + 1)

workbook0/lean_workbook_plus_22326.lean:
workbook0/lean_workbook_plus_22326.lean:108:23: error: tactic 'apply' failed, failed to unify
  ?a ≤ ?b
with
  0 ≤ ?m.5884
x y a b : ℝ
ha : 0 < a
hb : 0 < b
⊢ 0 ≤ ?m.5884
workbook0/lean_workbook_plus_22326.lean:108:93: error: tactic 'apply' failed, failed to unify
  ?a ≤ ?b
with
  0 ≤ ?m.5885
x y a b : ℝ
ha : 0 < a
hb : 0 < b
⊢ 0 ≤ ?m.5885

workbook0/lean_workbook_plus_17376.lean:
workbook0/lean_workbook_plus_17376.lean:106:2: error: linarith failed to find a contradiction
case h1.h
a b x y : ℝ
h₁ : a * x + b * y = 3
h₂ : a * x ^ 2 + b * y ^ 2 = 7
h₃ : a * x ^ 3 + b * y ^ 3 = 16
h₄ : a * x ^ 4 + b * y ^ 4 = 42
a✝ : a * x ^ 5 + b * y ^ 5 < 124
⊢ False
failed

workbook0/lean_workbook_plus_73074.lean:
workbook0/lean_workbook_plus_73074.lean:106:28: error: unsolved goals
⊢ ¬?m.1007 (-3)

workbook0/lean_workbook_plus_19873.lean:
workbook0/lean_workbook_plus_19873.lean:105:66: error: unsolved goals
⊢ False

workbook0/lean_workbook_plus_77092.lean:
workbook0/lean_workbook_plus_77092.lean:105:32: error: unexpected token '∑'; expected ':'

workbook0/lean_workbook_plus_76824.lean:
workbook0/lean_workbook_plus_76824.lean:105:78: error: unsolved goals
n : ℕ
⊢ False

workbook0/lean_workbook_plus_78128.lean:
workbook0/lean_workbook_plus_78128.lean:105:75: error: unsolved goals
⊢ False

workbook0/lean_workbook_plus_81207.lean:
workbook0/lean_workbook_plus_81207.lean:105:127: error: unsolved goals
⊢ False

workbook0/lean_workbook_plus_3428.lean:
workbook0/lean_workbook_plus_3428.lean:105:212: error: unsolved goals
a b c : ℝ
ha : 1 ≤ a
hb : 1 ≤ b
hc : 1 ≤ c
habc : a + b + c = 2 * a * b * c
⊢ False

workbook0/lean_workbook_plus_73997.lean:
workbook0/lean_workbook_plus_73997.lean:105:89: error: unsolved goals
a b : ℕ
⊢ False

workbook0/lean_workbook_plus_37160.lean:
workbook0/lean_workbook_plus_37160.lean:107:10: error: invalid constructor ⟨...⟩, expected type must be an inductive type 
  ∀ (p : ℕ), Nat.Prime p → choose (2 * p) p % p ^ 3 = 2

workbook0/lean_workbook_plus_73769.lean:
workbook0/lean_workbook_plus_73769.lean:107:6: error: tactic 'rewrite' failed, did not find instance of the pattern in the target expression
  ?m.4459 / ?m.4460 ≤ ?m.4461
n : ℕ
hn : n > 1
⊢ 1 < (2 * n ^ 2 + 2) / (n ^ 2 + 2 * n)

workbook0/lean_workbook_plus_61243.lean:
workbook0/lean_workbook_plus_61243.lean:107:10: error: invalid constructor ⟨...⟩, expected type must be an inductive type 
  ∀ (a b c : ℝ), a * b ^ 2 + b * c ^ 2 + c * a ^ 2 ≤ (a + b + c) * (a ^ 2 + b ^ 2 + c ^ 2) / 3

workbook0/lean_workbook_plus_28245.lean:
workbook0/lean_workbook_plus_28245.lean:105:203: error: unsolved goals
⊢ False

workbook0/lean_workbook_plus_34386.lean:
workbook0/lean_workbook_plus_34386.lean:105:38: error: expected token

workbook0/lean_workbook_plus_44515.lean:
workbook0/lean_workbook_plus_44515.lean:105:32: error: unexpected token '∀'; expected ':'

workbook0/lean_workbook_plus_38719.lean:
workbook0/lean_workbook_plus_38719.lean:108:12: error: function expected at
  h
term has type
  ℝ

workbook0/lean_workbook_plus_82301.lean:
workbook0/lean_workbook_plus_82301.lean:108:2: error: type mismatch
  Real.sqrt_le_sqrt
    (le_of_not_gt fun a =>
      Linarith.lt_irrefl
        (Eq.mp
          (congrArg (fun _a => _a < 0)
            (Mathlib.Tactic.Ring.of_eq
              (Mathlib.Tactic.Ring.neg_congr
                (Mathlib.Tactic.Ring.mul_congr
                  (Mathlib.Tactic.Ring.sub_congr (Mathlib.Tactic.Ring.atom_pf x) (Mathlib.Tactic.Ring.atom_pf x)
                    (Mathlib.Tactic.Ring.sub_pf
                      (Mathlib.Tactic.Ring.neg_add
                        (Mathlib.Tactic.Ring.neg_mul x (Nat.rawCast 1)
                          (Mathlib.Tactic.Ring.neg_one_mul
                            (Mathlib.Meta.NormNum.IsInt.to_raw_eq
                              (Mathlib.Meta.NormNum.isInt_mul (Eq.refl HMul.hMul)
                                (Mathlib.Meta.NormNum.IsInt.of_raw ℝ (Int.negOfNat 1))
                                (Mathlib.Meta.NormNum.IsNat.to_isInt (Mathlib.Meta.NormNum.IsNat.of_raw ℝ 1))
                                (Eq.refl (Int.negOfNat 1))))))
                        Mathlib.Tactic.Ring.neg_zero)
                      (Mathlib.Tactic.Ring.add_pf_add_overlap_zero
                        (Mathlib.Tactic.Ring.add_overlap_pf_zero x (Nat.rawCast 1)
                          (Mathlib.Meta.NormNum.IsInt.to_isNat
                            (Mathlib.Meta.NormNum.isInt_add (Eq.refl HAdd.hAdd)
                              (Mathlib.Meta.NormNum.IsNat.to_isInt (Mathlib.Meta.NormNum.IsNat.of_raw ℝ 1))
                              (Mathlib.Meta.NormNum.IsInt.of_raw ℝ (Int.negOfNat 1)) (Eq.refl (Int.ofNat 0)))))
                        (Mathlib.Tactic.Ring.add_pf_zero_add 0))))
                  (Mathlib.Tactic.Ring.sub_congr (Mathlib.Tactic.Ring.atom_pf x) (Mathlib.Tactic.Ring.atom_pf x)
                    (Mathlib.Tactic.Ring.sub_pf
                      (Mathlib.Tactic.Ring.neg_add
                        (Mathlib.Tactic.Ring.neg_mul x (Nat.rawCast 1)
                          (Mathlib.Tactic.Ring.neg_one_mul
                            (Mathlib.Meta.NormNum.IsInt.to_raw_eq
                              (Mathlib.Meta.NormNum.isInt_mul (Eq.refl HMul.hMul)
                                (Mathlib.Meta.NormNum.IsInt.of_raw ℝ (Int.negOfNat 1))
                                (Mathlib.Meta.NormNum.IsNat.to_isInt (Mathlib.Meta.NormNum.IsNat.of_raw ℝ 1))
                                (Eq.refl (Int.negOfNat 1))))))
                        Mathlib.Tactic.Ring.neg_zero)
                      (Mathlib.Tactic.Ring.add_pf_add_overlap_zero
                        (Mathlib.Tactic.Ring.add_overlap_pf_zero x (Nat.rawCast 1)
                          (Mathlib.Meta.NormNum.IsInt.to_isNat
                            (Mathlib.Meta.NormNum.isInt_add (Eq.refl HAdd.hAdd)
                              (Mathlib.Meta.NormNum.IsNat.to_isInt (Mathlib.Meta.NormNum.IsNat.of_raw ℝ 1))
                              (Mathlib.Meta.NormNum.IsInt.of_raw ℝ (Int.negOfNat 1)) (Eq.refl (Int.ofNat 0)))))
                        (Mathlib.Tactic.Ring.add_pf_zero_add 0))))
                  (Mathlib.Tactic.Ring.zero_mul 0))
                Mathlib.Tactic.Ring.neg_zero)
              (Mathlib.Tactic.Ring.cast_zero (Mathlib.Meta.NormNum.isNat_ofNat ℝ Nat.cast_zero))))
          (neg_neg_of_pos (mul_pos_of_neg_of_neg (sub_neg_of_lt a) (sub_neg_of_lt a)))))
has type
  Real.sqrt x ≤ Real.sqrt x : Prop
but is expected to have type
  Real.sqrt (1 + x) < Real.sqrt (1 + x ^ 2) : Prop

workbook0/lean_workbook_plus_9421.lean:
workbook0/lean_workbook_plus_9421.lean:105:60: error: unsolved goals
⊢ False

workbook0/lean_workbook_plus_81302.lean:
workbook0/lean_workbook_plus_81302.lean:109:2: error: linarith failed to find a contradiction
case h1.h
x y z : ℝ
h₀ : 2 * x + 2 * y + (z - 100) = 1500
h₁ : x + y - 100 = 500
a✝ : x + y + z < 1600
⊢ False
failed

workbook0/lean_workbook_plus_66324.lean:
workbook0/lean_workbook_plus_66324.lean:106:39: error: unsolved goals
⊢ ¬?m.490 1

workbook0/lean_workbook_plus_9014.lean:
workbook0/lean_workbook_plus_9014.lean:105:31: error: unexpected token '∀'; expected ':'

workbook0/lean_workbook_plus_7335.lean:
workbook0/lean_workbook_plus_7335.lean:105:31: error: unexpected token '∀'; expected ':'

workbook0/lean_workbook_plus_17748.lean:
workbook0/lean_workbook_plus_17748.lean:106:27: error: unsolved goals
⊢ ¬?m.1761 0

workbook0/lean_workbook_plus_41020.lean:
workbook0/lean_workbook_plus_41020.lean:106:2: error: tactic 'introN' failed, insufficient number of binders
x y : ℝ
hx : x ^ 3 + y ^ 3 + 3 * x * y = 1
hy : x ^ 2 + y ^ 2 = 4
⊢ x = 1 ∧ y = 0 ∨ x = -1 ∧ y = 0

workbook0/lean_workbook_plus_78292.lean:
workbook0/lean_workbook_plus_78292.lean:105:168: error: unsolved goals
a b c : ℝ
habc : a * b * c = 1
⊢ False

workbook0/lean_workbook_plus_46379.lean:
workbook0/lean_workbook_plus_46379.lean:106:27: error: unsolved goals
⊢ ¬?m.1606 1

workbook0/lean_workbook_plus_58950.lean:
workbook0/lean_workbook_plus_58950.lean:107:10: error: invalid constructor ⟨...⟩, expected type must be an inductive type 
  ∀ (a b c : ℝ), a > 0 ∧ b > 0 ∧ c > 0 → a ^ 2 / b + b ^ 2 / c + c ^ 2 / a ≥ 3 * (a ^ 4 + b ^ 4 + c ^ 4) ^ (1 / 4)

workbook0/lean_workbook_plus_27999.lean:
workbook0/lean_workbook_plus_27999.lean:105:32: error: unexpected token '∀'; expected ':'

workbook0/lean_workbook_plus_60396.lean:
workbook0/lean_workbook_plus_60396.lean:107:10: error: invalid constructor ⟨...⟩, expected type must be an inductive type 
  ∀ (a b c : ℝ), (a ^ 2 + 1) * (b ^ 2 + 1) * (c ^ 2 + 1) ≥ 2 * |a + b + c|

workbook0/lean_workbook_plus_9991.lean:
workbook0/lean_workbook_plus_9991.lean:107:2: error: linarith failed to find a contradiction
case h
x y : ℝ
h : 32 ≤ x ^ 5 + y ^ 5 → -32 < x ^ 5 + y ^ 5
a✝ : x ^ 2 + y ^ 2 = 4
⊢ False
failed

workbook0/lean_workbook_plus_46786.lean:
workbook0/lean_workbook_plus_46786.lean:107:10: error: invalid constructor ⟨...⟩, expected type must be an inductive type 
  ∀ (a b c : ℝ),
    a ≥ 0 ∧ b ≥ 0 ∧ c ≥ 0 ∧ a * b + b * c + c * a = 1 →
      a ^ 2 / b + b ^ 2 / c + c ^ 2 / a - 2 * (a ^ 2 + b ^ 2 + c ^ 2) ≥ a + b + c - 2

workbook0/lean_workbook_plus_28934.lean:
workbook0/lean_workbook_plus_28934.lean:106:38: error: invalid field notation, type is not of the form (C ...) where C is a constant
  h
has type
  ?m.39
workbook0/lean_workbook_plus_28934.lean:106:52: error: invalid field notation, type is not of the form (C ...) where C is a constant
  h
has type
  ?m.39
workbook0/lean_workbook_plus_28934.lean:106:68: error: invalid field notation, type is not of the form (C ...) where C is a constant
  h
has type
  ?m.39
workbook0/lean_workbook_plus_28934.lean:106:86: error: invalid field notation, type is not of the form (C ...) where C is a constant
  h
has type
  ?m.39
workbook0/lean_workbook_plus_28934.lean:106:96: error: invalid field notation, type is not of the form (C ...) where C is a constant
  h
has type
  ?m.39
workbook0/lean_workbook_plus_28934.lean:106:2: error: type mismatch
  fun h =>
    lt_irrefl a (lt_trans (?m.232 h) (lt_trans (?m.234 h) (lt_trans (?m.236 h) (lt_trans (?m.238 h) (?m.239 h)))))
has type
  ?m.39 → False : Prop
but is expected to have type
  a < b ∧ b < c ∧ c < d ∧ d < e ∧ e < a : Prop

workbook0/lean_workbook_plus_26033.lean:
workbook0/lean_workbook_plus_26033.lean:107:6: error: tactic 'rewrite' failed, did not find instance of the pattern in the target expression
  ?m.2641 / ?m.2642 < ?m.2643 / ?m.2644
a b : ℝ
hab : a > b
hb : b > 0
⊢ a / b ≤ (a + 1) / (b + 1)

workbook0/lean_workbook_plus_17962.lean:
workbook0/lean_workbook_plus_17962.lean:105:32: error: unexpected token; expected ':'

workbook0/lean_workbook_plus_79140.lean:
workbook0/lean_workbook_plus_79140.lean:105:108: error: unsolved goals
⊢ False

workbook0/lean_workbook_plus_3691.lean:
workbook0/lean_workbook_plus_3691.lean:105:35: error: unexpected token ')'; expected ':=', 'where' or '|'

workbook0/lean_workbook_plus_72856.lean:
workbook0/lean_workbook_plus_72856.lean:107:10: error: invalid constructor ⟨...⟩, expected type must be an inductive type 
  ∀ (a b c : ℝ), (a * b + b * c + c * a) * (a + b + c) + (a * b + b * c + c * a) + 6 ≥ 6 * (a + b + c)

workbook0/lean_workbook_plus_52483.lean:
workbook0/lean_workbook_plus_52483.lean:107:10: error: invalid constructor ⟨...⟩, expected type must be an inductive type 
  ∀ (x : ℤ), ¬↑x = 1 + 1

workbook0/lean_workbook_plus_49679.lean:
workbook0/lean_workbook_plus_49679.lean:107:10: error: invalid constructor ⟨...⟩, expected type must be an inductive type 
  ∀ (n : ℕ), (n - 1) ^ n + 2 * n ^ n ≤ (n + 1) ^ n ∧ (n + 1) ^ n ≤ 2 * (n - 1) ^ n + 2 * n ^ n

workbook0/lean_workbook_plus_62896.lean:
workbook0/lean_workbook_plus_62896.lean:107:10: error: invalid constructor ⟨...⟩, expected type must be an inductive type 
  ∀ (m : ℝ), 1 / (m * (m + 1)) = 1 / m - 1 / (m + 1)

workbook0/lean_workbook_plus_80008.lean:
workbook0/lean_workbook_plus_80008.lean:108:6: error: tactic 'rewrite' failed, did not find instance of the pattern in the target expression
  ?m.12928 / ?m.12929 < ?m.12930 / ?m.12931
a b c : ℝ
ha : 1 < a
hb : 1 < b
hc : 1 < c
⊢ 3 / 2 ≤ ((b + 1 + (a + 1)) * (c + 1) + (a + 1) * (b + 1)) / ((a + 1) * (b + 1) * (c + 1))

workbook0/lean_workbook_plus_72039.lean:
workbook0/lean_workbook_plus_72039.lean:106:2: error: simp made no progress

workbook0/lean_workbook_plus_31197.lean:
workbook0/lean_workbook_plus_31197.lean:106:2: error: simp made no progress

workbook0/lean_workbook_plus_48880.lean:
workbook0/lean_workbook_plus_48880.lean:106:2: error: tactic 'introN' failed, insufficient number of binders
x y z t : ℝ
h1 : x - y + z - t = 2
h2 : x ^ 2 - y ^ 2 + z ^ 2 - t ^ 2 = 6
h3 : x ^ 3 - y ^ 3 + z ^ 3 - t ^ 3 = 20
h4 : x ^ 4 - y ^ 4 + z ^ 4 - t ^ 4 = 66
⊢ x = 3 ∧ y = 1 ∧ z = 2 ∧ t = 0

workbook0/lean_workbook_plus_82347.lean:
workbook0/lean_workbook_plus_82347.lean:107:10: error: invalid constructor ⟨...⟩, expected type must be an inductive type 
  ∀ (f : ℕ → ℕ), ((∀ (x y : ℕ), x < y → f x < f y) ∧ ∀ (x y : ℕ), f (y * f x) = x ^ 2 * f (x * y)) ↔ ∀ (x : ℕ), f x = x
workbook0/lean_workbook_plus_82347.lean:108:2: error: no goals to be solved

workbook0/lean_workbook_plus_30666.lean:
workbook0/lean_workbook_plus_30666.lean:110:9: error: invalid constructor ⟨...⟩, expected type must be an inductive type 
  ∀ (x : ℤ), f x = -f (-x)
workbook0/lean_workbook_plus_30666.lean:111:2: error: no goals to be solved

workbook0/lean_workbook_plus_16569.lean:
workbook0/lean_workbook_plus_16569.lean:105:88: error: unsolved goals
n : ℕ
⊢ False

workbook0/lean_workbook_plus_79735.lean:
workbook0/lean_workbook_plus_79735.lean:105:201: error: unsolved goals
a b c : ℝ
hx : a > 0 ∧ b > 0 ∧ c > 0
hab : a + b > c
hbc : b + c > a
hca : a + c > b
⊢ False

workbook0/lean_workbook_plus_59127.lean:
workbook0/lean_workbook_plus_59127.lean:107:10: error: invalid constructor ⟨...⟩, expected type must be an inductive type 
  ∀ (x1 x2 x3 : ℝ), (1 + x1 ^ 3) * (1 + x2 ^ 3) * (1 + x3 ^ 3) ≥ (1 + x1 * x2 * x3) ^ 3

workbook0/lean_workbook_plus_8055.lean:
workbook0/lean_workbook_plus_8055.lean:106:2: warning: aesop: failed to prove the goal after exhaustive search.
workbook0/lean_workbook_plus_8055.lean:105:168: error: unsolved goals
case left
A B : ℝ
hA0 : sin A / sin B = 3
hA1 : tan A / tan B = 3
left : 0 < A
right : A ≤ π / 2
left_1 : 0 < B
right_1 : B ≤ π / 2
⊢ A = π / 3

case right
A B : ℝ
hA0 : sin A / sin B = 3
hA1 : tan A / tan B = 3
left : 0 < A
right : A ≤ π / 2
left_1 : 0 < B
right_1 : B ≤ π / 2
⊢ B = π / 6

workbook0/lean_workbook_plus_54122.lean:
workbook0/lean_workbook_plus_54122.lean:111:10: error: invalid constructor ⟨...⟩, expected type must be an inductive type 
  ∀ (a b c : ℝ),
    (a - b) ^ 2 * ((a + b) ^ 2 * (a ^ 2 + b ^ 2) - 6 * a ^ 2 * b ^ 2 - c ^ 4) +
          (b - c) ^ 2 * ((b + c) ^ 2 * (b ^ 2 + c ^ 2) - 6 * b ^ 2 * c ^ 2 - a ^ 4) +
        (c - a) ^ 2 * ((c + a) ^ 2 * (c ^ 2 + a ^ 2) - 6 * c ^ 2 * a ^ 2 - b ^ 4) ≥
      0

workbook0/lean_workbook_plus_17322.lean:
workbook0/lean_workbook_plus_17322.lean:107:10: error: invalid constructor ⟨...⟩, expected type must be an inductive type 
  ∀ (a b c : ℝ), a ^ 3 * b ^ 3 + b ^ 3 * c ^ 3 + c ^ 3 * a ^ 3 ≥ 3 * a ^ 2 * b ^ 2 * c ^ 2

workbook0/lean_workbook_plus_8817.lean:
workbook0/lean_workbook_plus_8817.lean:107:10: error: invalid constructor ⟨...⟩, expected type must be an inductive type 
  ∀ (a : ℤ) (b : ℕ), ↑a / ↑b ≠ 2 ^ (1 / 3) + 3 ^ (1 / 3)

workbook0/lean_workbook_plus_61637.lean:
workbook0/lean_workbook_plus_61637.lean:105:184: error: unsolved goals
x y z : ℝ
hx : 0 < x
hy : 0 < y
hz : 0 < z
h : x + y + z = 1
⊢ False

workbook0/lean_workbook_plus_7047.lean:
workbook0/lean_workbook_plus_7047.lean:105:127: error: unsolved goals
a b : ℕ → ℕ
h₁ : ∀ (k : ℕ), a k = 4 * k + 3
h₂ : ∀ (k : ℕ), b k = 4 * k + 1
⊢ False

workbook0/lean_workbook_plus_79130.lean:
workbook0/lean_workbook_plus_79130.lean:105:35: error: unexpected token '='; expected ')'

workbook0/lean_workbook_plus_63557.lean:
workbook0/lean_workbook_plus_63557.lean:107:10: error: invalid constructor ⟨...⟩, expected type must be an inductive type 
  ∀ (a b c : ℝ), 1 / (b + c) ^ 2 + 27 * a / 4 + 27 * a / 4 ≥ 27 / 16 ^ (1 / 3) * (a ^ 2 / (b + c) ^ 2) ^ (1 / 3)

workbook0/lean_workbook_plus_32884.lean:
workbook0/lean_workbook_plus_32884.lean:105:44: error: unexpected token; expected ')'

workbook0/lean_workbook_plus_23713.lean:
workbook0/lean_workbook_plus_23713.lean:105:118: error: unsolved goals
⊢ False

workbook0/lean_workbook_plus_16226.lean:
workbook0/lean_workbook_plus_16226.lean:107:9: error: invalid constructor ⟨...⟩, expected type must be an inductive type 
  a✝ + b✝ + c✝ = p✝ ∧ a✝ * b✝ + b✝ * c✝ + c✝ * a✝ = q✝ ∧ a✝ * b✝ * c✝ = r✝ → p✝ * q✝ = a✝ * b✝ * c✝ * (a✝ + b✝ + c✝)

workbook0/lean_workbook_plus_48286.lean:
workbook0/lean_workbook_plus_48286.lean:108:2: error: type mismatch
  not_and_of_not_left ?m.1461 ?m.1462
has type
  ¬(?m.1460 ∧ ?m.1461) : Prop
but is expected to have type
  (0 < 3 ∧ ∀ (a b c : ℝ), (1 / a + 1 / b + 1 / c) * (a + b + c) - 9 ≥ 3 * ((1 / a + 1 / b + 1 / c) ^ 2 - 9)) ∧
    3 ∈
      upperBounds
        {k |
          0 < k ∧
            ∀ (a b c : ℝ), (1 / a + 1 / b + 1 / c) * (a + b + c) - 9 ≥ k * ((1 / a + 1 / b + 1 / c) ^ 2 - 9)} : Prop

workbook0/lean_workbook_plus_39013.lean:
workbook0/lean_workbook_plus_39013.lean:107:10: error: invalid constructor ⟨...⟩, expected type must be an inductive type 
  ∀ (A B C : ℝ), cos A * cos B ^ 2 * cos C ^ 3 + cos B * cos C ^ 2 * cos A ^ 3 + cos C * cos A ^ 2 * cos B ^ 3 ≤ 3 / 64

workbook0/lean_workbook_plus_70796.lean:
workbook0/lean_workbook_plus_70796.lean:107:70: error: expected token

workbook0/lean_workbook_plus_9975.lean:
workbook0/lean_workbook_plus_9975.lean:106:39: error: unsolved goals
⊢ ¬?m.219 0

workbook0/lean_workbook_plus_63584.lean:
workbook0/lean_workbook_plus_63584.lean:107:10: error: invalid constructor ⟨...⟩, expected type must be an inductive type 
  ∀ (x1 x2 : ℝ), x1 + x2 ≤ 2 * Real.sqrt (x1 * x2 + 1) ∧ 2 * Real.sqrt (x1 * x2 + 1) ≤ x1 + x2 + 2

workbook0/lean_workbook_plus_9644.lean:
workbook0/lean_workbook_plus_9644.lean:107:39: error: unsolved goals
⊢ ¬?m.756 0

workbook0/lean_workbook_plus_18475.lean:
workbook0/lean_workbook_plus_18475.lean:107:6: warning: `tsum_geometric_of_abs_lt_1` has been deprecated, use `tsum_geometric_of_abs_lt_one` instead
workbook0/lean_workbook_plus_18475.lean:105:86: error: unsolved goals
x : ℝ
hx : x = 1 / 27
⊢ False

workbook0/lean_workbook_plus_10718.lean:
workbook0/lean_workbook_plus_10718.lean:106:2: error: linarith failed to find a contradiction
case h1.h
a b : ℝ
h₁ : a ^ 3 - 3 * a * b ^ 2 = 29
h₂ : b ^ 3 - 3 * a ^ 2 * b = 34
a✝ : a ^ 2 + b ^ 2 < 62
⊢ False
failed

workbook0/lean_workbook_plus_17318.lean:
workbook0/lean_workbook_plus_17318.lean:107:10: error: invalid constructor ⟨...⟩, expected type must be an inductive type 
  ∀ (a c : ℝ), (1 / a + 2 * Real.sqrt 2 / c) * (1 / a + 2 * Real.sqrt 2 / c) * (a ^ 2 + c ^ 2) ≥ 27

workbook0/lean_workbook_plus_68434.lean:
workbook0/lean_workbook_plus_68434.lean:107:2: error: linarith failed to find a contradiction
case a
a b c : ℝ
ha : 0 < a
hb : 0 < b
hc : 0 < c
habc : a * b * c = 1
a✝ : a ^ 3 + b ^ 3 + (b ^ 3 + c ^ 3) + (c ^ 3 + a ^ 3) + 9 > 4 * (a + b + c)
⊢ False
failed

workbook0/lean_workbook_plus_53881.lean:
workbook0/lean_workbook_plus_53881.lean:105:88: error: unsolved goals
a : ℝ
ha : 0 < a ∧ a < 1
⊢ False

workbook0/lean_workbook_plus_78077.lean:
workbook0/lean_workbook_plus_78077.lean:105:32: error: unexpected token; expected ':'

workbook0/lean_workbook_plus_55224.lean:
workbook0/lean_workbook_plus_55224.lean:107:2: error: tactic 'introN' failed, insufficient number of binders
n! : ℝ
⊢ 0 = rexp 1 ∧
    ↑(∑' (n : ℕ), 1 / (2 * n)!) = (rexp 1 + rexp (-1)) / 2 ∧ ↑(∑' (n : ℕ), 1 / (2 * n + 1)!) = (rexp 1 - rexp (-1)) / 2

workbook0/lean_workbook_plus_2259.lean:
workbook0/lean_workbook_plus_2259.lean:107:10: error: invalid constructor ⟨...⟩, expected type must be an inductive type 
  ∀ (x y z : ℝ), x ≥ 0 ∧ y ≥ 0 ∧ z ≥ 0 → (x / (x + 2 * y)) ^ 2 + (y / (y + 2 * z)) ^ 2 + (z / (z + 2 * x)) ^ 2 ≥ 1 / 3

workbook0/lean_workbook_plus_45653.lean:
workbook0/lean_workbook_plus_45653.lean:108:22: error: expected token
workbook0/lean_workbook_plus_45653.lean:105:74: error: unsolved goals
h1 : 0 < 6
h2 : 0 < 12
h3 : 0 < sorryAx ℝ true
⊢ 1 + Real.sqrt 12 > Real.sqrt 6

workbook0/lean_workbook_plus_36233.lean:
workbook0/lean_workbook_plus_36233.lean:107:10: error: invalid constructor ⟨...⟩, expected type must be an inductive type 
  ∀ (a b c : ℝ), a ^ 4 + b ^ 4 + c ^ 4 + a * b * c * (a + b + c) ≤ 2 * (a ^ 2 * b ^ 2 + b ^ 2 * c ^ 2 + c ^ 2 * a ^ 2)

workbook0/lean_workbook_plus_52914.lean:
workbook0/lean_workbook_plus_52914.lean:107:10: error: invalid constructor ⟨...⟩, expected type must be an inductive type 
  ∀ (a b c : ℝ), 9 * (a ^ 3 + b ^ 3 + c ^ 3 + 4 * a * b * c) ≥ 7 * (a + b + c) * (a * b + b * c + c * a)

workbook0/lean_workbook_plus_44399.lean:
workbook0/lean_workbook_plus_44399.lean:105:253: error: unsolved goals
m : ℕ
f g h : ℕ → ℕ
h₁ : ∀ (n : ℕ), f (g n) = n + 2016 ^ 2015
h₂ : ∀ (n : ℕ), f (f n) = 2 * h n + 1
h₃ : Function.Injective h
⊢ ∃ a,
    (∃ x,
        ∀ (n : ℕ),
          a (x n) =
            n +
              35351957266415142268280171056276584086120862661856939306468808923045998530964366866571536321698545633546521160151194622584608896148794025546846684837283521153775440173702634256455775117455175293864534561330903006441769271026965822651265448852538661331443052051403807158100374323925229209023570556019017213005522425500349275031513466850307021196237840561411726939747240522294824694266240996649620310035337271602817932441469839119891860932570576945280702581150390991794481593030828327643823089664455670464311098147258803833991451430429230345364622635857504946319454735564522894120501085164003886418636139189723365807897117166958925839288017521099080071565082740560645564940611250146126445931019006398546254193384155909995657571842097333346897086131841175272674902922716147887882337594113640927259366524304018936581032333370552369159952304877925981773036682141978777170210706266694929908582051470299924481200236383588338520131869237916600416307370671415348805335865664370791298217251216713112662087690425067757129333698685915448331729838549574025662444857723661257010053113973118596522783596261923939619712503723759333620817759562259245244053075052086833541993719920510986857816166274038656368206638015586352335352005172323107637338977933196427331854950602607562413597696932965489397508386372719656446240707294818599392342914440983217034198363171264749298088803795660819229637563201208948231020324392157318460998845862941199802473162047088561340969760762856676712538664687168201795390449658972441365573759360589000009846337845519738900101433179578019168358844318400144946419851394249162045396244306792182363066260437722561392666869194792755582004609048903847968931395663006623076754197963172234627799431129064641619209155818572303807428875790471179181595542363003316841659997210510739430216488631604610559264590016845719798994710235922415408366747122156021797538047850093286279225917350409107074402375291046529840498597319367119701932090276104610494585975652940029564327642976117903681328492206197880619913125371512877027246116820269994604186628942251118737435051181484678339235468826272681430628687397550303220912736493845758412728781686086799107541540172016561224194553464545980415584631204015712370171988386316785981771111973028417494598321838911589392684679264901200136506412517898363304710812001549967720296484791043233612084151589766068664266454792394389493175927833294961260457815332467747304306313267017317553086591036813682920310533197500676074211966290611512070284624263513047299601943541147145278025110538710842359070619819418973993487315295758308662686575919448191566485839429228728854603663190898958066439184611044304006581060776477666968034647921464356167096863043342494315740349984639974643003247383599441358368332889318867712078247926871033254680051259726890117207970463346137943739876549488790338356324655007740317585020620617647903438314202933219380235646853986539146700580796711999786089337570764670554269914945449022699430086181800609421811158697575148014249876698229087334732038325372761556658373005908072543544630120530102220730709605944478141105936198758766351819094218922893733223646784921899710374973813670146653662488510786172032204847834921080333929349740530017089835038019676030010861847496662360459487348415397962554266208336114471665625935116970277036214796482393309325913206899208077546324772474336702337955601053292725108512972197534600002341143094207481381379922843760107079510436512853591801967670738224033496145744431071039467392458531045536324436761718378907774205394336296346888167695247938480710653839385155147646902077184249549236810291991840697827055578242529375566061196805915056129140060104458813450124367118044031312504501728772241523859166526378429498696386869901333542783957546020239523825065819342640892380483131776307227986163442720754267682897081757150820762270071617003072650232860922003785894028596115199311724421805448916624739809018768339300869049238364943541621760929243452325847988197734228968101264955134423224909452279762060686913374961670159765123913687924066737099411031077629306471408451088481676605545972308697143536379209159951691087835904099225523892669563185740783981574244589281483049389782919480069671946722738830543629778414109084676074269975391055031264268745641754507234279435483866590254131155548767351860070865477628236369877528026175825770351472226527954982405354835584562916729563327029738037374573530228487437804109055176341576437448903111435097804156890228510528446800404058203486481236775743669957796397907041737793504617129400883336161308704263638001440909649051049596379009703260839468498638869151249970748127888030674670476477487427497741410735315165217061336954169735237133570538273384132903532834671065376248087102459209041557250990407602138973572011797936750047270665053213387985537194346540083187653105469715371918750694724305359621678818623320175715579020869014607040934101376320397352258081134434909402230290120331817019666394642962114673020369977987694532602087932736710611984128578145778743989913962261923410797463548509516780441637572930827253421296119184088722943098358636235875638047061717094796758757962808524281581150988770845276509327194720410723489801003706390343236521870120997637788147843747433722129052997936759585587774694484680200120649995898644567196984156341761291766404460023990776596105625181223587364572669032803052382580052880113414057728561363197823653974954309244710947312944920681409454919695294786222894647070019523691750764079606954809379184420609838811891828039732566057227940240526914804238668771414026518986998573464440638566925144533740642686968966281998434675939960182102520680011127763618938591228731175945566531447477781607037242877614330147792084165617971321268755669489311882110615948465234744076162725566303301393595014166324032175891940646371846643606992472686191460868481369568559400502824610760296241629449598237821100140241145853014326629875117594200567777888638781457418296381559655859104975274250041815325052491171517665193734186133172090216706326110246548830200568548260975063639730956291698604661238999993669512229557378925369401731576279946725383519718105642698254668999760148889953261445007656791152902931103348941085382442991074897732174346490229876211849663196166167264058847186742124952607601041404755561450087714262143984016511693852025500947960944045708443038584375825557415097153193701879909404433505620600809530565398711216426733017721274861524323542296786416391435038996526605137667295100546869896622292746976985247343841800147080533336583015707912321887117750917552724620456657245021756713721203162177462643663096625357411497398734240989160944011752605124227835669085312393930468506531123320794613487669297103385277524606976) ∧
      ∃ x, (∀ (n : ℕ), a (a n) = 2 * x n + 1) ∧ ∀ (n : ℕ), ¬x n = x m

workbook0/lean_workbook_plus_51743.lean:
workbook0/lean_workbook_plus_51743.lean:107:2: error: linarith failed to find a contradiction
case h
k m : ℤ
h₂ : k + m = 1002
h₁ : k = 1002 → m ≠ 0
a✝ : k ^ 2 - m ^ 2 = 2004
⊢ False
failed

workbook0/lean_workbook_plus_52590.lean:
workbook0/lean_workbook_plus_52590.lean:105:65: error: unsolved goals
⊢ False

workbook0/lean_workbook_plus_60772.lean:
workbook0/lean_workbook_plus_60772.lean:107:10: error: invalid constructor ⟨...⟩, expected type must be an inductive type 
  ∀ (a b c : ℝ),
    a / (b + c) + b / (a + c) - 2 * (a + b) / (a + b + 2 * c) =
        (a + b + c) * (a - b) ^ 2 / ((b + c) * (a + c) * (a + b + 2 * c)) ∧
      a / (b + c) + b / (a + c) - 2 * (a + b) / (a + b + 2 * c) ≥ 0

workbook0/lean_workbook_plus_46661.lean:
workbook0/lean_workbook_plus_46661.lean:110:2: error: linarith failed to find a contradiction
case h2.h
x : ℝ
h₀ : ↑⌊x⌋ * (x - ↑⌊x⌋) = 2013
h₁ : 0 ≤ x - ↑⌊x⌋
h₂ : x - ↑⌊x⌋ < 1
a✝ : -2013 / 45 < x
⊢ False
failed

workbook0/lean_workbook_plus_45922.lean:
workbook0/lean_workbook_plus_45922.lean:107:10: error: invalid constructor ⟨...⟩, expected type must be an inductive type 
  ∀ (p q : ℝ), (p / q + q ^ 2) ^ 3 = (p / q) ^ 3 + 3 * p ^ 2 + 3 * p * q ^ 3 + q ^ 6

workbook0/lean_workbook_plus_57486.lean:
workbook0/lean_workbook_plus_57486.lean:107:10: error: invalid constructor ⟨...⟩, expected type must be an inductive type 
  ∀ (a b c : ℝ),
    a ≥ 0 ∧ b ≥ 0 ∧ c ≥ 0 ∧ a + b + c ≠ 0 →
      (a ^ 2 + b ^ 2 + c ^ 2) / (a * b + b * c + c * a) + 69 * (a ^ 3 * b + b ^ 3 * c + c ^ 3 * a) / (a + b + c) ^ 4 ≥
        32 / 9

workbook0/lean_workbook_plus_52895.lean:
workbook0/lean_workbook_plus_52895.lean:107:2: error: linarith failed to find a contradiction
case a
z : ℝ
a✝ : 1 > (z * (1 / 2) + z * (1 / 2) + (1 - z)) * (1 / 3)
⊢ False
failed

workbook0/lean_workbook_plus_15276.lean:
workbook0/lean_workbook_plus_15276.lean:105:106: error: unsolved goals
m n a : ℕ
hmn : m < n
ha : a > 0
⊢ False

workbook0/lean_workbook_plus_49443.lean:
workbook0/lean_workbook_plus_49443.lean:105:163: error: unsolved goals
⊢ False

workbook0/lean_workbook_plus_14689.lean:
workbook0/lean_workbook_plus_14689.lean:107:10: error: invalid constructor ⟨...⟩, expected type must be an inductive type 
  ∀ (f : ℝ → ℝ) (x : ℝ), f x = 0

workbook0/lean_workbook_plus_64321.lean:
workbook0/lean_workbook_plus_64321.lean:108:2: warning: aesop: failed to prove the goal after exhaustive search.
workbook0/lean_workbook_plus_64321.lean:109:23: error: (deterministic) timeout at 'elaborator', maximum number of heartbeats (200000) has been reached (use 'set_option maxHeartbeats <num>' to set the limit)

workbook0/lean_workbook_plus_57944.lean:
workbook0/lean_workbook_plus_57944.lean:106:41: error: expected token

workbook0/lean_workbook_plus_61144.lean:
workbook0/lean_workbook_plus_61144.lean:107:10: error: invalid constructor ⟨...⟩, expected type must be an inductive type 
  ∀ (n : ℕ), 2 / Real.sqrt (1 + 8 / (2 * ↑n ^ 2)) = 2 * ↑n / Real.sqrt (4 + ↑n ^ 2)

workbook0/lean_workbook_plus_31846.lean:
workbook0/lean_workbook_plus_31846.lean:106:32: error: unsolved goals
⊢ False

workbook0/lean_workbook_plus_22269.lean:
workbook0/lean_workbook_plus_22269.lean:106:27: error: function expected at
  h
term has type
  ℝ

workbook0/lean_workbook_plus_29218.lean:
workbook0/lean_workbook_plus_29218.lean:105:56: error: unsolved goals
⊢ False

workbook0/lean_workbook_plus_58436.lean:
workbook0/lean_workbook_plus_58436.lean:105:146: error: unsolved goals
j n : ℕ
hn : 3 ≤ n
⊢ ∃ x, (∀ (i : ℕ), 0 < x i ∧ ∀ (i : ℕ), ¬x i = x j) ∧ ∑ i in Finset.range n, 1 / x i = 1

workbook0/lean_workbook_plus_32018.lean:
workbook0/lean_workbook_plus_32018.lean:106:2: error: simp made no progress

workbook0/lean_workbook_plus_75613.lean:
workbook0/lean_workbook_plus_75613.lean:110:2: error: linarith failed to find a contradiction
case intro.intro.h2.h
a : ℕ → ℝ
a0 d : ℝ
h4 : ∀ (n : ℕ), a n = a0 + d * ↑n
h3 : a0 + d * 3 = 7
h2 :
  a0 + (a0 + d) + (a0 + d * 2) + (a0 + d * 3) + (a0 + d * 4) + (a0 + d * 5) + (a0 + d * 6) + (a0 + d * 7) +
        (a0 + d * 8) +
      (a0 + d * 9) =
    80
a✝ : 47 / 5 < a0 + d * 9
⊢ False
failed

workbook0/lean_workbook_plus_77606.lean:
workbook0/lean_workbook_plus_77606.lean:107:10: error: invalid constructor ⟨...⟩, expected type must be an inductive type 
  ∀ (x y z : ℝ), (1 + x ^ 3) * (1 + y ^ 3) * (1 + z ^ 3) ≥ (1 + x * y * z) ^ 3

workbook0/lean_workbook_plus_81628.lean:
workbook0/lean_workbook_plus_81628.lean:106:2: error: simp made no progress

workbook0/lean_workbook_plus_50346.lean:
workbook0/lean_workbook_plus_50346.lean:107:10: error: invalid constructor ⟨...⟩, expected type must be an inductive type 
  ∀ (a b c : ℝ), (a ^ 3 * b + a ^ 3 * c + b ^ 3 * a + c ^ 3 * a) / 2 ≥ 2 * a ^ 2 * b * c

workbook0/lean_workbook_plus_11759.lean:
workbook0/lean_workbook_plus_11759.lean:107:10: error: invalid constructor ⟨...⟩, expected type must be an inductive type 
  ∀ (a b c : ℝ), (a / (b + c)) ^ 2 + (b / (a + c)) ^ 2 + (c / (b + a)) ^ 2 ≥ 3 / 4

workbook0/lean_workbook_plus_60880.lean:
workbook0/lean_workbook_plus_60880.lean:105:44: error: unexpected token; expected ')'

workbook0/lean_workbook_plus_64831.lean:
workbook0/lean_workbook_plus_64831.lean:106:2: error: simp made no progress

workbook0/lean_workbook_plus_26359.lean:
workbook0/lean_workbook_plus_26359.lean:105:119: error: unsolved goals
f : ℕ → ℚ
hf : ∀ (n : ℕ), f n = 1 / (↑n ^ 2 + ↑n)
⊢ False

workbook0/lean_workbook_plus_42649.lean:
workbook0/lean_workbook_plus_42649.lean:106:2: error: linarith failed to find a contradiction
case h2.h
i : ℝ
a✝ : 0 < rexp (i * π) + 1
⊢ False
failed

workbook0/lean_workbook_plus_71370.lean:
workbook0/lean_workbook_plus_71370.lean:107:10: error: invalid constructor ⟨...⟩, expected type must be an inductive type 
  ∀ (n : ℕ), ∑ i in Finset.range (n + 1), choose (n + i) (n - i) = n + 1

workbook0/lean_workbook_plus_17204.lean:
workbook0/lean_workbook_plus_17204.lean:105:87: error: unsolved goals
m n : ℕ
h₁ : m = n ^ 2
⊢ False

workbook0/lean_workbook_plus_32045.lean:
workbook0/lean_workbook_plus_32045.lean:120:22: error: type mismatch
  h₂
has type
  True : Prop
but is expected to have type
  b / c = 1 : Prop
workbook0/lean_workbook_plus_32045.lean:121:2: error: no goals to be solved

workbook0/lean_workbook_plus_1266.lean:
workbook0/lean_workbook_plus_1266.lean:107:10: error: invalid constructor ⟨...⟩, expected type must be an inductive type 
  ∀ (x y z : ℝ), x ^ 2 / (x ^ 2 + y ^ 2 + y * z) + y ^ 2 / (y ^ 2 + z ^ 2 + z * x) + z ^ 2 / (z ^ 2 + x ^ 2 + x * y) ≥ 1

workbook0/lean_workbook_plus_63051.lean:
workbook0/lean_workbook_plus_63051.lean:107:10: error: invalid constructor ⟨...⟩, expected type must be an inductive type 
  ∀ (n : ℕ), x (n + 1) < x n

workbook0/lean_workbook_plus_50109.lean:
workbook0/lean_workbook_plus_50109.lean:105:115: error: unsolved goals
a : ℕ → ℕ
h : a 1 = 6
ha : ∀ (n : ℕ), a (n + 1) = 2 * a n ^ 2
⊢ False

workbook0/lean_workbook_plus_55462.lean:
workbook0/lean_workbook_plus_55462.lean:105:103: error: unsolved goals
f : ℝ → ℝ
f_def : ∀ (x : ℝ), f x = 3 * x ^ 2 - 5
⊢ False

workbook0/lean_workbook_plus_27883.lean:
workbook0/lean_workbook_plus_27883.lean:106:2: error: simp made no progress

workbook0/lean_workbook_plus_59102.lean:
workbook0/lean_workbook_plus_59102.lean:108:10: error: invalid constructor ⟨...⟩, expected type must be an inductive type 
  ∀ (α β γ : ℝ),
    2 * (1 / sin α + 1 / sin β + 1 / sin γ) - sin α / (sin β * sin γ) - sin β / (sin α * sin γ) -
        sin γ / (sin α * sin β) ≥
      2 * Real.sqrt 3

workbook0/lean_workbook_plus_79281.lean:
workbook0/lean_workbook_plus_79281.lean:105:114: error: unsolved goals
n : ℕ
⊢ False

workbook0/lean_workbook_plus_26350.lean:
workbook0/lean_workbook_plus_26350.lean:105:181: error: unsolved goals
⊢ False

workbook0/lean_workbook_plus_19445.lean:
workbook0/lean_workbook_plus_19445.lean:105:138: error: unsolved goals
P : ℕ → ℝ
hP : P 0 = 1000000
hP1 : ∀ (n : ℕ), P (n + 1) = (1 + 0.1 / 12) * P n
⊢ False

workbook0/lean_workbook_plus_48252.lean:
workbook0/lean_workbook_plus_48252.lean:107:6: error: tactic 'rewrite' failed, did not find instance of the pattern in the target expression
  ?m.14562 / ?m.14563 < ?m.14561
a b c : ℝ
ha : 0 < a
hb : 0 < b
hc : 0 < c
⊢ 2 * (a + (b + c)) ≤
    ((c * b + c ^ 2) * ((a + (c + 2 * b)) * (a + (b + 2 * c))) +
        ((b * a + b ^ 2) * (a + (c + 2 * b)) + (a * c + a ^ 2) * (a + (b + 2 * c))) * (b + (c + 2 * a))) /
      ((b + (c + 2 * a)) * ((a + (c + 2 * b)) * (a + (b + 2 * c))))

workbook0/lean_workbook_plus_28062.lean:
workbook0/lean_workbook_plus_28062.lean:106:29: error: function expected at
  h
term has type
  ℕ

workbook0/lean_workbook_plus_71936.lean:
workbook0/lean_workbook_plus_71936.lean:107:2: error: linarith failed to find a contradiction
case h2.h
old new : ℝ
h₁ : new = 46 / 5
h₂ : old + 1 / 5 * old = new
a✝ : 9 / 20 < old
⊢ False
failed

workbook0/lean_workbook_plus_39224.lean:
workbook0/lean_workbook_plus_39224.lean:105:32: error: unexpected token; expected ':'

workbook0/lean_workbook_plus_15137.lean:
workbook0/lean_workbook_plus_15137.lean:106:70: error: unsolved goals
⊢ False

workbook0/lean_workbook_plus_36660.lean:
workbook0/lean_workbook_plus_36660.lean:106:2: error: linarith failed to find a contradiction
case a
a b c : ℝ
ha : 0 < a
hb : 0 < b
hc : 0 < c
habc : a * b * c = 1
h : 1 / (a ^ 2 * (b + c)) + 1 / (b ^ 2 * (a + c)) + 1 / (c ^ 2 * (a + b)) = 1
a✝ : 3 / 2 > a * b * c
⊢ False
failed

workbook0/lean_workbook_plus_24339.lean:
workbook0/lean_workbook_plus_24339.lean:106:2: error: simp made no progress

workbook0/lean_workbook_plus_20661.lean:
workbook0/lean_workbook_plus_20661.lean:107:10: error: invalid constructor ⟨...⟩, expected type must be an inductive type 
  ∀ (n : ℕ),
    0 < Real.sqrt (4 * ↑n + 2) - Real.sqrt (↑n + 1) - Real.sqrt ↑n ∧
      Real.sqrt (4 * ↑n + 2) - Real.sqrt (↑n + 1) - Real.sqrt ↑n < 1 / (16 * ↑n * Real.sqrt ↑n)

workbook0/lean_workbook_plus_48757.lean:
workbook0/lean_workbook_plus_48757.lean:105:79: error: unsolved goals
⊢ False

workbook0/lean_workbook_plus_63145.lean:
workbook0/lean_workbook_plus_63145.lean:107:10: error: invalid constructor ⟨...⟩, expected type must be an inductive type 
  ∀ (x y : ℤ), (x + y) * (x + y) = x * y

workbook0/lean_workbook_plus_60805.lean:
workbook0/lean_workbook_plus_60805.lean:109:2: error: simp made no progress

workbook0/lean_workbook_plus_50821.lean:
workbook0/lean_workbook_plus_50821.lean:105:43: error: unexpected token; expected ':'

workbook0/lean_workbook_plus_77476.lean:
workbook0/lean_workbook_plus_77476.lean:106:2: error: tactic 'introN' failed, insufficient number of binders
x y : ℤ
h : x ^ 3 + x * y ^ 2 + x ^ 2 * y + y ^ 3 = 4 * (x ^ 2 + y ^ 2 + x * y + 3)
⊢ x = 2 ∧ y = 2 ∨ x = -2 ∧ y = -2 ∨ x = 0 ∧ y = -3 ∨ x = -3 ∧ y = 0

workbook0/lean_workbook_plus_57898.lean:
workbook0/lean_workbook_plus_57898.lean:107:10: error: invalid constructor ⟨...⟩, expected type must be an inductive type 
  ∀ (n : ℕ), ∑ i in Finset.range n, i ^ 2 = n * (n + 1) * (2 * n + 1) / 6

workbook0/lean_workbook_plus_58758.lean:
workbook0/lean_workbook_plus_58758.lean:107:10: error: invalid constructor ⟨...⟩, expected type must be an inductive type 
  ∀ (a b c : ℝ),
    a ∈ Set.Icc 0 1 ∧ b ∈ Set.Icc 0 1 ∧ c ∈ Set.Icc 0 1 →
      1 / (1 + a * b) + 1 / (1 + b * c) + 1 / (1 + c * a) ≤ 5 / (a + b + c)

workbook0/lean_workbook_plus_22755.lean:
workbook0/lean_workbook_plus_22755.lean:105:80: error: unsolved goals
⊢ False

workbook0/lean_workbook_plus_50452.lean:
workbook0/lean_workbook_plus_50452.lean:105:109: error: unsolved goals
⊢ False

workbook0/lean_workbook_plus_26752.lean:
workbook0/lean_workbook_plus_26752.lean:107:10: error: invalid constructor ⟨...⟩, expected type must be an inductive type 
  ∀ (a b c : ℝ),
    1 / 2 + (a ^ 2 + b ^ 2 + c ^ 2) / (a * b + b * c + c * a) ≥ a / (b + c) + b / (c + a) + c / (a + b) ∧
      a / (b + c) + b / (c + a) + c / (a + b) ≥ 2 - (a * b + b * c + c * a) / (2 * (a ^ 2 + b ^ 2 + c ^ 2))

workbook0/lean_workbook_plus_63191.lean:
workbook0/lean_workbook_plus_63191.lean:106:31: error: function expected at
  h
term has type
  ℝ

workbook0/lean_workbook_plus_22470.lean:
workbook0/lean_workbook_plus_22470.lean:106:40: error: unsolved goals
⊢ ¬?m.902 (-1)

workbook0/lean_workbook_plus_36179.lean:
workbook0/lean_workbook_plus_36179.lean:105:114: error: unsolved goals
⊢ False

workbook0/lean_workbook_plus_46052.lean:
workbook0/lean_workbook_plus_46052.lean:106:148: error: unsolved goals
⊢ False

workbook0/lean_workbook_plus_44908.lean:
workbook0/lean_workbook_plus_44908.lean:107:17: error: rcases tactic failed: hf : ∀ (c : ℝ), ∃ x > 0, f x ≠ c is not an inductive datatype

workbook0/lean_workbook_plus_75948.lean:
workbook0/lean_workbook_plus_75948.lean:106:39: error: unsolved goals
⊢ ¬?m.1351 1

workbook0/lean_workbook_plus_4691.lean:
workbook0/lean_workbook_plus_4691.lean:107:13: error: function expected at
  h
term has type
  ℝ
workbook0/lean_workbook_plus_4691.lean:105:91: error: unsolved goals
h : ℝ
⊢ sin h + sin 7 * h - (sin 3 * h + sin 5 * h) = 0

workbook0/lean_workbook_plus_53032.lean:
Try this: ring_nf
workbook0/lean_workbook_plus_53032.lean:105:136: error: unsolved goals
y : ℝ
hy : 0 < y
⊢ ¬True

workbook0/lean_workbook_plus_6006.lean:
workbook0/lean_workbook_plus_6006.lean:105:43: error: unexpected token; expected ')'

workbook0/lean_workbook_plus_51867.lean:
workbook0/lean_workbook_plus_51867.lean:105:35: error: expected token

workbook0/lean_workbook_plus_49236.lean:
workbook0/lean_workbook_plus_49236.lean:107:10: error: invalid constructor ⟨...⟩, expected type must be an inductive type 
  ∀ (a b c : ℝ), a ^ 3 * b ^ 2 + b ^ 3 * c ^ 2 + c ^ 3 * a ^ 2 ≥ a ^ 3 * b * c + b ^ 3 * a * c + c ^ 3 * a * b

workbook0/lean_workbook_plus_31158.lean:
workbook0/lean_workbook_plus_31158.lean:105:188: error: unsolved goals
a b c : ℝ
ha : 0 < a
hb : 0 < b
hc : 0 < c
habc : a * b * c = 1
h : a / (1 + b) + b / (1 + c) + c / (1 + a) = 3 / 4
⊢ False

workbook0/lean_workbook_plus_45699.lean:
workbook0/lean_workbook_plus_45699.lean:106:39: error: unsolved goals
⊢ ¬?m.786 0

workbook0/lean_workbook_plus_51752.lean:
workbook0/lean_workbook_plus_51752.lean:106:27: error: unsolved goals
⊢ ¬?m.1093 2

workbook0/lean_workbook_plus_37797.lean:
workbook0/lean_workbook_plus_37797.lean:107:10: error: invalid constructor ⟨...⟩, expected type must be an inductive type 
  ∀ (a b c : ℝ), 3 / (2 * a * b * c) ≥ 81 / (2 * (a + b + c) ^ 3)

workbook0/lean_workbook_plus_3596.lean:
workbook0/lean_workbook_plus_3596.lean:106:2: error: tactic 'introN' failed, insufficient number of binders
m n : ℤ
h : (m ^ 2 + 1) * (2 * n - 1) = (2 * n ^ 2 - 3) * (m - 1)
⊢ m = 1 ∧ n = 1 ∨ m = -1 ∧ n = -1 ∨ m = 0 ∧ n = -1

workbook0/lean_workbook_plus_40878.lean:
workbook0/lean_workbook_plus_40878.lean:107:12: error: invalid field notation, type is not of the form (C ...) where C is a constant
  h₁
has type
  x = 1 → y ≠ 1

workbook0/lean_workbook_plus_34349.lean:
workbook0/lean_workbook_plus_34349.lean:105:32: error: unexpected token; expected ':'

workbook0/lean_workbook_plus_50714.lean:
workbook0/lean_workbook_plus_50714.lean:107:10: error: invalid constructor ⟨...⟩, expected type must be an inductive type 
  ∀ (n : ℕ), ↑(∑ i in Finset.Icc 1 n, 1 / i) < ↑n * (1 - 1 / ↑n ^ (1 / n) + 1)

workbook0/lean_workbook_plus_75278.lean:
workbook0/lean_workbook_plus_75278.lean:106:2: warning: aesop: failed to prove the goal after exhaustive search.
workbook0/lean_workbook_plus_75278.lean:105:193: error: unsolved goals
case left
n : ℕ
p : ℕ → ℕ
hp : ∀ (i : ℕ), Nat.Prime (p i)
hpi : ∀ (i j : ℕ), ¬i = j → ¬p i = p j
hprod : ∏ i in Finset.range n, (1 - 1 / p i) = 0
⊢ n = 1

case right
n : ℕ
p : ℕ → ℕ
hp : ∀ (i : ℕ), Nat.Prime (p i)
hpi : ∀ (i j : ℕ), ¬i = j → ¬p i = p j
hprod : ∏ i in Finset.range n, (1 - 1 / p i) = 0
⊢ p 0 = 3

workbook0/lean_workbook_plus_82017.lean:
workbook0/lean_workbook_plus_82017.lean:105:32: error: unexpected token; expected ':'

workbook0/lean_workbook_plus_5773.lean:
workbook0/lean_workbook_plus_5773.lean:107:10: error: invalid constructor ⟨...⟩, expected type must be an inductive type 
  ∀ (n : ℕ), ∏ k in Finset.Icc 2 n, (k ^ 2 - 1) / k ^ 2 = (n + 1) / (2 * n)

workbook0/lean_workbook_plus_47435.lean:
workbook0/lean_workbook_plus_47435.lean:108:13: error: function expected at
  hf1
term has type
  ∃ n, f n + n = 2 ^ k - 1 → f (2 ^ 1990) ≠ 0
workbook0/lean_workbook_plus_47435.lean:105:169: error: unsolved goals
n k : ℕ
f : ℕ → ℕ
hf2 : ∀ (m : ℕ), m ≠ 2 ^ n - 1 → f m = f (m + 1) + 1
hf1 : ∃ n, f n + n = 2 ^ k - 1 → f (2 ^ 1990) ≠ 0
⊢ f (2 ^ 1990 - 1) ≠ 0

workbook0/lean_workbook_plus_60031.lean:
workbook0/lean_workbook_plus_60031.lean:105:130: error: unsolved goals
a : ℕ → ℝ
a_rec : ∀ (n : ℕ), a (n + 1) = 1 / (1 + 1 / a n)
a1 : ∃ n, a n ≠ 1 / ↑n
⊢ ¬a 0 = 1

workbook0/lean_workbook_plus_1042.lean:
workbook0/lean_workbook_plus_1042.lean:107:10: error: invalid constructor ⟨...⟩, expected type must be an inductive type 
  ∀ (f : ℕ → ℕ), ∃ n, f (f n) ≠ f (n + 1) - f n

workbook0/lean_workbook_plus_70442.lean:
workbook0/lean_workbook_plus_70442.lean:105:175: error: unsolved goals
a b : ℕ → ℝ
⊢ False

workbook0/lean_workbook_plus_38386.lean:
workbook0/lean_workbook_plus_38386.lean:106:2: error: tactic 'introN' failed, insufficient number of binders
x₀ : ℝ
f g : ℝ → ℝ
x : ℝ
hf : f x = x - 2 + 1 / 2 * Real.log x
hg : g x = f (1 / x)
⊢ (∀ x ∈ Set.Ioi 0, g x > 0) ∧ (∃ x₀ ∈ Set.Ioi 0, g x₀ = 0) ∧ ∀ x ∈ Set.Ioi 0, g x < 0 ↔ x < x₀

workbook0/lean_workbook_plus_15582.lean:
workbook0/lean_workbook_plus_15582.lean:106:39: error: unsolved goals
⊢ ¬?m.525 1

workbook0/lean_workbook_plus_12283.lean:
workbook0/lean_workbook_plus_12283.lean:105:40: error: unexpected token ')'; expected ':=', 'where' or '|'

workbook0/lean_workbook_plus_65621.lean:
workbook0/lean_workbook_plus_65621.lean:106:2: error: tactic 'introN' failed, insufficient number of binders
x y z : ℝ
h₁ : x ^ 2 + y ^ 2 + z ^ 2 = 9
h₂ : x ^ 4 + y ^ 4 + z ^ 4 = 33
h₃ : x * y * z = -4
⊢ x = 2 ∧ y = -1 ∧ z = -2

workbook0/lean_workbook_plus_55693.lean:
workbook0/lean_workbook_plus_55693.lean:107:12: warning: aesop: failed to prove the goal after exhaustive search.
workbook0/lean_workbook_plus_55693.lean:107:12: warning: aesop: failed to prove the goal after exhaustive search.
workbook0/lean_workbook_plus_55693.lean:108:9: error: unknown identifier 'b''
workbook0/lean_workbook_plus_55693.lean:108:18: error: rcases tactic failed: x✝ : ?m.7010 is not an inductive datatype

workbook0/lean_workbook_plus_61248.lean:
workbook0/lean_workbook_plus_61248.lean:106:2: error: simp made no progress

workbook0/lean_workbook_plus_13332.lean:
workbook0/lean_workbook_plus_13332.lean:107:10: error: invalid constructor ⟨...⟩, expected type must be an inductive type 
  ∀ (b c : ℝ), (b + c) ^ 4 - b ^ 4 - c ^ 4 - 14 * b ^ 2 * c ^ 2 ≥ 0

workbook0/lean_workbook_plus_2801.lean:
workbook0/lean_workbook_plus_2801.lean:105:43: error: unexpected token; expected ')'

workbook0/lean_workbook_plus_23082.lean:
workbook0/lean_workbook_plus_23082.lean:105:79: error: unsolved goals
n! : ℚ
⊢ False

workbook0/lean_workbook_plus_15342.lean:
workbook0/lean_workbook_plus_15342.lean:107:2: error: linarith failed to find a contradiction
case h1.h
x : ℝ
hx : x ≠ 37
a✝ : x - 67 < x - 37 + 30
⊢ False
failed

workbook0/lean_workbook_plus_46775.lean:
workbook0/lean_workbook_plus_46775.lean:105:32: error: unexpected token; expected ':'

workbook0/lean_workbook_plus_306.lean:
workbook0/lean_workbook_plus_306.lean:107:10: error: invalid constructor ⟨...⟩, expected type must be an inductive type 
  ∀ (x y : ℝ), (x + 1) ^ 3 * (x + y) ≤ y + (x + (y + 1)) ^ 3 * x

workbook0/lean_workbook_plus_82861.lean:
workbook0/lean_workbook_plus_82861.lean:107:10: error: invalid constructor ⟨...⟩, expected type must be an inductive type 
  ∀ (a b c : ℝ), b * c * (b + c) + 4 * a ≥ (a + 2) * (b + c)

workbook0/lean_workbook_plus_76192.lean:
workbook0/lean_workbook_plus_76192.lean:107:10: error: invalid constructor ⟨...⟩, expected type must be an inductive type 
  ∀ (x : ℝ),
    x ≠ -5 ∧ x ≠ -4 ∧ x ≠ -3 ∧ x ≠ -2 ∧ x ≠ 1 ∧ x ≠ 3 ∧ x ≠ 5 ∧ x ≠ 6 ∧ x ≠ 7 ∧ x ≠ 8 →
      1 / 5 * (x + 1) * (x - 3) / ((x + 2) * (x - 4)) + 1 / 9 * (x + 3) / (x + 4) * (x - 5) / (x - 6) -
          2 / 13 * (x + 5) / (x + 6) * (x - 7) / (x - 8) =
        92 / 585

workbook0/lean_workbook_plus_18397.lean:
workbook0/lean_workbook_plus_18397.lean:107:10: error: invalid constructor ⟨...⟩, expected type must be an inductive type 
  ∀ (x : ℝ), 0 ≤ x ∧ x ≤ π / 4 → sin x ^ sin x < cos x ^ cos x

workbook0/lean_workbook_plus_63384.lean:
workbook0/lean_workbook_plus_63384.lean:106:2: error: tactic 'introN' failed, insufficient number of binders
j : ℕ
G : ℤ
hG : 13 < G
⊢ ∃ x, (∀ (i : ℕ), 0 < i ∧ x i ≠ x j) ∧ G ^ 3 = ∑ i in Finset.range 5, x i ^ 3

workbook0/lean_workbook_plus_11513.lean:
workbook0/lean_workbook_plus_11513.lean:106:2: warning: aesop: failed to prove the goal after exhaustive search.
workbook0/lean_workbook_plus_11513.lean:105:316: error: unsolved goals
⊢ False

workbook0/lean_workbook_plus_42169.lean:
workbook0/lean_workbook_plus_42169.lean:107:10: error: invalid constructor ⟨...⟩, expected type must be an inductive type 
  ∀ (a b c : ℝ),
    a ∈ Set.Icc 1 2 ∧ b ∈ Set.Icc 1 2 ∧ c ∈ Set.Icc 1 2 → (a + 5 * b + 9 * c) * (1 / a + 5 / b + 9 / c) ≤ 225

workbook0/lean_workbook_plus_51141.lean:
workbook0/lean_workbook_plus_51141.lean:107:10: error: invalid constructor ⟨...⟩, expected type must be an inductive type 
  ∀ (n : ℕ), f n ≤ n
workbook0/lean_workbook_plus_51141.lean:108:2: error: no goals to be solved

workbook0/lean_workbook_plus_27133.lean:
workbook0/lean_workbook_plus_27133.lean:105:133: error: unsolved goals
n : ℕ
⊢ (↑n)⁻¹ * 2⁻¹ < 0 ∧ (↑n)⁻¹ * 6⁻¹ < 1

workbook0/lean_workbook_plus_56134.lean:
workbook0/lean_workbook_plus_56134.lean:106:24: error: function expected at
  h
term has type
  ℂ
workbook0/lean_workbook_plus_56134.lean:106:30: error: unsolved goals
h : ℂ
⊢ ¬?m.130084 h
workbook0/lean_workbook_plus_56134.lean:105:574: error: unsolved goals
⊢ ∀ (x : ℂ),
    x ^ 59 + x ^ 58 + x ^ 57 + x ^ 56 + x ^ 55 + x ^ 54 + x ^ 53 + x ^ 52 + x ^ 51 + x ^ 50 + x ^ 49 + x ^ 48 + x ^ 47 +
                                                                                                    x ^ 46 +
                                                                                                  x ^ 45 +
                                                                                                x ^ 44 +
                                                                                              x ^ 43 +
                                                                                            x ^ 42 +
                                                                                          x ^ 41 +
                                                                                        x ^ 40 +
                                                                                      x ^ 39 +
                                                                                    x ^ 38 +
                                                                                  x ^ 37 +
                                                                                x ^ 36 +
                                                                              x ^ 35 +
                                                                            x ^ 34 +
                                                                          x ^ 33 +
                                                                        x ^ 32 +
                                                                      x ^ 31 +
                                                                    x ^ 30 +
                                                                  x ^ 29 +
                                                                x ^ 28 +
                                                              x ^ 27 +
                                                            x ^ 26 +
                                                          x ^ 25 +
                                                        x ^ 24 +
                                                      x ^ 23 +
                                                    x ^ 22 +
                                                  x ^ 21 +
                                                x ^ 20 +
                                              x ^ 19 +
                                            x ^ 18 +
                                          x ^ 17 +
                                        x ^ 16 +
                                      x ^ 15 +
                                    x ^ 14 +
                                  x ^ 13 +
                                x ^ 12 +
                              x ^ 11 +
                            x ^ 10 +
                          x ^ 9 +
                        x ^ 8 +
                      x ^ 7 +
                    x ^ 6 +
                  x ^ 5 +
                x ^ 4 +
              x ^ 3 +
            x ^ 2 +
          x +
        1 =
      0

workbook0/lean_workbook_plus_71644.lean:
workbook0/lean_workbook_plus_71644.lean:105:63: error: unsolved goals
⊢ False

workbook0/lean_workbook_plus_6005.lean:
workbook0/lean_workbook_plus_6005.lean:105:71: error: unsolved goals
⊢ False

workbook0/lean_workbook_plus_60092.lean:
workbook0/lean_workbook_plus_60092.lean:108:6: error: tactic 'rewrite' failed, did not find instance of the pattern in the target expression
  ?m.11238 / ?m.11239 < ?m.11240 / ?m.11241
x y z : ℝ
hx : 1 < x
hy : 1 < y
hz : 1 < z
⊢ 3 / 2 ≤ ((1 + y + (1 + x)) * (1 + z) + (1 + x) * (1 + y)) / ((1 + x) * (1 + y) * (1 + z))

workbook0/lean_workbook_plus_5877.lean:
workbook0/lean_workbook_plus_5877.lean:106:48: error: unsolved goals
⊢ False

workbook0/lean_workbook_plus_15001.lean:
workbook0/lean_workbook_plus_15001.lean:106:2: error: simp made no progress

workbook0/lean_workbook_plus_37870.lean:
workbook0/lean_workbook_plus_37870.lean:106:2: error: type mismatch
  not_forall.mpr (Exists.intro 1 ?m.4462)
has type
  ¬∀ (x : ℕ), ?m.4433 x : Prop
but is expected to have type
  ∀ (a b c : ℝ),
    a * b * c ≤ 1 →
      a ^ 2 * b ^ 2 * c ^ 2 + a * b * c + a * b * c * (a * b + b * c + c * a) + a * b * c * (a + b + c) ≤
        a ^ 2 + b ^ 2 + c ^ 2 + a + b + c + 2 : Prop

workbook0/lean_workbook_plus_37920.lean:
workbook0/lean_workbook_plus_37920.lean:106:27: error: unsolved goals
⊢ ¬?m.688 1

workbook0/lean_workbook_plus_56302.lean:
workbook0/lean_workbook_plus_56302.lean:108:2: error: tactic 'introN' failed, insufficient number of binders
b : ℝ
f g : ℝ → ℝ
hf : ∀ (x : ℝ), f x = Real.sqrt x
hg : ∀ (x : ℝ), g x = 7 * x + b
h : 6 = Real.sqrt (28 + b)
⊢ b = 2

workbook0/lean_workbook_plus_42315.lean:
workbook0/lean_workbook_plus_42315.lean:107:85: error: unsolved goals
⊢ ∑ k in Finset.Icc 1 10, ∑ n in Finset.Icc 1 k, n / k -
      ∑ k in Finset.Icc 1 10, ∑ n in Finset.Icc 1 (k - 1), n / (k - 1) =
    647

workbook0/lean_workbook_plus_77328.lean:
workbook0/lean_workbook_plus_77328.lean:105:88: error: unsolved goals
case «3»
n : ℕ
⊢ False

case «7»
n : ℕ
⊢ False

workbook0/lean_workbook_plus_65043.lean:
workbook0/lean_workbook_plus_65043.lean:107:10: error: invalid constructor ⟨...⟩, expected type must be an inductive type 
  ∀ (a b c : ℝ), (a + 1) / (b ^ 2 + 1) + (b + 1) / (c ^ 2 + 1) + (c + 1) / (a ^ 2 + 1) ≤ a ^ 2 + b ^ 2 + c ^ 2

workbook0/lean_workbook_plus_71177.lean:
workbook0/lean_workbook_plus_71177.lean:107:12: error: unknown identifier 'logb_eq_iff_rpow_eq'

workbook0/lean_workbook_plus_46631.lean:
workbook0/lean_workbook_plus_46631.lean:106:2: error: type mismatch
  not_forall.mpr (Exists.intro 1 fun h => ?m.44961 h)
has type
  ¬∀ (x : ℕ), ?m.44928 x : Prop
but is expected to have type
  ∀ (a b c : ℝ),
    9 ^ 3 * (a ^ 4 + 1) ^ 3 * (b ^ 4 + 1) ^ 3 * (c ^ 4 + 1) ^ 3 ≥
        8 ^ 3 * (a ^ 6 + a ^ 3 + 1) ^ 2 * (b ^ 6 + b ^ 3 + 1) ^ 2 * (c ^ 6 + c ^ 3 + 1) ^ 2 ∧
      8 ^ 3 * (a ^ 6 + a ^ 3 + 1) ^ 2 * (b ^ 6 + b ^ 3 + 1) ^ 2 * (c ^ 6 + c ^ 3 + 1) ^ 2 ≥
        8 ^ 3 * (a ^ 2 * b ^ 2 * c ^ 2 + a * b * c + 1) ^ 6 : Prop

workbook0/lean_workbook_plus_24201.lean:
workbook0/lean_workbook_plus_24201.lean:105:95: error: unsolved goals
⊢ False

workbook0/lean_workbook_plus_33524.lean:
workbook0/lean_workbook_plus_33524.lean:106:2: warning: aesop: failed to prove the goal after exhaustive search.
workbook0/lean_workbook_plus_33524.lean:105:141: error: unsolved goals
x : ℝ
left : 0 < x
right : x < 1
⊢ ∃ a, (∀ (n : ℕ), a n ≤ 9) ∧ x = ↑(∑' (n : ℕ), a n / 10 ^ n)

workbook0/lean_workbook_plus_23930.lean:
workbook0/lean_workbook_plus_23930.lean:111:2: error: tactic 'introN' failed, insufficient number of binders
a b : ℤ
h₀ : 0 < a ∧ 0 < b
h₁ : (a - 1) ^ 2 = 1
h₂ : b ^ 2 = 2010 * (a - 1) ^ 2
h₃ : 0 < a ∧ 0 < b
⊢ a = 2 ∧ b = 2012

workbook0/lean_workbook_plus_77117.lean:
workbook0/lean_workbook_plus_77117.lean:108:2: error: linarith failed to find a contradiction
case a
x y z : ℝ
hx : 0 < x
hy : 0 < y
hz : 0 < z
h : x * y + y * z + z * x ≤ 3 * (2 * Real.sqrt 3 - 3)
a✝ : Real.sqrt (x * y + y * z + z * x) / Real.sqrt 3 > 0
⊢ False
failed

workbook0/lean_workbook_plus_25166.lean:
workbook0/lean_workbook_plus_25166.lean:106:89: error: unsolved goals
⊢ ∑ k in Finset.Icc 1 10, ((k + 1) * 2 ^ (k + 1) - 2 ^ (k + 1) + 1) ≡ 398 [MOD 1000]

workbook0/lean_workbook_plus_72909.lean:
workbook0/lean_workbook_plus_72909.lean:107:10: error: invalid constructor ⟨...⟩, expected type must be an inductive type 
  ∀ (a b c : ℝ),
    1 / 2 + 1 / 2 * Real.sqrt ((a * b + b * c + c * a) / (a ^ 2 + b ^ 2 + c ^ 2)) ≤
      Real.sqrt (a ^ 2 / (4 * a ^ 2 + 5 * b * c)) + Real.sqrt (b ^ 2 / (5 * c * a + 4 * b ^ 2)) +
        Real.sqrt (c ^ 2 / (5 * a * b + 4 * c ^ 2))

workbook0/lean_workbook_plus_20846.lean:
workbook0/lean_workbook_plus_20846.lean:113:22: error: linarith failed to find a contradiction
c : ℝ
f g : ℝ → ℝ
h₀ : 0 < c
h₁ : ∀ x ∈ Set.Ioo 0 c, f x = x * (1 + sin x / 2)
h₂ : ∀ x ≥ c, f x = x + c
h₃ : ∀ (x : ℝ), g x = f x + c
x : ℝ
hx : c < x
⊢ False
failed
workbook0/lean_workbook_plus_20846.lean:113:2: error: type mismatch
  fun x hx => ?m.699 x hx
has type
  (x : ℝ) → (hx : c < x) → ?m.698 x hx : Sort (imax 1 ?u.694)
but is expected to have type
  ∃ x > c, f x + c < f c + c : Prop

workbook0/lean_workbook_plus_20959.lean:
workbook0/lean_workbook_plus_20959.lean:108:21: error: linarith failed to find a contradiction
case h2.h
x : ℕ
h₀ : x + x = 2000
a✝ : 500 < x
⊢ False
failed
workbook0/lean_workbook_plus_20959.lean:107:16: error: unsolved goals
x : ℕ
h₀ : x + x = 2000
⊢ x = 500

workbook0/lean_workbook_plus_82553.lean:
workbook0/lean_workbook_plus_82553.lean:107:10: error: invalid constructor ⟨...⟩, expected type must be an inductive type 
  ∀ ε > 0,
    ∃ N,
      ∀ n ≥ N,
        |(Real.sqrt (↑n ^ 3 - 2 * ↑n ^ 2 + 1) + (↑n ^ 4 + 1) ^ (1 / 3)) /
                ((↑n ^ 6 + 6 * ↑n ^ 5 + 2) ^ (1 / 4) - (↑n ^ 7 + 3 * ↑n ^ 3 + 1) ^ (1 / 5)) -
              1| <
          ε

workbook0/lean_workbook_plus_63323.lean:
workbook0/lean_workbook_plus_63323.lean:105:83: error: unsolved goals
⊢ False

workbook0/lean_workbook_plus_51367.lean:
workbook0/lean_workbook_plus_51367.lean:105:79: error: unsolved goals
⊢ False

workbook0/lean_workbook_plus_66293.lean:
workbook0/lean_workbook_plus_66293.lean:111:2: error: tactic 'introN' failed, insufficient number of binders
θ k : ℝ
b : ℕ → ℝ
h₀ : 1 < k ∧ k < 2
h₁ : b 0 = 1
h₂ : ∀ (n : ℕ), b (n + 1) = k * b n - b (n - 1)
⊢ ∃ B, ∀ (n : ℕ), b n = B * sin (↑n * θ) / sin θ

workbook0/lean_workbook_plus_15303.lean:
workbook0/lean_workbook_plus_15303.lean:105:141: error: unsolved goals
x : ℤ
E : ℕ → ℤ
h₁ : E 1 = x
h₂ : ∀ (n : ℕ), E (n + 1) = E n - (↑n - 1) ^ 2
h₃ : x ≠ 81
⊢ ¬x - 1 - 4 - 9 - 16 - 25 - 36 - 49 - 64 = 0

workbook0/lean_workbook_plus_50529.lean:
workbook0/lean_workbook_plus_50529.lean:107:10: error: invalid constructor ⟨...⟩, expected type must be an inductive type 
  ∀ (a b c : ℝ),
    ℝ →
      3 ≤ (4 * a + b) / (a + 4 * b) + (4 * b + c) / (b + 4 * c) + (4 * c + a) / (c + 4 * a) ∧
        (4 * a + b) / (a + 4 * b) + (4 * b + c) / (b + 4 * c) + (4 * c + a) / (c + 4 * a) < 33 / 4

workbook0/lean_workbook_plus_20234.lean:
workbook0/lean_workbook_plus_20234.lean:105:32: error: unexpected token '∀'; expected ':'

workbook0/lean_workbook_plus_8557.lean:
workbook0/lean_workbook_plus_8557.lean:105:31: error: unexpected token; expected ':'

workbook0/lean_workbook_plus_53970.lean:
workbook0/lean_workbook_plus_53970.lean:107:10: error: invalid constructor ⟨...⟩, expected type must be an inductive type 
  ∀ (x y : ℤ), (x * y + x + y) ^ 2 + (x * y - x - y) ^ 2 = 2 * x ^ 2 + 2 * y ^ 2

workbook0/lean_workbook_plus_2917.lean:
workbook0/lean_workbook_plus_2917.lean:107:19: error: typeclass instance problem is stuck, it is often due to metavariables
  CovariantClass (?m.4352 h) (?m.4352 h) (Function.swap fun x x_1 => x + x_1) fun x x_1 => x < x_1

workbook0/lean_workbook_plus_26135.lean:
workbook0/lean_workbook_plus_26135.lean:105:183: error: unsolved goals
a b c : ℕ
⊢ False

workbook0/lean_workbook_plus_62796.lean:
workbook0/lean_workbook_plus_62796.lean:105:83: error: unsolved goals
n : ℕ
⊢ False

workbook0/lean_workbook_plus_25577.lean:
workbook0/lean_workbook_plus_25577.lean:105:32: error: unexpected token; expected ':'

workbook0/lean_workbook_plus_20499.lean:
workbook0/lean_workbook_plus_20499.lean:106:55: error: function expected at
  h
term has type
  ℕ

workbook0/lean_workbook_plus_42232.lean:
workbook0/lean_workbook_plus_42232.lean:107:10: error: invalid constructor ⟨...⟩, expected type must be an inductive type 
  ∀ (t : ℕ), ∃ n k, t = 2 ^ n * (2 * k + 1)

workbook0/lean_workbook_plus_63038.lean:
workbook0/lean_workbook_plus_63038.lean:106:2: error: linarith failed to find a contradiction
case a
x y z t : ℝ
hx : x < 0
hy : y < 0
hz : z < 0
ht : t < 0
a✝ : (t + y - 1) * (x + z - 1) > 0
⊢ False
failed

workbook0/lean_workbook_plus_58064.lean:
workbook0/lean_workbook_plus_58064.lean:105:303: error: unsolved goals
h₁ : 5 ≤ 5
h₂ : 6 ≤ 6
h₃ : 7 ≤ 7
h₄ : 8 ≤ 8
h₅ : 9 ≤ 9
⊢ False

workbook0/lean_workbook_plus_30752.lean:
workbook0/lean_workbook_plus_30752.lean:105:56: error: expected token

workbook0/lean_workbook_plus_52286.lean:
workbook0/lean_workbook_plus_52286.lean:107:10: error: invalid constructor ⟨...⟩, expected type must be an inductive type 
  ∀ (n : ℕ), 1 / ((↑n + 1) * Real.sqrt (Real.log (↑n + 1))) = 0

workbook0/lean_workbook_plus_79658.lean:
workbook0/lean_workbook_plus_79658.lean:108:10: error: invalid constructor ⟨...⟩, expected type must be an inductive type 
  ∀ (a b c : ℝ),
    a ^ 2 / b ^ 2 + b ^ 2 / c ^ 2 + c ^ 2 / a ^ 2 + 2 * (a / b + b / c + c / a) + 1 ≥
      11 * (a ^ 2 + b ^ 2 + c ^ 2) / (a * b + b * c + a * c) + 5

workbook0/lean_workbook_plus_58993.lean:
workbook0/lean_workbook_plus_58993.lean:107:10: error: invalid constructor ⟨...⟩, expected type must be an inductive type 
  ∀ (x : ℝ), (x - 3) ^ 2 * (x + 6) ≥ 0

workbook0/lean_workbook_plus_59205.lean:
workbook0/lean_workbook_plus_59205.lean:107:2: error: linarith failed to find a contradiction
case h
a✝ : 1 ≥ Real.log 2
⊢ False
failed

workbook0/lean_workbook_plus_6050.lean:
workbook0/lean_workbook_plus_6050.lean:110:10: error: invalid constructor ⟨...⟩, expected type must be an inductive type 
  ∀ (a b c : ℝ),
    (a ^ 3 + b ^ 3 + c ^ 3) ^ 2 /
        (a ^ 6 + b ^ 6 + c ^ 6 + a ^ 4 * b ^ 2 + b ^ 4 * c ^ 2 + c ^ 4 * a ^ 2 + 2 * a ^ 3 * b ^ 3) ≤
      a ^ 3 / (3 * a + 2 * b ^ 3) + b ^ 3 / (3 * b + 2 * c ^ 3) + c ^ 3 / (3 * c + 2 * a ^ 3)

workbook0/lean_workbook_plus_54661.lean:
workbook0/lean_workbook_plus_54661.lean:105:32: error: unexpected token; expected ':'

workbook0/lean_workbook_plus_32146.lean:
workbook0/lean_workbook_plus_32146.lean:106:2: error: tactic 'introN' failed, insufficient number of binders
x : ℕ → ℝ
hx : x 1 = 1 / 2 ∧ ∀ (n : ℕ), x (n + 1) = x n - x n ^ 2
⊢ Summable x

workbook0/lean_workbook_plus_47777.lean:
workbook0/lean_workbook_plus_47777.lean:107:10: error: invalid constructor ⟨...⟩, expected type must be an inductive type 
  ∀ (x y z t : ℝ),
    2 ≥ x ^ 2 * t ^ 2 + x * y * z * t + y ^ 2 * z ^ 2 + (x ^ 2 * z ^ 2 + x * y * z * t + y ^ 2 * t ^ 2) ∧
      x ^ 2 * t ^ 2 + x * y * z * t + y ^ 2 * z ^ 2 + (x ^ 2 * z ^ 2 + x * y * z * t + y ^ 2 * t ^ 2) ≥
          3 / 4 * (x * t + y * z) ^ 2 + 3 / 4 * (x * z + y * t) ^ 2 ∧
        3 / 4 * (x * t + y * z) ^ 2 + 3 / 4 * (x * z + y * t) ^ 2 ≥ 3 / 8 * (x + y) ^ 2 * (z + t) ^ 2

workbook0/lean_workbook_plus_45195.lean:
workbook0/lean_workbook_plus_45195.lean:106:131: error: unsolved goals
⊢ False

workbook0/lean_workbook_plus_36288.lean:
workbook0/lean_workbook_plus_36288.lean:107:9: error: invalid constructor ⟨...⟩, expected type must be an inductive type 
  ∀ (f : ℝ → ℝ), (∀ (x y : ℝ), f (x + m * f (x * y)) = x * f x + m * x * f y) ↔ ∃ k, ∀ (x : ℝ), f x = k * x
workbook0/lean_workbook_plus_36288.lean:108:2: error: no goals to be solved

workbook0/lean_workbook_plus_30550.lean:
workbook0/lean_workbook_plus_30550.lean:106:27: error: unsolved goals
⊢ ¬?m.3329 2

workbook0/lean_workbook_plus_17116.lean:
workbook0/lean_workbook_plus_17116.lean:108:10: error: invalid constructor ⟨...⟩, expected type must be an inductive type 
  ∀ (a b c : ℝ),
    (1 / Real.sqrt (a ^ 2 - a * b + b ^ 2) + 1 / Real.sqrt (b ^ 2 - b * c + c ^ 2) +
            1 / Real.sqrt (c ^ 2 - c * a + a ^ 2)) ^
          2 *
        (a ^ 2 - a * b + b ^ 2 + b ^ 2 - b * c + c ^ 2 + c ^ 2 - c * a + a ^ 2) ≥
      27

workbook0/lean_workbook_plus_445.lean:
workbook0/lean_workbook_plus_445.lean:105:230: error: unsolved goals
ab bc ca a b c : ℝ
hx : a + b + c = 3
hab : a + b > c
hbc : b + c > a
hca : a + c > b
⊢ False

workbook0/lean_workbook_plus_39299.lean:
workbook0/lean_workbook_plus_39299.lean:105:126: error: unsolved goals
a b : ℕ → ℕ
h1 : ∀ (k : ℕ), a k = 4 * k + 1
h2 : ∀ (k : ℕ), b k = 4 * k + 3
⊢ False

workbook0/lean_workbook_plus_15791.lean:
workbook0/lean_workbook_plus_15791.lean:106:2: error: linarith failed to find a contradiction
case h2.h
a b : ℝ
h₁ : a + b = 2
h₂ : a * b = -1
a✝ : 2 - a ^ 2 < b
⊢ False
failed

workbook0/lean_workbook_plus_70962.lean:
workbook0/lean_workbook_plus_70962.lean:107:10: error: invalid constructor ⟨...⟩, expected type must be an inductive type 
  ∀ (x y : ℝ), x ^ 2 + y ^ 2 - y * x = x ^ 2 + y ^ 2 - x * y + x ^ 2

workbook0/lean_workbook_plus_17820.lean:
workbook0/lean_workbook_plus_17820.lean:111:23: error: tactic 'apply' failed, failed to unify
  ?a ≤ ?b
with
  0 ≤ ?m.15656
a b : ℝ
ha : 0 < a
hb : 0 < b
hab : ¬a * b = 1
hab2 : a * (a * 3) + a * (a * (a * 3)) + (b * (b * 3) + b * (b * (b * 3))) = 8 + a * 8 + (b * 8 + a * (b * 8))
h1 : 0 ≤ (a - b) ^ 2
⊢ 0 ≤ ?m.15656
workbook0/lean_workbook_plus_17820.lean:111:38: error: tactic 'apply' failed, failed to unify
  ?a ≤ ?b
with
  0 ≤ ?m.15657
a b : ℝ
ha : 0 < a
hb : 0 < b
hab : ¬a * b = 1
hab2 : a * (a * 3) + a * (a * (a * 3)) + (b * (b * 3) + b * (b * (b * 3))) = 8 + a * 8 + (b * 8 + a * (b * 8))
h1 : 0 ≤ (a - b) ^ 2
⊢ 0 ≤ ?m.15657

workbook0/lean_workbook_plus_44128.lean:
workbook0/lean_workbook_plus_44128.lean:107:10: error: invalid constructor ⟨...⟩, expected type must be an inductive type 
  ∀ (a b c : ℝ), a / (b + c) ≥ 3 * a ^ (3 / 2) / (2 * (a ^ (3 / 2) + b ^ (3 / 2) + c ^ (3 / 2)))

workbook0/lean_workbook_plus_5807.lean:
workbook0/lean_workbook_plus_5807.lean:107:10: error: invalid constructor ⟨...⟩, expected type must be an inductive type 
  ∀ (a b : ℝ), a > 0 ∧ b > 0 → a ^ 2 + b ^ 2 + b ^ 2 / a ^ 2 ≥ a / b + b / a

workbook0/lean_workbook_plus_47901.lean:
workbook0/lean_workbook_plus_47901.lean:107:9: error: invalid constructor ⟨...⟩, expected type must be an inductive type 
  ∀ (f : ℝ → ℝ),
    (∀ (x y : ℝ), f (x * f y + y) + f (x * y + x) = f (x + y) + k * x * y) ↔ ∃ c, ∀ (x : ℝ), f x = c * x + 1
workbook0/lean_workbook_plus_47901.lean:108:2: error: no goals to be solved

workbook0/lean_workbook_plus_49387.lean:
workbook0/lean_workbook_plus_49387.lean:105:43: error: expected token

workbook0/lean_workbook_plus_25335.lean:
workbook0/lean_workbook_plus_25335.lean:107:2: error: linarith failed to find a contradiction
case h
a✝ : 3 ≥ 2 * Real.sqrt 2
⊢ False
failed

workbook0/lean_workbook_plus_27062.lean:
workbook0/lean_workbook_plus_27062.lean:105:89: error: unsolved goals
⊢ False

workbook0/lean_workbook_plus_78271.lean:
workbook0/lean_workbook_plus_78271.lean:106:2: error: simp made no progress

workbook0/lean_workbook_plus_57049.lean:
workbook0/lean_workbook_plus_57049.lean:107:10: error: invalid constructor ⟨...⟩, expected type must be an inductive type 
  ∀ (u v : ℝ), cos u + cos v - cos (u + v) = 3 / 2

workbook0/lean_workbook_plus_27939.lean:
workbook0/lean_workbook_plus_27939.lean:107:10: error: invalid constructor ⟨...⟩, expected type must be an inductive type 
  ∀ (a b c : ℝ),
    12 * a ^ 6 + 31 * a ^ 5 * b + 4 * a ^ 5 * c - 38 * a ^ 4 * b ^ 2 + 9 * a ^ 4 * b * c + 16 * a ^ 4 * c ^ 2 -
                                                  33 * a ^ 3 * b ^ 3 -
                                                20 * a ^ 3 * b ^ 2 * c +
                                              61 * a ^ 3 * b * c ^ 2 -
                                            33 * a ^ 3 * c ^ 3 +
                                          16 * a ^ 2 * b ^ 4 +
                                        61 * a ^ 2 * b ^ 3 * c -
                                      126 * a ^ 2 * b ^ 2 * c ^ 2 -
                                    20 * a ^ 2 * b * c ^ 3 -
                                  38 * a ^ 2 * c ^ 4 +
                                4 * a * b ^ 5 +
                              9 * a * b ^ 4 * c -
                            20 * a * b ^ 3 * c ^ 2 +
                          61 * a * b ^ 2 * c ^ 3 +
                        9 * a * b * c ^ 4 +
                      31 * a * c ^ 5 +
                    12 * b ^ 6 +
                  31 * b ^ 5 * c -
                38 * b ^ 4 * c ^ 2 -
              33 * b ^ 3 * c ^ 3 +
            16 * b ^ 2 * c ^ 4 +
          4 * b * c ^ 5 +
        12 * c ^ 6 ≥
      0

workbook0/lean_workbook_plus_9391.lean:
workbook0/lean_workbook_plus_9391.lean:106:2: error: simp made no progress

workbook0/lean_workbook_plus_59963.lean:
workbook0/lean_workbook_plus_59963.lean:106:2: warning: aesop: failed to prove the goal after exhaustive search.
workbook0/lean_workbook_plus_59963.lean:105:117: error: unsolved goals
case left
x y : ℝ
h₁ : x ^ 3 + y ^ 2 = 2
h₂ : x ^ 2 + x * y + y ^ 2 - y = 0
⊢ x = 1

case right
x y : ℝ
h₁ : x ^ 3 + y ^ 2 = 2
h₂ : x ^ 2 + x * y + y ^ 2 - y = 0
⊢ y = 1

workbook0/lean_workbook_plus_82291.lean:
workbook0/lean_workbook_plus_82291.lean:106:29: error: unsolved goals
⊢ ¬?m.508 0

workbook0/lean_workbook_plus_43226.lean:
workbook0/lean_workbook_plus_43226.lean:107:10: error: invalid constructor ⟨...⟩, expected type must be an inductive type 
  ∀ (n : ℕ), 1 < n → (n + 1) ^ (1 + 1 / n) * (n - 1) ^ (1 - 1 / n) > n ^ 2

workbook0/lean_workbook_plus_35878.lean:
workbook0/lean_workbook_plus_35878.lean:106:29: error: application type mismatch
  not_exists.mp h
argument
  h
has type
  ∃ a, ↑a = 2 ^ (1 / 3) + 4 ^ (1 / 3) : Prop
but is expected to have type
  ¬∃ x, ?m.1899 x : Prop
workbook0/lean_workbook_plus_35878.lean:106:34: error: unsolved goals
h : ∃ a, ↑a = 2 ^ (1 / 3) + 4 ^ (1 / 3)
⊢ ?m.2155 h 2
workbook0/lean_workbook_plus_35878.lean:105:86: error: unsolved goals
⊢ ¬∃ a, ↑a = 2 ^ (1 / 3) + 4 ^ (1 / 3)

workbook0/lean_workbook_plus_68179.lean:
workbook0/lean_workbook_plus_68179.lean:106:2: error: type mismatch
  not_forall_of_exists_not ?m.244
has type
  ¬∀ (x : ?m.242), ?m.243 x : Prop
but is expected to have type
  ∀ (α : ℝ), α ≠ 0 → α + 1 / α ≥ 2 : Prop

workbook0/lean_workbook_plus_64976.lean:
workbook0/lean_workbook_plus_64976.lean:107:10: error: invalid constructor ⟨...⟩, expected type must be an inductive type 
  ∀ (a b c : ℝ), a ^ 2 / b ^ 2 + b ^ 2 / c ^ 2 + c ^ 2 / a ^ 2 + 2 * a * b * c / (a ^ 3 + b ^ 3 + c ^ 3) ≥ 11 / 3

workbook0/lean_workbook_plus_38292.lean:
workbook0/lean_workbook_plus_38292.lean:106:2: error: simp made no progress

workbook0/lean_workbook_plus_54179.lean:
workbook0/lean_workbook_plus_54179.lean:107:10: error: invalid constructor ⟨...⟩, expected type must be an inductive type 
  ∀ (a b : ℝ), a ^ 2 + 2 * b ≥ a ^ 3 + b ^ 2 → a ^ 2 + b ^ 2 ≤ 5

workbook0/lean_workbook_plus_61299.lean:
workbook0/lean_workbook_plus_61299.lean:107:10: error: invalid constructor ⟨...⟩, expected type must be an inductive type 
  ∀ (x y : ℤ), x + y = (x - 1) * y + (y - 1) * x

workbook0/lean_workbook_plus_60770.lean:
workbook0/lean_workbook_plus_60770.lean:105:66: error: expected token

workbook0/lean_workbook_plus_46455.lean:
workbook0/lean_workbook_plus_46455.lean:107:10: error: invalid constructor ⟨...⟩, expected type must be an inductive type 
  ∀ (a b c : ℝ), 3 / (2 * a + b) + 3 / (a + b + c) ≥ 12 / (3 * a + 2 * b + c)

workbook0/lean_workbook_plus_57218.lean:
workbook0/lean_workbook_plus_57218.lean:107:2: error: type mismatch
  fun h => LT.lt.ne' (exp_pos 1) h
has type
  rexp 1 = 0 → False : Prop
but is expected to have type
  ∑' (n : ℕ), 1 / n! - rexp 1 = 0 : Prop

workbook0/lean_workbook_plus_64591.lean:
workbook0/lean_workbook_plus_64591.lean:107:8: error: invalid constructor ⟨...⟩, expected type must be an inductive type 
  ∀ (a b c : ℝ), a ^ 2 + b ^ 2 + c ^ 2 ≥ a + b + c

workbook0/lean_workbook_plus_55166.lean:
workbook0/lean_workbook_plus_55166.lean:105:231: error: unsolved goals
a b c : ℝ
ha : a > 0
hb : b > 0
hc : c > 0
habc : a * b * c = 1
⊢ False

workbook0/lean_workbook_plus_74399.lean:
workbook0/lean_workbook_plus_74399.lean:106:2: error: type mismatch
  not_forall_of_exists_not ?m.1201
has type
  ¬∀ (x : ?m.1199), ?m.1200 x : Prop
but is expected to have type
  ∀ (b : ℝ), 1 / 4 * (16 * cos (b / 2) ^ 2 + 8 * sin (b / 2) - 17) * cos (b / 2) ≤ 0 : Prop

workbook0/lean_workbook_plus_40121.lean:
workbook0/lean_workbook_plus_40121.lean:107:10: error: invalid constructor ⟨...⟩, expected type must be an inductive type 
  ∀ (a b c : ℝ),
    (2 * a ^ 2 - b * c) / (b ^ 2 - b * c + c ^ 2) + (2 * b ^ 2 - c * a) / (c ^ 2 - c * a + a ^ 2) +
        (2 * c ^ 2 - a * b) / (a ^ 2 - a * b + b ^ 2) ≥
      3

workbook0/lean_workbook_plus_61640.lean:
workbook0/lean_workbook_plus_61640.lean:107:9: error: invalid constructor ⟨...⟩, expected type must be an inductive type 
  ∀ ε > 0, ∃ δ > 0, ∀ x ∈ Set.Ioo (-δ) δ, |(e ^ x - e ^ tan x) / (x - tan x) - 1| < ε

workbook0/lean_workbook_plus_606.lean:
workbook0/lean_workbook_plus_606.lean:107:10: error: invalid constructor ⟨...⟩, expected type must be an inductive type 
  ∀ (c : ℝ), c ^ 3 ≤ 2 * c ^ 2

workbook0/lean_workbook_plus_11025.lean:
workbook0/lean_workbook_plus_11025.lean:105:32: error: unexpected token; expected ':'

workbook0/lean_workbook_plus_50464.lean:
workbook0/lean_workbook_plus_50464.lean:107:8: error: ambiguous, possible interpretations 
  Real.log_pos : 1 < ?m.250 → 0 < Real.log ?m.250
  
  Nat.log_pos : 1 < ?m.252 → ?m.252 ≤ ?m.253 → 0 < Nat.log ?m.252 ?m.253

workbook0/lean_workbook_plus_61612.lean:
workbook0/lean_workbook_plus_61612.lean:106:2: error: simp made no progress

workbook0/lean_workbook_plus_19471.lean:
workbook0/lean_workbook_plus_19471.lean:106:39: error: unsolved goals
⊢ ¬?m.350 0

workbook0/lean_workbook_plus_62543.lean:
workbook0/lean_workbook_plus_62543.lean:108:9: error: invalid constructor ⟨...⟩, expected type must be an inductive type 
  ∀ (n : ℕ),
    Multiset.sum (Multiset.map (fun k => 1 / ((3 * ↑k - 2) * (2 * ↑k + 1))) (LocallyFiniteOrder.finsetIcc 1 n).val) =
      ↑n / (2 * ↑n + 1)
workbook0/lean_workbook_plus_62543.lean:109:2: error: no goals to be solved

workbook0/lean_workbook_plus_76340.lean:
workbook0/lean_workbook_plus_76340.lean:105:32: error: unexpected token '∀'; expected ':'

workbook0/lean_workbook_plus_60462.lean:
workbook0/lean_workbook_plus_60462.lean:105:143: error: unsolved goals
x : ℝ
⊢ False

workbook0/lean_workbook_plus_79355.lean:
workbook0/lean_workbook_plus_79355.lean:105:211: error: unsolved goals
⊢ False

workbook0/lean_workbook_plus_57541.lean:
workbook0/lean_workbook_plus_57541.lean:107:10: error: invalid constructor ⟨...⟩, expected type must be an inductive type 
  ∀ (a b c : ℝ), a ^ 3 + b ^ 3 + c ^ 3 ≥ a ^ 2 * b + b ^ 2 * c + c ^ 2 * a

workbook0/lean_workbook_plus_45361.lean:
workbook0/lean_workbook_plus_45361.lean:105:43: error: unexpected token; expected ')'

workbook0/lean_workbook_plus_60962.lean:
workbook0/lean_workbook_plus_60962.lean:109:2: error: simp made no progress

workbook0/lean_workbook_plus_58937.lean:
workbook0/lean_workbook_plus_58937.lean:107:2: error: type mismatch
  fun h => ?m.10271 h
has type
  (h : ?m.10265) → ?m.10270 h : Sort (imax ?u.10264 ?u.10267)
but is expected to have type
  1 - 1 / (n + 1) < ∑ i in Finset.range n, 1 / (i + 1) ^ 2 ∧ ∑ i in Finset.range n, 1 / (i + 1) ^ 2 < 1 - 1 / n : Prop

workbook0/lean_workbook_plus_46035.lean:
workbook0/lean_workbook_plus_46035.lean:106:28: error: unsolved goals
⊢ ¬?m.1270 (-1)

workbook0/lean_workbook_plus_45283.lean:
workbook0/lean_workbook_plus_45283.lean:105:209: error: unsolved goals
a b : ℝ
ha : 0 ≤ a
hb : 0 ≤ b
hab : a + b = 3 / 2
⊢ False

workbook0/lean_workbook_plus_1175.lean:
workbook0/lean_workbook_plus_1175.lean:107:12: error: invalid field notation, type is not of the form (C ...) where C is a constant
  h₁
has type
  x = 2 → y ≠ 4

workbook0/lean_workbook_plus_51332.lean:
workbook0/lean_workbook_plus_51332.lean:105:34: error: unexpected token; expected '_' or identifier

workbook0/lean_workbook_plus_16568.lean:
workbook0/lean_workbook_plus_16568.lean:107:10: error: invalid constructor ⟨...⟩, expected type must be an inductive type 
  ∀ (r θ : ℝ), r ≥ 0 → r ≥ 2 * cos θ

workbook0/lean_workbook_plus_8658.lean:
workbook0/lean_workbook_plus_8658.lean:105:163: error: unsolved goals
x y z : ℝ
hx : x + y + z = 3
⊢ False

workbook0/lean_workbook_plus_75536.lean:
workbook0/lean_workbook_plus_75536.lean:106:10: error: ambiguous, possible interpretations 
  Real.sqrt_le_sqrt ?m.566 : Real.sqrt 0 ≤ Real.sqrt ((1 - u) ^ 2)
  
  Nat.sqrt_le_sqrt ?m.790 : Nat.sqrt ?m.571 ≤ Nat.sqrt ?m.572
workbook0/lean_workbook_plus_75536.lean:105:85: error: unsolved goals
u : ℝ
⊢ Real.sqrt (1 - u) ≤ |1 - 1 / 2 * u|

workbook0/lean_workbook_plus_66423.lean:
workbook0/lean_workbook_plus_66423.lean:107:45: error: unsolved goals
f : ℝ → ℝ
hf : ∃ x, 0 < x ∧ f x ≠ 1
⊢ ¬f 1 * f 1 = 2 * f (1 + f 1)

workbook0/lean_workbook_plus_53987.lean:
workbook0/lean_workbook_plus_53987.lean:107:10: error: invalid constructor ⟨...⟩, expected type must be an inductive type 
  ∀ (a b c : ℝ), a + b + c = 3 → 8 * (a * (b * c)) ≤ (3 - a) * ((3 - b) * (3 - c))

workbook0/lean_workbook_plus_21745.lean:
workbook0/lean_workbook_plus_21745.lean:105:32: error: unexpected token; expected ':'

workbook0/lean_workbook_plus_55368.lean:
workbook0/lean_workbook_plus_55368.lean:106:2: warning: aesop: failed to prove the goal after exhaustive search.
workbook0/lean_workbook_plus_55368.lean:105:197: error: unsolved goals
case left
x y z : ℤ
h1 : |x - 2015| + y ^ 2 - 3 * z = 4
h2 : |y - 2015| + z ^ 2 - 3 * x = 4
h3 : |z - 2015| + x ^ 2 - 3 * y = 4
⊢ x = 2015

case right.left
x y z : ℤ
h1 : |x - 2015| + y ^ 2 - 3 * z = 4
h2 : |y - 2015| + z ^ 2 - 3 * x = 4
h3 : |z - 2015| + x ^ 2 - 3 * y = 4
⊢ y = 2015

case right.right
x y z : ℤ
h1 : |x - 2015| + y ^ 2 - 3 * z = 4
h2 : |y - 2015| + z ^ 2 - 3 * x = 4
h3 : |z - 2015| + x ^ 2 - 3 * y = 4
⊢ z = 2015

workbook0/lean_workbook_plus_36383.lean:
workbook0/lean_workbook_plus_36383.lean:106:2: error: simp made no progress

workbook0/lean_workbook_plus_29552.lean:
workbook0/lean_workbook_plus_29552.lean:106:2: error: linarith failed to find a contradiction
case a
a b c : ℝ
ha : 0 < a
hb : 0 < b
hc : 0 < c
habc : a * b * c = 1
h : (1 / (1 + a)) ^ 2 + (1 / (1 + b)) ^ 2 + (1 / (1 + c)) ^ 2 = 1 / 3
a✝ : 8 > a * b * c
⊢ False
failed

workbook0/lean_workbook_plus_6973.lean:
workbook0/lean_workbook_plus_6973.lean:107:10: error: invalid constructor ⟨...⟩, expected type must be an inductive type 
  ∀ (a b : ℝ), (-(cos a * (2 * sin b * cos b)) + -(sin a * (2 * cos b ^ 2 - 1))) * sin a + sin a ^ 2 = 0

workbook0/lean_workbook_plus_49974.lean:
workbook0/lean_workbook_plus_49974.lean:107:10: error: invalid constructor ⟨...⟩, expected type must be an inductive type 
  ∀ (a b : ℝ), a ^ 2 + b ^ 2 + a + b = 4 ↔ a * b ≥ -17 / 8

workbook0/lean_workbook_plus_51135.lean:
workbook0/lean_workbook_plus_51135.lean:107:10: error: invalid constructor ⟨...⟩, expected type must be an inductive type 
  ∀ (n : ℕ), ∑ k in Finset.range n, k * (k + 1) = n * (n + 1) * (2 * n + 1) / 6 + n * (n + 1) / 2

workbook0/lean_workbook_plus_41596.lean:
workbook0/lean_workbook_plus_41596.lean:105:43: error: unexpected token; expected ':'

workbook0/lean_workbook_plus_53725.lean:
workbook0/lean_workbook_plus_53725.lean:107:9: error: invalid constructor ⟨...⟩, expected type must be an inductive type 
  ∀ (x : ℤ), ¬8 * ↑k + 7 ∣ x ^ 2 + 2
workbook0/lean_workbook_plus_53725.lean:108:2: error: no goals to be solved

workbook0/lean_workbook_plus_78570.lean:
workbook0/lean_workbook_plus_78570.lean:107:10: error: invalid constructor ⟨...⟩, expected type must be an inductive type 
  ∀ (x y z : ℝ),
    (-x ^ 2 * y ^ 2 + (x + y) ^ 3 * z) * (x - y) ^ 2 + (-y ^ 2 * z ^ 2 + (y + z) ^ 3 * x) * (y - z) ^ 2 +
        (-z ^ 2 * x ^ 2 + (z + x) ^ 3 * y) * (z - x) ^ 2 ≥
      (3 + 2 * Real.sqrt 2) * (x - y) ^ 2 * (y - z) ^ 2 * (z - x) ^ 2

workbook0/lean_workbook_plus_55298.lean:
workbook0/lean_workbook_plus_55298.lean:105:172: error: unsolved goals
a b c : ℝ
ha : 1 ≤ a
hb : 1 ≤ b
hc : 1 ≤ c
⊢ False

workbook0/lean_workbook_plus_61520.lean:
workbook0/lean_workbook_plus_61520.lean:107:10: error: invalid constructor ⟨...⟩, expected type must be an inductive type 
  ∀ (a b c : ℝ), a > 0 ∧ b > 0 ∧ c > 0 ∧ a ^ 2 + b ^ 2 + c ^ 2 = 3 → a + b + c ≥ 3 * Real.sqrt 3
workbook0/lean_workbook_plus_61520.lean:108:2: error: no goals to be solved

workbook0/lean_workbook_plus_45039.lean:
workbook0/lean_workbook_plus_45039.lean:105:71: error: expected token

workbook0/lean_workbook_plus_31722.lean:
workbook0/lean_workbook_plus_31722.lean:105:101: error: unsolved goals
x : ℚ
⊢ False

workbook0/lean_workbook_plus_53405.lean:
workbook0/lean_workbook_plus_53405.lean:106:2: warning: aesop: failed to prove the goal after exhaustive search.
workbook0/lean_workbook_plus_53405.lean:105:195: error: unsolved goals
case left
y1 y2 y3 y4 : ℝ
h1 : y1 ≤ 3
h2 : y2 ≤ 5
h3 : y3 ≤ 7
h4 : y4 ≤ 8
h5 : 3 - y1 + 5 - y2 + 7 - y3 + 8 - y4 = 19
⊢ y1 = 3

case right.left
y1 y2 y3 y4 : ℝ
h1 : y1 ≤ 3
h2 : y2 ≤ 5
h3 : y3 ≤ 7
h4 : y4 ≤ 8
h5 : 3 - y1 + 5 - y2 + 7 - y3 + 8 - y4 = 19
⊢ y2 = 5

case right.right.left
y1 y2 y3 y4 : ℝ
h1 : y1 ≤ 3
h2 : y2 ≤ 5
h3 : y3 ≤ 7
h4 : y4 ≤ 8
h5 : 3 - y1 + 5 - y2 + 7 - y3 + 8 - y4 = 19
⊢ y3 = 7

case right.right.right
y1 y2 y3 y4 : ℝ
h1 : y1 ≤ 3
h2 : y2 ≤ 5
h3 : y3 ≤ 7
h4 : y4 ≤ 8
h5 : 3 - y1 + 5 - y2 + 7 - y3 + 8 - y4 = 19
⊢ y4 = 8

workbook0/lean_workbook_plus_66500.lean:
workbook0/lean_workbook_plus_66500.lean:106:2: error: simp made no progress

workbook0/lean_workbook_plus_1044.lean:
workbook0/lean_workbook_plus_1044.lean:106:2: error: simp made no progress

workbook0/lean_workbook_plus_72876.lean:
workbook0/lean_workbook_plus_72876.lean:106:61: error: expected token

workbook0/lean_workbook_plus_72775.lean:
workbook0/lean_workbook_plus_72775.lean:106:28: error: unsolved goals
⊢ ¬?m.1883 (-1)

workbook0/lean_workbook_plus_60701.lean:
workbook0/lean_workbook_plus_60701.lean:105:62: error: unsolved goals
⊢ False

workbook0/lean_workbook_plus_74265.lean:
workbook0/lean_workbook_plus_74265.lean:106:2: error: simp made no progress

workbook0/lean_workbook_plus_40926.lean:
workbook0/lean_workbook_plus_40926.lean:105:88: error: unsolved goals
x : ℕ
hx : 0 < x
⊢ False

workbook0/lean_workbook_plus_22714.lean:
workbook0/lean_workbook_plus_22714.lean:107:2: warning: aesop: failed to prove the goal after exhaustive search.
workbook0/lean_workbook_plus_22714.lean:113:2: error: linarith failed to find a contradiction
case h
a b : ℕ → ℝ
a0 : a 0 = (Real.sqrt 2)⁻¹
a_rec : ∀ (n : ℕ), a (n + 1) = Real.sqrt ((1 - Real.sqrt (1 - a n ^ 2)) / Real.sqrt 2)
b0 : b 0 = 1
w : ℕ
h : a w = Real.sqrt (2 - sqrtTwoAddSeries 0 w) / 2 → ¬b w = tan (π / 2 ^ (w + 2))
a✝ : b 1 = 1
⊢ False
failed

workbook0/lean_workbook_plus_59602.lean:
workbook0/lean_workbook_plus_59602.lean:107:10: error: invalid constructor ⟨...⟩, expected type must be an inductive type 
  ∀ (a b c : ℕ),
    ↑a * ↑b / (↑a + ↑b + 2 * ↑c + 1) + ↑b * ↑c / (↑b + ↑c + 2 * ↑a + 1) + ↑c * ↑a / (↑c + ↑a + 2 * ↑b + 1) ≤ 3 / 5

workbook0/lean_workbook_plus_75156.lean:
workbook0/lean_workbook_plus_75156.lean:106:2: error: simp made no progress

workbook0/lean_workbook_plus_55287.lean:
workbook0/lean_workbook_plus_55287.lean:105:35: error: expected token

workbook0/lean_workbook_plus_55974.lean:
workbook0/lean_workbook_plus_55974.lean:106:2: error: type mismatch
  Mathlib.Tactic.Contrapose.mtr ?m.638
has type
  ?m.636 → ?m.637 : Prop
but is expected to have type
  ∀ (x y z : ℝ), x + y + z ≥ 2 → (1 - x) / x * (1 - y) / y * (1 - z) / z ≤ 1 / 8 : Prop

workbook0/lean_workbook_plus_29510.lean:
workbook0/lean_workbook_plus_29510.lean:106:27: error: unsolved goals
⊢ ¬?m.1841 1

workbook0/lean_workbook_plus_48406.lean:
workbook0/lean_workbook_plus_48406.lean:105:34: error: unexpected token; expected '_' or identifier

workbook0/lean_workbook_plus_53376.lean:
workbook0/lean_workbook_plus_53376.lean:105:32: error: unexpected token; expected ':'

workbook0/lean_workbook_plus_64783.lean:
workbook0/lean_workbook_plus_64783.lean:107:10: error: invalid constructor ⟨...⟩, expected type must be an inductive type 
  ∀ (x x_1 x_2 : ℕ), ¬x ^ 7 + x_1 ^ 7 = 1998 ^ x_2

workbook0/lean_workbook_plus_65053.lean:
workbook0/lean_workbook_plus_65053.lean:107:10: error: invalid constructor ⟨...⟩, expected type must be an inductive type 
  ∀ (a b c : ℝ),
    a ^ 4 + b ^ 4 + c ^ 4 ≥ a ^ 3 * b + b ^ 3 * a + (c ^ 3 * a + a ^ 3 * c) + (b * c ^ 3 + c * b ^ 3) ∧
      a ^ 3 * b + b ^ 3 * a + (c ^ 3 * a + a ^ 3 * c) + (b * c ^ 3 + c * b ^ 3) ≥
        2 * (a ^ 2 * b ^ 2 + b ^ 2 * c ^ 2 + c ^ 2 * a ^ 2)

workbook0/lean_workbook_plus_391.lean:
workbook0/lean_workbook_plus_391.lean:105:249: error: unsolved goals
a b c : ℝ
ha : 0 ≤ a
hb : 0 ≤ b
hc : 0 ≤ c
hab : a + b + c = 1
⊢ False

workbook0/lean_workbook_plus_55163.lean:
workbook0/lean_workbook_plus_55163.lean:107:10: error: invalid constructor ⟨...⟩, expected type must be an inductive type 
  ∀ (a b c : ℝ), a > 0 ∧ b > 0 ∧ c > 0 → 4 * (1 + a * b * c) ≥ (a + 1) * (b + 1) * (c + 1)

workbook0/lean_workbook_plus_63471.lean:
workbook0/lean_workbook_plus_63471.lean:107:10: error: invalid constructor ⟨...⟩, expected type must be an inductive type 
  ∀ (a b c R r : ℝ),
    a > 0 ∧ b > 0 ∧ c > 0 ∧ R > 0 ∧ r > 0 → R / (2 * r) ≥ (a ^ 2 + b ^ 2 + c ^ 2 / (a * b + b * c + c * a)) ^ (7 / 3)

workbook0/lean_workbook_plus_39493.lean:
workbook0/lean_workbook_plus_39493.lean:107:19: error: invalid constructor ⟨...⟩, expected type must be an inductive type 
  ?m.493 n
workbook0/lean_workbook_plus_39493.lean:107:2: error: type mismatch
  fun n => ?m.494 n
has type
  (n : ?m.488) → ?m.493 n : Sort (imax ?u.487 ?u.490)
but is expected to have type
  ∃ n, ∀ ε > 0, |a n - 2| < ε : Prop

workbook0/lean_workbook_plus_56537.lean:
workbook0/lean_workbook_plus_56537.lean:107:6: error: tactic 'rewrite' failed, did not find instance of the pattern in the target expression
  ?m.5587 / ?m.5588 < ?m.5586
a b : ℝ
ha : 0 < a
hb : 0 < b
hab : 1 / a + 1 / b = 1
⊢ 1 / 2 ≤ (b ^ 2 + 4 + (a ^ 2 + 4)) / ((a ^ 2 + 4) * (b ^ 2 + 4))

workbook0/lean_workbook_plus_7057.lean:
workbook0/lean_workbook_plus_7057.lean:106:39: error: unsolved goals
⊢ ¬?m.2595 0

workbook0/lean_workbook_plus_25430.lean:
workbook0/lean_workbook_plus_25430.lean:107:17: error: rcases tactic failed: left✝ : x ^ 2 + 6 * y ^ 2 - 19 = 0 → y ≠ 5 / 6 * x - 5 / 6 is not an inductive datatype

workbook0/lean_workbook_plus_5820.lean:
workbook0/lean_workbook_plus_5820.lean:107:10: error: invalid constructor ⟨...⟩, expected type must be an inductive type 
  ∀ (a b c : ℝ), a ^ 2 + b ^ 2 + c ^ 2 > a ^ 2 + (a - 1) ^ 2 + 1

workbook0/lean_workbook_plus_53829.lean:
workbook0/lean_workbook_plus_53829.lean:105:32: error: unexpected token; expected ':'

workbook0/lean_workbook_plus_31937.lean:
workbook0/lean_workbook_plus_31937.lean:107:10: error: invalid constructor ⟨...⟩, expected type must be an inductive type 
  ∀ (a b c : ℝ),
    (a ^ 2 + 3 * b * c) / (b + c) ^ 2 + (b ^ 2 + 3 * c * a) / (c + a) ^ 2 + (c ^ 2 + 3 * a * b) / (a + b) ^ 2 ≥
      11 / 4 + 2 * a * b * c / (a + b) / (b + c) / (c + a)

workbook0/lean_workbook_plus_29702.lean:
workbook0/lean_workbook_plus_29702.lean:107:2: error: simp made no progress

workbook0/lean_workbook_plus_82276.lean:
workbook0/lean_workbook_plus_82276.lean:107:14: error: type mismatch
  x
has type
  ℝ → ℝ : Type
but is expected to have type
  (∀ (x_1 y : ℝ), x (x x_1 + y) = x (x_1 ^ 2 - y) + 4 * x x_1 * y) ↔ ∃ k, ∀ (x_1 : ℝ), x x_1 = k * x_1 : Prop
workbook0/lean_workbook_plus_82276.lean:108:2: error: no goals to be solved

workbook0/lean_workbook_plus_71572.lean:
workbook0/lean_workbook_plus_71572.lean:109:6: error: type mismatch
  π / 3
has type
  ℝ : outParam Type
but is expected to have type
  ∀ (A B C : ℝ),
    A ∈ Set.Ioc 0 (π / 2) ∧ B ∈ Set.Ioc 0 (π / 2) ∧ C ∈ Set.Ioc 0 (π / 2) ∧ A + B + C = π →
      tan A / 2 ^ 2 + tan B / 2 ^ 2 + tan C / 2 ^ 2 > 5 * (tan A / 2 * tan B / 2 * tan C / 2) : Prop

workbook0/lean_workbook_plus_39385.lean:
workbook0/lean_workbook_plus_39385.lean:106:38: error: unsolved goals
⊢ False

workbook0/lean_workbook_plus_18966.lean:
workbook0/lean_workbook_plus_18966.lean:107:10: error: invalid constructor ⟨...⟩, expected type must be an inductive type 
  ∀ (x : ℝ), x = 2 * x

workbook0/lean_workbook_plus_68128.lean:
workbook0/lean_workbook_plus_68128.lean:105:49: error: expected token

workbook0/lean_workbook_plus_1885.lean:
workbook0/lean_workbook_plus_1885.lean:112:2: error: simp made no progress

workbook0/lean_workbook_plus_66763.lean:
workbook0/lean_workbook_plus_66763.lean:105:103: error: unsolved goals
⊢ False

workbook0/lean_workbook_plus_56138.lean:
workbook0/lean_workbook_plus_56138.lean:106:39: error: unsolved goals
⊢ ¬?m.344 6

workbook0/lean_workbook_plus_71766.lean:
workbook0/lean_workbook_plus_71766.lean:107:9: error: invalid constructor ⟨...⟩, expected type must be an inductive type 
  ∀ (x y z : ℝ),
    2 *
        (Real.sqrt ((x + y + 4 * z) * (y + z + 4 * x)) + Real.sqrt ((x + y + 4 * z) * (x + z + 4 * y)) +
          Real.sqrt ((x + z + 4 * y) * (y + z + 4 * x))) ≥
      9 *
            ((x + y) * (x + z) + (x + (y + z) / 2) ^ 2 / (2 * x + y + z) + (y + z) * (y + x) +
                  (y + (x + z) / 2) ^ 2 / (2 * y + x + z) +
                (z + x) * (z + y) +
              (z + (x + y) / 2) ^ 2 / (2 * z + x + y)) /
          2 -
        6 * (x + y + z)
workbook0/lean_workbook_plus_71766.lean:108:2: error: no goals to be solved

workbook0/lean_workbook_plus_12614.lean:
workbook0/lean_workbook_plus_12614.lean:107:17: error: unsolved goals
f : ℤ → ℤ
h₁ : f 0 = 2
h₂ : ∃ n, f n ≠ n + 2
⊢ ¬f 1 = 2 * f 1 - f (-1)

workbook0/lean_workbook_plus_40839.lean:
workbook0/lean_workbook_plus_40839.lean:106:2: error: type mismatch
  not_exists_of_forall_not fun x => ?m.483 x
has type
  ¬∃ x, ?m.477 x : Prop
but is expected to have type
  ∃! x, (x + 1) ^ (1 / n) - x ^ (1 / n) = 1 / n ∧ 0 < x ∧ x < 1 : Prop

workbook0/lean_workbook_plus_71573.lean:
workbook0/lean_workbook_plus_71573.lean:106:27: error: unsolved goals
⊢ ¬?m.559 0

workbook0/lean_workbook_plus_76534.lean:
workbook0/lean_workbook_plus_76534.lean:106:2: error: tactic 'decide' proved that the proposition
  1 / 15 < ∏ i in Finset.Icc 1 99, (i + 1) / (i + 2) ∧ ∏ i in Finset.Icc 1 99, (i + 1) / (i + 2) < 1
is false

workbook0/lean_workbook_plus_18283.lean:
workbook0/lean_workbook_plus_18283.lean:112:2: warning: aesop: failed to prove the goal after exhaustive search.
workbook0/lean_workbook_plus_18283.lean:110:23: error: unsolved goals
p a : ℕ
h₀ : Nat.Prime p
h₁ : a ^ 2 = 1
h₂ : ∀ (x y : ℕ), x ^ 2 - p * y ^ 2 = 1 → a ≤ x
left : a ≤ 1
⊢ False

workbook0/lean_workbook_plus_56536.lean:
workbook0/lean_workbook_plus_56536.lean:111:12: error: unsolved goals
f : ℝ → ℝ
h₀ : ∃ x, 0 ≤ f x
h₁ : ∃ x, 0 ≤ f (f x)
h₂ : ∃ x, f x ≠ 2 * x
⊢ ¬f (f 1) = 2 - f 1

workbook0/lean_workbook_plus_48219.lean:
workbook0/lean_workbook_plus_48219.lean:107:19: error: linarith failed to find a contradiction
x y z : ℝ
hx : 0 ≤ x
hy : 0 ≤ y
hz : 0 ≤ z
h✝ : x + y + z = 1
h : ?m.11545
⊢ False
failed
workbook0/lean_workbook_plus_48219.lean:107:2: error: type mismatch
  fun h => ?m.11551 h
has type
  (h : ?m.11545) → ?m.11550 h : Sort (imax ?u.11544 ?u.11547)
but is expected to have type
  10 / 27 ≤ x * y * z + x * y + y * z + z * x ∧ x * y * z + x * y + y * z + z * x ≤ 0 : Prop

workbook0/lean_workbook_plus_40908.lean:
workbook0/lean_workbook_plus_40908.lean:107:10: error: invalid constructor ⟨...⟩, expected type must be an inductive type 
  ∀ (a b : ℝ),
    Real.sqrt (a * (a + b) ^ 3) + b * Real.sqrt (a ^ 2 + b ^ 2) = Real.sqrt (a * (a + b) ^ 3 + b ^ 2 * (a ^ 2 + b ^ 2))

workbook0/lean_workbook_plus_75884.lean:
workbook0/lean_workbook_plus_75884.lean:107:10: error: typeclass instance problem is stuck, it is often due to metavariables
  PosMulMono ?m.10278

workbook0/lean_workbook_plus_54115.lean:
workbook0/lean_workbook_plus_54115.lean:107:2: error: type mismatch
  not_forall_of_exists_not ?m.966
has type
  ¬∀ (x : ?m.964), ?m.965 x : Prop
but is expected to have type
  ∀ (x : ℝ), (1 - 3 * tan x ^ 2) * tan (3 * x) = (3 - tan x ^ 2) * tan x : Prop

workbook0/lean_workbook_plus_41299.lean:
workbook0/lean_workbook_plus_41299.lean:107:2: error: linarith failed to find a contradiction
case h1.h
p e : ℝ
h₂ : p = e + 1
h₁ : p + e = 11 / 10
a✝ : e < 1 / 10
⊢ False
failed

workbook0/lean_workbook_plus_11464.lean:
workbook0/lean_workbook_plus_11464.lean:107:2: error: linarith failed to find a contradiction
case intro.intro.intro.intro.intro.intro.h2.h
P : ℝ → ℝ
h0 : P 0 = 0
h1 : P 1 = 1 / 2
h2 : P 2 = 2 / 3
h3 : P 3 = 3 / 4
h4 : P 4 = 4 / 5
h5 : P 5 = 5 / 6
a0 a1 a2 a3 a4 a5 : ℝ
hP : ∀ (x : ℝ), P x = a0 + a1 * x + a2 * x ^ 2 + a3 * x ^ 3 + a4 * x ^ 4 + a5 * x ^ 5
a✝ : 8 / 9 < P 8
⊢ False
failed

workbook0/lean_workbook_plus_26997.lean:
workbook0/lean_workbook_plus_26997.lean:112:10: error: invalid constructor ⟨...⟩, expected type must be an inductive type 
  ∀ (a b c : ℕ),
    1 ≤ a ∧ a ≤ 9 ∧ 1 ≤ b ∧ b ≤ 9 ∧ 1 ≤ c ∧ c ≤ 9 → a ^ 2 + b ^ 2 + c ^ 3 = 100 * a + 10 * b + c ↔
      c ^ 3 - c = 100 * a - a ^ 2 + 10 * b - b ^ 2

workbook0/lean_workbook_plus_56705.lean:
workbook0/lean_workbook_plus_56705.lean:107:45: error: unsolved goals
f : ℝ → ℝ
hf : Continuous f
hx : ∃ x > 0, f x ≠ x
⊢ ¬f 1 * f 1 = f 1 + f 1

workbook0/lean_workbook_plus_81480.lean:
workbook0/lean_workbook_plus_81480.lean:106:2: error: simp made no progress

workbook0/lean_workbook_plus_67145.lean:
workbook0/lean_workbook_plus_67145.lean:108:2: error: linarith failed to find a contradiction
case h1.h
a✝ :
  5 * (5 * 5) + 5 * (2 * 5 * Real.sqrt 5) + (-(5 * (2 * 5 * Real.sqrt 5)) + -(2 * (2 * (5 * 5)))) +
            (5 * (2 * 5 * Real.sqrt 5) + 2 * (2 * (5 * 5)) +
              (-(2 * (2 * (5 * 5))) + -(2 * (2 * (2 * 5 * Real.sqrt 5))))) +
          (-(5 * (2 * 5 * Real.sqrt 5)) + 2 * (2 * (5 * 5)) + (-(2 * (2 * (5 * 5))) + 2 * (2 * (2 * 5 * Real.sqrt 5))) +
            (-(2 * (2 * (5 * 5))) + -(2 * (2 * (2 * 5 * Real.sqrt 5))) +
              (2 * (2 * (2 * 5 * Real.sqrt 5)) + 2 * (2 * (2 * (2 * 5)))))) +
        (5 * (2 * 5 * Real.sqrt 5) + 2 * (2 * (5 * 5)) + (2 * 2 * (5 * 5) + 2 * (2 * 2) * (5 * Real.sqrt 5)) +
            (-(2 * (2 * (5 * 5))) + -(2 * (2 * (2 * 5 * Real.sqrt 5))) +
              (-(2 * 2 * (2 * 5 * Real.sqrt 5)) + -(2 * (2 * (2 * 2) * 5)))) +
          (-(2 * (2 * (5 * 5))) + -(2 * (2 * (2 * 5 * Real.sqrt 5))) +
              (2 * (2 * (2 * 5 * Real.sqrt 5)) + 2 * (2 * (2 * (2 * 5)))) +
            (-(2 * 2 * (2 * 5 * Real.sqrt 5)) + 2 * (2 * (2 * 2 * 5)) +
              (-(2 * (2 * (2 * 2) * 5)) + 2 * (2 * (2 * (2 * 2) * Real.sqrt 5)))))) +
      (-(5 * (2 * 5 * Real.sqrt 5)) + 2 * (2 * (5 * 5)) + (2 * 2 * (5 * 5) + -(2 * (2 * 2) * (5 * Real.sqrt 5))) +
            (-(2 * (2 * (5 * 5))) + 2 * (2 * (2 * 5 * Real.sqrt 5)) +
              (2 * 2 * (2 * 5 * Real.sqrt 5) + -(2 * (2 * (2 * 2) * 5)))) +
          (-(2 * (2 * (5 * 5))) + -(2 * (2 * (2 * 5 * Real.sqrt 5))) +
              (2 * (2 * (2 * 5 * Real.sqrt 5)) + 2 * (2 * (2 * (2 * 5)))) +
            (2 * 2 * (2 * 5 * Real.sqrt 5) + 2 * (2 * (2 * 2 * 5)) +
              (-(2 * (2 * (2 * 2) * 5)) + -(2 * (2 * (2 * (2 * 2) * Real.sqrt 5)))))) +
        (-(2 * (2 * (5 * 5))) + -(2 * (2 * (2 * 5 * Real.sqrt 5))) +
              (2 * (2 * (2 * 5 * Real.sqrt 5)) + 2 * (2 * (2 * (2 * 5)))) +
            (-(2 * 2 * (2 * 5 * Real.sqrt 5)) + 2 * (2 * (2 * 2 * 5)) +
              (-(2 * (2 * (2 * 2) * 5)) + 2 * (2 * (2 * (2 * 2) * Real.sqrt 5)))) +
          (2 * 2 * (2 * 5 * Real.sqrt 5) + 2 * (2 * (2 * 2 * 5)) +
              (2 * 2 * (2 * 2 * 5) + 2 * 2 * (2 * (2 * 2) * Real.sqrt 5)) +
            (-(2 * (2 * (2 * 2) * 5)) + -(2 * (2 * (2 * (2 * 2) * Real.sqrt 5))) +
              (-(2 * 2 * (2 * (2 * 2) * Real.sqrt 5)) + -(2 * (2 * (2 * (2 * (2 * 2)))))))))) <
    27
⊢ False
failed

workbook0/lean_workbook_plus_63370.lean:
workbook0/lean_workbook_plus_63370.lean:108:10: error: invalid constructor ⟨...⟩, expected type must be an inductive type 
  ∀ (N : ℕ), 7 ∣ N - 5 ∧ 8 ∣ N - 6 ↔ ∃ k ≥ 0, N = 56 * k + 54

workbook0/lean_workbook_plus_12590.lean:
workbook0/lean_workbook_plus_12590.lean:106:2: error: tactic 'introN' failed, insufficient number of binders
x : ℝ
hx : 0 < x
⊢ ∃! y, y ^ 2 = x

workbook0/lean_workbook_plus_12106.lean:
Try this: ring_nf
workbook0/lean_workbook_plus_12106.lean:105:109: error: unsolved goals
a b : ℝ
⊢ cos a * sin a + cos b * sin b =
    cos a * sin a * (1 - sin b ^ 2) + cos a * sin a * sin b ^ 2 + (1 - sin a ^ 2) * cos b * sin b +
      sin a ^ 2 * cos b * sin b

workbook0/lean_workbook_plus_64741.lean:
workbook0/lean_workbook_plus_64741.lean:107:10: error: invalid constructor ⟨...⟩, expected type must be an inductive type 
  ∀ ⦃a b : ℕ⦄, a < b → (1 + 1 / b) ^ (b + 1) < (1 + 1 / a) ^ (a + 1)

workbook0/lean_workbook_plus_6442.lean:
workbook0/lean_workbook_plus_6442.lean:109:12: warning: aesop: failed to prove the goal after exhaustive search.
workbook0/lean_workbook_plus_6442.lean:110:2: error: linarith failed to find a contradiction
case h1.h
a✝ : 1 < Real.sqrt 5
⊢ False
failed

workbook0/lean_workbook_plus_27695.lean:
workbook0/lean_workbook_plus_27695.lean:106:2: warning: aesop: failed to prove the goal after exhaustive search.
workbook0/lean_workbook_plus_27695.lean:105:172: error: unsolved goals
case left
x y : ℝ
h₁ : (x - 2011) * (2011 + 2012) = 1
h₂ : y - 4024 = 2012
⊢ x = 2011

case right
x y : ℝ
h₁ : (x - 2011) * (2011 + 2012) = 1
h₂ : y - 4024 = 2012
⊢ y = 2013

workbook0/lean_workbook_plus_9414.lean:
workbook0/lean_workbook_plus_9414.lean:107:10: error: invalid constructor ⟨...⟩, expected type must be an inductive type 
  ∀ (n : ℕ), a n = 3 * ↑n / ((↑n + 1) * (↑n + 2)) * a 1

workbook0/lean_workbook_plus_48299.lean:
workbook0/lean_workbook_plus_48299.lean:107:16: error: typeclass instance problem is stuck, it is often due to metavariables
  Preorder ?m.4550

workbook0/lean_workbook_plus_18367.lean:
workbook0/lean_workbook_plus_18367.lean:105:154: error: unsolved goals
⊢ False

workbook0/lean_workbook_plus_68163.lean:
workbook0/lean_workbook_plus_68163.lean:105:105: error: unsolved goals
⊢ False

workbook0/lean_workbook_plus_79652.lean:
workbook0/lean_workbook_plus_79652.lean:107:10: error: invalid constructor ⟨...⟩, expected type must be an inductive type 
  ∀ (x y z : ℝ), 2 * (2 * z + x + y) * (z + 2 * x + y) * (2 * y + z + x) ≥ 8 * (x + y) * (y + z) * (z + x)

workbook0/lean_workbook_plus_76510.lean:
workbook0/lean_workbook_plus_76510.lean:112:12: error: unknown identifier 'logb_eq_iff_rpow_eq'

workbook0/lean_workbook_plus_47336.lean:
workbook0/lean_workbook_plus_47336.lean:105:86: error: unsolved goals
x : ℝ
hx : x = 1 / 2
⊢ False

workbook0/lean_workbook_plus_17797.lean:
workbook0/lean_workbook_plus_17797.lean:106:2: warning: aesop: failed to prove the goal after exhaustive search.
workbook0/lean_workbook_plus_17797.lean:107:12: error: unknown identifier 'x'
workbook0/lean_workbook_plus_17797.lean:107:2: error: tactic 'induction' failed, major premise type is not an inductive type 
  ?m.8788
a_rec b_rec : ℕ → ℝ
h1 : a_rec 0 = 6
h2 : b_rec 0 = 6 / (6 + 1)
h3 : ∀ (n : ℕ), a_rec (n + 1) = 6 / (b_rec n + 1)
h4 : ∀ (n : ℕ), b_rec (n + 1) = 6 / (a_rec n + 1)
x✝ : ?m.8788
⊢ ∃ n, a_rec n = b_rec n

workbook0/lean_workbook_plus_487.lean:
workbook0/lean_workbook_plus_487.lean:108:2: error: linarith failed to find a contradiction
case a
a b : ℝ
ha : 0 < a
hb : 0 < b
hab : a * b = 1
h : a ^ 9 + b ^ 9 = 2
a✝ : 2 > a ^ 3 * a⁻¹ * b⁻¹ + b ^ 3 * a⁻¹ * b⁻¹
⊢ False
failed

workbook0/lean_workbook_plus_36285.lean:
workbook0/lean_workbook_plus_36285.lean:106:2: warning: aesop: failed to prove the goal. Some goals were not explored because the maximum rule application depth (30) was reached. Set option 'maxRuleApplicationDepth' to increase the limit.
workbook0/lean_workbook_plus_36285.lean:105:162: error: unsolved goals
j k : ℕ
hk : 3 ≤ k
hk' : ¬Even k
⊢ ∃ a, (∀ (i : ℕ), 2 ≤ a i ∧ ∀ (i : ℕ), ¬a i = a j) ∧ ∑ i in Finset.range k, 1 / a i = 1

workbook0/lean_workbook_plus_50436.lean:
workbook0/lean_workbook_plus_50436.lean:105:40: error: unexpected token; expected ')'

workbook0/lean_workbook_plus_29910.lean:
workbook0/lean_workbook_plus_29910.lean:105:74: error: expected token

workbook0/lean_workbook_plus_38597.lean:
workbook0/lean_workbook_plus_38597.lean:107:10: error: invalid constructor ⟨...⟩, expected type must be an inductive type 
  ∀ (a b c : ℝ), 1 = a ^ 2 * (b ^ 3 * c ^ 4) → 1 ≤ a * b

workbook0/lean_workbook_plus_27068.lean:
workbook0/lean_workbook_plus_27068.lean:107:9: error: invalid constructor ⟨...⟩, expected type must be an inductive type 
  ∀ (x : ℝ), 1 / (1 + rexp x) = 1 / 2 + 1 / 2 * tanh (x / 2)
workbook0/lean_workbook_plus_27068.lean:108:2: error: no goals to be solved

workbook0/lean_workbook_plus_74096.lean:
workbook0/lean_workbook_plus_74096.lean:107:10: error: invalid constructor ⟨...⟩, expected type must be an inductive type 
  ∀ (x y z : ℝ), x * y + z ≤ 2 ↔ (x ^ 2 + y ^ 2 + z ^ 2) / 2 - (z - 1) ^ 2 / 2 ≤ 3 / 2

workbook0/lean_workbook_plus_34461.lean:
workbook0/lean_workbook_plus_34461.lean:107:10: error: invalid constructor ⟨...⟩, expected type must be an inductive type 
  ∀ (A B C : ℝ),
    cos A ^ 2 + cos B ^ 2 + cos C ^ 2 ≥ 4 * (cos A ^ 2 * cos B ^ 2 + cos B ^ 2 * cos C ^ 2 + cos C ^ 2 * cos A ^ 2)

workbook0/lean_workbook_plus_57580.lean:
workbook0/lean_workbook_plus_57580.lean:105:32: error: unexpected token '∀'; expected ':'

workbook0/lean_workbook_plus_31562.lean:
workbook0/lean_workbook_plus_31562.lean:107:10: error: invalid constructor ⟨...⟩, expected type must be an inductive type 
  ∀ (n : ℕ), ∑ i in Finset.range n, i ^ 2 = n * (n + 1) * (2 * n + 1) / 6

workbook0/lean_workbook_plus_20710.lean:
workbook0/lean_workbook_plus_20710.lean:108:2: error: omega did not find a contradiction:
[0, 0, 0, 0, 1] ∈ [0, 1999]
[0, 0, 0, 1] ∈ [0, ∞)
[0, 1] ∈ [0, ∞)

workbook0/lean_workbook_plus_33060.lean:
workbook0/lean_workbook_plus_33060.lean:105:211: error: unsolved goals
x y z : ℝ
hx : x = cos (2 * π / 7) ^ (1 / 3)
hy : y = cos (4 * π / 7) ^ (1 / 3)
hz : z = cos (6 * π / 7) ^ (1 / 3)
⊢ False

workbook0/lean_workbook_plus_21182.lean:
workbook0/lean_workbook_plus_21182.lean:107:10: error: invalid constructor ⟨...⟩, expected type must be an inductive type 
  ∀ (n : ℕ), (n - 1)! * 2 ^ (n - 1) * ∏ k in Finset.range n, (2 * k - 1) = (2 * n - 1)!

workbook0/lean_workbook_plus_66022.lean:
workbook0/lean_workbook_plus_66022.lean:107:10: error: invalid constructor ⟨...⟩, insufficient number of arguments, constructs 'Eq.refl' does not have explicit fields, but #3 provided

workbook0/lean_workbook_plus_27692.lean:
workbook0/lean_workbook_plus_27692.lean:106:2: error: type mismatch
  not_forall.mpr (Exists.intro 1 fun h => ?m.10345 h)
has type
  ¬∀ (x : ℕ), ?m.10312 x : Prop
but is expected to have type
  ∀ (a b c : ℝ),
    (a ^ 2 + b ^ 2) * (b ^ 2 + c ^ 2) * (c ^ 2 + a ^ 2) =
      (ab ^ 2 + bc ^ 2 + ca ^ 2 - a * b * c) ^ 2 + (a ^ 2 * b + b ^ 2 * c + c ^ 2 * a - a * b * c) ^ 2 : Prop

workbook0/lean_workbook_plus_25964.lean:
workbook0/lean_workbook_plus_25964.lean:107:2: error: not a positivity goal

workbook0/lean_workbook_plus_48140.lean:
workbook0/lean_workbook_plus_48140.lean:105:36: error: unexpected token ')'; expected ':=', 'where' or '|'

workbook0/lean_workbook_plus_67061.lean:
workbook0/lean_workbook_plus_67061.lean:105:78: error: unsolved goals
A : ℕ
hA : A = 11 ^ 10 - 1
⊢ False

workbook0/lean_workbook_plus_24261.lean:
workbook0/lean_workbook_plus_24261.lean:107:10: error: invalid constructor ⟨...⟩, expected type must be an inductive type 
  ∀ (p q : ℝ), p ^ 2 - 6 * p + q ^ 2 - 2 * q + 6 ≥ (p - 3) ^ 2

workbook0/lean_workbook_plus_20199.lean:
workbook0/lean_workbook_plus_20199.lean:107:10: error: invalid constructor ⟨...⟩, expected type must be an inductive type 
  ∀ (a b c d : ℝ),
    (a + c + d) * (d + a + b) * (a + b + c) * (b + c + d) - 27 / 16 * (c + a) ^ 2 * (b + d) ^ 2 -
          27 / 16 * (c + d) ^ 2 * (a + b) ^ 2 -
        27 / 16 * (b + c) ^ 2 * (d + a) ^ 2 ≥
      0

workbook0/lean_workbook_plus_81167.lean:
workbook0/lean_workbook_plus_81167.lean:106:2: error: tactic 'introN' failed, insufficient number of binders
n : ℕ
⊢ ∃ u,
    u 1 = 1 ∧
      u 2 = 4 ∧
        ∀ (n : ℕ),
          u (n + 1) =
            u (n - 1) + 2 * ∑ k in Finset.range ((n - 1) / 2 + 1), u (n - 2 * k - 1) +
                ∑ k in Finset.range ((n - 2) / 2 + 1), u (n - 2 * k - 2) +
              ∑ k in Finset.range (n / 2 + 1), u (n - 2 * k)

workbook0/lean_workbook_plus_33989.lean:
workbook0/lean_workbook_plus_33989.lean:106:29: error: unsolved goals
⊢ ¬?m.1558 0

workbook0/lean_workbook_plus_64091.lean:
workbook0/lean_workbook_plus_64091.lean:105:166: error: unsolved goals
N : ℕ
hN : N = 5 / 7 * (2 ^ 24 - 1)
a : ℕ → ℕ
ha : a 0 = 0
ha' : ∀ (n : ℕ), a (n + 1) = a (n / 2) + n - 2 * (n / 2)
⊢ False

workbook0/lean_workbook_plus_19919.lean:
workbook0/lean_workbook_plus_19919.lean:108:2: error: tactic 'introN' failed, insufficient number of binders
⊢ 2 * sin (π / 11) = sin (π / 11)

workbook0/lean_workbook_plus_13229.lean:
workbook0/lean_workbook_plus_13229.lean:106:27: error: unsolved goals
⊢ ¬?m.2508 0

workbook0/lean_workbook_plus_6697.lean:
workbook0/lean_workbook_plus_6697.lean:105:101: error: unsolved goals
⊢ False

workbook0/lean_workbook_plus_10066.lean:
workbook0/lean_workbook_plus_10066.lean:107:16: error: invalid field notation, type is not of the form (C ...) where C is a constant
  h₂
has type
  x = -4 / 5 → y ≠ 3 / 5

workbook0/lean_workbook_plus_17744.lean:
workbook0/lean_workbook_plus_17744.lean:105:32: error: unexpected token; expected ':'

workbook0/lean_workbook_plus_13566.lean:
workbook0/lean_workbook_plus_13566.lean:113:18: error: unsolved goals
a b : ℝ
f : ℝ → ℝ
h₀ : 0 < a ∧ 0 < b ∧ a ≠ b
h₁ : Continuous f
h₃ : ∀ (x : ℝ), 0 < x → f (b * x) = f x + f (b / x)
h₂ : ∃ x, 0 < x ∧ f x ≠ 1
⊢ ¬f (a * a) = f a + f (a / a)

workbook0/lean_workbook_plus_36353.lean:
workbook0/lean_workbook_plus_36353.lean:106:2: error: simp made no progress

workbook0/lean_workbook_plus_59549.lean:
workbook0/lean_workbook_plus_59549.lean:107:14: error: unsolved goals
a : ℕ → ℝ
a0 : a 0 = 1
a_succ : ∃ n, a n ≠ 2 / (3 * (2 ^ (n - 1) - 1) + 2 ^ (n - 1))
⊢ ¬a 1 = 2 / 7

workbook0/lean_workbook_plus_21327.lean:
workbook0/lean_workbook_plus_21327.lean:105:77: error: unsolved goals
x : ℕ
⊢ False

workbook0/lean_workbook_plus_52634.lean:
workbook0/lean_workbook_plus_52634.lean:107:10: error: invalid constructor ⟨...⟩, expected type must be an inductive type 
  ∀ (x y : ℤ), 2019 * x + 1 ≠ y ^ 2

workbook0/lean_workbook_plus_1833.lean:
workbook0/lean_workbook_plus_1833.lean:107:10: error: invalid constructor ⟨...⟩, expected type must be an inductive type 
  ∀ (a b c : ℝ),
    14 * (a ^ 4 * b + a ^ 4 * c + b ^ 4 * c + b ^ 4 * a + c ^ 4 * a + c ^ 4 * b) +
          10 * (a ^ 3 * b ^ 2 + a ^ 3 * c ^ 2 + b ^ 3 * c ^ 2 + b ^ 3 * a ^ 2 + c ^ 3 * a ^ 2 + c ^ 3 * b ^ 2) +
        6 * (a ^ 2 * b ^ 2 * c ^ 2) ≥
      9 * (a ^ 4 * b ^ 2 + a ^ 4 * c ^ 2 + b ^ 4 * c ^ 2 + b ^ 4 * a ^ 2 + c ^ 4 * a ^ 2 + c ^ 4 * b ^ 2) +
        18 * (a ^ 3 * b ^ 3 + a ^ 3 * c ^ 3 + b ^ 3 * c ^ 3)

workbook0/lean_workbook_plus_58298.lean:
workbook0/lean_workbook_plus_58298.lean:106:2: error: type mismatch
  not_forall.mpr (Exists.intro 1 fun h => ?m.616 h)
has type
  ¬∀ (x : ℕ), ?m.583 x : Prop
but is expected to have type
  ∀ (a b c : ℝ), (a * b + b * c + c * a) * (a + b + c) ≤ 9 / 8 * (a + b) * (b + c) * (c + a) : Prop

workbook0/lean_workbook_plus_53998.lean:
workbook0/lean_workbook_plus_53998.lean:106:2: error: simp made no progress

workbook0/lean_workbook_plus_19712.lean:
workbook0/lean_workbook_plus_19712.lean:107:10: error: invalid constructor ⟨...⟩, expected type must be an inductive type 
  ∀ (n : ℕ),
    1 < n → 1 / (n + 1) * ∑ i in Finset.range n, 1 / (2 * i + 1) > 1 / n * ∑ i in Finset.range n, 1 / (2 * i + 2)

workbook0/lean_workbook_plus_29444.lean:
workbook0/lean_workbook_plus_29444.lean:105:104: error: unsolved goals
x : ℤ
⊢ False

workbook0/lean_workbook_plus_16560.lean:
workbook0/lean_workbook_plus_16560.lean:105:266: error: unsolved goals
x y z : ℝ
hx : 0 < x
hy : 0 < y
hz : 0 < z
h : 1 / x + 1 / y + 1 / z = 1
⊢ False

workbook0/lean_workbook_plus_64786.lean:
workbook0/lean_workbook_plus_64786.lean:107:2: error: tactic 'introN' failed, insufficient number of binders
⊢ fib 0 / 2 ^ 0 = 6

workbook0/lean_workbook_plus_60580.lean:
workbook0/lean_workbook_plus_60580.lean:107:9: error: invalid constructor ⟨...⟩, expected type must be an inductive type 
  ∀ (n k : ℕ),
    n > k →
      1 / (n + 1) * n ^ n / (k ^ k * (n - k) ^ (n - k)) < n! / (k! * (n - k)!) ∧
        n! / (k! * (n - k)!) < n ^ n / (k ^ k * (n - k) ^ (n - k))
workbook0/lean_workbook_plus_60580.lean:108:2: error: no goals to be solved

workbook0/lean_workbook_plus_23023.lean:
workbook0/lean_workbook_plus_23023.lean:107:10: error: invalid constructor ⟨...⟩, expected type must be an inductive type 
  ∀ (a b c : ℝ), (a + b + c) ^ 2 ≥ 3 * (a ^ 2 + b ^ 2 + c ^ 2)

workbook0/lean_workbook_plus_49160.lean:
workbook0/lean_workbook_plus_49160.lean:105:287: error: unsolved goals
a b c x y z : ℝ
hx : x ≠ 0
hy : y ≠ 0
hz : z ≠ 0
hab : a * x ^ 3 = b * y ^ 3
hbc : b * y ^ 3 = c * z ^ 3
hxyz : 1 / x + 1 / y + 1 / z = 1
⊢ False

workbook0/lean_workbook_plus_36054.lean:
workbook0/lean_workbook_plus_36054.lean:106:28: error: unsolved goals
⊢ ¬?m.4138 (-1)

workbook0/lean_workbook_plus_17737.lean:
workbook0/lean_workbook_plus_17737.lean:106:27: error: unsolved goals
⊢ ¬?m.656 0

workbook0/lean_workbook_plus_6452.lean:
workbook0/lean_workbook_plus_6452.lean:107:10: error: invalid constructor ⟨...⟩, expected type must be an inductive type 
  ∀ (x y : ℝ), 0 ≤ (x + -y) ^ 2 * (x ^ 2 * y ^ 3 + 2 * x + y) * (y ^ 3)⁻¹

workbook0/lean_workbook_plus_53247.lean:
workbook0/lean_workbook_plus_53247.lean:107:10: error: invalid constructor ⟨...⟩, expected type must be an inductive type 
  ∀ (a b c : ℝ), (a + b) / (a + b + 2 * c) + (b + c) / (b + c + 2 * a) + (a + c) / (a + c + 2 * b) ≥ 3 / 2

workbook0/lean_workbook_plus_57491.lean:
workbook0/lean_workbook_plus_57491.lean:106:2: warning: aesop: failed to prove the goal after exhaustive search.
workbook0/lean_workbook_plus_57491.lean:105:142: error: unsolved goals
case left
x y : ℝ
h₁ : 2 * x ^ 2 + x * y = 1
h₂ : 9 * x ^ 2 / (2 * (1 - x) ^ 4) = 1 + 3 * x * y / (2 * (1 - x) ^ 2)
⊢ x = 1

case right
x y : ℝ
h₁ : 2 * x ^ 2 + x * y = 1
h₂ : 9 * x ^ 2 / (2 * (1 - x) ^ 4) = 1 + 3 * x * y / (2 * (1 - x) ^ 2)
⊢ y = -1

workbook0/lean_workbook_plus_4144.lean:
workbook0/lean_workbook_plus_4144.lean:107:16: error: typeclass instance problem is stuck, it is often due to metavariables
  Preorder ?m.6855

workbook0/lean_workbook_plus_23698.lean:
workbook0/lean_workbook_plus_23698.lean:105:163: error: unsolved goals
case h.right
f : ℝ → ℝ
hf2 : ¬f (1 - f 1) = 0
hf1 : ∃ x, ¬x = 0 ∧ ¬f x = x
⊢ ¬f (-f 0) = 0

workbook0/lean_workbook_plus_48748.lean:
workbook0/lean_workbook_plus_48748.lean:107:13: error: function expected at
  h
term has type
  ℝ

workbook0/lean_workbook_plus_51114.lean:
workbook0/lean_workbook_plus_51114.lean:111:2: error: linarith failed to find a contradiction
case a
x y : ℕ
hx : 1 ≤ x
hy : 1 ≤ y
h1 : 0 < x ^ 3
h2 : 0 < y ^ 3
h3 : 0 < x ^ 3 * y ^ 3
h4 : 0 < x * y
a✝ :
  3 + y * 3 + (x * 3 + x * (y * 3)) +
      (3 * (x ^ 3 * y ^ 3) + y * (3 * (x ^ 3 * y ^ 3)) +
        (x * (3 * (x ^ 3 * y ^ 3)) + x * (y * (3 * (x ^ 3 * y ^ 3))))) >
    1 + x * y + (x ^ 3 + x * (y * x ^ 3)) + (y ^ 3 + x * (y * y ^ 3) + (x ^ 3 * y ^ 3 + x * (y * (x ^ 3 * y ^ 3))))
⊢ False
failed

workbook0/lean_workbook_plus_39885.lean:
workbook0/lean_workbook_plus_39885.lean:107:10: error: invalid constructor ⟨...⟩, expected type must be an inductive type 
  ∀ (a b c : ℝ), (1 / a + 1 / b + 1 / c) ^ 2 > 1 / a ^ 2 + 4 / (a ^ 2 + b ^ 2) + 9 / (a ^ 2 + b ^ 2 + c ^ 2)

workbook0/lean_workbook_plus_51237.lean:
workbook0/lean_workbook_plus_51237.lean:106:2: warning: aesop: failed to prove the goal after exhaustive search.
workbook0/lean_workbook_plus_51237.lean:105:156: error: unsolved goals
case left
x y z : ℝ
h₁ : x + y + z = 3
h₂ : x ^ 2 * y + y ^ 2 * z + z ^ 2 * x = 4
h₃ : x ^ 2 + y ^ 2 + z ^ 2 = 5
⊢ x = 1

case right.left
x y z : ℝ
h₁ : x + y + z = 3
h₂ : x ^ 2 * y + y ^ 2 * z + z ^ 2 * x = 4
h₃ : x ^ 2 + y ^ 2 + z ^ 2 = 5
⊢ y = 1

case right.right
x y z : ℝ
h₁ : x + y + z = 3
h₂ : x ^ 2 * y + y ^ 2 * z + z ^ 2 * x = 4
h₃ : x ^ 2 + y ^ 2 + z ^ 2 = 5
⊢ z = 1

workbook0/lean_workbook_plus_1849.lean:
workbook0/lean_workbook_plus_1849.lean:106:2: error: simp made no progress

workbook0/lean_workbook_plus_48288.lean:
workbook0/lean_workbook_plus_48288.lean:107:10: error: invalid constructor ⟨...⟩, expected type must be an inductive type 
  ∀ (p q : ℝ), p ^ 2 - 6 * p + q ^ 2 - 2 * q + 6 ≥ p ^ 2 - 6 * p + 9

workbook0/lean_workbook_plus_55222.lean:
workbook0/lean_workbook_plus_55222.lean:107:10: error: invalid constructor ⟨...⟩, expected type must be an inductive type 
  ∀ (a b c : ℝ), a > 0 ∧ b > 0 ∧ c > 0 → 4 * (a + b + c) ^ 3 > 27 * (a ^ 3 + b ^ 3 + c ^ 3)

workbook0/lean_workbook_plus_299.lean:
workbook0/lean_workbook_plus_299.lean:107:23: error: unsolved goals
n : ℕ
h₀ :
  n =
    10 * 2 ^ 10 + 8 * 2 ^ 9 + 6 * 2 ^ 8 + 4 * 2 ^ 7 + 2 * 2 ^ 6 - 8 * 2 ^ 5 - 10 * 2 ^ 4 - 12 * 2 ^ 3 - 14 * 2 ^ 2 -
        16 * 2 ^ 1 -
      18 * 2 ^ 0
⊢ False

workbook0/lean_workbook_plus_29744.lean:
workbook0/lean_workbook_plus_29744.lean:106:2: error: type mismatch
  not_forall.mpr (Exists.intro 5 ?m.318)
has type
  ¬∀ (x : ℕ), ?m.290 x : Prop
but is expected to have type
  ∀ (p q : ℕ), Nat.Prime p ∧ Nat.Prime q ∧ p ≥ 5 ∧ q ≥ 5 → ¬p ∣ 2 ^ q - 1 ∧ ¬q ∣ 2 ^ p - 1 : Prop

workbook0/lean_workbook_plus_82099.lean:
workbook0/lean_workbook_plus_82099.lean:107:10: error: invalid constructor ⟨...⟩, expected type must be an inductive type 
  ∀ (k : ℕ), ∑ n in Finset.Icc 1 k, n / (n + 1)! = 1 - 1 / (k + 1)!

workbook0/lean_workbook_plus_57943.lean:
workbook0/lean_workbook_plus_57943.lean:106:2: error: simp made no progress

workbook0/lean_workbook_plus_5022.lean:
workbook0/lean_workbook_plus_5022.lean:115:41: error: unsolved goals
a : ℕ → ℕ
h₀ : a 0 = 1
h₁ : a 1 = 127
h₂ : a 2 = 196
h₃ : a 3 = 189
h₄ : a 4 = 133
h₅ : a 5 = 70
h₆ : a 6 = 27
h₇ : a 7 = 7
h₈ : a 8 = 1
⊢ False

workbook0/lean_workbook_plus_74381.lean:
workbook0/lean_workbook_plus_74381.lean:105:63: error: unsolved goals
⊢ False

workbook0/lean_workbook_plus_22947.lean:
workbook0/lean_workbook_plus_22947.lean:106:2: error: tactic 'introN' failed, insufficient number of binders
a b c : ℝ
h₁ : a = 0
h₂ : c = 0
⊢ Set.univ = {x | x ^ 2 + b * x + 0 = 0}

workbook0/lean_workbook_plus_1021.lean:
workbook0/lean_workbook_plus_1021.lean:105:31: error: unexpected token '∑'; expected ':'

workbook0/lean_workbook_plus_55751.lean:
workbook0/lean_workbook_plus_55751.lean:106:2: error: type mismatch
  not_forall.mpr (Exists.intro 1 ?m.3085)
has type
  ¬∀ (x : ℕ), ?m.3056 x : Prop
but is expected to have type
  ∀ (a b c : ℝ),
    a * b * (a + b) + b * c * (b + c) + c * a * (c + a) + 2 * Real.sqrt (a ^ 2 * b * c * (a + b) * (a + c)) +
          2 * Real.sqrt (a * b ^ 2 * c * (b + a) * (b + c)) +
        2 * Real.sqrt (a * b * c ^ 2 * (c + a) * (c + b)) ≥
      4 * a * b * c + (a + b) * (b + c) * (c + a) : Prop

workbook0/lean_workbook_plus_67063.lean:
workbook0/lean_workbook_plus_67063.lean:105:135: error: unsolved goals
a : ℕ → ℚ
h : ∀ (k : ℕ), a k = ↑k / 19 + ↑k / 17
⊢ False

workbook0/lean_workbook_plus_9797.lean:
workbook0/lean_workbook_plus_9797.lean:107:9: error: invalid constructor ⟨...⟩, expected type must be an inductive type 
  ∀ (a b c : ℝ), b ^ 2 - a ^ 2 = c ^ 2 - b ^ 2 → 1 / (b + c) - 1 / (a + c) = 1 / (a + b) - 1 / (a + c)

workbook0/lean_workbook_plus_23182.lean:
workbook0/lean_workbook_plus_23182.lean:108:10: error: invalid constructor ⟨...⟩, expected type must be an inductive type 
  ∀ (x y z : ℕ),
    ↑x + ↑y + ↑z ≡ 5 [ZMOD 9] ↔
      13 * 10 ^ 5 * ↑x + 13 * 10 ^ 4 * ↑y + 13 * 10 ^ 3 * ↑z + 13 * 10 ^ 2 * 4 + 13 * 10 ^ 1 * 5 + 13 * 10 ^ 0 * ↑z ≡
        0 [ZMOD 9]

workbook0/lean_workbook_plus_29169.lean:
workbook0/lean_workbook_plus_29169.lean:106:2: error: tactic 'introN' failed, insufficient number of binders
n : ℕ
⊢ ∃ f, f 1 = 2 ∧ f 2 = 1 ∧ ∀ (n : ℕ), f (n + 2) = 2 * f (n + 1) - 5 * f n

workbook0/lean_workbook_plus_77908.lean:
workbook0/lean_workbook_plus_77908.lean:106:2: error: simp made no progress

workbook0/lean_workbook_plus_62097.lean:
workbook0/lean_workbook_plus_62097.lean:107:10: error: invalid constructor ⟨...⟩, expected type must be an inductive type 
  ∀ (a b c : ℝ),
    a > 0 ∧ b > 0 ∧ c > 0 ∧ a + b + c = 1 →
      a ^ 3 + b ^ 3 + c ^ 3 + 3 * a * b + 3 * b * c + 3 * c * a ≠ 0 ∧
          a ^ 3 + b ^ 3 + c ^ 3 + 3 * a * b + 3 * b * c + 3 * c * a = 1 + 3 * a * b * c →
        a ^ 3 + b ^ 3 + c ^ 3 + 3 * a * b + 3 * b * c + 3 * c * a / (1 + 3 * a * b * c) = 1

workbook0/lean_workbook_plus_61581.lean:
workbook0/lean_workbook_plus_61581.lean:105:129: error: expected token

workbook0/lean_workbook_plus_72555.lean:
workbook0/lean_workbook_plus_72555.lean:106:2: error: type mismatch
  not_forall_of_exists_not ?m.1321
has type
  ¬∀ (x : ?m.1319), ?m.1320 x : Prop
but is expected to have type
  ∀ (n : ℕ), ↑n ^ 2 * ↑(∑ k in Finset.Icc 1 n, (k + 1 / k)) ≤ 2 * ↑n ^ 2 : Prop

workbook0/lean_workbook_plus_19421.lean:
workbook0/lean_workbook_plus_19421.lean:107:10: error: invalid constructor ⟨...⟩, expected type must be an inductive type 
  ∀ (a b c : ℝ), (1 + 1 / a) * (1 + 1 / b) * (1 + 1 / c) = 1 + 1 / a + 1 / b + 1 / c + 2 / (a * b * c)

workbook0/lean_workbook_plus_77198.lean:
workbook0/lean_workbook_plus_77198.lean:107:2: error: omega did not find a contradiction:
[0, 0, 0, 0, 0, 1] ∈ [1, ∞)
[0, 1, 0, 0, 0, -2] ∈ (-∞, -1]
[0, 1] ∈ [2, ∞)

workbook0/lean_workbook_plus_72732.lean:
workbook0/lean_workbook_plus_72732.lean:107:6: error: invalid universe level, ?u.352 is not greater than 0
workbook0/lean_workbook_plus_72732.lean:107:9: error: too many arguments supplied to `use`

workbook0/lean_workbook_plus_30302.lean:
workbook0/lean_workbook_plus_30302.lean:108:10: error: invalid constructor ⟨...⟩, expected type must be an inductive type 
  ∀ (x y z : ℝ),
    0 ≤ x ∧ 0 ≤ y ∧ 0 ≤ z ∧ x + y + z = 3 → 3 ≤ Real.sqrt (x * y + x) + Real.sqrt (y * z + y) + Real.sqrt (z * x + z)
workbook0/lean_workbook_plus_30302.lean:109:2: error: no goals to be solved

workbook0/lean_workbook_plus_75057.lean:
workbook0/lean_workbook_plus_75057.lean:107:10: error: invalid constructor ⟨...⟩, expected type must be an inductive type 
  ∀ (a b c : ℝ),
    a ∈ Set.Icc 0 1 ∧ b ∈ Set.Icc 0 1 ∧ c ∈ Set.Icc 0 1 →
      0 ≤ a + b / (c + 1) + b + c / (a + 1) + c + a / (b + 1) - 2 * a * b * c ∧
        a + b / (c + 1) + b + c / (a + 1) + c + a / (b + 1) - 2 * a * b * c ≤ 3

workbook0/lean_workbook_plus_4289.lean:
workbook0/lean_workbook_plus_4289.lean:108:28: error: unsolved goals
q e : ℝ
h₀ : q = 1 / 4
h₁ : e = 3 / 4
⊢ False

workbook0/lean_workbook_plus_21992.lean:
workbook0/lean_workbook_plus_21992.lean:107:19: error: linarith failed to find a contradiction
case a
n : ℕ
a✝ : ↑n + 1 > (⌊Real.sqrt ↑n⌋ + 1) ^ 2
⊢ False
failed

workbook0/lean_workbook_plus_34320.lean:
workbook0/lean_workbook_plus_34320.lean:107:27: error: unsolved goals
f : ℝ → ℝ
hf : Continuous f
hf2 : ∀ x > 0, f (x + 1) = f x / (f x + 1)
hf1 : ∃ x > 0, f x ≠ 1 / (x + 1)
⊢ ¬f (f 1) = 1

workbook0/lean_workbook_plus_42431.lean:
workbook0/lean_workbook_plus_42431.lean:105:103: error: unsolved goals
a b c : ℕ
h : a = 6 ∧ b = 3 ∧ c = 2
⊢ False

workbook0/lean_workbook_plus_68225.lean:
workbook0/lean_workbook_plus_68225.lean:107:10: error: invalid constructor ⟨...⟩, expected type must be an inductive type 
  ∀ (a b c : ℝ), a ^ 2 + b ^ 2 + c ^ 2 = 1 → a ^ 4 + b ^ 4 + c ^ 4 + 4 * a * b * c > 1

workbook0/lean_workbook_plus_18426.lean:
workbook0/lean_workbook_plus_18426.lean:106:39: error: unsolved goals
u : ℕ → ℕ
h₀ : u 0 = 9
h₁ : u 1 = 161
h₂ : ∀ (n : ℕ), u (n + 2) = 18 * u (n + 1) - u n
⊢ ¬?m.1131 0

workbook0/lean_workbook_plus_69626.lean:
workbook0/lean_workbook_plus_69626.lean:105:32: error: unexpected token '∀'; expected ':'

workbook0/lean_workbook_plus_10827.lean:
workbook0/lean_workbook_plus_10827.lean:105:215: error: unsolved goals
z : ℂ
h :
  z =
    (1 + Complex.I * ↑(Real.sqrt 3)) / 2 * (10 + ↑(Real.sqrt 108)) ^ (1 / 3) +
      (1 - Complex.I * ↑(Real.sqrt 3)) / 2 * (10 - ↑(Real.sqrt 108)) ^ (1 / 3)
⊢ False

workbook0/lean_workbook_plus_34153.lean:
workbook0/lean_workbook_plus_34153.lean:107:10: error: invalid constructor ⟨...⟩, expected type must be an inductive type 
  ∀ (a b c : ℝ),
    0 ≤ a ∧ 0 ≤ b ∧ 0 ≤ c ∧ a ≤ 1 ∧ b ≤ 1 ∧ c ≤ 1 →
      a / (b * c) ^ 2 + 3 + b / (c * a) ^ 2 + 3 + c / (a * b) ^ 2 + 3 ≤ 3 / 4

workbook0/lean_workbook_plus_20042.lean:
workbook0/lean_workbook_plus_20042.lean:106:2: error: simp made no progress

workbook0/lean_workbook_plus_81739.lean:
workbook0/lean_workbook_plus_81739.lean:105:32: error: unexpected token '∀'; expected ':'

workbook0/lean_workbook_plus_601.lean:
workbook0/lean_workbook_plus_601.lean:105:30: error: unexpected token '∀'; expected ':'

workbook0/lean_workbook_plus_42929.lean:
workbook0/lean_workbook_plus_42929.lean:108:10: error: invalid constructor ⟨...⟩, expected type must be an inductive type 
  ∀ (A B C : ℝ), (1 - cos A) * (1 - cos B) * (1 - cos C) ≥ cos A * cos B * cos C

workbook0/lean_workbook_plus_39610.lean:
workbook0/lean_workbook_plus_39610.lean:106:2: error: simp made no progress

workbook0/lean_workbook_plus_16251.lean:
workbook0/lean_workbook_plus_16251.lean:105:32: error: unexpected token '∀'; expected ':'

workbook0/lean_workbook_plus_246.lean:
workbook0/lean_workbook_plus_246.lean:105:42: error: unexpected token '('; expected ')'

workbook0/lean_workbook_plus_15746.lean:
workbook0/lean_workbook_plus_15746.lean:105:211: error: unsolved goals
x y z : ℝ
hx : x = cos (2 * π / 7) ^ (1 / 3)
hy : y = cos (4 * π / 7) ^ (1 / 3)
hz : z = cos (8 * π / 7) ^ (1 / 3)
⊢ False

workbook0/lean_workbook_plus_39940.lean:
workbook0/lean_workbook_plus_39940.lean:114:6: error: tactic 'rewrite' failed, did not find instance of the pattern in the target expression
  ?a / ?b
x : ℝ
hx : 0 < x ∧ x < 1
h1 : 0 < 1 - x
h2 : 0 < x
h3 : 0 < 1 - x
⊢ 1 ≤ -(x * (x - x ^ 2)⁻¹ * 3) + x ^ 2 * (x - x ^ 2)⁻¹ * 3 + (x - x ^ 2)⁻¹

workbook0/lean_workbook_plus_19177.lean:
workbook0/lean_workbook_plus_19177.lean:105:200: error: unsolved goals
x y z : ℝ
hx : 0 < x
hy : 0 < y
hz : 0 < z
hx1 : x + y + z = 1
⊢ False

workbook0/lean_workbook_plus_38190.lean:
workbook0/lean_workbook_plus_38190.lean:106:2: error: tactic 'introN' failed, insufficient number of binders
x y : ℝ
h1 : x ^ 3 + y ^ 3 = 1
h2 : x ^ 2 * y + 2 * x * y ^ 2 + y ^ 3 = 2
⊢ x = 1 ∧ y = 0 ∨ x = -1 ∧ y = 0

workbook0/lean_workbook_plus_79075.lean:
workbook0/lean_workbook_plus_79075.lean:107:10: error: invalid constructor ⟨...⟩, expected type must be an inductive type 
  ∀ (a b c : ℝ), (1 - a ^ 2) / (1 + a ^ 2) + (1 - b ^ 2) / (1 + b ^ 2) + (1 - c ^ 2) / (1 + c ^ 2) ≥ 0

workbook0/lean_workbook_plus_35102.lean:
workbook0/lean_workbook_plus_35102.lean:105:56: error: expected token

workbook0/lean_workbook_plus_23428.lean:
workbook0/lean_workbook_plus_23428.lean:107:10: error: invalid constructor ⟨...⟩, expected type must be an inductive type 
  ∀ (a b c : ℝ), (a / (2 * a - b - c)) ^ 2 + (b / (2 * b - c - a)) ^ 2 + (c / (2 * c - a - b)) ^ 2 ≥ 2 / 9

workbook0/lean_workbook_plus_44738.lean:
workbook0/lean_workbook_plus_44738.lean:106:2: error: tactic 'introN' failed, insufficient number of binders
x y k : ℕ
h₁ : 0 < x ∧ 0 < y ∧ 0 < k
h₂ : (4 * k + 3) ^ x - 2 ^ x = y ^ 2
⊢ x = 1 ∧ y = 2 ∧ k = 0 ∨ x = 1 ∧ y = 1 ∧ k = 0 ∨ x = 2 ∧ y = 2 ∧ k = 0

workbook0/lean_workbook_plus_82619.lean:
workbook0/lean_workbook_plus_82619.lean:105:99: error: unsolved goals
⊢ False

workbook0/lean_workbook_plus_30273.lean:
workbook0/lean_workbook_plus_30273.lean:105:40: error: unexpected token '|'; expected '}'

workbook0/lean_workbook_plus_70800.lean:
workbook0/lean_workbook_plus_70800.lean:105:32: error: unexpected token '∀'; expected ':'

workbook0/lean_workbook_plus_65245.lean:
workbook0/lean_workbook_plus_65245.lean:105:148: error: unsolved goals
m : ℕ
a : ℕ → ℕ
a2 : a 1 = 3
a3 : a 2 = 6
am : a (m + 1) = a m + a 1 + m
⊢ False

workbook0/lean_workbook_plus_29596.lean:
workbook0/lean_workbook_plus_29596.lean:107:10: error: invalid constructor ⟨...⟩, expected type must be an inductive type 
  ∀ (a b c : ℝ),
    (a ^ 2 * b ^ 2 + b ^ 2 * c ^ 2 + c ^ 2 * a ^ 2) *
        (1 / (a ^ 2 + b ^ 2 - a * b) ^ 2 + 1 / (b ^ 2 + c ^ 2 - b * c) ^ 2 + 1 / (c ^ 2 + a ^ 2 - c * a) ^ 2) ≤
      (a ^ 2 * b ^ 2 + b ^ 2 * c ^ 2 + c ^ 2 * a ^ 2) *
        (1 / (c ^ 2 + (a ^ 2 + b ^ 2) / 2) ^ 2 + 1 / (a ^ 2 + (b ^ 2 + c ^ 2) / 2) ^ 2 +
          1 / (b ^ 2 + (a ^ 2 + c ^ 2) / 2) ^ 2)

workbook0/lean_workbook_plus_65913.lean:
workbook0/lean_workbook_plus_65913.lean:106:20: error: invalid argument, variable is not a proposition or let-declaration
workbook0/lean_workbook_plus_65913.lean:106:2: error: type mismatch
  fun h => ?m.1579 h
has type
  (h : ?m.1573) → ?m.1578 h : Sort (imax ?u.1572 ?u.1575)
but is expected to have type
  P = fun n => (1 / 2) ^ (n + 1) : Prop

workbook0/lean_workbook_plus_1410.lean:
workbook0/lean_workbook_plus_1410.lean:107:10: error: invalid constructor ⟨...⟩, expected type must be an inductive type 
  ∀ (a b c : ℝ), a ^ 4 + b ^ 4 + c ^ 4 ≥ a * b * c * (a + b + c) + (a ^ 2 + b ^ 2) * (a - b) ^ 2

workbook0/lean_workbook_plus_61962.lean:
workbook0/lean_workbook_plus_61962.lean:108:2: error: omega did not find a contradiction:
[0, 0, 0, 0, 0, 0, 0, 1] ∈ [0, ∞)
[0, 1, 1, 0, 0, 0, -1, 1, 1] ∈ (-∞, -1]
[0, 1, 1, -1] ∈ (-∞, 0]
[0, 2, 1, -2, 1, 1] ∈ [0, 1]
[0, 1] ∈ [0, ∞)
[0, 2, 3, 0, 0, 1, -2, 0, 2, 1] ∈ [0, 1]
[0, 0, 0, 0, 0, 0, 0, 0, 1] ∈ [0, ∞)

workbook0/lean_workbook_plus_43355.lean:
workbook0/lean_workbook_plus_43355.lean:107:10: error: invalid constructor ⟨...⟩, expected type must be an inductive type 
  ∀ (n : ℕ) (p : ℝ), ∑ i in Finset.range (n + 1), ↑(choose n i) * ↑i * (1 - p) ^ i * p ^ (n - i) = ↑n * p

workbook0/lean_workbook_plus_13125.lean:
workbook0/lean_workbook_plus_13125.lean:105:34: error: unexpected token; expected '_' or identifier

workbook0/lean_workbook_plus_22463.lean:
workbook0/lean_workbook_plus_22463.lean:107:2: error: linarith failed to find a contradiction
case h1.h
α β : ℝ
h₂ : α ^ 3 + α ^ 2 - 2008 * α = 232
h₃ : β ^ 3 + β ^ 2 - 2008 * β = 232
h₁ : (α + β) ^ 3 + 2 * (α + β) ^ 2 - 2007 * (α + β) ≠ 2008
a✝ : α < β
⊢ False
failed

workbook0/lean_workbook_plus_79983.lean:
workbook0/lean_workbook_plus_79983.lean:106:25: error: unsolved goals
⊢ False

workbook0/lean_workbook_plus_2285.lean:
workbook0/lean_workbook_plus_2285.lean:107:8: error: invalid constructor ⟨...⟩, expected type must be an inductive type 
  ∀ (k n : ℕ), k = 2 * l → n = 8 * l

workbook0/lean_workbook_plus_77641.lean:
workbook0/lean_workbook_plus_77641.lean:106:27: error: unsolved goals
⊢ ¬?m.1567 0

workbook0/lean_workbook_plus_74781.lean:
workbook0/lean_workbook_plus_74781.lean:107:10: error: invalid constructor ⟨...⟩, expected type must be an inductive type 
  ∀ (x1 x2 : ℝ), 1 ≤ 1 - x1 - (x2 - x1 * x2) + (x1 + x2)

workbook0/lean_workbook_plus_310.lean:
workbook0/lean_workbook_plus_310.lean:106:2: error: tactic 'introN' failed, insufficient number of binders
x : ℝ
f✝ f : ℝ → ℝ
hf : f x = 2 * sin x + sin (2 * x)
⊢ (∀ (x y : ℝ), x < y ∧ f x < f y) ∨ ∀ (x y : ℝ), x < y ∧ f x > f y

workbook0/lean_workbook_plus_29163.lean:
workbook0/lean_workbook_plus_29163.lean:107:10: error: invalid constructor ⟨...⟩, expected type must be an inductive type 
  ∀ ε > 0, ∃ δ > 0, ∀ h ∈ Set.Ioo (-δ) δ, |(e ^ h - 1) / h - 1| < ε

workbook0/lean_workbook_plus_53140.lean:
workbook0/lean_workbook_plus_53140.lean:107:12: error: invalid field notation, type is not of the form (C ...) where C is a constant
  h₁
has type
  x = 1 / 2 → y ≠ 1

workbook0/lean_workbook_plus_48469.lean:
workbook0/lean_workbook_plus_48469.lean:105:127: error: unsolved goals
⊢ False

workbook0/lean_workbook_plus_28337.lean:
Try this: ring_nf
workbook0/lean_workbook_plus_28337.lean:126:2: error: omega did not find a contradiction:
[0, 0, 0, 2, 0, 0, -1] ∈ (-∞, -1]
[0, 0, 0, 0, 0, 1] ∈ [0, ∞)
[0, 0, 0, 0, 0, 1, -1] ∈ [1, ∞)
[0, 0, 0, 1] ∈ [0, ∞)

workbook0/lean_workbook_plus_79131.lean:
workbook0/lean_workbook_plus_79131.lean:107:10: error: invalid constructor ⟨...⟩, expected type must be an inductive type 
  ∀ (a b c : ℝ), a ^ 5 / (a ^ 4 + b ^ 4) + b ^ 5 / (b ^ 4 + c ^ 4) + c ^ 5 / (c ^ 4 + a ^ 4) ≥ 1 / 2

workbook0/lean_workbook_plus_19330.lean:
workbook0/lean_workbook_plus_19330.lean:106:28: error: unsolved goals
⊢ ¬?m.2579 (-2)

workbook0/lean_workbook_plus_58459.lean:
workbook0/lean_workbook_plus_58459.lean:107:10: error: invalid constructor ⟨...⟩, expected type must be an inductive type 
  ∀ (x : ℚ), ¬↑x = (10 ^ (n * 3) + 3 * 10 ^ (n * 2) - 4) / 9

workbook0/lean_workbook_plus_24692.lean:
workbook0/lean_workbook_plus_24692.lean:106:2: error: type mismatch
  not_forall.mpr (Exists.intro 3 ?m.612)
has type
  ¬∀ (x : ℕ), ?m.584 x : Prop
but is expected to have type
  ∀ (n : ℕ), 1 + ∑ i in Finset.range (n + 1), fib 4 * i = (∑ i in Finset.range (n + 1), choose (2 * n - i) i) ^ 2 : Prop

workbook0/lean_workbook_plus_9408.lean:
workbook0/lean_workbook_plus_9408.lean:106:8: error: unknown constant 'Real.logb_eq_iff_rpow_eq'
workbook0/lean_workbook_plus_9408.lean:106:6: error: tactic 'rewrite' failed, equality or iff proof expected
  ?m.228
x : ℝ
hx : x > 0 ∧ x ≠ 1
⊢ x ^ (Real.log 30 / Real.log x) = 30

workbook0/lean_workbook_plus_49518.lean:
workbook0/lean_workbook_plus_49518.lean:107:10: error: invalid constructor ⟨...⟩, expected type must be an inductive type 
  ∀ (a b c : ℝ), a > 1 ∧ b > 1 ∧ c > 1 → 2 * b + 2 * c - 3 * b * c - 1 > 0

workbook0/lean_workbook_plus_40513.lean:
workbook0/lean_workbook_plus_40513.lean:106:28: error: unsolved goals
⊢ ¬?m.3595 (-1)

workbook0/lean_workbook_plus_17909.lean:
workbook0/lean_workbook_plus_17909.lean:107:10: error: invalid constructor ⟨...⟩, expected type must be an inductive type 
  ∀ (x : ℝ),
    1 + (Real.sqrt 2 / 2 * cos x - Real.sqrt 2 / 2 * sin x) / (Real.sqrt 2 / 2 * cos x + Real.sqrt 2 / 2 * sin x) =
      2 / (1 + sin x / cos x)

workbook0/lean_workbook_plus_61655.lean:
workbook0/lean_workbook_plus_61655.lean:106:25: error: 'specialize' requires a term of the form `h x_1 .. x_n` where `h` appears in the local context
workbook0/lean_workbook_plus_61655.lean:106:46: error: linarith failed to find a contradiction
h : ℝ
⊢ False
failed
workbook0/lean_workbook_plus_61655.lean:105:88: error: unsolved goals
h : ℝ
⊢ ∀ (x : ℝ), (x - h / 2) ^ 2 > h ^ 2 / 4 - 4 * h

workbook0/lean_workbook_plus_70669.lean:
workbook0/lean_workbook_plus_70669.lean:105:141: error: unsolved goals
h₁ : 2 + 4 + 6 ≠ 0 ∧ 1 + 3 + 5 ≠ 0
⊢ False

workbook0/lean_workbook_plus_51553.lean:
workbook0/lean_workbook_plus_51553.lean:111:2: warning: aesop: failed to prove the goal after exhaustive search.
workbook0/lean_workbook_plus_51553.lean:110:30: error: unsolved goals
case left
n a : ℕ
h₂ : (n * 1000 + a) % 2018 = 0
h₃ : ∀ (m : ℕ), (m * 1000 + a) % 2018 = 0 → n ≤ m
left : 0 < a
right : a < 10
left_1 : 0 < n
right_1 : n < 10000000
⊢ n = 1111918

case right
n a : ℕ
h₂ : (n * 1000 + a) % 2018 = 0
h₃ : ∀ (m : ℕ), (m * 1000 + a) % 2018 = 0 → n ≤ m
left : 0 < a
right : a < 10
left_1 : 0 < n
right_1 : n < 10000000
⊢ a = 918

workbook0/lean_workbook_plus_67577.lean:
workbook0/lean_workbook_plus_67577.lean:106:73: error: unsolved goals
⊢ ∏ k in Finset.Icc 1 8, choose (16 - 2 * k) 2 = 16! / 2 ^ 8

workbook0/lean_workbook_plus_72058.lean:
workbook0/lean_workbook_plus_72058.lean:107:12: error: invalid field notation, type is not of the form (C ...) where C is a constant
  h1
has type
  x = 2 → y = 4 → z ≠ 2

workbook0/lean_workbook_plus_33888.lean:
workbook0/lean_workbook_plus_33888.lean:107:2: error: tactic 'introN' failed, insufficient number of binders
a : ℕ → ℝ
a_n_def : ∀ (n : ℕ), a n = (3 + 2 * Real.sqrt 2) ^ n + (3 - 2 * Real.sqrt 2) ^ n
⊢ ∃ a_n_closed_form, ∀ (n : ℕ), (3 + 2 * Real.sqrt 2) ^ n + (3 - 2 * Real.sqrt 2) ^ n = a_n_closed_form

workbook0/lean_workbook_plus_75462.lean:
workbook0/lean_workbook_plus_75462.lean:105:34: error: unexpected token; expected '_' or identifier

workbook0/lean_workbook_plus_21501.lean:
workbook0/lean_workbook_plus_21501.lean:109:2: error: type mismatch
  div_nonneg ?m.8374 (mul_nonneg (mul_nonneg (LT.lt.le ha) (add_nonneg (LT.lt.le hb) (LT.lt.le hc))) (LT.lt.le ha))
has type
  0 ≤ ?m.8372 / (a * (b + c) * a) : Prop
but is expected to have type
  0 ≤ ((b * (b + c) + a * a) * a + c * (a * (b + c))) * (a * (b + c) * a)⁻¹ - 2 : Prop

workbook0/lean_workbook_plus_77010.lean:
workbook0/lean_workbook_plus_77010.lean:107:2: error: linarith failed to find a contradiction
case h1.h
x n : ℕ
hn : 2 ≤ n
P Q S : ℚ → ℚ
hP : P = ∏ x_1 in Finset.Icc 2 n, ((fun x_2 => ↑x) + fun x => ↑(1 / x_1))
hQ : Q = ∏ x_1 in Finset.Icc 2 n, fun x_2 => ↑(x - 1 / x_1)
hS :
  S =
    (∏ x_1 in Finset.Icc 2 n, ((fun x_2 => ↑x) + fun x => ↑(1 / x_1)) +
        ∏ x_1 in Finset.Icc 2 n, fun x_2 => ↑(x - 1 / x_1)) /
      2
a✝ :
  ∏ x_1 in Finset.Icc 2 n, (↑x + ↑(1 / x_1)) + ∏ c in Finset.Icc 2 n, ↑(x - 1 / c) <
    2 * (1 + (∏ x_1 in Finset.Icc 2 n, (↑x + ↑(1 / x_1)) + ∏ c in Finset.Icc 2 n, ↑(x - 1 / c)) / 2)
⊢ False
failed

workbook0/lean_workbook_plus_45624.lean:
workbook0/lean_workbook_plus_45624.lean:106:2: warning: aesop: failed to prove the goal after exhaustive search.
workbook0/lean_workbook_plus_45624.lean:105:236: error: unsolved goals
case h
p : ℕ
hp : Nat.Prime p
hp_mod_4_eq_3 : ↑p ≡ 3 [ZMOD 4]
x x_1 : Finset ℤ
hA : (x ∪ x_1).card = p - 1
hA_consecutive : ∀ (a : ℤ), (a ∈ x ∨ a ∈ x_1) ∧ (a + 1 ∈ x ∨ a + 1 ∈ x_1)
a : ∏ x in x, x = ∏ x in x_1, x
⊢ False

workbook0/lean_workbook_plus_62581.lean:
workbook0/lean_workbook_plus_62581.lean:105:93: error: unsolved goals
a : ℕ
h : a = 6250000
⊢ False

workbook0/lean_workbook_plus_17107.lean:
workbook0/lean_workbook_plus_17107.lean:107:10: error: invalid constructor ⟨...⟩, expected type must be an inductive type 
  ∀ (a : ℝ) (n : ℕ), (a ^ n + 1) ^ (n + 1) ≥ (a ^ (n + 1) + 1) ^ n

workbook0/lean_workbook_plus_44753.lean:
workbook0/lean_workbook_plus_44753.lean:106:2: error: simp made no progress

workbook0/lean_workbook_plus_38848.lean:
workbook0/lean_workbook_plus_38848.lean:106:2: error: tactic 'introN' failed, insufficient number of binders
a b c : ℝ
h₁ : a + b + c = 0
h₂ : a ^ 3 + b ^ 3 + c ^ 3 = 90
h₃ : a ^ 5 + b ^ 5 + c ^ 5 = 2850
⊢ a = 2 ∧ b = 3 ∧ c = 5

workbook0/lean_workbook_plus_38736.lean:
workbook0/lean_workbook_plus_38736.lean:107:10: error: invalid constructor ⟨...⟩, expected type must be an inductive type 
  ∀ (x y z : ℝ), 2 + x ^ 2 * y ^ 2 * z ^ 2 ≥ 4 - 1 / (x ^ 2 * y ^ 2 * z ^ 2)

workbook0/lean_workbook_plus_25618.lean:
workbook0/lean_workbook_plus_25618.lean:106:2: error: tactic 'decide' proved that the proposition
  ∑ i in Finset.Icc 1 10, i ^ 2 * choose 10 i = 145
is false

workbook0/lean_workbook_plus_79146.lean:
workbook0/lean_workbook_plus_79146.lean:105:109: error: unsolved goals
a x : ℝ
ha : a = (16 + x ^ 2) ^ (1 / 4)
⊢ False

workbook0/lean_workbook_plus_80577.lean:
workbook0/lean_workbook_plus_80577.lean:107:8: error: invalid constructor ⟨...⟩, expected type must be an inductive type 
  ∀ (x : ℝ), 1 / (3 * x ^ 2 + 1) ≥ (52 - 48 * x) / 49

workbook0/lean_workbook_plus_55092.lean:
workbook0/lean_workbook_plus_55092.lean:107:10: error: function expected at
  h
term has type
  ℝ
workbook0/lean_workbook_plus_55092.lean:105:118: error: unsolved goals
h : ℝ
⊢ h > 0 → ∀ (n : ℕ), n ≠ 0 → Real.log (1 + h / ↑n ^ 2) / h / ↑n ^ 2 = 1

workbook0/lean_workbook_plus_42282.lean:
workbook0/lean_workbook_plus_42282.lean:109:43: error: unknown identifier 'ih'
workbook0/lean_workbook_plus_42282.lean:106:67: error: unsolved goals
case succ
n : ℕ
ih : ∑ k in Finset.range (n + 1), 1 / (2 * k + 1) ^ 2 < 5 / 4
⊢ ∑ k in Finset.range (succ n + 1), 1 / (2 * k + 1) ^ 2 < 5 / 4

workbook0/lean_workbook_plus_64102.lean:
workbook0/lean_workbook_plus_64102.lean:109:2: error: linarith failed to find a contradiction
case h2.h
x : ℝ
h₀ : 0 < x
h₁ : 4 * x + x / 2 * (4 + (x - 1) / 2) = 72
a✝ : 0 < x ^ 2 - x - 48
⊢ False
failed

workbook0/lean_workbook_plus_37951.lean:
workbook0/lean_workbook_plus_37951.lean:107:17: error: unsolved goals
f : ℚ → ℚ
hf : f > 0
h : ∃ x, f x ≠ x
⊢ ¬f (f 2 ^ 2 * 3) = 8 * f 6

workbook0/lean_workbook_plus_48100.lean:
workbook0/lean_workbook_plus_48100.lean:105:35: error: expected token

workbook0/lean_workbook_plus_69081.lean:
workbook0/lean_workbook_plus_69081.lean:106:27: error: unsolved goals
⊢ ¬?m.1104 1

workbook0/lean_workbook_plus_13448.lean:
workbook0/lean_workbook_plus_13448.lean:107:10: error: invalid constructor ⟨...⟩, expected type must be an inductive type 
  ∀ (x y z : ℝ),
    x ^ 2 + y ^ 2 + z ^ 2 + x * y * z = 4 →
      x ^ 2 + y ^ 2 + z ^ 2 + 4 * x * y * z * (x + y + z) ≥
        3 * x * y * z + 2 * (x * y + y * z + x * z) ^ 2 - 2 * (x * y + y * z + x * z)

workbook0/lean_workbook_plus_7278.lean:
workbook0/lean_workbook_plus_7278.lean:107:8: error: unknown constant 'Real.logb_eq_iff_rpow_eq'
workbook0/lean_workbook_plus_7278.lean:107:6: error: tactic 'rewrite' failed, equality or iff proof expected
  ?m.174
⊢ 8 ^ logb 2 (Real.sqrt 6) = 6 * Real.sqrt 6

workbook0/lean_workbook_plus_49814.lean:
workbook0/lean_workbook_plus_49814.lean:105:83: error: unsolved goals
⊢ False

workbook0/lean_workbook_plus_9739.lean:
workbook0/lean_workbook_plus_9739.lean:107:10: error: invalid constructor ⟨...⟩, expected type must be an inductive type 
  ∀ (c a x d b y z₁ z₂ : ℝ),
    z₁ = c - a - x ∧ z₂ = d - b - y →
      (2 * c - 2 * a - z₁) ^ 2 + (2 * d - 2 * b - z₂) ^ 2 = z₁ ^ 2 + z₂ ^ 2 ∧
        z₁ ^ 2 + z₂ ^ 2 = (2 * a + z₁) ^ 2 + (2 * b + z₂) ^ 2

workbook0/lean_workbook_plus_39698.lean:
workbook0/lean_workbook_plus_39698.lean:107:10: error: invalid constructor ⟨...⟩, expected type must be an inductive type 
  ∀ (a b c d : ℝ),
    a ≥ 0 ∧ b ≥ 0 ∧ c ≥ 0 ∧ d ≥ 0 →
      a ^ 3 / (b + c) / (c + d) / (b + d) + b ^ 3 / (c + d) / (d + a) / (c + a) + c ^ 3 / (d + a) / (a + b) / (b + d) +
          d ^ 3 / (a + b) / (b + c) / (c + a) ≥
        1 / 2

workbook0/lean_workbook_plus_47345.lean:
workbook0/lean_workbook_plus_47345.lean:106:28: error: unsolved goals
⊢ ¬?m.1617 (-1)

workbook0/lean_workbook_plus_78831.lean:
workbook0/lean_workbook_plus_78831.lean:105:108: error: unsolved goals
n : ℕ
hn : 1 < n
h1 : 0 < n - 1
h2 : 1 < n - 1 + 1
⊢ False

workbook0/lean_workbook_plus_5243.lean:
workbook0/lean_workbook_plus_5243.lean:105:132: error: unsolved goals
⊢ False

workbook0/lean_workbook_plus_26464.lean:
workbook0/lean_workbook_plus_26464.lean:105:124: error: unsolved goals
a x : ℝ
hx : 0 < x ∧ x < a - 1
⊢ False

workbook0/lean_workbook_plus_7897.lean:
workbook0/lean_workbook_plus_7897.lean:105:74: error: unsolved goals
⊢ False

workbook0/lean_workbook_plus_60321.lean:
workbook0/lean_workbook_plus_60321.lean:108:10: error: invalid constructor ⟨...⟩, expected type must be an inductive type 
  ∀ (y : ℝ), y ≠ 0 ∧ y ≠ 2023 + 1 / 2022 → ∃ f, ∀ (x : ℝ), x ≠ 1 → f (f x) = x / (x - 1) ∧ f 2023 = y
workbook0/lean_workbook_plus_60321.lean:109:2: error: no goals to be solved

workbook0/lean_workbook_plus_72951.lean:
workbook0/lean_workbook_plus_72951.lean:106:27: error: unsolved goals
⊢ ¬?m.217 0

workbook0/lean_workbook_plus_28342.lean:
workbook0/lean_workbook_plus_28342.lean:105:91: error: unsolved goals
k : ℝ
h₁ : k = (1 / 4) ^ (1 / 3)
⊢ False

workbook0/lean_workbook_plus_39159.lean:
workbook0/lean_workbook_plus_39159.lean:107:8: error: invalid constructor ⟨...⟩, expected type must be an inductive type 
  ∀ (a b c : ℝ),
    a > 0 ∧ b > 0 ∧ c > 0 →
      1 / 6 * (a ^ 2 * b + a ^ 2 * c + b ^ 2 * a + b ^ 2 * c + c ^ 2 * a + c ^ 2 * b) ≥
        a ^ (5 / 3) * b ^ (2 / 3) * c ^ (2 / 3)

workbook0/lean_workbook_plus_41640.lean:
workbook0/lean_workbook_plus_41640.lean:105:44: error: unexpected token '('; expected ')'

workbook0/lean_workbook_plus_16271.lean:
workbook0/lean_workbook_plus_16271.lean:107:10: error: invalid constructor ⟨...⟩, expected type must be an inductive type 
  ∀ (a b : ℕ), a * b ∣ a - b ↔ a = b

workbook0/lean_workbook_plus_12883.lean:
workbook0/lean_workbook_plus_12883.lean:105:32: error: unexpected token '∀'; expected ':'

workbook0/lean_workbook_plus_78005.lean:
workbook0/lean_workbook_plus_78005.lean:108:6: error: tactic 'rewrite' failed, did not find instance of the pattern in the target expression
  ?m.4066 / ?m.4067 ≤ ?m.4068
x y : ℝ
hxy : x > y
hy : y > 0
h1 : 0 < x
⊢ x - y < (x ^ 4 - y ^ 4) / (4 * x ^ 3)

workbook0/lean_workbook_plus_2370.lean:
workbook0/lean_workbook_plus_2370.lean:111:9: error: invalid constructor ⟨...⟩, expected type must be an inductive type 
  ∀ (a b c : ℝ),
    a > 0 ∧ b > 0 ∧ c > 0 ∧ a + b > c ∧ a + c > b ∧ b + c > a →
      Real.sqrt ((1 - a) * (1 - b) / ((1 + a) * (1 + b))) + Real.sqrt ((1 - b) * (1 - c) / ((1 + b) * (1 + c))) +
          Real.sqrt ((1 - c) * (1 - a) / ((1 + c) * (1 + a))) =
        1

workbook0/lean_workbook_plus_26031.lean:
workbook0/lean_workbook_plus_26031.lean:107:10: error: invalid constructor ⟨...⟩, expected type must be an inductive type 
  ∀ (x : ℝ), (sin x + tan x) / (cos x + 1) = tan x

workbook0/lean_workbook_plus_48673.lean:
workbook0/lean_workbook_plus_48673.lean:107:10: error: invalid constructor ⟨...⟩, expected type must be an inductive type 
  ∀ (a b c : ℝ),
    a ^ 2 / (b + 1) / (c + 1) + b ^ 2 / (c + 1) / (a + 1) + c ^ 2 / (a + 1) / (b + 1) +
        2 * a * b * c / (a + 1) / (b + 1) / (c + 1) ≥
      1

workbook0/lean_workbook_plus_58170.lean:
workbook0/lean_workbook_plus_58170.lean:106:2: error: simp made no progress

workbook0/lean_workbook_plus_9278.lean:
workbook0/lean_workbook_plus_9278.lean:106:2: warning: aesop: failed to prove the goal after exhaustive search.
workbook0/lean_workbook_plus_9278.lean:107:14: error: unknown identifier 'h_1'

workbook0/lean_workbook_plus_8940.lean:
workbook0/lean_workbook_plus_8940.lean:106:2: error: linarith failed to find a contradiction
case h2.h
α β : ℝ
h₁ : α ^ 3 - 3 * α ^ 2 + 5 * α - 17 = 0
h₂ : β ^ 3 - 3 * β ^ 2 + 5 * β - 17 = 0
a✝ : 3 < α + β
⊢ False
failed

workbook0/lean_workbook_plus_52325.lean:
workbook0/lean_workbook_plus_52325.lean:107:2: error: tactic 'introN' failed, insufficient number of binders
ℵ₀ : ℕ
ha : 2 ≤ ℵ₀
⊢ ℵ₀ = ℵ₀ * ℵ₀

workbook0/lean_workbook_plus_30651.lean:
workbook0/lean_workbook_plus_30651.lean:107:10: error: invalid constructor ⟨...⟩, expected type must be an inductive type 
  ∀ (a b c : ℝ), a ^ 2 + b ^ 2 + c ^ 2 + 2 * a * b * c ≥ 2 * (a * b + b * c + c * a) - 1

workbook0/lean_workbook_plus_19407.lean:
workbook0/lean_workbook_plus_19407.lean:108:2: error: linarith failed to find a contradiction
case a
k : ℕ
h : 1 ≤ k
a✝ : 7 * k + 1 > 3 * k + 1 + 3 * k
⊢ False
failed

workbook0/lean_workbook_plus_38150.lean:
workbook0/lean_workbook_plus_38150.lean:107:10: error: invalid constructor ⟨...⟩, expected type must be an inductive type 
  ∀ (x y z : ℝ),
    (x + y + z) * (x * y + y * z + z * x) - x * y * z ≥ 16 * x * y * z * ((x + y + z) ^ 2 - x * y - y * z - z * x)

workbook0/lean_workbook_plus_60269.lean:
workbook0/lean_workbook_plus_60269.lean:107:10: error: invalid constructor ⟨...⟩, expected type must be an inductive type 
  ∀ (b c : ℝ), (b ^ 2 + c ^ 2) / (4 * b * c) ≥ 1 / 2

workbook0/lean_workbook_plus_31398.lean:
workbook0/lean_workbook_plus_31398.lean:108:2: error: type mismatch
  Mathlib.Tactic.Contrapose.mtr ?m.6686
has type
  ?m.6684 → ?m.6685 : Prop
but is expected to have type
  ∀ (A B C : ℝ),
    sin (A / 2) ^ 2 + sin (B / 2) ^ 2 + sin (C / 2) ^ 2 ≥
      4 *
        (sin (A / 2) ^ 2 * sin (B / 2) ^ 2 + sin (B / 2) ^ 2 * sin (C / 2) ^ 2 +
          sin (C / 2) ^ 2 * sin (A / 2) ^ 2) : Prop

workbook0/lean_workbook_plus_15227.lean:
workbook0/lean_workbook_plus_15227.lean:107:13: error: function expected at
  h
term has type
  ℝ
workbook0/lean_workbook_plus_15227.lean:105:150: error: unsolved goals
h : ℝ
⊢ ∀ (B C : ℝ), 1 + cos h * cos B * cos C ≥ Real.sqrt 3 * sin h * sin B * sin C

workbook0/lean_workbook_plus_63470.lean:
workbook0/lean_workbook_plus_63470.lean:105:34: error: unexpected token; expected '_' or identifier

workbook0/lean_workbook_plus_44762.lean:
workbook0/lean_workbook_plus_44762.lean:107:10: error: invalid constructor ⟨...⟩, expected type must be an inductive type 
  ∀ (x y : ℝ),
    x ^ 7 * y ^ 7 * ((x + y) ^ 2 - x ^ 2 - y ^ 2) =
      5 * y ^ 2 * (2 * y ^ 2 + 1) * (x ^ 2) ^ 2 * y ^ 2 + 5 * x ^ 2 * (2 * x ^ 2 + 1) * x ^ 2 * (y ^ 2) ^ 2

workbook0/lean_workbook_plus_69897.lean:
workbook0/lean_workbook_plus_69897.lean:106:2: error: tactic 'introN' failed, insufficient number of binders
α : ℝ
hn : 1 < α ∧ α < 2
⊢ ∃! n, (∀ (i : ℕ), 0 < n i ∧ n i ^ 2 ≤ n (i + 1)) ∧ α = ↑(∏' (i : ℕ), (1 + 1 / n i))

workbook0/lean_workbook_plus_52164.lean:
workbook0/lean_workbook_plus_52164.lean:108:2: error: omega did not find a contradiction:
[0, 0, 0, 0, 0, 0, 0, 1] ∈ [0, ∞)
[0, 1, 1, -1] ∈ (-∞, 0]
[0, 2, 0, 0, 0, 0, -2, 0, 1, 1, 1] ∈ [0, 1]
[0, 2, 1, -2, 1, 1] ∈ [0, 1]
[0, 1, 0, 0, 0, 0, -1, 1, 1] ∈ (-∞, -1]
[0, 1] ∈ [0, ∞)

workbook0/lean_workbook_plus_1110.lean:
workbook0/lean_workbook_plus_1110.lean:107:10: error: invalid constructor ⟨...⟩, expected type must be an inductive type 
  ∀ (a b c : ℝ), a / b + b / c + c / a ≥ a ^ 2 + b ^ 2 + c ^ 2

workbook0/lean_workbook_plus_79039.lean:
workbook0/lean_workbook_plus_79039.lean:105:89: error: expected token

workbook0/lean_workbook_plus_13334.lean:
workbook0/lean_workbook_plus_13334.lean:105:36: error: unexpected token ')'; expected ':=', 'where' or '|'

workbook0/lean_workbook_plus_36774.lean:
workbook0/lean_workbook_plus_36774.lean:106:2: error: simp made no progress

workbook0/lean_workbook_plus_68938.lean:
workbook0/lean_workbook_plus_68938.lean:107:10: error: invalid constructor ⟨...⟩, expected type must be an inductive type 
  ∀ (a b c : ℝ),
    a / (b + c) + b / (c + a) + c / (a + b) + 25 * (a * b + b * c + c * a) / (a + b + c) ^ 2 ≥ 5 * Real.sqrt 2

workbook0/lean_workbook_plus_77561.lean:
workbook0/lean_workbook_plus_77561.lean:107:10: error: invalid constructor ⟨...⟩, expected type must be an inductive type 
  ∀ (x y z : ℝ),
    (x / (y + z)) ^ 2 + (y / (x + z)) ^ 2 + (z / (x + y)) ^ 2 + 6 * x * y * z / ((x + y) * (y + z) * (z + x)) ≥ 3 / 2

workbook0/lean_workbook_plus_34239.lean:
workbook0/lean_workbook_plus_34239.lean:105:133: error: expected token

workbook0/lean_workbook_plus_36439.lean:
workbook0/lean_workbook_plus_36439.lean:107:10: error: invalid constructor ⟨...⟩, expected type must be an inductive type 
  ∀ (n : ℕ), ((2 % 11) ^ (6 * n - 5) % 11 % 11 + (3 % 11) ^ (2 * n) % 11 % 11) % 11 = 0

workbook0/lean_workbook_plus_76560.lean:
workbook0/lean_workbook_plus_76560.lean:107:10: error: invalid constructor ⟨...⟩, expected type must be an inductive type 
  ∀ (a b c : ℝ), a ^ 5 + 3 * b ^ 5 + c ^ 5 ≥ 5 * a * b ^ 3 * c

workbook0/lean_workbook_plus_58432.lean:
workbook0/lean_workbook_plus_58432.lean:106:2: error: simp made no progress

workbook0/lean_workbook_plus_29610.lean:
workbook0/lean_workbook_plus_29610.lean:107:9: error: invalid constructor ⟨...⟩, expected type must be an inductive type 
  ∀ ε > 0, ∃ δ > 0, ∀ x ∈ Set.Ioo (-δ) δ, |tan x / x - 1| < ε

workbook0/lean_workbook_plus_76710.lean:
workbook0/lean_workbook_plus_76710.lean:106:29: error: invalid field notation, type is not of the form (C ...) where C is a constant
  h
has type
  ?m.355
workbook0/lean_workbook_plus_76710.lean:106:19: error: invalid 'simp', proposition expected
  (x_0 : Sort _abstMVar.0) → x_0 → x_0
workbook0/lean_workbook_plus_76710.lean:106:2: error: type mismatch
  fun h => ?m.361 h
has type
  (h : ?m.355) → ?m.360 h : Sort (imax ?u.354 ?u.357)
but is expected to have type
  x₁ = 1 ∧ x₂ = 1 ∧ x₃ = 1 : Prop

workbook0/lean_workbook_plus_48605.lean:
workbook0/lean_workbook_plus_48605.lean:107:10: error: invalid constructor ⟨...⟩, expected type must be an inductive type 
  ∀ (x y : ℝ), (x + y) ^ 3 + ((x + -y) ^ 3 + -(2 * x ^ 3 * (y + 1) ^ 3)) = 2 * x * y * (-x ^ 2 + 3 * y)

workbook0/lean_workbook_plus_31920.lean:
workbook0/lean_workbook_plus_31920.lean:106:2: error: type mismatch
  not_forall_of_exists_not (Exists.intro π ?m.299)
has type
  ¬∀ (x : ℝ), ?m.285 x : Prop
but is expected to have type
  ∀ (x : ℝ), 0 ≤ x ∧ x < 2 * π → arcsin (sin x) = x : Prop

workbook0/lean_workbook_plus_40201.lean:
workbook0/lean_workbook_plus_40201.lean:107:10: error: invalid constructor ⟨...⟩, expected type must be an inductive type 
  ∀ (n : ℕ), ∑ r in Finset.range (n + 1), (-1) ^ r * ↑r * ↑(choose n r) = 0

workbook0/lean_workbook_plus_30327.lean:
workbook0/lean_workbook_plus_30327.lean:107:10: error: invalid constructor ⟨...⟩, expected type must be an inductive type 
  ∀ (n : ℕ), a n < 3

workbook0/lean_workbook_plus_40606.lean:
workbook0/lean_workbook_plus_40606.lean:109:28: error: expected token
workbook0/lean_workbook_plus_40606.lean:105:164: error: unsolved goals
case a
a b c d : ℝ
ha : 0 < a
hb : 0 < b
hc : 0 < c
hd : 0 < d
h1 : 0 ≤ (a * b - c * d) ^ 2
h2 : 0 ≤ (2 * sorryAx ℕ true) ^ 2
⊢ 0 ≤ 8 * (1 + a * b * c * d) - 16 * Real.sqrt (a * b * c * d)

workbook0/lean_workbook_plus_25457.lean:
workbook0/lean_workbook_plus_25457.lean:110:2: error: tactic 'introN' failed, insufficient number of binders
f : ℝ → ℝ
x : ℝ
d : ℕ → ℕ
h₀ : ∀ (k : ℕ), 1 ≤ k ∧ k ≤ 20
h₁ : f = fun x => ∑ k in Finset.Icc 1 20, x ^ d k
⊢ f x ^ 2 = ∑ k in Finset.Icc 1 20, x ^ (2 * d k) + 2 * ∑ i in Finset.Icc 1 20, ∑ j in Finset.Icc 1 20, x ^ (d i + d j)

workbook0/lean_workbook_plus_66740.lean:
workbook0/lean_workbook_plus_66740.lean:105:36: error: unexpected token ')'; expected ':=', 'where' or '|'

workbook0/lean_workbook_plus_19538.lean:
workbook0/lean_workbook_plus_19538.lean:107:10: error: invalid constructor ⟨...⟩, expected type must be an inductive type 
  ∀ (x y z : ℝ),
    0 ≤
      (x + y * z) * ((y - z) * ((y + x * z)⁻¹ * (x - 1))) + (x + y * z) * ((z - x) * ((z + x * y)⁻¹ * (y - 1))) +
        (y + x * z) * ((x - y) * ((x + y * z)⁻¹ * (z - 1)))

workbook0/lean_workbook_plus_9668.lean:
workbook0/lean_workbook_plus_9668.lean:107:12: error: invalid field notation, type is not of the form (C ...) where C is a constant
  h₁
has type
  a = Real.sqrt 2 / 4 → b ≠ -Real.sqrt 2 / 4

workbook0/lean_workbook_plus_68334.lean:
workbook0/lean_workbook_plus_68334.lean:107:10: error: invalid constructor ⟨...⟩, expected type must be an inductive type 
  ∀ (a b c : ℝ), 2 * a ^ 2 + 2 * b ^ 2 + 2 * c ^ 2 + a ^ 2 * b ^ 2 + b ^ 2 * c ^ 2 + c ^ 2 * a ^ 2 ≥ 72

workbook0/lean_workbook_plus_53015.lean:
workbook0/lean_workbook_plus_53015.lean:107:10: error: invalid constructor ⟨...⟩, expected type must be an inductive type 
  ∀ (n : ℕ), ∑ k in Finset.range n, (-1) ^ k * ↑(choose n k) + (-1) ^ n = 0

workbook0/lean_workbook_plus_81332.lean:
workbook0/lean_workbook_plus_81332.lean:105:522: error: unsolved goals
⊢ False

workbook0/lean_workbook_plus_51247.lean:
workbook0/lean_workbook_plus_51247.lean:106:2: error: tactic 'introN' failed, insufficient number of binders
m n : ℕ
hmn : m ≠ 0 ∧ n ≠ 0
h : (m ^ 3 + n ^ 3) / (m ^ 2 + n ^ 2 + m + n) = 800
⊢ m = 1 ∧ n = 7 ∨ m = 7 ∧ n = 1 ∨ m = 1999 ∧ n = 2000 ∨ m = 2000 ∧ n = 1999

workbook0/lean_workbook_plus_59727.lean:
workbook0/lean_workbook_plus_59727.lean:107:10: error: invalid constructor ⟨...⟩, expected type must be an inductive type 
  ∀ (x y : ℝ),
    (3 ^ 2 + 4 ^ 2) * ((x + 3) ^ 2 + (y - 2) ^ 2) ≥ (3 * (x + 3) + 4 * (y - 2)) ^ 2 ∧
      400 ≥ (3 * x + 4 * y + 1) ^ 2 ∧ -21 ≤ 3 * x + 4 * y ∧ 3 * x + 4 * y ≤ 19

workbook0/lean_workbook_plus_9829.lean:
workbook0/lean_workbook_plus_9829.lean:107:10: error: invalid constructor ⟨...⟩, expected type must be an inductive type 
  ∀ (a b c : ℝ),
    1 / (b * (a + b)) + 1 / (c * (b + c)) + 1 / (a * (c + a)) ≥ 9 / (2 * (a * b + b * c + a * c)) ∧
      9 / (2 * (a * b + b * c + a * c)) ≥ 27 / (2 * (a + b + c) ^ 2)

workbook0/lean_workbook_plus_43164.lean:
workbook0/lean_workbook_plus_43164.lean:105:32: error: unexpected token '∀'; expected ':'

workbook0/lean_workbook_plus_57597.lean:
workbook0/lean_workbook_plus_57597.lean:105:222: error: unsolved goals
a b c : ℝ
ha : 0 < a
hb : 0 < b
hc : 0 < c
⊢ False

workbook0/lean_workbook_plus_19855.lean:
workbook0/lean_workbook_plus_19855.lean:107:10: error: invalid constructor ⟨...⟩, expected type must be an inductive type 
  ∀ (a b c : ℝ), (a * b + b * c + c * a) * (a ^ 4 + b ^ 4 + c ^ 4) ≥ 3 * (a ^ 2 * b ^ 4 + b ^ 2 * c ^ 4 + c ^ 2 * a ^ 4)

workbook0/lean_workbook_plus_41853.lean:
workbook0/lean_workbook_plus_41853.lean:107:10: error: invalid constructor ⟨...⟩, expected type must be an inductive type 
  ∀ (n : ℕ), ∑ k in Finset.range n, Real.sqrt (2 * ↑k * (↑k + 1)) / (4 * ↑k + 1) < ↑n / 2

workbook0/lean_workbook_plus_63588.lean:
workbook0/lean_workbook_plus_63588.lean:107:10: error: invalid constructor ⟨...⟩, expected type must be an inductive type 
  ∀ (a b c : ℝ),
    a * b + b * c + c * a ≤
      (5 * a * b * c + a ^ 2 * b + a ^ 2 * c + b ^ 2 * a + b ^ 2 * c + c ^ 2 * a + c ^ 2 * b) ^ (2 / 3)

workbook0/lean_workbook_plus_55865.lean:
workbook0/lean_workbook_plus_55865.lean:107:10: error: invalid constructor ⟨...⟩, expected type must be an inductive type 
  ∀ (x y z : ℕ), 2 * x * z = y ^ 2 → x + z ≠ 1994

workbook0/lean_workbook_plus_62828.lean:
workbook0/lean_workbook_plus_62828.lean:106:2: error: simp made no progress

workbook0/lean_workbook_plus_34104.lean:
workbook0/lean_workbook_plus_34104.lean:106:2: error: simp made no progress

workbook0/lean_workbook_plus_66185.lean:
workbook0/lean_workbook_plus_66185.lean:105:168: error: unsolved goals
x y z : ℝ
hx : x ≥ 0
hy : y ≥ 0
hz : z ≥ 0
h : x + y + z = 1
⊢ False

workbook0/lean_workbook_plus_48775.lean:
workbook0/lean_workbook_plus_48775.lean:107:16: error: typeclass instance problem is stuck, it is often due to metavariables
  Preorder ?m.18149

workbook0/lean_workbook_plus_17634.lean:
workbook0/lean_workbook_plus_17634.lean:107:10: error: invalid constructor ⟨...⟩, expected type must be an inductive type 
  ∀ (x y z : ℝ), (x + y + z) ^ 6 ≥ 27 * (x + y + z) * (x ^ 2 + y ^ 2 + z ^ 2 + x * y + y * z + z * x) ^ 2

workbook0/lean_workbook_plus_38811.lean:
workbook0/lean_workbook_plus_38811.lean:128:2: error: tactic 'apply' failed, failed to unify
  0 ≤ ?a / ?b
with
  0 ≤ (a ^ 4 + b ^ 4) / (a * b) - (a ^ 2 + b ^ 2)
case a
a b : ℝ
ha : 0 < a
hb : 0 < b
h1 : 0 ≤ (a ^ 2 - b ^ 2) ^ 2
h2 : 0 ≤ (a ^ 2 * b ^ 2 - a ^ 2 * b ^ 2) ^ 2
h3 : 0 ≤ (a ^ 2 - b ^ 2) ^ 2
h4 : 0 ≤ (a ^ 2 * b ^ 2 - a ^ 2 * b ^ 2) ^ 2
h5 : 0 ≤ (a ^ 2 - b ^ 2) ^ 2
h6 : 0 ≤ (a ^ 2 * b ^ 2 - a ^ 2 * b ^ 2) ^ 2
h7 : 0 ≤ (a ^ 2 - b ^ 2) ^ 2
h8 : 0 ≤ (a ^ 2 * b ^ 2 - a ^ 2 * b ^ 2) ^ 2
h9 : 0 ≤ (a ^ 2 * b ^ 2 - a ^ 2 * b ^ 2) ^ 2
h10 : 0 ≤ (a ^ 2 * b ^ 2 - a ^ 2 * b ^ 2) ^ 2
h11 : 0 ≤ (a ^ 2 * b ^ 2 - a ^ 2 * b ^ 2) ^ 2
h12 : 0 ≤ (a ^ 2 - b ^ 2) ^ 2
h13 : 0 ≤ (a ^ 2 * b ^ 2 - a ^ 2 * b ^ 2) ^ 2
h14 : 0 ≤ (a ^ 2 * b ^ 2 - a ^ 2 * b ^ 2) ^ 2
h15 h16 h17 h18 : 0 ≤ (a ^ 2 * b ^ 2 - a ^ 2 * b ^ 2) ^ 2
⊢ 0 ≤ (a ^ 4 + b ^ 4) / (a * b) - (a ^ 2 + b ^ 2)

workbook0/lean_workbook_plus_52855.lean:
workbook0/lean_workbook_plus_52855.lean:107:10: error: invalid constructor ⟨...⟩, expected type must be an inductive type 
  ∀ (α x y : ℝ), sin α * sin x = sin y - sin x * sin y * cos α

workbook0/lean_workbook_plus_73184.lean:
workbook0/lean_workbook_plus_73184.lean:106:2: error: simp made no progress

workbook0/lean_workbook_plus_49843.lean:
workbook0/lean_workbook_plus_49843.lean:107:8: error: invalid field notation, type is not of the form (C ...) where C is a constant
  h₂
has type
  x = 5 → y ≠ 2

workbook0/lean_workbook_plus_66404.lean:
workbook0/lean_workbook_plus_66404.lean:105:32: error: unexpected token '∀'; expected ':'

workbook0/lean_workbook_plus_44328.lean:
workbook0/lean_workbook_plus_44328.lean:110:2: error: tactic 'introN' failed, insufficient number of binders
⊢ (∃ a, StrictMono a ∧ ∀ (n : ℕ), 2 * a n < a (n + 1) ∧ a (12 - 1) = 2023 ∧ a 12 = 2) ∧
    12 ∈ lowerBounds {m | ∃ a, StrictMono a ∧ ∀ (n : ℕ), 2 * a n < a (n + 1) ∧ a (m - 1) = 2023 ∧ a m = 2}

workbook0/lean_workbook_plus_77811.lean:
workbook0/lean_workbook_plus_77811.lean:107:6: error: type mismatch
  -?m.2294
has type
  ℤ : Type
but is expected to have type
  ∀ (x y z : ℝ),
    (3 * x * y * z + x ^ 2 * y + y ^ 2 * z + z ^ 2 * x) ^ 2 ≥
      4 * x * y * z * (x * y + y * z + z * x) * (x + y + z) : Prop

workbook0/lean_workbook_plus_63196.lean:
workbook0/lean_workbook_plus_63196.lean:107:10: error: invalid constructor ⟨...⟩, expected type must be an inductive type 
  ∀ (x y z : ℝ), x ^ 2 + y ^ 2 + z ^ 2 ≥ (x + y + z) / 2 ∧ (x + y + z) / 2 ≥ (3 - x - y - z) / 2

workbook0/lean_workbook_plus_81802.lean:
workbook0/lean_workbook_plus_81802.lean:108:27: error: failed to synthesize
  Zero ?m.10097

workbook0/lean_workbook_plus_18771.lean:
workbook0/lean_workbook_plus_18771.lean:107:10: error: invalid constructor ⟨...⟩, expected type must be an inductive type 
  ∀ (x y z : ℝ),
    (x * y + 1) * (y * z + 1) * (z * x + 1) ≠ 0 →
      1 / (x * (1 + x) * (x + y * z)) + 1 / (y * (y + x * z) * (y + 1)) + 1 / ((z + 1) * z * (z + x * y)) ≥
        6 / ((x * y + 1) * (y * z + 1) * (z * x + 1))

workbook0/lean_workbook_plus_77905.lean:
workbook0/lean_workbook_plus_77905.lean:105:338: error: unsolved goals
p q r s t u v w : ℝ
hp : 0 < p
hq : 0 < q
hr : 0 < r
hs : 0 < s
ht : 0 < t
hu : 0 < u
hv : 0 < v
hw : 0 < w
hpq : p * q * r * s = 1
huv : t * u * v * w = 1
⊢ False

workbook0/lean_workbook_plus_20621.lean:
workbook0/lean_workbook_plus_20621.lean:107:8: error: invalid constructor ⟨...⟩, expected type must be an inductive type 
  ∀ ε > 0, ∃ δ > 0, ∀ x ∈ Set.Ioo (-δ) δ, |(e ^ x - 1) / x - 1| < ε

workbook0/lean_workbook_plus_30143.lean:
workbook0/lean_workbook_plus_30143.lean:105:70: error: unsolved goals
x : ℝ
hx : x = 0.9
⊢ False

workbook0/lean_workbook_plus_66442.lean:
workbook0/lean_workbook_plus_66442.lean:105:97: error: unsolved goals
a b : ℕ
h : a ^ 2 + (a + 1) ^ 2 = b ^ 4 + (b + 1) ^ 4
⊢ False

workbook0/lean_workbook_plus_58036.lean:
workbook0/lean_workbook_plus_58036.lean:106:27: error: unsolved goals
⊢ ¬?m.1247 1

workbook0/lean_workbook_plus_54468.lean:
workbook0/lean_workbook_plus_54468.lean:107:10: error: invalid constructor ⟨...⟩, expected type must be an inductive type 
  ∀ (a b c : ℝ), a + b + c = 0 → a ^ 2 / (b ^ 2 + c ^ 2) + b ^ 2 / (c ^ 2 + a ^ 2) + c ^ 2 / (a ^ 2 + b ^ 2) ≥ 2

workbook0/lean_workbook_plus_68105.lean:
workbook0/lean_workbook_plus_68105.lean:111:2: error: omega did not find a contradiction:
[0, 0, 1] ∈ [0, ∞)
[0, 0, 0, 0, 0, 1] ∈ [0, ∞)
[0, 0, 0, 0, 1] ∈ [0, ∞)
[0, 0, 0, 1] ∈ [0, ∞)
[36674, 21363, 5940, 875, 66, 2] ∈ [-20439, ∞)
[0, 1] ∈ [0, ∞)
[1] ∈ [0, ∞)

workbook0/lean_workbook_plus_39346.lean:
workbook0/lean_workbook_plus_39346.lean:105:40: error: unexpected token ')'; expected ':=', 'where' or '|'

workbook0/lean_workbook_plus_78539.lean:
workbook0/lean_workbook_plus_78539.lean:108:2: error: linarith failed to find a contradiction
case h
x y : ℝ
h₁ : sin (x - y) * 15 = 7 → ¬(cos x * cos y - sin x * sin y) * 15 = 7
h₂ : (cos x - cos y) * 5 = 1
a✝ : (sin x + sin y) * 3 = 1
⊢ False
failed

workbook0/lean_workbook_plus_29542.lean:
workbook0/lean_workbook_plus_29542.lean:105:32: error: unexpected token '∀'; expected ':'

workbook0/lean_workbook_plus_44693.lean:
workbook0/lean_workbook_plus_44693.lean:108:39: error: unsolved goals
b : ℕ → ℝ
h : ∀ (n : ℕ), b n = (-1) ^ n / (↑n ^ 2 + (2 * ↑n + 2))
⊢ ¬?m.1100 0

workbook0/lean_workbook_plus_60474.lean:
workbook0/lean_workbook_plus_60474.lean:107:10: error: invalid constructor ⟨...⟩, expected type must be an inductive type 
  ∀ (a b c : ℝ),
    4 * (a * b + b * c + c * a) * (a ^ 2 * b + a * b ^ 2 + b ^ 2 * c + b * c ^ 2 + c ^ 2 * a + c * a ^ 2) ≤
      (a + b + c) ^ 2 * (a + b) * (b + c) * (c + a)

workbook0/lean_workbook_plus_51420.lean:
workbook0/lean_workbook_plus_51420.lean:106:2: error: tactic 'introN' failed, insufficient number of binders
a b c : ℝ
ha : 0 < a
hb : 0 < b
hc : 0 < c
habc : a * b * c = 1
h : 1 / a + 4 / b + 1 / c = 1
⊢ (a + 1) * (b + 1) * (c + 1) ≥ 1029 / 5 ∧ a = 16 / 5 ∧ b = 32 / 3 ∧ c = 16 / 5

workbook0/lean_workbook_plus_37719.lean:
workbook0/lean_workbook_plus_37719.lean:105:66: error: unsolved goals
⊢ False

workbook0/lean_workbook_plus_61014.lean:
workbook0/lean_workbook_plus_61014.lean:107:10: error: invalid constructor ⟨...⟩, expected type must be an inductive type 
  ∀ (x : ℝ), (∃ y, f y = x) ↔ 4 ≤ x
workbook0/lean_workbook_plus_61014.lean:108:2: error: no goals to be solved

workbook0/lean_workbook_plus_29336.lean:
workbook0/lean_workbook_plus_29336.lean:107:10: error: invalid constructor ⟨...⟩, expected type must be an inductive type 
  ∀ (a b : ℝ), 2 * a ^ 2 + 2 * b ^ 2 ≥ 2 * a ^ 2 * b + 2 * a * b + (a - b) ^ 2 * (a + b)

workbook0/lean_workbook_plus_44500.lean:
workbook0/lean_workbook_plus_44500.lean:105:150: error: unsolved goals
a b : ℝ
ha : a = 1.2755999232000 * 10 ^ 13
hb : b = 3.78788256 * 10 ^ 10
⊢ False

workbook0/lean_workbook_plus_43815.lean:
workbook0/lean_workbook_plus_43815.lean:107:12: error: invalid field notation, type is not of the form (C ...) where C is a constant
  h₁
has type
  a = 5 → b = 6 → c ≠ 6

workbook0/lean_workbook_plus_49071.lean:
workbook0/lean_workbook_plus_49071.lean:106:30: error: simp made no progress

workbook0/lean_workbook_plus_41174.lean:
workbook0/lean_workbook_plus_41174.lean:106:2: error: simp made no progress

workbook0/lean_workbook_plus_30828.lean:
workbook0/lean_workbook_plus_30828.lean:107:10: error: invalid constructor ⟨...⟩, expected type must be an inductive type 
  ∀ (a b c : ℝ),
    a ∈ Set.Icc (1 / 2) 2 ∧ b ∈ Set.Icc (1 / 2) 2 ∧ c ∈ Set.Icc (1 / 2) 2 →
      9 ≤ (a + b + c) * (1 / a + 1 / b + 1 / c) ∧ (a + b + c) * (1 / a + 1 / b + 1 / c) ≤ 10

workbook0/lean_workbook_plus_9526.lean:
workbook0/lean_workbook_plus_9526.lean:110:2: error: simp made no progress

workbook0/lean_workbook_plus_74285.lean:
workbook0/lean_workbook_plus_74285.lean:108:22: error: unsolved goals
p : ℕ → ℚ
h₀ : p 1 = 1 / 6
h₁ : ∀ (n : ℕ), p (n + 1) = 1 / 6 * (1 + p n)
⊢ False

workbook0/lean_workbook_plus_32734.lean:
workbook0/lean_workbook_plus_32734.lean:111:2: error: tactic 'introN' failed, insufficient number of binders
x y : ℤ
h₀ : 4 * x ^ 2 - 579 = y ^ 2
h₁ : 0 < x ∧ 0 < y
h₂ : x ≤ 99
h₃ : y ≤ 99
⊢ x = 143 ∧ y = 144 ∨ x = 46 ∧ y = 95

workbook0/lean_workbook_plus_17428.lean:
workbook0/lean_workbook_plus_17428.lean:107:10: error: invalid constructor ⟨...⟩, expected type must be an inductive type 
  ∀ (n : ℕ),
    n = 0 ∨
        n = 2 ∨
          n = 4 ∨
            n = 6 ∨
              n = 8 ∨ n = 10 ∨ n = 12 ∨ n = 14 ∨ n = 16 ∨ n = 18 ∨ n = 20 ∨ n = 22 ∨ n = 24 ∨ n = 26 ∨ n = 28 ∨ n = 30 ↔
      n % 2 = 0 ∧ ¬n % 3 = 0

workbook0/lean_workbook_plus_63650.lean:
workbook0/lean_workbook_plus_63650.lean:107:2: error: linarith failed to find a contradiction
case h1.h
a b : ℝ
h₁ : a = 3 / 10 + 3 / 5 * (1 - b)
h₂ : b = 7 / 20 + 9 / 20 * (1 - a)
a✝ : a < 5753424657534247 / 10000000000000000
⊢ False
failed

workbook0/lean_workbook_plus_40059.lean:
workbook0/lean_workbook_plus_40059.lean:106:27: error: unsolved goals
⊢ ¬?m.909 1

workbook0/lean_workbook_plus_27613.lean:
workbook0/lean_workbook_plus_27613.lean:105:64: error: unsolved goals
⊢ False

workbook0/lean_workbook_plus_72326.lean:
workbook0/lean_workbook_plus_72326.lean:105:81: error: unsolved goals
⊢ False

workbook0/lean_workbook_plus_40797.lean:
workbook0/lean_workbook_plus_40797.lean:107:10: error: invalid constructor ⟨...⟩, expected type must be an inductive type 
  ∀ (A B : ℝ), sin (A / 2) ^ 2 * cos (B / 2) ^ 6 = sin (B / 2) ^ 2 * cos (A / 2) ^ 6

workbook0/lean_workbook_plus_893.lean:
workbook0/lean_workbook_plus_893.lean:106:52: error: unsolved goals
⊢ False

workbook0/lean_workbook_plus_55197.lean:
workbook0/lean_workbook_plus_55197.lean:107:10: error: invalid constructor ⟨...⟩, expected type must be an inductive type 
  ∀ (a b c : ℝ), a * b / (a + b) * (b * c) / (b + c) ≤ (a + b) * (b + c) / (a + b + (b + c))

workbook0/lean_workbook_plus_27381.lean:
workbook0/lean_workbook_plus_27381.lean:106:30: error: simp made no progress

workbook0/lean_workbook_plus_6144.lean:
workbook0/lean_workbook_plus_6144.lean:109:2: warning: aesop: failed to prove the goal after exhaustive search.
workbook0/lean_workbook_plus_6144.lean:108:30: error: unsolved goals
case left
a b c : ℤ
h₁ : (a * b - b + 1) * (b * c - c + 1) * (c * a - a + 1) = 1
left : 0 < a
left_1 : 0 < b
right_1 : 0 < c
⊢ a = b

case right.left
a b c : ℤ
h₁ : (a * b - b + 1) * (b * c - c + 1) * (c * a - a + 1) = 1
left : 0 < a
left_1 : 0 < b
right_1 : 0 < c
⊢ b = c

case right.right
a b c : ℤ
h₁ : (a * b - b + 1) * (b * c - c + 1) * (c * a - a + 1) = 1
left : 0 < a
left_1 : 0 < b
right_1 : 0 < c
⊢ c = 2

workbook0/lean_workbook_plus_65788.lean:
workbook0/lean_workbook_plus_65788.lean:112:2: error: simp made no progress

workbook0/lean_workbook_plus_62322.lean:
workbook0/lean_workbook_plus_62322.lean:105:102: error: unsolved goals
x y z : ℝ
hx : x ^ 2 + y ^ 2 + z ^ 2 = 1
⊢ False

workbook0/lean_workbook_plus_55735.lean:
workbook0/lean_workbook_plus_55735.lean:106:67: error: unsolved goals
t : ℝ
ht : t < 5 / 4 ∧ 1 / 9 ≤ t
⊢ False

workbook0/lean_workbook_plus_40666.lean:
workbook0/lean_workbook_plus_40666.lean:106:2: error: tactic 'introN' failed, insufficient number of binders
a : ℝ
ha : 0 < a
h : a ^ 5 - a ^ 3 + a = 2
⊢ 3 < a ^ 3 ∧ a ^ 3 < 4

workbook0/lean_workbook_plus_60719.lean:
workbook0/lean_workbook_plus_60719.lean:105:542: error: unsolved goals
⊢ False

workbook0/lean_workbook_plus_51658.lean:
workbook0/lean_workbook_plus_51658.lean:106:2: error: type mismatch
  not_forall.mpr (Exists.intro 0 ?m.349)
has type
  ¬∀ (x : ℕ), ?m.320 x : Prop
but is expected to have type
  ∀ (a b : ℝ), Real.sqrt (a * b) ≤ (Real.sqrt 3 * a + b / Real.sqrt 3) / 2 : Prop

workbook0/lean_workbook_plus_22046.lean:
workbook0/lean_workbook_plus_22046.lean:107:2: error: simp made no progress

workbook0/lean_workbook_plus_15075.lean:
workbook0/lean_workbook_plus_15075.lean:107:10: error: invalid constructor ⟨...⟩, expected type must be an inductive type 
  ∀ (a b : ℝ), (a ^ 2 + b + 3 / 4) * (b ^ 2 + a + 3 / 4) ≥ (2 * a + 1 / 2) * (2 * b + 1 / 2)

workbook0/lean_workbook_plus_16755.lean:
workbook0/lean_workbook_plus_16755.lean:107:10: error: invalid constructor ⟨...⟩, expected type must be an inductive type 
  ∀ (n : ℕ), fib n / (2 * fib (n + 2)) + fib (n + 1) / (2 * fib (n + 2)) + fib (n + 2) / (2 * fib (n + 2)) = 1

workbook0/lean_workbook_plus_15018.lean:
workbook0/lean_workbook_plus_15018.lean:105:91: error: expected token

workbook0/lean_workbook_plus_59071.lean:
workbook0/lean_workbook_plus_59071.lean:106:113: error: unsolved goals
⊢ ∑ k in Finset.Icc 1 8, (2 * k + 1) * (2 * k + 3) * (2 * k + 5) / (2 * k * (2 * k + 2)) = 152147 / 1680

workbook0/lean_workbook_plus_31538.lean:
workbook0/lean_workbook_plus_31538.lean:106:2: error: type mismatch
  not_forall_of_exists_not ?m.976
has type
  ¬∀ (x : ?m.974), ?m.975 x : Prop
but is expected to have type
  ∀ (x y z : ℝ),
    Real.sqrt (y + z) / x + Real.sqrt (z + x) / y + Real.sqrt (x + y) / z ≥
      3 / 2 * Real.sqrt ((x + y + z) * (y + z) * (z + x) * (x + y) / (x * y + x * z + y * z) * x * y * z) : Prop

workbook0/lean_workbook_plus_79708.lean:
workbook0/lean_workbook_plus_79708.lean:111:10: error: invalid constructor ⟨...⟩, expected type must be an inductive type 
  ∀ (n : ℕ), u (n + 1) / u n = if n = 0 then 2 else if n = 1 then 12 else 6 * (u (n + 1) / u n) - 8 * (u n / u (n - 1))

workbook0/lean_workbook_plus_78011.lean:
workbook0/lean_workbook_plus_78011.lean:106:2: error: linarith failed to find a contradiction
case h1.h
a b c : ℝ
h₁ : a = 20806
h₂ : b = 408
h₃ : c ^ 2 = a ^ 2 + b ^ 2
a✝ : c < 20892
⊢ False
failed

workbook0/lean_workbook_plus_15963.lean:
workbook0/lean_workbook_plus_15963.lean:107:9: error: invalid constructor ⟨...⟩, expected type must be an inductive type 
  ∀ (x y z : ℝ), x * (y * z) = x + y + z + 2 ↔ 1 = (1 + x)⁻¹ + (1 + y)⁻¹ + (1 + z)⁻¹

workbook0/lean_workbook_plus_6723.lean:
workbook0/lean_workbook_plus_6723.lean:106:27: error: unsolved goals
⊢ ¬?m.1614 1

workbook0/lean_workbook_plus_79076.lean:
workbook0/lean_workbook_plus_79076.lean:107:10: error: invalid constructor ⟨...⟩, expected type must be an inductive type 
  ∀ (x : ℤ), x ^ 2 ≡ 1 [ZMOD 8] → Even ((x ^ 2 - 1) / 8)

workbook0/lean_workbook_plus_8459.lean:
workbook0/lean_workbook_plus_8459.lean:105:101: error: unsolved goals
⊢ False

workbook0/lean_workbook_plus_36503.lean:
workbook0/lean_workbook_plus_36503.lean:105:81: error: unsolved goals
n : ℕ
⊢ False

workbook0/lean_workbook_plus_67444.lean:
workbook0/lean_workbook_plus_67444.lean:107:15: error: function expected at
  h
term has type
  ℝ
workbook0/lean_workbook_plus_67444.lean:106:17: error: unsolved goals
h : ℝ
⊢ h > 0 → ∃ N, ∀ x < -↑N, 2 * x + (x ^ 4 + 5) ^ (1 / 3) > h

workbook0/lean_workbook_plus_18307.lean:
workbook0/lean_workbook_plus_18307.lean:107:9: error: invalid constructor ⟨...⟩, expected type must be an inductive type 
  ∀ (a b c k : ℝ),
    a ≥ 0 ∧ b ≥ 0 ∧ c ≥ 0 ∧ a * b + b * c + c * a = 1 ∧ k > 0 →
      (a * b + k) / (a + b) + (b * c + k) / (b + c) + (c * a + k) / (c + a) ≤ (k - 7) / 2

workbook0/lean_workbook_plus_1331.lean:
workbook0/lean_workbook_plus_1331.lean:115:2: error: tactic 'apply' failed, failed to unify
  0 ≤ ?a / ?b
with
  0 ≤ π - π / (↑n + 1)
case intro.hy₂.a
n : ℕ
hn : 1 ≤ n + 1
this✝² : 0 ≤ π
this✝¹ : 0 < π / (↑(n + 1) + 1)
this✝ : 0 ≤ (π - π * (↑n + 1) / (↑n + 1 + 1)) ^ 2
this : 0 ≤ (π * (↑n + 1) - π) ^ 2
⊢ 0 ≤ π - π / (↑n + 1)

workbook0/lean_workbook_plus_6174.lean:
workbook0/lean_workbook_plus_6174.lean:110:2: error: linarith failed to find a contradiction
case h2.h
a b c x : ℝ
h₀ : 0 < a ∧ 0 < b ∧ 0 < c
h₁ : 0 < x
h₂ :
  Real.sqrt (a + b * x) + Real.sqrt (b + c * x) + Real.sqrt (c + a * x) =
    Real.sqrt (b - a * x) + Real.sqrt (c - b * x) + Real.sqrt (a - c * x)
a✝ : 0 < x
⊢ False
failed

workbook0/lean_workbook_plus_33253.lean:
workbook0/lean_workbook_plus_33253.lean:105:32: error: unexpected token '∀'; expected ':'

workbook0/lean_workbook_plus_81110.lean:
workbook0/lean_workbook_plus_81110.lean:105:34: error: unexpected token; expected '_' or identifier

workbook0/lean_workbook_plus_35072.lean:
workbook0/lean_workbook_plus_35072.lean:107:27: error: invalid field notation, type is not of the form (C ...) where C is a constant
  hf
has type
  f 1 = 0 → f 0 ≠ 1

workbook0/lean_workbook_plus_3728.lean:
workbook0/lean_workbook_plus_3728.lean:107:10: error: invalid constructor ⟨...⟩, expected type must be an inductive type 
  ∀ (x : ℤ), x % 2 = 1 → x ^ 4 - 1 % 16 = 0

workbook0/lean_workbook_plus_9183.lean:
workbook0/lean_workbook_plus_9183.lean:109:2: error: linarith failed to find a contradiction
case h2.h
f : ℝ → ℝ
hf1 : f 1 = 1
hf2 : ∀ (x : ℝ), f (2 * x) = 4 * f x + 6
hf3 : ∀ (x : ℝ), f (x + 4) = 4 * f x + 4 * f 1 + 8 * f 2
h1 : f 2 = 4 * f 1 + 6
h2 : f 6 = 4 * f 2 + 4 * f 1 + 8 * f 2
a✝ : 106 < f 6
⊢ False
failed

workbook0/lean_workbook_plus_57955.lean:
workbook0/lean_workbook_plus_57955.lean:107:10: error: invalid constructor ⟨...⟩, expected type must be an inductive type 
  ∀ (x y z : ℝ), (x + y + 1) ^ 2 + (y + z + 1) ^ 2 + (z + x + 1) ^ 2 ≥ 4 / 3 * (x + y + z + 1) ^ 2

workbook0/lean_workbook_plus_30161.lean:
workbook0/lean_workbook_plus_30161.lean:107:10: error: invalid constructor ⟨...⟩, expected type must be an inductive type 
  ∀ (x y z : ℝ),
    5 / 9 * (x + y + z) ^ 4 ≤
      (x * (x ^ 2 + 4 * x * y) * (x + 3 * y + 7 * z) + y * (y ^ 2 + 4 * y * z) * (y + 3 * z + 7 * x) +
            z * (4 * x * z + z ^ 2) * (z + 3 * x + 7 * y)) *
          ((x * (x ^ 2 + 4 * x * y) * (x + 3 * y + 7 * z) + y * (y ^ 2 + 4 * y * z) * (y + 3 * z + 7 * x) +
              z * (4 * x * z + z ^ 2) * (z + 3 * x + 7 * y)) *
            (x * (x ^ 2 + 4 * x * y) * (x + 3 * y + 7 * z) + y * (y ^ 2 + 4 * y * z) * (y + 3 * z + 7 * x) +
              z * (4 * x * z + z ^ 2) * (z + 3 * x + 7 * y))) /
        (x * (x ^ 2 + 4 * x * y) ^ 2 * ((x + 3 * y + 7 * z) * ((x + 3 * y + 7 * z) * (x + 3 * y + 7 * z))) +
            y * (y ^ 2 + 4 * y * z) ^ 2 * ((y + 3 * z + 7 * x) * ((y + 3 * z + 7 * x) * (y + 3 * z + 7 * x))) +
          z * (4 * x * z + z ^ 2) ^ 2 * ((z + 3 * x + 7 * y) * ((z + 3 * x + 7 * y) * (z + 3 * x + 7 * y))))

workbook0/lean_workbook_plus_75830.lean:
workbook0/lean_workbook_plus_75830.lean:107:10: error: invalid constructor ⟨...⟩, expected type must be an inductive type 
  ∀ (a b c : ℝ), (a + b + c) ^ 2 ≥ a * b * c * (a + b + c) + 2 * (a ^ 2 * b + b ^ 2 * c + c ^ 2 * a)

workbook0/lean_workbook_plus_46208.lean:
workbook0/lean_workbook_plus_46208.lean:106:28: error: unsolved goals
⊢ ¬?m.1601 (-5)

workbook0/lean_workbook_plus_35396.lean:
workbook0/lean_workbook_plus_35396.lean:110:2: error: linarith failed to find a contradiction
case h1.h
n k : ℕ
h₀ : n = 2 * k
a✝ : (k * 2) ^ 4 + (k * 2) ^ 3 + (k * 2) ^ 2 + k * 2 < k ^ 4 * 16 + k ^ 3 * 40 + k ^ 2 * 40 + k * 20 + 4
⊢ False
failed

workbook0/lean_workbook_plus_69449.lean:
workbook0/lean_workbook_plus_69449.lean:106:30: error: function expected at
  h
term has type
  ℕ

workbook0/lean_workbook_plus_74044.lean:
workbook0/lean_workbook_plus_74044.lean:106:2: error: linarith failed to find a contradiction
case h1.h
x : ℝ
h : 3 * 5 ^ 2 * 2 * x = 5 * 3 ^ 2 * 2 ^ 3
a✝ : x < 12
⊢ False
failed

workbook0/lean_workbook_plus_9638.lean:
workbook0/lean_workbook_plus_9638.lean:106:2: warning: aesop: failed to prove the goal after exhaustive search.
workbook0/lean_workbook_plus_9638.lean:107:23: error: unknown identifier 'a'
workbook0/lean_workbook_plus_9638.lean:107:40: error: unknown identifier 'a_1'

workbook0/lean_workbook_plus_25053.lean:
workbook0/lean_workbook_plus_25053.lean:106:2: error: simp made no progress

workbook0/lean_workbook_plus_8153.lean:
workbook0/lean_workbook_plus_8153.lean:105:31: error: unexpected token; expected ':'

workbook0/lean_workbook_plus_29517.lean:
workbook0/lean_workbook_plus_29517.lean:107:10: error: invalid constructor ⟨...⟩, expected type must be an inductive type 
  ∀ (u v : ℝ),
    4 * Real.sqrt ((u ^ 2 - v ^ 2) ^ 3) ≤ 5 * u ^ 3 - 4 * u * v ^ 2 - u * v * Real.sqrt (9 * u ^ 2 - 8 * v ^ 2)
workbook0/lean_workbook_plus_29517.lean:108:2: error: no goals to be solved

workbook0/lean_workbook_plus_64748.lean:
workbook0/lean_workbook_plus_64748.lean:108:15: error: unknown identifier 'eval_add'
workbook0/lean_workbook_plus_64748.lean:110:15: error: unknown identifier 'eval_monomial'

workbook0/lean_workbook_plus_42488.lean:
workbook0/lean_workbook_plus_42488.lean:105:39: error: unexpected token '|'; expected '}'

workbook0/lean_workbook_plus_47241.lean:
workbook0/lean_workbook_plus_47241.lean:106:39: error: unsolved goals
⊢ ¬?m.571 1

workbook0/lean_workbook_plus_52760.lean:
workbook0/lean_workbook_plus_52760.lean:107:10: error: invalid constructor ⟨...⟩, expected type must be an inductive type 
  ∀ (A B C : ℝ),
    cos A ^ 2 * cos B ^ 2 + cos B ^ 2 * cos C ^ 2 + cos C ^ 2 * cos A ^ 2 ≤ 1 / 4 * (cos A ^ 2 + cos B ^ 2 + cos C ^ 2)

workbook0/lean_workbook_plus_26129.lean:
workbook0/lean_workbook_plus_26129.lean:105:75: error: unsolved goals
⊢ False

workbook0/lean_workbook_plus_70769.lean:
workbook0/lean_workbook_plus_70769.lean:107:9: error: invalid constructor ⟨...⟩, expected type must be an inductive type 
  ∀ (a : ℝ), 2 = 1 + Real.sqrt (1 + (sin a * (cos a)⁻¹) ^ 2) ∨ sin a = 0 ∨ cos a = 0
workbook0/lean_workbook_plus_70769.lean:108:2: error: no goals to be solved

workbook0/lean_workbook_plus_46378.lean:
workbook0/lean_workbook_plus_46378.lean:106:2: error: omega did not find a contradiction:
[0, 0, 1] ∈ [0, 9]
[0, 1] ∈ [0, 9]
[1, 0, -1, 0] ∈ [0, 10]
[1, 0, -1] ∈ [0, ∞)
[1] ∈ [1, 9]

workbook0/lean_workbook_plus_1001.lean:
workbook0/lean_workbook_plus_1001.lean:105:43: error: unexpected token; expected ')'

workbook0/lean_workbook_plus_34113.lean:
workbook0/lean_workbook_plus_34113.lean:106:2: error: simp made no progress

workbook0/lean_workbook_plus_70685.lean:
workbook0/lean_workbook_plus_70685.lean:107:10: error: invalid constructor ⟨...⟩, expected type must be an inductive type 
  ∀ (a b c : ℝ), (a + 1) * (b + 1) * (c + 1) ≥ 8 * (a * b * c) ^ (1 / 2)

workbook0/lean_workbook_plus_6173.lean:
workbook0/lean_workbook_plus_6173.lean:105:31: error: unexpected token '∃'; expected ':'

workbook0/lean_workbook_plus_54975.lean:
workbook0/lean_workbook_plus_54975.lean:105:32: error: unexpected token; expected ':'

workbook0/lean_workbook_plus_70835.lean:
workbook0/lean_workbook_plus_70835.lean:109:2: error: tactic 'aesop' failed, made no progress
n : ℕ
h₀ : 0 < n
h₁ : ∑ k in Finset.Icc 1 n, (2 ^ (k + 1) - 1) = 4194280
⊢ n = 3

workbook0/lean_workbook_plus_79436.lean:
workbook0/lean_workbook_plus_79436.lean:105:114: error: unsolved goals
f c : ℝ
h₁ : f = 999
h₂ : c = (f - 32) / 1.8
⊢ False

workbook0/lean_workbook_plus_28378.lean:
workbook0/lean_workbook_plus_28378.lean:106:2: error: simp made no progress

workbook0/lean_workbook_plus_55067.lean:
workbook0/lean_workbook_plus_55067.lean:106:2: error: tactic 'introN' failed, insufficient number of binders
f : ℝ → ℝ
hf : ∀ (x y : ℝ), x > 0 ∧ y > 0 → f (x * y) + f (x / y) = f x * f y
⊢ ∃ k, ∀ x > 0, f x = x ^ k

workbook0/lean_workbook_plus_67208.lean:
workbook0/lean_workbook_plus_67208.lean:105:44: error: unexpected token; expected ')'

workbook0/lean_workbook_plus_10983.lean:
workbook0/lean_workbook_plus_10983.lean:105:32: error: unexpected token; expected ':'

workbook0/lean_workbook_plus_44656.lean:
workbook0/lean_workbook_plus_44656.lean:110:2: error: tactic 'decide' proved that the proposition
  (Finset.filter (fun a => a < 14 ∧ a ≠ 0 ∧ a ^ 2 % 14 = 1) (Finset.range 14)).card = 4
is false

workbook0/lean_workbook_plus_69810.lean:
Try this: ring_nf
workbook0/lean_workbook_plus_69810.lean:116:6: error: tactic 'rewrite' failed, did not find instance of the pattern in the target expression
  -b ^ 2 + a ^ 2
case h
a b c : ℝ
ha : a ≠ 0
hb : b ≠ 0
hc : c ≠ 0
hab : -b ^ 2 + a ^ 2 = c * b
hbc : c * a = b ^ 2 - c ^ 2
⊢ c * a ^ 2 - c ^ 3 = c * a * b

workbook0/lean_workbook_plus_78793.lean:
workbook0/lean_workbook_plus_78793.lean:107:10: error: invalid constructor ⟨...⟩, expected type must be an inductive type 
  ∀ (a b c : ℝ),
    a ≥ 0 ∧ b ≥ 0 ∧ c ≥ 0 →
      a * (b + c - a) / (a ^ 2 + 2 * b * c) + b * (c + a - b) / (b ^ 2 + 2 * c * a) +
          c * (a + b - c) / (c ^ 2 + 2 * a * b) ≥
        0

workbook0/lean_workbook_plus_16880.lean:
workbook0/lean_workbook_plus_16880.lean:105:56: error: unsolved goals
⊢ False

workbook0/lean_workbook_plus_9002.lean:
workbook0/lean_workbook_plus_9002.lean:107:10: error: invalid constructor ⟨...⟩, expected type must be an inductive type 
  ∀ (x y z : ℝ), sin (x + y) + sin (y + z) + sin (z + x) = 0

workbook0/lean_workbook_plus_41579.lean:
workbook0/lean_workbook_plus_41579.lean:107:10: error: invalid constructor ⟨...⟩, expected type must be an inductive type 
  ∀ (n : ℕ), ↑n ^ n / n! < e ^ (n - 1) ∧ e ^ (n - 1) < (↑n + 1) ^ (n + 1) / (4 * n!)
workbook0/lean_workbook_plus_41579.lean:108:2: error: no goals to be solved

workbook0/lean_workbook_plus_15297.lean:
workbook0/lean_workbook_plus_15297.lean:114:2: error: omega did not find a contradiction:
[0, 0, 0, 0, 0, 0, 0, 0, 0, 0, 0, 1] ∈ [0, ∞)

workbook0/lean_workbook_plus_27330.lean:
workbook0/lean_workbook_plus_27330.lean:105:32: error: unexpected token '∀'; expected ':'

workbook0/lean_workbook_plus_2796.lean:
workbook0/lean_workbook_plus_2796.lean:107:9: error: invalid constructor ⟨...⟩, expected type must be an inductive type 
  ∀ (x y : ℝ),
    Real.sqrt (sin x ^ 2 + 1 / sin x ^ 2) + Real.sqrt (sin y ^ 2 + 1 / sin y ^ 2) +
          Real.sqrt (cos x ^ 2 + 1 / cos x ^ 2) +
        Real.sqrt (cos y ^ 2 + 1 / cos y ^ 2) ≥
      2 * Real.sqrt 10
workbook0/lean_workbook_plus_2796.lean:108:2: error: no goals to be solved

workbook0/lean_workbook_plus_4719.lean:
workbook0/lean_workbook_plus_4719.lean:105:175: error: unsolved goals
a b c : ℝ
ha : 0 ≤ a
hb : 0 ≤ b
hc : 0 ≤ c
hab : a + b + c = 1
⊢ False

workbook0/lean_workbook_plus_63284.lean:
workbook0/lean_workbook_plus_63284.lean:107:10: error: invalid constructor ⟨...⟩, expected type must be an inductive type 
  ∀ (x : ℝ) (n : ℤ),
    1 / 2 * (rexp x * (1 - rexp (↑n * x)) / (1 - rexp x) + rexp (-x) * (1 - rexp (-↑n * x)) / (1 - rexp (-x))) =
      (rexp (↑n * x) - 1) / (rexp x - 1)
workbook0/lean_workbook_plus_63284.lean:108:2: error: no goals to be solved

workbook0/lean_workbook_plus_31915.lean:
workbook0/lean_workbook_plus_31915.lean:107:25: error: invalid field notation, type is not of the form (C ...) where C is a constant
  h
has type
  x = 2 * 4 ^ (1 / 3) → y ≠ 2 * 2 ^ (1 / 3)

workbook0/lean_workbook_plus_71175.lean:
workbook0/lean_workbook_plus_71175.lean:106:100: error: unsolved goals
⊢ False

workbook0/lean_workbook_plus_57664.lean:
workbook0/lean_workbook_plus_57664.lean:106:2: error: linarith failed to find a contradiction
case h1.h
a b x y : ℝ
h₁ : a * x + b * y = 3
h₂ : a * x ^ 2 + b * y ^ 2 = 7
h₃ : a * x ^ 3 + b * y ^ 3 = 16
h₄ : a * x ^ 4 + b * y ^ 4 = 42
a✝ : a * x ^ 5 + b * y ^ 5 < 163
⊢ False
failed

workbook0/lean_workbook_plus_72240.lean:
workbook0/lean_workbook_plus_72240.lean:106:2: error: linarith failed to find a contradiction
case h2.h
a b c : ℝ
h₁ : a > 0 ∧ b > 0 ∧ c > 0
h₂ : c > a
h₃ : 10 * c = 7 * a + 4 * b + 2024
h₄ : 2024 = (a + c) ^ 2 / a + (c + a) ^ 2 / b
a✝ : 10 < a + b + c
⊢ False
failed

workbook0/lean_workbook_plus_55472.lean:
workbook0/lean_workbook_plus_55472.lean:106:16: error: function expected at
  h
term has type
  ∃ x y, x ^ 4 = 2 * y ^ 2

workbook0/lean_workbook_plus_747.lean:
workbook0/lean_workbook_plus_747.lean:107:10: error: invalid constructor ⟨...⟩, expected type must be an inductive type 
  ∀ (a b c : ℝ), a / (a + b * c) + b / (b + a * c) + c / (c + a * b) ≥ 3 / 2

workbook0/lean_workbook_plus_47602.lean:
workbook0/lean_workbook_plus_47602.lean:105:123: error: unsolved goals
x : ℕ
⊢ False

workbook0/lean_workbook_plus_48501.lean:
workbook0/lean_workbook_plus_48501.lean:107:10: error: invalid constructor ⟨...⟩, expected type must be an inductive type 
  ∀ (n : ℕ), n % 2 = 1 → n ^ 4 % 10 = 1

workbook0/lean_workbook_plus_9326.lean:
workbook0/lean_workbook_plus_9326.lean:105:85: error: unsolved goals
⊢ False

workbook0/lean_workbook_plus_23123.lean:
workbook0/lean_workbook_plus_23123.lean:105:46: error: unexpected token ')'; expected ':=', 'where' or '|'

workbook0/lean_workbook_plus_43252.lean:
workbook0/lean_workbook_plus_43252.lean:106:2: error: tactic 'introN' failed, insufficient number of binders
a b : ℕ → ℕ
h₁ : a 1 = 1
h₂ : a 2 = 1
h₃ : ∀ (n : ℕ), a (n + 2) = a (n + 1) + a n
h₄ : ∀ (n : ℕ), b n = a (n + 1) + a (n + 2)
⊢ ∃ i, b i = 0

workbook0/lean_workbook_plus_42841.lean:
workbook0/lean_workbook_plus_42841.lean:105:277: error: unsolved goals
a b c : ℝ
ha : 0 < a
hb : 0 < b
hc : 0 < c
habc : a * b * c = 1
⊢ False

workbook0/lean_workbook_plus_55641.lean:
workbook0/lean_workbook_plus_55641.lean:105:34: error: unexpected token; expected '_' or identifier

workbook0/lean_workbook_plus_56264.lean:
workbook0/lean_workbook_plus_56264.lean:106:2: error: type mismatch
  not_forall.mpr (Exists.intro (1 / 3) ?m.19954)
has type
  ¬∀ (x : ℕ), ?m.19893 x : Prop
but is expected to have type
  ∀ (x y z : ℝ),
    x > 0 ∧ y > 0 ∧ z > 0 →
      x * (y ^ 2 + z ^ 2) / (y ^ 3 + z ^ 3) + y * (z ^ 2 + x ^ 2) / (z ^ 3 + x ^ 3) +
          z * (x ^ 2 + y ^ 2) / (x ^ 3 + y ^ 3) ≥
        2 + 3 * 3 ^ (1 / 7) * (x * y * z / (x ^ 3 + y ^ 3 + z ^ 3)) ^ (8 / 7) : Prop

workbook0/lean_workbook_plus_52174.lean:
workbook0/lean_workbook_plus_52174.lean:106:27: error: unsolved goals
⊢ ¬?m.1531 0

workbook0/lean_workbook_plus_20993.lean:
workbook0/lean_workbook_plus_20993.lean:105:302: error: unsolved goals
⊢ ∀ (x y z : ℝ), x = 1 → y = 1 + 1 → z = 1 ∧ 1 + (1 + 1) = z

workbook0/lean_workbook_plus_74287.lean:
workbook0/lean_workbook_plus_74287.lean:106:2: error: tactic 'introN' failed, insufficient number of binders
⊢ ∃! x, x ^ 2 = 2

workbook0/lean_workbook_plus_57103.lean:
workbook0/lean_workbook_plus_57103.lean:105:219: error: unsolved goals
a b c : ℝ
ha : 0 < a
hb : 0 < b
hc : 0 < c
habc : a * b * c = 1
⊢ False

workbook0/lean_workbook_plus_19568.lean:
workbook0/lean_workbook_plus_19568.lean:106:16: error: expected token
workbook0/lean_workbook_plus_19568.lean:105:118: error: unsolved goals
a : ℝ
ha : 0 < a
h1 : 0 < sorryAx ℕ true
⊢ 1 / Real.sqrt a > 2 * (Real.sqrt (a + 1) - Real.sqrt a)

workbook0/lean_workbook_plus_1677.lean:
workbook0/lean_workbook_plus_1677.lean:105:150: error: unsolved goals
a b c : ℝ
ha : a = (2 - Real.sqrt 5) ^ (1 / 3)
hb : b = (2 + Real.sqrt 5) ^ (1 / 3)
hc : c = -1
⊢ False

workbook0/lean_workbook_plus_14646.lean:
workbook0/lean_workbook_plus_14646.lean:106:27: error: unsolved goals
⊢ ¬?m.604 1

workbook0/lean_workbook_plus_24865.lean:
workbook0/lean_workbook_plus_24865.lean:107:6: error: invalid universe level, ?u.516 is not greater than 0
workbook0/lean_workbook_plus_24865.lean:108:2: error: no goals to be solved

workbook0/lean_workbook_plus_52203.lean:
workbook0/lean_workbook_plus_52203.lean:106:2: error: tactic 'introN' failed, insufficient number of binders
x y : ℝ
h₁ : x + y = 2
h₂ : x ^ 4 - y ^ 4 = 5 * x - 3 * y
⊢ x = 3 ∧ y = -1 ∨ x = -1 ∧ y = 3

workbook0/lean_workbook_plus_65582.lean:
workbook0/lean_workbook_plus_65582.lean:107:2: error: linarith failed to find a contradiction
case h2.h
x : ℝ
a✝ :
  0 <
    x ^ 6 + x ^ 3 * Real.sqrt 3 + 1 +
      (-(x ^ 3 * Real.sqrt 3) + (-(x ^ 3 * (x ^ 3 * 3)) + -(x ^ 3 * (x ^ 6 * Real.sqrt 3))) +
        (x ^ 6 * x ^ 6 + x ^ 3 * (x ^ 6 * Real.sqrt 3) + x ^ 6))
⊢ False
failed

workbook0/lean_workbook_plus_44869.lean:
workbook0/lean_workbook_plus_44869.lean:106:2: error: tactic 'introN' failed, insufficient number of binders
f g : ℝ → ℝ
hf : Continuous f
hg : Continuous g
h : ∀ (x : ℝ), f x ^ 2 + g x ^ 2 = 1
⊢ ∃ x ∈ Set.Icc (-1) 1, f x * g x = 1

workbook0/lean_workbook_plus_32653.lean:
workbook0/lean_workbook_plus_32653.lean:106:2: error: type mismatch
  not_forall_of_exists_not ?m.1897
has type
  ¬∀ (x : ?m.1895), ?m.1896 x : Prop
but is expected to have type
  ∀ (a b : ℝ), a ^ 2 + b ^ 2 + 1 / (a ^ 2 * b ^ 2) ≥ 1 / a + 1 / b + a * b : Prop

workbook0/lean_workbook_plus_24604.lean:
workbook0/lean_workbook_plus_24604.lean:105:32: error: unexpected token '∑''; expected ':'

workbook0/lean_workbook_plus_23323.lean:
workbook0/lean_workbook_plus_23323.lean:105:161: error: unsolved goals
⊢ False

workbook0/lean_workbook_plus_69421.lean:
workbook0/lean_workbook_plus_69421.lean:105:49: error: expected token

workbook0/lean_workbook_plus_27050.lean:
workbook0/lean_workbook_plus_27050.lean:106:2: error: simp made no progress

workbook0/lean_workbook_plus_39286.lean:
workbook0/lean_workbook_plus_39286.lean:107:10: error: invalid constructor ⟨...⟩, expected type must be an inductive type 
  ∀ (n : ℕ), ∏ i in Finset.Icc 1 n, 2 * i / (2 * i - 1) = 2

workbook0/lean_workbook_plus_43413.lean:
workbook0/lean_workbook_plus_43413.lean:105:88: error: unsolved goals
⊢ False

workbook0/lean_workbook_plus_59732.lean:
workbook0/lean_workbook_plus_59732.lean:106:85: error: unsolved goals
⊢ Real.sqrt 6 * 63 - Real.sqrt 7 * 42 = Real.sqrt 6 * 7 * 9 - 6 * Real.sqrt 7 * 7

workbook0/lean_workbook_plus_27614.lean:
workbook0/lean_workbook_plus_27614.lean:105:244: error: unsolved goals
a b c d : ℕ → ℕ
h₁ : a 1 = 2
h₂ : b 1 = 2
h₃ : c 1 = 1
h₄ : ∀ (n : ℕ), a (n + 1) = b n
h₅ : ∀ (n : ℕ), b (n + 1) = a n + c n
h₆ : ∀ (n : ℕ), c (n + 1) = a n + b n
h₇ : ∀ (n : ℕ), d n = a n + b n + c n
⊢ False

workbook0/lean_workbook_plus_10924.lean:
workbook0/lean_workbook_plus_10924.lean:107:57: error: unsolved goals
a b c : ℝ
ha : 0 < a
hb : 0 < b
hc : 0 < c
habc : a + 8 * b + 81 * c = 3
⊢ 0 < ?m.3785

workbook0/lean_workbook_plus_18024.lean:
workbook0/lean_workbook_plus_18024.lean:107:2: error: linarith failed to find a contradiction
case a
a b c : ℝ
ha : 0 < a
hb : 0 < b
hc : 0 < c
a✝ : (a + b + c) ^ 3 > a ^ 3 + b ^ 3 + c ^ 3 + 3 * a * b * c
⊢ False
failed

workbook0/lean_workbook_plus_46509.lean:
workbook0/lean_workbook_plus_46509.lean:105:198: error: unsolved goals
a b c : ℝ
ha : 0 < a
hb : 0 < b
hc : 0 < c
⊢ False

workbook0/lean_workbook_plus_52704.lean:
workbook0/lean_workbook_plus_52704.lean:107:10: error: invalid constructor ⟨...⟩, expected type must be an inductive type 
  ∀ (a b c : ℝ),
    tan (π / 4 - a / 4) * tan (π / 4 - b / 4) + tan (π / 4 - b / 4) * tan (π / 4 - c / 4) +
        tan (π / 4 - c / 4) * tan (π / 4 - a / 4) =
      1

workbook0/lean_workbook_plus_33182.lean:
workbook0/lean_workbook_plus_33182.lean:107:22: error: invalid field notation, type is not of the form (C ...) where C is a constant
  hs2
has type
  s 2 = 9 → s 3 ≠ -3 * k

workbook0/lean_workbook_plus_4296.lean:
workbook0/lean_workbook_plus_4296.lean:107:10: error: invalid constructor ⟨...⟩, expected type must be an inductive type 
  ∀ (s r R : ℝ), s ≥ Real.sqrt (-r ^ 2 + 2 * R ^ 2 + 10 * R * r - 2 * Real.sqrt (R * (R - 2 * r) ^ 3))

workbook0/lean_workbook_plus_81072.lean:
workbook0/lean_workbook_plus_81072.lean:107:10: error: invalid constructor ⟨...⟩, expected type must be an inductive type 
  ∀ (n : ℕ), (1 + 1 / (n + 1)) ^ (n + 2) < (1 + 1 / n) ^ (n + 1)

workbook0/lean_workbook_plus_75026.lean:
workbook0/lean_workbook_plus_75026.lean:108:2: error: type mismatch
  not_forall_of_exists_not ?m.13546
has type
  ¬∀ (x : ?m.13544), ?m.13545 x : Prop
but is expected to have type
  0 ≤ f → ∃ x, ¬f x = f (f x) : Prop

workbook0/lean_workbook_plus_80221.lean:
workbook0/lean_workbook_plus_80221.lean:106:42: error: expected type must not contain free or meta variables
  ¬?m.1009 3

workbook0/lean_workbook_plus_13025.lean:
workbook0/lean_workbook_plus_13025.lean:105:135: error: unsolved goals
α : ℝ
h₁ : 0 < α ∧ α < π / 2
h₂ : sin α = 3 / 5
h₃ : cos α = 4 / 5
⊢ False

workbook0/lean_workbook_plus_60981.lean:
workbook0/lean_workbook_plus_60981.lean:107:10: error: invalid constructor ⟨...⟩, expected type must be an inductive type 
  ∀ p > 3, 13 ∣ 10 ^ (2 * p) - 10 ^ p + 1

workbook0/lean_workbook_plus_14456.lean:
workbook0/lean_workbook_plus_14456.lean:106:2: error: linarith failed to find a contradiction
case a
a b c : ℝ
ha : a ≥ 0
hb : b ≥ 0
hc : c ≥ 0
hab : a ^ 2 + c ^ 2 = 1
hbc : b ^ 2 + 2 * b * (a + c) = 6
a✝ : 4 > b * (a - c)
⊢ False
failed

workbook0/lean_workbook_plus_77040.lean:
workbook0/lean_workbook_plus_77040.lean:105:32: error: unexpected token; expected ':'

workbook0/lean_workbook_plus_79362.lean:
workbook0/lean_workbook_plus_79362.lean:119:13: error: function expected at
  h₁
term has type
  ∃ i, (0 ≤ i ∧ i < j) ∧ f (x + i) ≠ x + i + k
workbook0/lean_workbook_plus_79362.lean:112:51: error: unsolved goals
j x k : ℕ
f : ℕ → ℕ
h₀ : 0 < k
h₂ : 2 * k ≤ j
h₄ : ∀ (i : ℕ), 0 ≤ i ∧ i < j → ∀ (j' : ℕ), x + j - k ≤ j' ∧ j' ≤ x + j + k → j' = f (x + i)
h₁ : ∃ i, (0 ≤ i ∧ i < j) ∧ f (x + i) ≠ x + i + k
h₃ : f (x + 1) = x + k + 1
h₅ : x + j - k ≤ x + k + 1
⊢ x + j + k < f (x + 1)

workbook0/lean_workbook_plus_24601.lean:
workbook0/lean_workbook_plus_24601.lean:105:126: error: unsolved goals
x y z : ℝ
hx : x = 2 ^ (1 / 2)
hy : y = 7 ^ (1 / 12)
hz : z = 9 ^ (1 / 15)
⊢ False

workbook0/lean_workbook_plus_35332.lean:
workbook0/lean_workbook_plus_35332.lean:105:193: error: unsolved goals
a b c : ℂ
ha : a ^ 3 + 15 * a ^ 2 - 198 * a + 1 = 0
hb : b ^ 3 + 15 * b ^ 2 - 198 * b + 1 = 0
hc : c ^ 3 + 15 * c ^ 2 - 198 * c + 1 = 0
⊢ False

workbook0/lean_workbook_plus_77350.lean:
workbook0/lean_workbook_plus_77350.lean:105:34: error: unexpected token; expected '_' or identifier

workbook0/lean_workbook_plus_676.lean:
workbook0/lean_workbook_plus_676.lean:105:57: error: unsolved goals
⊢ False

workbook0/lean_workbook_plus_49210.lean:
workbook0/lean_workbook_plus_49210.lean:105:198: error: unsolved goals
a b c : ℝ
ha : 0 < a
hb : 0 < b
hc : 0 < c
⊢ False

workbook0/lean_workbook_plus_36074.lean:
workbook0/lean_workbook_plus_36074.lean:107:13: error: function expected at
  h
term has type
  ℝ
workbook0/lean_workbook_plus_36074.lean:105:119: error: unsolved goals
ab bc ca h : ℝ
⊢ ∀ (b c : ℝ), (ab + bc + ca - 1) ^ 2 ≥ (h ^ 2 + 1) * (b ^ 2 + 1) * (c ^ 2 + 1)

workbook0/lean_workbook_plus_40462.lean:
workbook0/lean_workbook_plus_40462.lean:107:10: error: invalid constructor ⟨...⟩, expected type must be an inductive type 
  ∀ (a b c : ℝ),
    1 / (a ^ 3 + b ^ 2 + c ^ 2) + 1 / (b ^ 3 + c ^ 2 + a ^ 2) + 1 / (c ^ 3 + a ^ 2 + b ^ 2) ≤
      3 / (a ^ 2 + b ^ 2 + c ^ 2)

workbook0/lean_workbook_plus_78907.lean:
workbook0/lean_workbook_plus_78907.lean:111:2: error: linarith failed to find a contradiction
case h
x y : ℝ
h₀ : x ≠ 24 * y + 2
a✝ : x * Real.log 10 / 4 = y * 6 * Real.log 10
⊢ False
failed

workbook0/lean_workbook_plus_47878.lean:
workbook0/lean_workbook_plus_47878.lean:106:2: error: tactic 'introN' failed, insufficient number of binders
p q : ℕ
hp : Nat.Prime p
hq : Nat.Prime q
h : p ∣ q - 1
h' : q ∣ p - 1
⊢ p = q

workbook0/lean_workbook_plus_69161.lean:
workbook0/lean_workbook_plus_69161.lean:107:10: error: invalid constructor ⟨...⟩, expected type must be an inductive type 
  ∀ (a b c : ℝ),
    (a ^ 2 * b + b ^ 2 * c + c ^ 2 * a) * (a * b / c + b * c / a + c * a / b) ^ 2 ≥
      (3 * a * b * c) ^ 2 * (1 / a + 1 / b + 1 / c)

workbook0/lean_workbook_plus_71610.lean:
workbook0/lean_workbook_plus_71610.lean:106:2: error: tactic 'introN' failed, insufficient number of binders
f : ℤ → ℤ
hf : ∀ (x y : ℤ), f y - f (y + f x) = x
⊢ ∃ a, ∀ (x : ℤ), f x = a - x

workbook0/lean_workbook_plus_526.lean:
workbook0/lean_workbook_plus_526.lean:107:10: error: invalid constructor ⟨...⟩, expected type must be an inductive type 
  ∀ (n : ℕ), 2 ^ (n - 1) ≤ n!

workbook0/lean_workbook_plus_59881.lean:
workbook0/lean_workbook_plus_59881.lean:105:32: error: unexpected token; expected ':'

workbook0/lean_workbook_plus_43270.lean:
workbook0/lean_workbook_plus_43270.lean:105:32: error: unexpected token '∀'; expected ':'

workbook0/lean_workbook_plus_17713.lean:
workbook0/lean_workbook_plus_17713.lean:106:2: error: linarith failed to find a contradiction
case h2.h
x : ℝ
hx : x ^ 3 + 4 * x = 8
a✝ : 128 < x ^ 7 + 64 * x ^ 3
⊢ False
failed

workbook0/lean_workbook_plus_51099.lean:
workbook0/lean_workbook_plus_51099.lean:106:2: error: tactic 'introN' failed, insufficient number of binders
a b : ℕ → ℕ
a1 : a 0 = 5
b1 : b 0 = 1
a_rec : ∀ (n : ℕ), a (n + 1) = 5 * a n + 29 * b n
b_rec : ∀ (n : ℕ), b (n + 1) = a n + 5 * b n
⊢ ∃ A B, ∀ (n : ℕ), a n = A * n + B ∧ b n = A * n + B

workbook0/lean_workbook_plus_7127.lean:
workbook0/lean_workbook_plus_7127.lean:105:105: error: unsolved goals
i x : ℂ
hx : x = (1 + i) ^ (1 / 3) + (1 - i) ^ (1 / 3)
⊢ False

workbook0/lean_workbook_plus_31817.lean:
workbook0/lean_workbook_plus_31817.lean:105:249: error: unsolved goals
x y z : ℝ
hx : 0 < x
hy : 0 < y
hz : 0 < z
habc : x * y * z = 1
⊢ False

workbook0/lean_workbook_plus_39053.lean:
workbook0/lean_workbook_plus_39053.lean:106:28: error: unsolved goals
⊢ False

workbook0/lean_workbook_plus_359.lean:
workbook0/lean_workbook_plus_359.lean:106:39: error: unsolved goals
⊢ ¬?m.2982 1

workbook0/lean_workbook_plus_79243.lean:
workbook0/lean_workbook_plus_79243.lean:107:10: error: invalid constructor ⟨...⟩, expected type must be an inductive type 
  ∀ (x y z : ℝ),
    x > 1 ∧ y > 1 ∧ z > 1 →
      logb (y * z) (x ^ 4 * y * z) * logb (z * x) (x * y ^ 4 * z) * logb (x * y) (x * y * z ^ 4) > 27
workbook0/lean_workbook_plus_79243.lean:108:6: error: no goals to be solved

workbook0/lean_workbook_plus_55746.lean:
workbook0/lean_workbook_plus_55746.lean:107:10: error: invalid constructor ⟨...⟩, expected type must be an inductive type 
  ∀ (a b c : ℝ), a * b + b * c + c * a - a * b * c ≤ 28 / 27

workbook0/lean_workbook_plus_10935.lean:
workbook0/lean_workbook_plus_10935.lean:105:34: error: unexpected token; expected '_' or identifier

workbook0/lean_workbook_plus_37242.lean:
workbook0/lean_workbook_plus_37242.lean:108:6: error: tactic 'rewrite' failed, did not find instance of the pattern in the target expression
  5 ^ n
n : ℕ
h : (5 ^ n - 1) % 8 = 0
⊢ n % 2 ≠ 1

workbook0/lean_workbook_plus_70838.lean:
workbook0/lean_workbook_plus_70838.lean:105:32: error: unexpected token '∀'; expected ':'

workbook0/lean_workbook_plus_56606.lean:
workbook0/lean_workbook_plus_56606.lean:105:151: error: unsolved goals
a b c d : ℝ
h₁ : a = 7
h₂ : b = 6
h₃ : c = 5
h₄ : d = 4
⊢ False

workbook0/lean_workbook_plus_31463.lean:
workbook0/lean_workbook_plus_31463.lean:107:10: error: invalid constructor ⟨...⟩, expected type must be an inductive type 
  ∀ a ≥ 13, (1 - 1 / a) ^ (1 / 3) + (1 + 1 / a) ^ (1 / 3) < 2

workbook0/lean_workbook_plus_4843.lean:
workbook0/lean_workbook_plus_4843.lean:107:6: error: invalid universe level, ?u.2977 is not greater than 0
workbook0/lean_workbook_plus_4843.lean:108:2: error: no goals to be solved

workbook0/lean_workbook_plus_81364.lean:
workbook0/lean_workbook_plus_81364.lean:107:10: error: invalid constructor ⟨...⟩, expected type must be an inductive type 
  ∀ (n : ℕ), (2 * n + 1) ^ n ≥ (2 * n) ^ n + (2 * n - 1) ^ n

workbook0/lean_workbook_plus_47229.lean:
workbook0/lean_workbook_plus_47229.lean:109:10: error: invalid constructor ⟨...⟩, expected type must be an inductive type 
  ∀ (y : ℝ),
    (Real.sqrt 2 / 2 * cos (y / 2) + Real.sqrt 2 / 2 * sin (y / 2)) /
        (Real.sqrt 2 / 2 * cos (y / 2) - Real.sqrt 2 / 2 * sin (y / 2)) =
      (1 + sin y) / (1 - sin y)

workbook0/lean_workbook_plus_75855.lean:
workbook0/lean_workbook_plus_75855.lean:107:10: error: invalid constructor ⟨...⟩, expected type must be an inductive type 
  ∀ (x y z : ℝ), x ^ 4 * y + x ^ 4 * z + y ^ 4 * z + y ^ 4 * x + z ^ 4 * y + z ^ 4 * x ≤ 1 / 12 * (x + y + z) ^ 5

workbook0/lean_workbook_plus_44943.lean:
workbook0/lean_workbook_plus_44943.lean:106:2: error: simp made no progress

workbook0/lean_workbook_plus_82370.lean:
workbook0/lean_workbook_plus_82370.lean:107:12: error: invalid field notation, type is not of the form (C ...) where C is a constant
  h₁
has type
  x = 2 → y ≠ 1 / 2

workbook0/lean_workbook_plus_19899.lean:
workbook0/lean_workbook_plus_19899.lean:107:10: error: invalid constructor ⟨...⟩, expected type must be an inductive type 
  ∀ (a b c : ℝ), a ^ 2 / (a + b) * (a + c) + b ^ 2 / (b + c) * (b + a) + c ^ 2 / (c + a) * (c + b) ≥ 3 / 4

workbook0/lean_workbook_plus_16812.lean:
workbook0/lean_workbook_plus_16812.lean:107:10: error: invalid constructor ⟨...⟩, expected type must be an inductive type 
  ∀ (n : ℕ), (n + 1) ^ (n + 1) > n ^ n * (2 * n + 1) ∧ n ^ n * (2 * n + 1) > ∏ i in Finset.range (n + 1), (2 * i + 1)

workbook0/lean_workbook_plus_17782.lean:
workbook0/lean_workbook_plus_17782.lean:107:2: error: omega did not find a contradiction:
[0, 1] ∈ [1179, 1262]

workbook0/lean_workbook_plus_59182.lean:
workbook0/lean_workbook_plus_59182.lean:108:10: error: invalid constructor ⟨...⟩, expected type must be an inductive type 
  ∀ (a b c : ℝ), |a ^ 3 + b ^ 3 + c ^ 3 - 3 * a * b * c| ≤ 1

workbook0/lean_workbook_plus_19176.lean:
workbook0/lean_workbook_plus_19176.lean:107:10: error: invalid constructor ⟨...⟩, expected type must be an inductive type 
  ∀ (x y : ℝ), x ^ 3 / (x ^ 2 + y ^ 2) ≥ x - 1 / 2 * y

workbook0/lean_workbook_plus_75922.lean:
workbook0/lean_workbook_plus_75922.lean:107:39: error: unsolved goals
⊢ ¬?m.1960 0

workbook0/lean_workbook_plus_61701.lean:
workbook0/lean_workbook_plus_61701.lean:107:10: error: invalid constructor ⟨...⟩, expected type must be an inductive type 
  ∀ (a b c : ℝ),
    a / (b + c) + b / (c + a) + c / (a + b) +
        (a ^ 2 - b ^ 2) * (b ^ 2 - c ^ 2) * (c ^ 2 - a ^ 2) / ((a ^ 2 + b ^ 2) * (b ^ 2 + c ^ 2) * (c ^ 2 + a ^ 2)) ≥
      3 / 2

workbook0/lean_workbook_plus_59038.lean:
workbook0/lean_workbook_plus_59038.lean:107:10: error: invalid constructor ⟨...⟩, expected type must be an inductive type 
  ∀ (a b c : ℝ), (a / (2 * a - b - c)) ^ 2 + (b / (2 * b - c - a)) ^ 2 + (c / (2 * c - a - b)) ^ 2 ≥ 2 / 9

workbook0/lean_workbook_plus_20809.lean:
workbook0/lean_workbook_plus_20809.lean:106:39: error: unsolved goals
⊢ ¬?m.2551 0

workbook0/lean_workbook_plus_29876.lean:
workbook0/lean_workbook_plus_29876.lean:107:10: error: invalid constructor ⟨...⟩, expected type must be an inductive type 
  ∀ (a b c M : ℝ), (∀ x ∈ [-1, 1], |a * x ^ 2 + b * x + c| ≤ M) → |a| + |b| + |c| ≤ 3 * M

workbook0/lean_workbook_plus_11985.lean:
workbook0/lean_workbook_plus_11985.lean:105:32: error: unexpected token '∀'; expected ':'

workbook0/lean_workbook_plus_66477.lean:
workbook0/lean_workbook_plus_66477.lean:107:10: error: invalid constructor ⟨...⟩, expected type must be an inductive type 
  ∀ (x y : ℤ), x * y ^ 2 - y ^ 2 + x * y - y = x ^ 2 * y - x ^ 2 + x * y - x

workbook0/lean_workbook_plus_23605.lean:
workbook0/lean_workbook_plus_23605.lean:105:261: error: unsolved goals
a b c : ℝ
ha : 0 < a
hb : 0 < b
hc : 0 < c
habc : a * b * c = 1
⊢ False

workbook0/lean_workbook_plus_48129.lean:
workbook0/lean_workbook_plus_48129.lean:108:9: error: invalid constructor ⟨...⟩, expected type must be an inductive type 
  ∀ (a b c : ℝ), a ^ 2 + b ^ 2 + c ^ 2 + 9 * a * b * c / (a + b + c) ≥ 2 * (a * b + b * c + c * a)

workbook0/lean_workbook_plus_50116.lean:
workbook0/lean_workbook_plus_50116.lean:105:32: error: unexpected token; expected ':'

workbook0/lean_workbook_plus_18377.lean:
workbook0/lean_workbook_plus_18377.lean:107:10: error: invalid constructor ⟨...⟩, expected type must be an inductive type 
  ∀ (a b c : ℝ),
    1 / 2 * a ^ 3 + 1 / 2 * b ^ 3 + 1 / 2 * c ^ 3 + 9 / 2 * b * c * a ≤
      a ^ 2 * (b + c) + b ^ 2 * (c + a) + c ^ 2 * (a + b)

workbook0/lean_workbook_plus_13809.lean:
workbook0/lean_workbook_plus_13809.lean:110:2: error: linarith failed to find a contradiction
case h2.h
a b : ℕ
h₀ : 1 ≤ a ∧ a ≤ 9
h₁ : 0 ≤ b ∧ b ≤ 9
h₂ : 10 * a + b - 2 = 20 * b + 2 * a - 8
a✝ : 0 < 8 * a - 19 * b + 6
⊢ False
failed

workbook0/lean_workbook_plus_28814.lean:
workbook0/lean_workbook_plus_28814.lean:105:80: error: unsolved goals
⊢ False

workbook0/lean_workbook_plus_79400.lean:
workbook0/lean_workbook_plus_79400.lean:109:10: error: invalid constructor ⟨...⟩, expected type must be an inductive type 
  ∀ (t s r : ℕ),
    t + 1 - s ≠ 0 ∧ t - s ≠ 0 →
      1 / ((t - s) * choose (t - s - 1) r) =
        1 / ((t + 1 - s) * choose (t - s) r) + 1 / ((t + 1 - s) * choose (t - s) (r + 1))

workbook0/lean_workbook_plus_28701.lean:
workbook0/lean_workbook_plus_28701.lean:107:10: error: invalid constructor ⟨...⟩, expected type must be an inductive type 
  ∀ (a b : ℝ), (a ^ 3 + b ^ 3) * (1 + 1) * (1 + 1) ≥ (a + b) ^ 3

workbook0/lean_workbook_plus_67710.lean:
workbook0/lean_workbook_plus_67710.lean:110:2: error: tactic 'introN' failed, insufficient number of binders
n : ℕ
hn : 3 ≤ n
⊢ ∃ a,
    (∀ (i : Fin n), 0 < a i ∧ ∀ (j : Fin n), i ≠ j → a i ≠ a j) ∧
      ∀ (i : Fin n), (∏ j : Fin n, if i = j then a i else 1) % a i = 1

workbook0/lean_workbook_plus_56333.lean:
workbook0/lean_workbook_plus_56333.lean:105:32: error: unexpected token '∀'; expected ':'

workbook0/lean_workbook_plus_27022.lean:
workbook0/lean_workbook_plus_27022.lean:106:27: error: unsolved goals
⊢ ¬?m.4927 2

workbook0/lean_workbook_plus_18271.lean:
workbook0/lean_workbook_plus_18271.lean:107:17: error: rcases tactic failed: h₁ : ∀ (θ : ℝ), z ≠ ↑(rexp (θ * I)) ∧ z ≠ ↑(rexp (θ * I)) is not an inductive datatype

workbook0/lean_workbook_plus_62506.lean:
workbook0/lean_workbook_plus_62506.lean:105:59: error: expected token

workbook0/lean_workbook_plus_38272.lean:
workbook0/lean_workbook_plus_38272.lean:106:27: error: unsolved goals
⊢ ¬?m.839 1

workbook0/lean_workbook_plus_61201.lean:
workbook0/lean_workbook_plus_61201.lean:107:10: error: invalid constructor ⟨...⟩, expected type must be an inductive type 
  ∀ (a b c : ℝ), (a ^ 2 + b ^ 2) / (a + b) + (b ^ 2 + c ^ 2) / (b + c) + (c ^ 2 + a ^ 2) / (c + a) ≥ 3

workbook0/lean_workbook_plus_53372.lean:
workbook0/lean_workbook_plus_53372.lean:105:124: error: unsolved goals
m : ℝ
hm : m = (2 + Real.sqrt 5) ^ (1 / 3) + (2 - Real.sqrt 5) ^ (1 / 3)
⊢ False

workbook0/lean_workbook_plus_19190.lean:
workbook0/lean_workbook_plus_19190.lean:109:17: error: expected token
workbook0/lean_workbook_plus_19190.lean:105:348: error: unsolved goals
a b c : ℝ
h₁ : 1 / Real.sqrt 2 < a ∧ a < 1
h₂ : 1 / Real.sqrt 2 < b ∧ b < 1
h₃ : 1 / Real.sqrt 2 < c ∧ c < 1
hab : a * b * c = 1
h : a ^ 4 + b ^ 4 + c ^ 4 + 4 * a ^ 2 * b ^ 2 * c ^ 2 = 2 * (a ^ 2 * b ^ 2 + b ^ 2 * c ^ 2 + c ^ 2 * a ^ 2)
h₁' : 1 / Real.sqrt 2 < a
h₁'' : a < 1
⊢ 4 * a * b * c * (a + b + c) ≤ a ^ 4 / (1 - a ^ 2) + b ^ 4 / (1 - b ^ 2) + c ^ 4 / (1 - c ^ 2)

workbook0/lean_workbook_plus_4420.lean:
workbook0/lean_workbook_plus_4420.lean:106:2: error: type mismatch
  not_exists.mpr fun x => not_and.mpr fun h1 h2 => ?m.311 x h1 h2
has type
  ¬∃ x, ?m.296 x ∧ ?m.297 x : Prop
but is expected to have type
  ∃! x, x ^ 2 = x * sin x + cos x : Prop

workbook0/lean_workbook_plus_13134.lean:
workbook0/lean_workbook_plus_13134.lean:105:128: error: unsolved goals
x : ℝ
hx : x = (2 + Real.sqrt 3) ^ (1 / 3) * (2 - Real.sqrt 3) ^ (1 / 3)
⊢ False

workbook0/lean_workbook_plus_72536.lean:
workbook0/lean_workbook_plus_72536.lean:107:9: error: invalid constructor ⟨...⟩, expected type must be an inductive type 
  ∀ (x : ℕ → ℕ), ¬∑ i in Finset.range n, x i ^ 2 = k * ∏ i in Finset.range n, x i
workbook0/lean_workbook_plus_72536.lean:108:2: error: no goals to be solved

workbook0/lean_workbook_plus_82400.lean:
workbook0/lean_workbook_plus_82400.lean:110:2: error: omega did not find a contradiction:
[0, 0, 1] ∈ [0, 10099]
[0, 0, 1, 1, -1] ∈ [0, ∞)
[0, 99, -999900, 0, -100] ∈ [0, 99]
[0, 1, -10100] ∈ [0, 10099]
[0, 1] ∈ [0, ∞)
[0, 100, -1010000, -101] ∈ [0, 100]

workbook0/lean_workbook_plus_3858.lean:
workbook0/lean_workbook_plus_3858.lean:107:10: error: invalid constructor ⟨...⟩, expected type must be an inductive type 
  ∀ (c : ℂ), (2 - c) / (1 - c ^ 2) = 1 / (1 - c ^ 2) + 1 / (1 + c)

workbook0/lean_workbook_plus_78852.lean:
workbook0/lean_workbook_plus_78852.lean:106:35: error: function expected at
  h
term has type
  ℕ
workbook0/lean_workbook_plus_78852.lean:105:132: error: unsolved goals
h : ℕ
⊢ 1 / (2 * h - 1) - 1 / (2 * h) ^ 2 > 1 / (2 * h - 1) - 1 / (2 * h - 1) ^ 2

workbook0/lean_workbook_plus_67804.lean:
workbook0/lean_workbook_plus_67804.lean:107:10: error: invalid constructor ⟨...⟩, expected type must be an inductive type 
  ∀ (p : ℕ), p > 3 ∧ Nat.Prime p → p % 6 = 5

workbook0/lean_workbook_plus_20912.lean:
workbook0/lean_workbook_plus_20912.lean:106:31: error: function expected at
  h
term has type
  ℕ

workbook0/lean_workbook_plus_10998.lean:
workbook0/lean_workbook_plus_10998.lean:105:127: error: unsolved goals
h₁ : 2 ≤ 10
⊢ ∑ k in Finset.Icc 2 10, choose k 2 * choose (12 - k) 2 = 5148

workbook0/lean_workbook_plus_41490.lean:
workbook0/lean_workbook_plus_41490.lean:105:44: error: unexpected token; expected ')'

workbook0/lean_workbook_plus_73622.lean:
workbook0/lean_workbook_plus_73622.lean:105:44: error: unexpected token; expected ')'

workbook0/lean_workbook_plus_56245.lean:
workbook0/lean_workbook_plus_56245.lean:105:67: error: unsolved goals
⊢ False

workbook0/lean_workbook_plus_14813.lean:
workbook0/lean_workbook_plus_14813.lean:108:18: error: unsolved goals
p : ℕ → ℕ
h₀ : p 1 = 2
h₁ : ∀ (n : ℕ), p (n + 1) = 3 * p n - 1
⊢ False

workbook0/lean_workbook_plus_13272.lean:
workbook0/lean_workbook_plus_13272.lean:107:10: error: invalid constructor ⟨...⟩, expected type must be an inductive type 
  ∀ (a b c : ℝ), (2 * a ^ 2 + 3) * (2 * b ^ 2 + 3) * (2 * c ^ 2 + 3) ≥ 5 * (2 * a + 2 * b + 2 * c - 1) ^ 2

workbook0/lean_workbook_plus_16947.lean:
workbook0/lean_workbook_plus_16947.lean:110:2: error: tactic 'introN' failed, insufficient number of binders
x y : ℝ
h₀ : -16 * x + 40 * y = 104
h₁ : 8 * x + 5 * y = 29
h₂ : 0 < x ∧ 0 < y
⊢ x = 1 ∧ y = 3

workbook0/lean_workbook_plus_46539.lean:
workbook0/lean_workbook_plus_46539.lean:105:179: error: unsolved goals
x y a b : ℝ
hx : x = 2 ^ 4
hy : y = 2 ^ 8
ha : a = y ^ 3 + x ^ 3 + x ^ 2 * y + y * x ^ 2
hb : b = y ^ 12 + x ^ 12
⊢ False

workbook0/lean_workbook_plus_54144.lean:
workbook0/lean_workbook_plus_54144.lean:107:10: error: invalid constructor ⟨...⟩, expected type must be an inductive type 
  ∀ (x y z : ℝ),
    x > 0 ∧ y > 0 ∧ z > 0 →
      (x ^ 2 + y ^ 2 + z ^ 2) / (x * y + y * z + z * x) ≥
        1 + (x + y) / z + (z + x) / y + (y + z) / x - 4 * (x / (y + z) + y / (z + x) + z / (x + y))

workbook0/lean_workbook_plus_64058.lean:
workbook0/lean_workbook_plus_64058.lean:106:20: error: invalid constructor ⟨...⟩, expected type must be an inductive type 
  ?m.364

workbook0/lean_workbook_plus_4980.lean:
workbook0/lean_workbook_plus_4980.lean:106:2: error: simp made no progress

workbook0/lean_workbook_plus_26609.lean:
workbook0/lean_workbook_plus_26609.lean:107:10: error: invalid constructor ⟨...⟩, expected type must be an inductive type 
  ∀ (x y : ℝ), (1 / x * y * (1 / x + 1 / y)) ^ 2 ≥ 4 / (x ^ 3 * y ^ 3)

workbook0/lean_workbook_plus_53209.lean:
workbook0/lean_workbook_plus_53209.lean:105:49: error: expected token

workbook0/lean_workbook_plus_51161.lean:
workbook0/lean_workbook_plus_51161.lean:106:2: warning: aesop: failed to prove the goal after exhaustive search.
workbook0/lean_workbook_plus_51161.lean:105:137: error: unsolved goals
case left
x y : ℝ
h₁ : x ^ 2 + 1 + y * (x + y) = 4 * x
h₂ : (x ^ 2 + 1) * (x + y - 2) = y
⊢ x = 2

case right
x y : ℝ
h₁ : x ^ 2 + 1 + y * (x + y) = 4 * x
h₂ : (x ^ 2 + 1) * (x + y - 2) = y
⊢ y = 3

workbook0/lean_workbook_plus_39295.lean:
workbook0/lean_workbook_plus_39295.lean:107:27: error: unsolved goals
f : ℝ → ℝ
hf : ∃ x > 0, f x ≠ x
⊢ f (1 + 1) ≤ 1 → f 1 + Real.sqrt (f 1) < 1

workbook0/lean_workbook_plus_49768.lean:
workbook0/lean_workbook_plus_49768.lean:106:2: error: tactic 'introN' failed, insufficient number of binders
a b c d M m : ℝ
h₁ : a + b + c + d = 12 * Real.sqrt 5
h₂ : a * b + a * c + a * d + b * c + b * d + c * d = 150
h₃ : M = a * b * c * d
h₄ : m = a * b * c * d
⊢ M = 225 ∧ m = -9375

workbook0/lean_workbook_plus_42439.lean:
workbook0/lean_workbook_plus_42439.lean:107:10: error: invalid constructor ⟨...⟩, expected type must be an inductive type 
  ∀ (n : ℕ),
    ∑ k in Finset.range n, (2 * k - 1)! * (2 * n - 2 * k - 1)! / (2 * n)! * choose n k + (2 * n - 1)! / (2 * n)! = 1

workbook0/lean_workbook_plus_30646.lean:
workbook0/lean_workbook_plus_30646.lean:106:2: error: simp made no progress

workbook0/lean_workbook_plus_24200.lean:
workbook0/lean_workbook_plus_24200.lean:106:2: error: simp made no progress

workbook0/lean_workbook_plus_77847.lean:
workbook0/lean_workbook_plus_77847.lean:106:39: error: unsolved goals
⊢ ¬?m.222 0

workbook0/lean_workbook_plus_63390.lean:
workbook0/lean_workbook_plus_63390.lean:108:2: error: simp made no progress

workbook0/lean_workbook_plus_36611.lean:
workbook0/lean_workbook_plus_36611.lean:106:2: error: tactic 'introN' failed, insufficient number of binders
a b : ℝ
h₁ : a + (a + 8 * b) / (a ^ 2 + b ^ 2) = 2
h₂ : b + (8 * a - b) / (a ^ 2 + b ^ 2) = 0
⊢ a = 1 ∧ b = -1 / 4 ∨ a = -3 ∧ b = 1 / 4

workbook0/lean_workbook_plus_54512.lean:
workbook0/lean_workbook_plus_54512.lean:107:2: error: simp made no progress

workbook0/lean_workbook_plus_33819.lean:
workbook0/lean_workbook_plus_33819.lean:106:2: warning: aesop: failed to prove the goal after exhaustive search.
workbook0/lean_workbook_plus_33819.lean:105:93: error: unsolved goals
case left
x y : ℤ
h : x ^ 3 + y ^ 3 = 3 * x * y
⊢ x = 1

case right
x y : ℤ
h : x ^ 3 + y ^ 3 = 3 * x * y
⊢ y = 1

workbook0/lean_workbook_plus_80943.lean:
Try this: ring_nf
workbook0/lean_workbook_plus_80943.lean:107:98: error: unsolved goals
a b c : ℝ
⊢ -((2⁻¹ + cos (b * 2) / 2) * sin a) + ((2⁻¹ + cos (c * 2) / 2) * sin a - cos a * cos b * sin b) +
        (4 * (cos a * cos b * ((2⁻¹ + cos (c * 2) / 2) * sin b)) -
          4 * ((2⁻¹ * cos a * cos c + cos a * (cos c * (cos (b * 2) / 2))) * sin c)) +
      cos a * cos c * sin c =
    -((2⁻¹ + cos (b * 2) / 2) * ((1 - (2⁻¹ + cos (c * 2) / 2)) * sin a)) +
            (1 - (2⁻¹ + cos (b * 2) / 2)) * ((2⁻¹ + cos (c * 2) / 2) * sin a) +
          3 * (cos a * cos b * ((2⁻¹ + cos (c * 2) / 2) * sin b)) +
        (-(cos a * cos b * ((1 - (2⁻¹ + cos (c * 2) / 2)) * sin b)) -
          3 * ((2⁻¹ * cos a * cos c + cos a * (cos c * (cos (b * 2) / 2))) * sin c)) +
      cos a * (cos c * (1 - (2⁻¹ + cos (b * 2) / 2))) * sin c

workbook0/lean_workbook_plus_36071.lean:
workbook0/lean_workbook_plus_36071.lean:106:28: error: unsolved goals
⊢ ¬?m.4727 (-2)

workbook0/lean_workbook_plus_76719.lean:
workbook0/lean_workbook_plus_76719.lean:105:44: error: unexpected token; expected ')'

workbook0/lean_workbook_plus_79337.lean:
workbook0/lean_workbook_plus_79337.lean:105:63: error: unsolved goals
n : ℤ
⊢ False

workbook0/lean_workbook_plus_78108.lean:
workbook0/lean_workbook_plus_78108.lean:108:16: error: unsolved goals
f : ℝ → ℝ
hpos : ∀ (x : ℝ), 0 < x → 0 < f x
hf : ∀ (x y : ℝ), 0 < x ∧ 0 < y → f (x + y) ≤ f x ^ 2 / (f x + y)
⊢ False

workbook0/lean_workbook_plus_38591.lean:
workbook0/lean_workbook_plus_38591.lean:106:2: warning: aesop: failed to prove the goal after exhaustive search.
workbook0/lean_workbook_plus_38591.lean:105:199: error: unsolved goals
case left
K R Q : ℤ → ℤ
h₃ : Q 1 + 2 + 1 = 5
h₄ : Q 2 + 2 + 1 = -4
h₅ : Q 1 + K 1 + R 1 = 0
h₆ : Q 2 + K 2 + R 2 = 0
⊢ Q 1 = 2

case right
K R Q : ℤ → ℤ
h₃ : Q 1 + 2 + 1 = 5
h₄ : Q 2 + 2 + 1 = -4
h₅ : Q 1 + K 1 + R 1 = 0
h₆ : Q 2 + K 2 + R 2 = 0
⊢ Q 2 = -9

workbook0/lean_workbook_plus_81031.lean:
workbook0/lean_workbook_plus_81031.lean:107:13: error: function expected at
  h
term has type
  ℕ
workbook0/lean_workbook_plus_81031.lean:105:122: error: unsolved goals
i! j! h : ℕ
⊢ Nat.Prime h → ∀ k < h, ∃ i j, i < h ∧ j < h ∧ i! * j! % h = k

workbook0/lean_workbook_plus_29202.lean:
workbook0/lean_workbook_plus_29202.lean:105:297: error: unsolved goals
f : ℕ → ℕ → ℕ
hf : f = fun i j => if i = j then 1 else 2
⊢ False

workbook0/lean_workbook_plus_64455.lean:
workbook0/lean_workbook_plus_64455.lean:106:2: error: linarith failed to find a contradiction
case h1.h
r s : ℝ
hr : r ^ 2 - 3 * r + 1 = 0
hs : s ^ 2 - 3 * s + 1 = 0
a✝ : r ^ 2 + s ^ 2 < 6
⊢ False
failed

workbook0/lean_workbook_plus_44024.lean:
workbook0/lean_workbook_plus_44024.lean:105:122: error: unsolved goals
a b c : ℝ
ha : 0 < a
hb : 0 < b
hc : 0 < c
⊢ False

workbook0/lean_workbook_plus_7501.lean:
workbook0/lean_workbook_plus_7501.lean:107:10: error: invalid constructor ⟨...⟩, expected type must be an inductive type 
  ∀ (n k : ℕ), 1 / n * (1 / k + 1 / (n - k)) = 1 / (k * (n - k))

workbook0/lean_workbook_plus_3717.lean:
workbook0/lean_workbook_plus_3717.lean:106:2: error: simp made no progress

workbook0/lean_workbook_plus_5591.lean:
workbook0/lean_workbook_plus_5591.lean:107:6: error: invalid universe level, ?u.2878 is not greater than 0
workbook0/lean_workbook_plus_5591.lean:107:9: error: too many arguments supplied to `use`

workbook0/lean_workbook_plus_53741.lean:
workbook0/lean_workbook_plus_53741.lean:111:2: error: tactic 'introN' failed, insufficient number of binders
x ε : ℝ
h₀ : 0 < ε
h₁ : ε < 1 / 2
h₂ : 2 / 5 ≤ x
h₃ : x < 3 / 5
⊢ 2 ≤ ⌊3 * x + 1 / 5 - ε⌋ ∧ ⌊x + 3 / 5 - 3 * ε⌋ ≤ 1

workbook0/lean_workbook_plus_909.lean:
workbook0/lean_workbook_plus_909.lean:105:147: error: unsolved goals
x : ℝ
hx : x = cos (2 * π / 7) ^ (1 / 3) + cos (4 * π / 7) ^ (1 / 3) + cos (8 * π / 7) ^ (1 / 3)
⊢ False

workbook0/lean_workbook_plus_20865.lean:
workbook0/lean_workbook_plus_20865.lean:105:44: error: unexpected token; expected ')'

workbook0/lean_workbook_plus_50877.lean:
workbook0/lean_workbook_plus_50877.lean:105:131: error: unsolved goals
a : ℕ → ℕ
h : ∀ (n : ℕ), a n = 3 * n ^ 2 + 3 * n + 1
⊢ False

workbook0/lean_workbook_plus_77380.lean:
workbook0/lean_workbook_plus_77380.lean:106:2: error: type mismatch
  not_forall.mpr (Exists.intro (-1) ?m.68597)
has type
  ¬∀ (x : ℤ), ?m.68472 x : Prop
but is expected to have type
  ∀ (x y z : ℝ),
    9 *
          (x ^ 2 * (x ^ 2 + y ^ 2) * (x ^ 2 + z ^ 2) + y ^ 2 * (y ^ 2 + z ^ 2) * (y ^ 2 + x ^ 2) +
            z ^ 2 * (z ^ 2 + x ^ 2) * (z ^ 2 + y ^ 2)) +
        18 *
          (x * y * (x ^ 2 + y ^ 2) * Real.sqrt ((x ^ 2 + z ^ 2) * (y ^ 2 + z ^ 2)) +
              x * z * (x ^ 2 + z ^ 2) * Real.sqrt ((x ^ 2 + y ^ 2) * (z ^ 2 + y ^ 2)) +
            y * z * (y ^ 2 + z ^ 2) * Real.sqrt ((y ^ 2 + x ^ 2) * (z ^ 2 + x ^ 2))) ≥
      4 * (x + y + z) ^ 2 * (x ^ 2 + y ^ 2 + z ^ 2) ^ 2 : Prop

workbook0/lean_workbook_plus_19786.lean:
workbook0/lean_workbook_plus_19786.lean:106:39: error: unsolved goals
⊢ ¬?m.818 2

workbook0/lean_workbook_plus_59235.lean:
workbook0/lean_workbook_plus_59235.lean:105:44: error: unexpected token; expected ')'

workbook0/lean_workbook_plus_34121.lean:
workbook0/lean_workbook_plus_34121.lean:106:2: warning: aesop: failed to prove the goal after exhaustive search.
workbook0/lean_workbook_plus_34121.lean:105:121: error: unsolved goals
case left
x y : ℝ
h₁ : x ^ 3 + y ^ 2 - 2 = 0
h₂ : x ^ 2 + y ^ 2 + x * y - y = 0
⊢ x = 1

case right
x y : ℝ
h₁ : x ^ 3 + y ^ 2 - 2 = 0
h₂ : x ^ 2 + y ^ 2 + x * y - y = 0
⊢ y = 1

workbook0/lean_workbook_plus_79676.lean:
workbook0/lean_workbook_plus_79676.lean:105:106: error: unsolved goals
n : ℕ
⊢ False

workbook0/lean_workbook_plus_52928.lean:
workbook0/lean_workbook_plus_52928.lean:107:10: error: invalid constructor ⟨...⟩, expected type must be an inductive type 
  ∀ (x y : ℝ), 1 / (1 + x) ^ 3 + 1 / (1 + y) ^ 3 + x ^ 3 * y ^ 3 / (1 + x * y) ^ 3 ≥ 3 / 8

workbook0/lean_workbook_plus_32673.lean:
workbook0/lean_workbook_plus_32673.lean:107:10: error: invalid constructor ⟨...⟩, expected type must be an inductive type 
  ∀ (s r R : ℝ),
    s ≥
      Real.sqrt
          ((-3 * r + 2 * R) * r *
            (-16 * R * r * Real.sqrt 3 - 20 * R * r + 3 * r ^ 2 + 16 * R ^ 2 + 8 * R ^ 2 * Real.sqrt 3)) /
        (-3 * r + 2 * R)

workbook0/lean_workbook_plus_22083.lean:
workbook0/lean_workbook_plus_22083.lean:107:10: error: invalid constructor ⟨...⟩, expected type must be an inductive type 
  ∀ (a b c : ℝ), a ^ 2 / b + b ^ 2 / c + c ^ 2 / a ≥ a + b + c

workbook0/lean_workbook_plus_32315.lean:
workbook0/lean_workbook_plus_32315.lean:106:27: error: unsolved goals
⊢ ¬?m.455 1

workbook0/lean_workbook_plus_19605.lean:
workbook0/lean_workbook_plus_19605.lean:111:14: error: unsolved goals
f : ℝ → ℝ
h₀ : Continuous f
h₁ : f 0 = 0
h₂ : ∃ x, f x ≠ x
⊢ ¬f (f 1) = 2 * f 1

workbook0/lean_workbook_plus_7976.lean:
workbook0/lean_workbook_plus_7976.lean:107:10: error: invalid constructor ⟨...⟩, expected type must be an inductive type 
  ∀ (k : ℕ), k ≥ 4 ∧ ∀ s ≤ 7 ^ (k - 1), s ^ 2 + 3 ≠ 0 ∧ ¬7 ^ k ∣ s ^ 2 + 3

workbook0/lean_workbook_plus_31169.lean:
workbook0/lean_workbook_plus_31169.lean:107:10: error: invalid constructor ⟨...⟩, expected type must be an inductive type 
  ∀ (x y z : ℝ), 0 ≤ (y - z) ^ 2 * (x ^ 2 + x * y + x * z) / ((x + y) * (z + x) * y * z)

workbook0/lean_workbook_plus_17055.lean:
workbook0/lean_workbook_plus_17055.lean:107:10: error: invalid constructor ⟨...⟩, expected type must be an inductive type 
  ∀ (a b c : ℝ),
    8 * a ^ 3 * b ^ 3 * c ^ 3 < (a ^ 2 + b ^ 2 + c ^ 2) ^ 2 * (a ^ 2 + b ^ 2 + c ^ 2 - 8 * a ^ 2 * b ^ 2 * c ^ 2)

workbook0/lean_workbook_plus_1072.lean:
workbook0/lean_workbook_plus_1072.lean:106:8: error: unknown identifier 'cos_10'

workbook0/lean_workbook_plus_60540.lean:
workbook0/lean_workbook_plus_60540.lean:106:28: error: simp made no progress

workbook0/lean_workbook_plus_76882.lean:
workbook0/lean_workbook_plus_76882.lean:105:32: error: unexpected token; expected ':'

workbook0/lean_workbook_plus_11231.lean:
workbook0/lean_workbook_plus_11231.lean:105:67: error: unsolved goals
⊢ False

workbook0/lean_workbook_plus_25498.lean:
workbook0/lean_workbook_plus_25498.lean:105:111: error: unsolved goals
⊢ False

workbook0/lean_workbook_plus_43566.lean:
workbook0/lean_workbook_plus_43566.lean:110:2: warning: aesop: failed to prove the goal after exhaustive search.
workbook0/lean_workbook_plus_43566.lean:109:21: error: unsolved goals
f : ℕ → ℕ
n : ℕ
h₂ : ∀ (n : ℕ), 1 < n → ∀ (k : ℕ), f (n + k) = f^[k] (f n) + k
w : ℕ
h : ¬f w = w
w_1 : ℕ
h_1 : ¬f w_1 = w_1 + 1
⊢ f n = n

workbook0/lean_workbook_plus_53238.lean:
workbook0/lean_workbook_plus_53238.lean:107:10: error: invalid constructor ⟨...⟩, expected type must be an inductive type 
  ∀ (a A₁ A₂ b G₁ G₂ x d y q : ℝ),
    a = x - 3 * d ∧ A₁ = x - d ∧ A₂ = x + d ∧ b = x + 3 * d →
        a = y / q ^ 3 ∧ G₁ = y / q ∧ G₂ = y * q ∧ b = y * q ^ 3 → A₁ * A₂ ≥ G₁ * G₂ ↔
      x ^ 2 - d ^ 2 ≥ y ^ 2

workbook0/lean_workbook_plus_4111.lean:
workbook0/lean_workbook_plus_4111.lean:106:29: error: unsolved goals
⊢ ¬?m.415 0

workbook0/lean_workbook_plus_28263.lean:
workbook0/lean_workbook_plus_28263.lean:105:107: error: unsolved goals
n : ℕ
⊢ ∏ k in Finset.Icc 1 99, (1 - 1 / (k + 1) ^ 2) = 50 / 99

workbook0/lean_workbook_plus_45403.lean:
workbook0/lean_workbook_plus_45403.lean:107:10: error: invalid constructor ⟨...⟩, expected type must be an inductive type 
  ∀ (a b c d : ℝ),
    a / b + b / c + c / d + d / a + 253 / 10 * (a * b + b * c + c * d + d * a + a * c + b * d) / (a + b + c + d) ^ 2 ≥
      1079 / 80

workbook0/lean_workbook_plus_63923.lean:
workbook0/lean_workbook_plus_63923.lean:106:2: error: type mismatch
  not_and_of_not_right ?m.303 ?m.305
has type
  ¬(?m.303 ∧ ?m.304) : Prop
but is expected to have type
  (¬∃ x, x * ↑⌊x⌋ = 39) ∧ ¬∃ x, x * ↑⌊x⌋ = 68 : Prop

workbook0/lean_workbook_plus_45970.lean:
workbook0/lean_workbook_plus_45970.lean:106:27: error: unsolved goals
⊢ ¬?m.2218 1

workbook0/lean_workbook_plus_27878.lean:
workbook0/lean_workbook_plus_27878.lean:107:10: error: invalid constructor ⟨...⟩, expected type must be an inductive type 
  ∀ (a b c : ℝ),
    a ≥ b ∧ b ≥ c ∧ c ≥ 0 →
      (b + c) / (a ^ 2 + b * c) + (c + a) / (b ^ 2 + c * a) + (a + b) / (c ^ 2 + a * b) ≥ 9 / (a + b + c)

workbook0/lean_workbook_plus_55955.lean:
workbook0/lean_workbook_plus_55955.lean:107:14: error: unsolved goals
x y : ℕ → ℝ
hx : ∀ (n : ℕ), x (n + 2) = x n
x1 : x 1 = 1 / Real.sqrt 2
y1 : y 1 = 1 / Real.sqrt 2
hy : ∃ n, x n = 1 / Real.sqrt 2 → y n ≠ (-1) ^ (n - 1) / Real.sqrt 2
⊢ ¬y 3 = -y 1

workbook0/lean_workbook_plus_551.lean:
workbook0/lean_workbook_plus_551.lean:105:41: error: unexpected token '|'; expected '}'

workbook0/lean_workbook_plus_2128.lean:
workbook0/lean_workbook_plus_2128.lean:107:10: error: invalid constructor ⟨...⟩, expected type must be an inductive type 
  ∀ (n : ℕ), (∀ x < n, x = 0) ∧ n = 0

workbook0/lean_workbook_plus_57742.lean:
workbook0/lean_workbook_plus_57742.lean:107:10: error: invalid constructor ⟨...⟩, expected type must be an inductive type 
  ∀ (x y z : ℝ),
    x ≥ 0 ∧ y ≥ 0 ∧ z ≥ 0 →
      (x ^ 2 * y + y ^ 2 * z + z ^ 2 * x) * (1 / (x - y) ^ 2 + 1 / (y - z) ^ 2 + 1 / (z - x) ^ 2) ≥ 4 / 5 * (x + y + z)

workbook0/lean_workbook_plus_58863.lean:
workbook0/lean_workbook_plus_58863.lean:110:2: error: linarith failed to find a contradiction
case a
x y z : ℝ
h₀ : 0 < x ∧ 0 < y ∧ 0 < z
h₁ : x + y + z = 1
h₂ : x * y + x * z + y * z = 4 * x * y * z
a✝ : 9 / 4 > x + y + z
⊢ False
failed

workbook0/lean_workbook_plus_66696.lean:
workbook0/lean_workbook_plus_66696.lean:107:8: error: unknown identifier 'modByMonic_add_div'
workbook0/lean_workbook_plus_66696.lean:107:6: error: tactic 'rewrite' failed, equality or iff proof expected
  ?m.262
P : Polynomial ℤ
a b : ℤ
h : a - b ≠ 0
⊢ a - b ∣ Polynomial.eval a P - Polynomial.eval b P

workbook0/lean_workbook_plus_32057.lean:
workbook0/lean_workbook_plus_32057.lean:107:10: error: invalid constructor ⟨...⟩, expected type must be an inductive type 
  ∀ t > 0, (t + 2) / (t + 1) ≥ 3 - 3 * t / 2

workbook0/lean_workbook_plus_54477.lean:
workbook0/lean_workbook_plus_54477.lean:112:17: error: expected token

workbook0/lean_workbook_plus_8674.lean:
workbook0/lean_workbook_plus_8674.lean:105:125: error: unsolved goals
P i n : ℝ
hP : P = 1000
hi : i = 5e-2
hn : n = 10
⊢ False

workbook0/lean_workbook_plus_65748.lean:
workbook0/lean_workbook_plus_65748.lean:108:6: error: invalid universe level, ?u.10874 is not greater than 0
workbook0/lean_workbook_plus_65748.lean:109:2: error: no goals to be solved

workbook0/lean_workbook_plus_72118.lean:
workbook0/lean_workbook_plus_72118.lean:105:119: error: unsolved goals
case intro
a : ℝ
⊢ False

workbook0/lean_workbook_plus_58052.lean:
workbook0/lean_workbook_plus_58052.lean:105:32: error: unexpected token; expected ':'

workbook0/lean_workbook_plus_4767.lean:
workbook0/lean_workbook_plus_4767.lean:107:10: error: invalid constructor ⟨...⟩, expected type must be an inductive type 
  ∀ (p : ℕ), Nat.Prime p → ↑p ≡ 2 [ZMOD 3] → ¬p ∣ 3 ^ n + 1
workbook0/lean_workbook_plus_4767.lean:108:2: error: no goals to be solved

workbook0/lean_workbook_plus_61738.lean:
workbook0/lean_workbook_plus_61738.lean:106:2: error: type mismatch
  not_forall_of_exists_not ?m.601
has type
  ¬∀ (x : ?m.599), ?m.600 x : Prop
but is expected to have type
  ∀ (a b c : ℝ), 1 / 27 ≥ a * b * c / (a + b + c) ^ 3 : Prop

workbook0/lean_workbook_plus_13010.lean:
workbook0/lean_workbook_plus_13010.lean:107:10: error: invalid constructor ⟨...⟩, expected type must be an inductive type 
  ∀ (a b c : ℝ),
    (a * b + c) / (a * b + 2 * c + 3) + (b * c + a) / (b * c + 2 * a + 3) + (c * a + b) / (c * a + 2 * b + 3) ≤
      (a + b + c + 3) / 6

workbook0/lean_workbook_plus_58450.lean:
workbook0/lean_workbook_plus_58450.lean:106:39: error: unsolved goals
⊢ ¬?m.1931 6

workbook0/lean_workbook_plus_29022.lean:
workbook0/lean_workbook_plus_29022.lean:107:9: error: invalid constructor ⟨...⟩, expected type must be an inductive type 
  ∀ (x : ℝ), rexp (x * I) = cos x + sin x * I
workbook0/lean_workbook_plus_29022.lean:108:2: error: no goals to be solved

workbook0/lean_workbook_plus_41124.lean:
workbook0/lean_workbook_plus_41124.lean:107:10: error: invalid constructor ⟨...⟩, expected type must be an inductive type 
  ∀ (x : ℝ → ℝ) (x_1 y : ℝ), (x_1 - y) * (x x_1 + x y) ≤ x (x_1 ^ 2 - y ^ 2)

workbook0/lean_workbook_plus_44257.lean:
workbook0/lean_workbook_plus_44257.lean:107:10: error: invalid constructor ⟨...⟩, expected type must be an inductive type 
  ∀ (n : ℕ), (n ≥ 4 ∧ Even n → ↑(a n) ≡ 1 [ZMOD 4]) ∧ (n ≥ 5 ∧ Odd n → ↑(a n) ≡ 0 [ZMOD 4])
workbook0/lean_workbook_plus_44257.lean:108:2: error: no goals to be solved

workbook0/lean_workbook_plus_75291.lean:
workbook0/lean_workbook_plus_75291.lean:106:43: error: unsolved goals
⊢ ¬?m.211 (π / 2)

workbook0/lean_workbook_plus_50893.lean:
workbook0/lean_workbook_plus_50893.lean:109:2: error: failed to prove positivity/nonnegativity/nonzeroness

workbook0/lean_workbook_plus_33414.lean:
workbook0/lean_workbook_plus_33414.lean:107:12: error: invalid field notation, type is not of the form (C ...) where C is a constant
  h₁
has type
  a = 1 → b = 2 → c ≠ 3

workbook0/lean_workbook_plus_27711.lean:
workbook0/lean_workbook_plus_27711.lean:107:10: error: invalid constructor ⟨...⟩, expected type must be an inductive type 
  ∀ (y : ℝ), 1 / (1 + y ^ 2) ≤ 27 / 50 * (2 - y)

workbook0/lean_workbook_plus_50900.lean:
workbook0/lean_workbook_plus_50900.lean:107:8: error: invalid constructor ⟨...⟩, expected type must be an inductive type 
  ∀ (x y z : ℝ), 117 - 42 * x - 38 * y - 32 * z ≥ 0

workbook0/lean_workbook_plus_29511.lean:
workbook0/lean_workbook_plus_29511.lean:107:10: error: invalid constructor ⟨...⟩, expected type must be an inductive type 
  ∀ (x y z : ℝ),
    x ≠ 0 ∧ y ≠ 0 ∧ z ≠ 0 →
      (x + y + z)⁻¹ * (x⁻¹ + y⁻¹ + z⁻¹) * (x * y + y * z + x * z)⁻¹ * (x * y)⁻¹ * (y * z)⁻¹ * (x * z)⁻¹ =
        x⁻¹ * y⁻¹ * z⁻¹ * x⁻¹ * y⁻¹ * z⁻¹

workbook0/lean_workbook_plus_55187.lean:
workbook0/lean_workbook_plus_55187.lean:108:2: error: simp made no progress

workbook0/lean_workbook_plus_402.lean:
workbook0/lean_workbook_plus_402.lean:108:56: error: unsolved goals
p q r a b : ℝ
h₀ : p + q + r = a⁻¹
h₁ : p * q + p * r + q * r = a⁻¹ * b
⊢ a * b = a ^ 2 * a⁻¹ * b

workbook0/lean_workbook_plus_30485.lean:
workbook0/lean_workbook_plus_30485.lean:107:10: error: invalid constructor ⟨...⟩, expected type must be an inductive type 
  ∀ (a b c : ℝ),
    2 * a / (a + b) + 2 * b / (b + c) + 2 * c / (c + a) + (b - c) * (c - a) * (a - b) / ((b + c) * (c + a) * (a + b)) =
      3

workbook0/lean_workbook_plus_1451.lean:
workbook0/lean_workbook_plus_1451.lean:105:66: error: unsolved goals
⊢ False

workbook0/lean_workbook_plus_42173.lean:
workbook0/lean_workbook_plus_42173.lean:105:43: error: expected token

workbook0/lean_workbook_plus_57393.lean:
workbook0/lean_workbook_plus_57393.lean:108:2: error: tactic 'introN' failed, insufficient number of binders
x : ℝ
h₀ : 2 * (x ^ 2 + 1 / 4) / (x ^ 2 - 1 / 4) ^ 2 = 13 / 36
⊢ x = -3 ∨ x = 2

workbook0/lean_workbook_plus_14197.lean:
workbook0/lean_workbook_plus_14197.lean:107:10: error: invalid constructor ⟨...⟩, expected type must be an inductive type 
  ∀ (a b c : ℝ), a / (b * c + 1) + b / (c * a + 1) + c / (a * b + 1) + a * b * c ≤ 5 / 2

workbook0/lean_workbook_plus_19717.lean:
workbook0/lean_workbook_plus_19717.lean:105:62: error: unsolved goals
⊢ False

workbook0/lean_workbook_plus_51684.lean:
workbook0/lean_workbook_plus_51684.lean:105:148: error: unsolved goals
R : Type u_1
inst✝ : Ring R
A B : Matrix (Fin 2) (Fin 2) R
h : A * B = -(B * A)
⊢ -(B * (A * (B * A))) = B * (B * (A * A))

workbook0/lean_workbook_plus_73375.lean:
workbook0/lean_workbook_plus_73375.lean:106:39: error: unsolved goals
⊢ ¬?m.519 0

workbook0/lean_workbook_plus_11900.lean:
workbook0/lean_workbook_plus_11900.lean:107:9: error: invalid constructor ⟨...⟩, expected type must be an inductive type 
  ∀ ε > 0, ∃ δ > 0, ∀ x ∈ Set.Ioo (-δ) δ, |Real.log (1 + x) / x - 1| < ε

workbook0/lean_workbook_plus_35280.lean:
workbook0/lean_workbook_plus_35280.lean:105:127: error: unsolved goals
n : ℕ
⊢ False

workbook0/lean_workbook_plus_59323.lean:
workbook0/lean_workbook_plus_59323.lean:111:9: error: invalid constructor ⟨...⟩, expected type must be an inductive type 
  ∀ (a b c : ℝ),
    Real.sqrt ((a ^ 2 + b ^ 2 + c ^ 2) / (a * b + b * c + c * a)) +
        Real.sqrt 2 *
          Real.sqrt
            (a * b / (a ^ 2 + a * b + b * c) + b * c / (b ^ 2 + b * c + c * a) + c * a / (c ^ 2 + c * a + a * b)) ≥
      1 + Real.sqrt 2
workbook0/lean_workbook_plus_59323.lean:112:2: error: no goals to be solved

workbook0/lean_workbook_plus_59982.lean:
workbook0/lean_workbook_plus_59982.lean:105:124: error: unsolved goals
n : ℕ
⊢ ∑ k in Finset.Icc 2000 2099, k - ∑ k in Finset.Icc 1900 1999, k = 5000

workbook0/lean_workbook_plus_41120.lean:
workbook0/lean_workbook_plus_41120.lean:110:22: error: unsolved goals
s : ℕ → ℕ
h₀ : s 1 = 2
h₁ : s 2 = 4
h₂ : s 3 = 8
h₃ : ∀ (n : ℕ), s (n + 3) = s (n + 2) + s (n + 1) + s n
⊢ False

workbook0/lean_workbook_plus_23099.lean:
workbook0/lean_workbook_plus_23099.lean:106:2: error: simp made no progress

workbook0/lean_workbook_plus_18802.lean:
workbook0/lean_workbook_plus_18802.lean:105:174: error: unsolved goals
x y z : ℝ
hx : 0 < x
hy : 0 < y
hz : 0 < z
⊢ False

workbook0/lean_workbook_plus_31672.lean:
workbook0/lean_workbook_plus_31672.lean:106:27: error: unsolved goals
n! : ℝ
⊢ ¬?m.1683 0

workbook0/lean_workbook_plus_69069.lean:
workbook0/lean_workbook_plus_69069.lean:105:32: error: unexpected token; expected ':'

workbook0/lean_workbook_plus_13650.lean:
workbook0/lean_workbook_plus_13650.lean:106:67: error: unsolved goals
⊢ ∏ k in Finset.Icc 1 8, choose (16 - 2 * k) 2 = 16! / 2 ^ 8

workbook0/lean_workbook_plus_5905.lean:
workbook0/lean_workbook_plus_5905.lean:107:10: error: invalid constructor ⟨...⟩, expected type must be an inductive type 
  ∀ (a b c : ℝ), a ^ 3 + b ^ 3 + c ^ 3 ≥ c * (a ^ 2 + a * b + b ^ 2)

workbook0/lean_workbook_plus_30366.lean:
workbook0/lean_workbook_plus_30366.lean:107:9: error: invalid constructor ⟨...⟩, expected type must be an inductive type 
  ∀ ε > 0, ∃ δ > 0, ∀ x ∈ Set.Ioo (-δ) δ, |x / sin x - 1| < ε

workbook0/lean_workbook_plus_5758.lean:
workbook0/lean_workbook_plus_5758.lean:106:2: error: simp made no progress

workbook0/lean_workbook_plus_13196.lean:
workbook0/lean_workbook_plus_13196.lean:105:93: error: expected token

workbook0/lean_workbook_plus_46990.lean:
workbook0/lean_workbook_plus_46990.lean:107:10: error: invalid constructor ⟨...⟩, expected type must be an inductive type 
  ∀ (n : ℕ), ∑ r in Finset.range n, (n + 1 - r) = ∑ r in Finset.range n, r

workbook0/lean_workbook_plus_8205.lean:
workbook0/lean_workbook_plus_8205.lean:105:120: error: unsolved goals
⊢ False

workbook0/lean_workbook_plus_27973.lean:
workbook0/lean_workbook_plus_27973.lean:107:10: error: invalid constructor ⟨...⟩, expected type must be an inductive type 
  ∀ (x x_1 x_2 : ℕ), ¬3 ^ x - 2 ^ x = (3 ^ x_1 - 2 ^ x_1) * (3 ^ x_2 - 2 ^ x_2)

workbook0/lean_workbook_plus_70707.lean:
workbook0/lean_workbook_plus_70707.lean:106:39: error: unsolved goals
⊢ ¬?m.378 0

workbook0/lean_workbook_plus_9060.lean:
workbook0/lean_workbook_plus_9060.lean:107:10: error: invalid constructor ⟨...⟩, expected type must be an inductive type 
  ∀ (a : ℝ), -(27 / 392) * (a - 1 / 3) + 9 / 28 ≥ 1 / (a ^ 2 + 3)

workbook0/lean_workbook_plus_5821.lean:
workbook0/lean_workbook_plus_5821.lean:107:27: error: unsolved goals
f : ℝ → ℝ
hf : ∃ x, x ≠ 0 ∧ f x ≠ 1 / x
⊢ ¬f 1 * f (f 1 + 1) = 1

workbook0/lean_workbook_plus_3853.lean:
workbook0/lean_workbook_plus_3853.lean:106:13: error: linarith failed to find a contradiction
case h
x : ℝ
h : x > 5
a✝ : x + 5 ≥ 1
⊢ False
failed

workbook0/lean_workbook_plus_59322.lean:
workbook0/lean_workbook_plus_59322.lean:106:2: warning: aesop: failed to prove the goal after exhaustive search.
workbook0/lean_workbook_plus_59322.lean:107:30: error: unknown identifier 'a'

workbook0/lean_workbook_plus_68541.lean:
Try this: ring_nf
workbook0/lean_workbook_plus_68541.lean:106:66: error: unsolved goals
t X : ℝ
h : t = sin X - cos X
⊢ -cos X ^ 3 = cos X * (-3 / 2) + cos X * (1 - cos X ^ 2) * (3 / 2) + cos X ^ 3 * 2⁻¹

workbook0/lean_workbook_plus_60369.lean:
workbook0/lean_workbook_plus_60369.lean:105:32: error: unexpected token; expected ':'

workbook0/lean_workbook_plus_64225.lean:
workbook0/lean_workbook_plus_64225.lean:107:10: error: invalid constructor ⟨...⟩, expected type must be an inductive type 
  ∀ (a b c : ℝ), 1 / (2 + b ^ 2 + c ^ 2) + 1 / (2 + c ^ 2 + a ^ 2) + 1 / (2 + a ^ 2 + b ^ 2) ≤ 3 / 4

workbook0/lean_workbook_plus_9243.lean:
workbook0/lean_workbook_plus_9243.lean:105:33: error: unexpected token '^'; expected ':'

workbook0/lean_workbook_plus_53806.lean:
workbook0/lean_workbook_plus_53806.lean:107:10: error: invalid constructor ⟨...⟩, expected type must be an inductive type 
  ∀ (n : ℕ), 2 * choose (2 * n - 1) n = ∏ k in Finset.Icc 1 n, (4 - 2 / k)

workbook0/lean_workbook_plus_45360.lean:
workbook0/lean_workbook_plus_45360.lean:105:34: error: unexpected token; expected '_' or identifier

workbook0/lean_workbook_plus_62573.lean:
workbook0/lean_workbook_plus_62573.lean:105:32: error: unexpected token '∀'; expected ':'

workbook0/lean_workbook_plus_13431.lean:
workbook0/lean_workbook_plus_13431.lean:107:6: error: tactic 'rewrite' failed, did not find instance of the pattern in the target expression
  ?m.4387 / ?m.4388 ≤ ?m.4389 / ?m.4390
x y : ℝ
hx : x > 0
hy : y > 0
⊢ (x * (y + 1) + y * (x + 1)) / ((x + 1) * (y + 1)) < (x + y) / (x + (y + 1))

workbook0/lean_workbook_plus_63402.lean:
workbook0/lean_workbook_plus_63402.lean:107:10: error: invalid constructor ⟨...⟩, expected type must be an inductive type 
  ∀ (a b c : ℝ), 9 + (a + b + c) * (1 / a + 1 / b + 1 / c) ≥ 6 * 3

workbook0/lean_workbook_plus_60171.lean:
workbook0/lean_workbook_plus_60171.lean:106:39: error: unsolved goals
⊢ ¬?m.845 1

workbook0/lean_workbook_plus_54116.lean:
workbook0/lean_workbook_plus_54116.lean:107:10: error: invalid constructor ⟨...⟩, expected type must be an inductive type 
  ∀ (a b c : ℝ), (2 / a + 3 / b + 1 / c) * (2 * a + 3 * b + c) ≥ 36

workbook0/lean_workbook_plus_36347.lean:
workbook0/lean_workbook_plus_36347.lean:110:10: error: invalid constructor ⟨...⟩, expected type must be an inductive type 
  ∀ (k : ℕ), (∀ (l : ℕ), 1 ≤ l → ∀ (p : ℕ), Nat.Prime p → p ∣ k ∨ p ∣ φ^[l] k) ↔ k = 1 ∨ k = 2 ∨ k = 3

workbook0/lean_workbook_plus_46163.lean:
workbook0/lean_workbook_plus_46163.lean:105:35: error: expected token

workbook0/lean_workbook_plus_22862.lean:
workbook0/lean_workbook_plus_22862.lean:106:2: warning: aesop: failed to prove the goal after exhaustive search.
workbook0/lean_workbook_plus_22862.lean:105:194: error: unsolved goals
k : ℕ
a : ℕ → ℕ
a0 : a 0 = 0
a_rec :
  ∀ (n : ℕ),
    ↑(a (n + 1)) = (↑(a n) + 1) * ↑k + (↑k + 1) * ↑(a n) + 2 * Real.sqrt (↑k * (↑k + 1) * ↑(a n) * (↑(a n) + 1))
n : ℕ
⊢ 0 < a n

workbook0/lean_workbook_plus_1441.lean:
workbook0/lean_workbook_plus_1441.lean:106:43: error: unsolved goals
⊢ ¬?m.567 0

workbook0/lean_workbook_plus_34374.lean:
workbook0/lean_workbook_plus_34374.lean:113:2: error: linarith failed to find a contradiction
case h1.h
b d t : ℝ
f : ℝ → ℝ
h₀ : 0 < b ∧ 0 < d
h₁ : t ^ 2 = (b ^ 3 - d) / b
h₂ : ∀ (x : ℝ), f x = (x - b) * (x - (b + t)) * (x - (b - t))
a✝ : 0 < d
⊢ False
failed

workbook0/lean_workbook_plus_32490.lean:
workbook0/lean_workbook_plus_32490.lean:106:2: error: tactic 'introN' failed, insufficient number of binders
⊢ ∃ x, x ^ 4 + x + 1 ≡ 0 [ZMOD 2]

workbook0/lean_workbook_plus_79712.lean:
workbook0/lean_workbook_plus_79712.lean:107:2: error: simp made no progress

workbook0/lean_workbook_plus_3460.lean:
workbook0/lean_workbook_plus_3460.lean:105:127: error: unsolved goals
x y z : ℝ
hx : x = Real.sqrt 2
hy : y = 3 ^ (1 / 3)
hz : z = 5 ^ (1 / 5)
⊢ False

workbook0/lean_workbook_plus_2833.lean:
workbook0/lean_workbook_plus_2833.lean:111:48: error: expected token

workbook0/lean_workbook_plus_69074.lean:
workbook0/lean_workbook_plus_69074.lean:107:27: error: unsolved goals
f : ℝ → ℝ
hf1 : ∀ (x : ℝ), 0 < x → f (f x) = x
hf2 : ∃ x, 0 < x ∧ f x ≠ x
⊢ ¬f 2 = f 1 / (f 1 + 1)

workbook0/lean_workbook_plus_54495.lean:
workbook0/lean_workbook_plus_54495.lean:106:2: error: simp made no progress

workbook0/lean_workbook_plus_28226.lean:
workbook0/lean_workbook_plus_28226.lean:107:6: error: invalid universe level, ?u.5060 is not greater than 0
workbook0/lean_workbook_plus_28226.lean:107:9: error: too many arguments supplied to `use`

workbook0/lean_workbook_plus_16488.lean:
workbook0/lean_workbook_plus_16488.lean:107:17: error: unsolved goals
f : ℚ → ℚ
h : ∃ x, f x ≠ 3
⊢ ¬f (f 0) = 3 + (f 0 - 2) * f 0

workbook0/lean_workbook_plus_27534.lean:
workbook0/lean_workbook_plus_27534.lean:105:32: error: unexpected token '∀'; expected ':'

workbook0/lean_workbook_plus_72639.lean:
workbook0/lean_workbook_plus_72639.lean:106:2: error: simp made no progress

workbook0/lean_workbook_plus_61512.lean:
workbook0/lean_workbook_plus_61512.lean:105:105: error: unsolved goals
f : ℤ → ℤ
hf : ∃ x, f x ≠ x
⊢ f (-1) = 1 → f 0 = 0 → ¬f 1 = -1

workbook0/lean_workbook_plus_31546.lean:
workbook0/lean_workbook_plus_31546.lean:105:40: error: unexpected token ')'; expected ':=', 'where' or '|'

workbook0/lean_workbook_plus_37361.lean:
workbook0/lean_workbook_plus_37361.lean:106:39: error: unsolved goals
⊢ ¬?m.3411 0

workbook0/lean_workbook_plus_73603.lean:
workbook0/lean_workbook_plus_73603.lean:107:10: error: invalid constructor ⟨...⟩, expected type must be an inductive type 
  ∀ (a : ℕ → ℝ), ∑ i in Finset.range 1999, a i ≥ -OfScientific.ofScientific 199925 true 2

workbook0/lean_workbook_plus_50587.lean:
workbook0/lean_workbook_plus_50587.lean:107:10: error: invalid constructor ⟨...⟩, expected type must be an inductive type 
  ∀ (a b c : ℝ),
    a ^ 2 / (a ^ 2 + a * b + b ^ 2) + b ^ 2 / (b ^ 2 + b * c + c ^ 2) + c ^ 2 / (c ^ 2 + c * a + a ^ 2) +
        (a * b + b * c + c * a) / (a ^ 2 + b ^ 2 + c ^ 2) ≤
      2

workbook0/lean_workbook_plus_33080.lean:
workbook0/lean_workbook_plus_33080.lean:107:10: error: invalid constructor ⟨...⟩, expected type must be an inductive type 
  ∀ (a b c d : ℝ), a + ab ^ (1 / 2) + abc ^ (1 / 3) + abcd ^ (1 / 4) ≤ 10 / 7 * (a + b + c + d)

workbook0/lean_workbook_plus_16767.lean:
workbook0/lean_workbook_plus_16767.lean:107:10: error: invalid constructor ⟨...⟩, expected type must be an inductive type 
  ∀ (x y z : ℝ) (t : ℕ),
    x ^ (t + 1) * (y - z) ^ 2 + y ^ (t + 1) * (z - x) ^ 2 + z ^ (t + 1) * (x - y) ^ 2 ≥
      1 / 2 * (x ^ t + y ^ t + z ^ t) * (x + y - 2 * z) * (y + z - 2 * x) * (z + x - 2 * y)

workbook0/lean_workbook_plus_8001.lean:
workbook0/lean_workbook_plus_8001.lean:105:70: error: unsolved goals
h₁ : 3 < 4
⊢ False

workbook0/lean_workbook_plus_48572.lean:
workbook0/lean_workbook_plus_48572.lean:106:27: error: unsolved goals
⊢ ¬?m.996 1

workbook0/lean_workbook_plus_74810.lean:
workbook0/lean_workbook_plus_74810.lean:107:9: error: invalid constructor ⟨...⟩, expected type must be an inductive type 
  ∀ (n : ℕ), Real.sqrt ↑n + Real.sqrt (↑n + 2) > 2 * Real.sqrt (↑n + OfScientific.ofScientific 8 true 1)
workbook0/lean_workbook_plus_74810.lean:108:2: error: no goals to be solved

workbook0/lean_workbook_plus_58213.lean:
workbook0/lean_workbook_plus_58213.lean:106:2: warning: aesop: failed to prove the goal after exhaustive search.
workbook0/lean_workbook_plus_58213.lean:105:117: error: unsolved goals
case left
x y : ℝ
hx : x ^ 2 + y ^ 2 = 1
hy : 3 * x ^ 3 - y ^ 3 = (x + y)⁻¹
⊢ x = 1

case right
x y : ℝ
hx : x ^ 2 + y ^ 2 = 1
hy : 3 * x ^ 3 - y ^ 3 = (x + y)⁻¹
⊢ y = 0

workbook0/lean_workbook_plus_58636.lean:
workbook0/lean_workbook_plus_58636.lean:107:2: error: omega did not find a contradiction:
[0, 0, 0, 0, 0, 1] ∈ [0, ∞)
[0, 0, 0, 0, 1] ∈ [0, ∞)
[0, 0, 0, 0, 1, 1] ∈ [0, ∞)

workbook0/lean_workbook_plus_16299.lean:
workbook0/lean_workbook_plus_16299.lean:107:10: error: invalid constructor ⟨...⟩, expected type must be an inductive type 
  ∀ (b c k : ℝ), b ^ k / (b + c) ≥ k * b / 2 - (b + c) / 4 - (k - 2) / 2

workbook0/lean_workbook_plus_63758.lean:
workbook0/lean_workbook_plus_63758.lean:107:22: error: expected token
workbook0/lean_workbook_plus_63758.lean:105:111: error: unsolved goals
h1 : 0 < sorryAx ℝ true
⊢ 1 / 2 * (Real.sqrt 3)⁻¹ + 3 / 28 < 3 / 4

workbook0/lean_workbook_plus_45843.lean:
workbook0/lean_workbook_plus_45843.lean:106:27: error: unsolved goals
n! : ℕ
⊢ ¬?m.2689 1

workbook0/lean_workbook_plus_40544.lean:
workbook0/lean_workbook_plus_40544.lean:105:118: error: unsolved goals
a : ℕ → ℕ
a1 : a 0 = 1
a_rec : ∀ (n : ℕ), a (n + 1) = 5 * a n + 6
⊢ False

workbook0/lean_workbook_plus_38905.lean:
workbook0/lean_workbook_plus_38905.lean:105:148: error: unsolved goals
n : ℕ
⊢ False

workbook0/lean_workbook_plus_52444.lean:
workbook0/lean_workbook_plus_52444.lean:106:39: error: unsolved goals
⊢ ¬?m.1275 0

workbook0/lean_workbook_plus_46411.lean:
workbook0/lean_workbook_plus_46411.lean:107:2: error: linarith failed to find a contradiction
case h1.h
a b : ℝ
ha : a = 3 / 10 + 3 / 5 * (1 - b)
hb : b = 7 / 20 + 9 / 20 * (1 - a)
a✝ : a < 5753424657534247 / 10000000000000000
⊢ False
failed

workbook0/lean_workbook_plus_48594.lean:
workbook0/lean_workbook_plus_48594.lean:106:2: error: simp made no progress

workbook0/lean_workbook_plus_68918.lean:
workbook0/lean_workbook_plus_68918.lean:106:2: error: simp made no progress

workbook0/lean_workbook_plus_14930.lean:
workbook0/lean_workbook_plus_14930.lean:107:10: error: invalid constructor ⟨...⟩, expected type must be an inductive type 
  ∀ (m n : ℕ), m > n → (1 + 1 / m) ^ m > (1 + 1 / n) ^ n

workbook0/lean_workbook_plus_44142.lean:
workbook0/lean_workbook_plus_44142.lean:107:10: error: invalid constructor ⟨...⟩, expected type must be an inductive type 
  ∀ (k : ℕ), 4 * sin (2 * ↑k * π / 7) - tan (↑k * π / 7) = if k = 1 ∨ k = 2 ∨ k = 4 then Real.sqrt 7 else -Real.sqrt 7

workbook0/lean_workbook_plus_54695.lean:
workbook0/lean_workbook_plus_54695.lean:107:10: error: invalid constructor ⟨...⟩, expected type must be an inductive type 
  ∀ (a b c : ℝ), a⁻¹ + b⁻¹ + c⁻¹ = 1 → 63 ≤ a + b + c + 2 * a * b * c

workbook0/lean_workbook_plus_79427.lean:
workbook0/lean_workbook_plus_79427.lean:106:2: error: tactic 'introN' failed, insufficient number of binders
a : ℕ → ℚ
a0 : a 0 = 0
a1 : a 1 = 1
a_rec : ∀ (m n : ℕ), m ≥ n ∧ n ≥ 0 → a (m + n) + a (m - n) = (a (2 * m) + a (2 * n)) / 2
⊢ a 2 = 1 ∧ a 3 = 3 ∧ a 4 = 7 ∧ a 5 = 15 ∧ a 6 = 31 ∧ a 7 = 63 ∧ a 8 = 127 ∧ a 9 = 255 ∧ a 10 = 511

workbook0/lean_workbook_plus_45305.lean:
workbook0/lean_workbook_plus_45305.lean:107:10: error: invalid constructor ⟨...⟩, expected type must be an inductive type 
  ∀ (a b c : ℝ),
    a ^ 2 * b + 2 * c ^ 2 * a ≥ 3 * (a ^ 4 * b * c ^ 4) ^ (1 / 3) ∧
      c ^ 2 * a + 2 * b ^ 2 * c ≥ 3 * (a * b ^ 4 * c ^ 4) ^ (1 / 3) ∧
        b ^ 2 * c + 2 * a ^ 2 * b ≥ 3 * (a ^ 4 * b ^ 4 * c) ^ (1 / 3) ∧
          b ^ 2 * a + 2 * c ^ 2 * b ≥ 3 * (a ^ 4 * b * c ^ 4) ^ (1 / 3) ∧
            c ^ 2 * b + 2 * a ^ 2 * c ≥ 3 * (a ^ 4 * b * c ^ 4) ^ (1 / 3) ∧
              a ^ 2 * c + 2 * b ^ 2 * a ≥ 3 * (a ^ 4 * b ^ 4 * c) ^ (1 / 3)

workbook0/lean_workbook_plus_394.lean:
workbook0/lean_workbook_plus_394.lean:107:10: error: invalid constructor ⟨...⟩, expected type must be an inductive type 
  ∀ (a b c : ℝ),
    4 * (a * b ^ 2 * c ^ 3 + b * c ^ 2 * a ^ 3 + c * a ^ 2 * b ^ 3) + 2 * (b * c ^ 5 + c * a ^ 5 + a * b ^ 5) +
        2 * (a ^ 2 * c ^ 4 + b ^ 2 * a ^ 4 + c ^ 2 * b ^ 4) ≥
      6 * a ^ 2 * b ^ 2 * c ^ 2 + 3 * (a * b * c ^ 4 + b * c * a ^ 4 + c * a * b ^ 4) +
        3 * (a ^ 3 * b ^ 3 + b ^ 3 * c ^ 3 + c ^ 3 * a ^ 3)

workbook0/lean_workbook_plus_36408.lean:
workbook0/lean_workbook_plus_36408.lean:107:12: error: linarith failed to find a contradiction
case h1.h
a b : ℝ
ha : 3 * a ^ 3 - 3 * a ^ 2 + 3 * a = 1
hb : 3 * b ^ 3 - 3 * b ^ 2 - 3 * b = 1
a✝ : (a - 1) * (b - 1) < a * b
⊢ False
failed
workbook0/lean_workbook_plus_36408.lean:105:165: error: unsolved goals
a b : ℝ
ha : 3 * a ^ 3 - 3 * a ^ 2 + 3 * a = 1
hb : 3 * b ^ 3 - 3 * b ^ 2 - 3 * b = 1
⊢ (a - 1) * (b - 1) = a * b

workbook0/lean_workbook_plus_68558.lean:
workbook0/lean_workbook_plus_68558.lean:105:172: error: unsolved goals
⊢ False

workbook0/lean_workbook_plus_5548.lean:
workbook0/lean_workbook_plus_5548.lean:107:10: error: invalid constructor ⟨...⟩, expected type must be an inductive type 
  ∀ (a b c d : ℝ), (a * c + b * d) * (a * c + b * d) ≤ (a + b) * (a + b) * (c * c + d * d)

workbook0/lean_workbook_plus_47447.lean:
workbook0/lean_workbook_plus_47447.lean:105:32: error: unexpected token '∀'; expected ':'

workbook0/lean_workbook_plus_6473.lean:
workbook0/lean_workbook_plus_6473.lean:106:2: error: simp made no progress

workbook0/lean_workbook_plus_76514.lean:
workbook0/lean_workbook_plus_76514.lean:105:125: error: unsolved goals
p : ℚ
hp : p = 3 / 4
n : ℕ
hn : n = 5
⊢ False

workbook0/lean_workbook_plus_67402.lean:
workbook0/lean_workbook_plus_67402.lean:107:10: error: invalid constructor ⟨...⟩, expected type must be an inductive type 
  ∀ (t : ℝ),
    3 * (2 * t / (1 + t ^ 2)) + Real.sqrt 3 * ((1 - t ^ 2) / (1 + t ^ 2)) + Real.sqrt 3 =
      4 * (2 * t / (1 + t ^ 2)) * ((1 - t ^ 2) / (1 + t ^ 2))

workbook0/lean_workbook_plus_20146.lean:
workbook0/lean_workbook_plus_20146.lean:105:32: error: unexpected token '∑'; expected ':'

workbook0/lean_workbook_plus_37712.lean:
workbook0/lean_workbook_plus_37712.lean:105:62: error: expected token

workbook0/lean_workbook_plus_25386.lean:
workbook0/lean_workbook_plus_25386.lean:107:10: error: invalid constructor ⟨...⟩, expected type must be an inductive type 
  ∀ (a b c : ℝ),
    a ∈ Set.Icc 0 1 ∧ b ∈ Set.Icc 0 1 ∧ c ∈ Set.Icc 0 1 → a / (1 + b * c) + b / (1 + a * c) + c / (1 + a * b) ≤ 1

workbook0/lean_workbook_plus_1247.lean:
workbook0/lean_workbook_plus_1247.lean:107:12: error: unknown constant 'Real.logb_eq_iff_rpow_eq'

workbook0/lean_workbook_plus_75507.lean:
workbook0/lean_workbook_plus_75507.lean:107:10: error: invalid constructor ⟨...⟩, expected type must be an inductive type 
  ∀ (a b c : ℝ), 1 / (a ^ 2 + a + 1) + 1 / (b ^ 2 + b + 1) + 1 / (c ^ 2 + c + 1) ≥ 1

workbook0/lean_workbook_plus_30173.lean:
workbook0/lean_workbook_plus_30173.lean:106:2: error: simp made no progress

workbook0/lean_workbook_plus_77196.lean:
workbook0/lean_workbook_plus_77196.lean:108:12: warning: aesop: failed to prove the goal after exhaustive search.
workbook0/lean_workbook_plus_77196.lean:108:12: warning: aesop: failed to prove the goal after exhaustive search.
workbook0/lean_workbook_plus_77196.lean:109:2: error: simp made no progress

workbook0/lean_workbook_plus_21854.lean:
workbook0/lean_workbook_plus_21854.lean:109:2: error: simp made no progress

workbook0/lean_workbook_plus_64490.lean:
workbook0/lean_workbook_plus_64490.lean:107:10: error: invalid constructor ⟨...⟩, expected type must be an inductive type 
  ∀ (a b c : ℝ), (a / b) ^ 2 + 3 * (b / c) ^ 2 + 3 * (c / a) ^ 2 ≥ 2 * (a / c + c / b + b / a)

workbook0/lean_workbook_plus_79017.lean:
workbook0/lean_workbook_plus_79017.lean:105:44: error: unexpected token; expected ')'

workbook0/lean_workbook_plus_4779.lean:
workbook0/lean_workbook_plus_4779.lean:107:10: error: invalid constructor ⟨...⟩, expected type must be an inductive type 
  ∀ (a b c : ℝ),
    a ^ 2 * (b + c) / (b ^ 2 + c ^ 2) + b ^ 2 * (c + a) / (c ^ 2 + a ^ 2) + c ^ 2 * (a + b) / (a ^ 2 + b ^ 2) ≥
      a + b + c

workbook0/lean_workbook_plus_65569.lean:
workbook0/lean_workbook_plus_65569.lean:107:10: error: invalid constructor ⟨...⟩, expected type must be an inductive type 
  ∀ (n : ℕ), 0 < n ∧ ∑ k in Finset.Icc 2 n, X k = ∑ k in Finset.Icc 2 n, (p k - 1 / ↑k ^ 2)

workbook0/lean_workbook_plus_65711.lean:
workbook0/lean_workbook_plus_65711.lean:111:2: error: failed to prove positivity/nonnegativity/nonzeroness

workbook0/lean_workbook_plus_70639.lean:
workbook0/lean_workbook_plus_70639.lean:109:2: error: tactic 'introN' failed, insufficient number of binders
p : ℕ → ℝ
h₀ : 2 * p 2 - p 1 - 1 = 0
h₁ : ∀ (n : ℕ), p (n + 2) = p (n + 1) - p n
⊢ ∃ α β, ∀ (n : ℕ), p n = α + β * (-1 / 2) ^ n

workbook0/lean_workbook_plus_39514.lean:
workbook0/lean_workbook_plus_39514.lean:105:180: error: unsolved goals
a b c : ℝ
ha : 0 ≤ a
hb : 0 ≤ b
hc : 0 ≤ c
⊢ False

workbook0/lean_workbook_plus_3466.lean:
workbook0/lean_workbook_plus_3466.lean:107:10: error: invalid constructor ⟨...⟩, expected type must be an inductive type 
  ∀ (a b c p q r : ℝ),
    a > 0 ∧ b > 0 ∧ c > 0 ∧ a + b + c = 1 ∧ p + q + r = 1 →
      c / a ≤ (2 * (p * q + p * r + q * r) + p ^ 2 + q ^ 2 + r ^ 2) / 3

workbook0/lean_workbook_plus_19119.lean:
workbook0/lean_workbook_plus_19119.lean:117:23: error: tactic 'apply' failed, failed to unify
  ?a ≤ ?b
with
  0 ≤ ?m.20523
a b c : ℝ
ha : 0 < a
hb : 0 < b
hc : 0 < c
habc : a * b * c = 1
h : a ^ 3 + b ^ 3 + c ^ 3 + a * b * c = 4
h1 : 0 ≤ 1 - a * b * c * 2 + a ^ 2 * b ^ 2 * c ^ 2
h2 : 0 ≤ -(a * b ^ 2 * c * 2) + a ^ 2 * b ^ 2 + b ^ 2 * c ^ 2
h3 : 0 ≤ -(a * b * c ^ 2 * 2) + a ^ 2 * c ^ 2 + b ^ 2 * c ^ 2
h4 : 0 ≤ -(a * b ^ 2 * c ^ 2 * 2) + a ^ 2 * b ^ 2 * c ^ 2 + b ^ 2 * c ^ 2
h5 : 0 ≤ -(a ^ 2 * b * c * 2) + a ^ 2 * b ^ 2 + a ^ 2 * c ^ 2
h6 : 0 ≤ a ^ 2 * b ^ 2 - a ^ 2 * b ^ 2 * c * 2 + a ^ 2 * b ^ 2 * c ^ 2
h7 : 0 ≤ a ^ 2 * b ^ 2 * c ^ 2 - a ^ 3 * b ^ 3 * c ^ 3 * 2 + a ^ 4 * b ^ 4 * c ^ 4
⊢ 0 ≤ ?m.20523
workbook0/lean_workbook_plus_19119.lean:117:38: error: tactic 'apply' failed, failed to unify
  ?a ≤ ?b
with
  0 ≤ ?m.20524
a b c : ℝ
ha : 0 < a
hb : 0 < b
hc : 0 < c
habc : a * b * c = 1
h : a ^ 3 + b ^ 3 + c ^ 3 + a * b * c = 4
h1 : 0 ≤ 1 - a * b * c * 2 + a ^ 2 * b ^ 2 * c ^ 2
h2 : 0 ≤ -(a * b ^ 2 * c * 2) + a ^ 2 * b ^ 2 + b ^ 2 * c ^ 2
h3 : 0 ≤ -(a * b * c ^ 2 * 2) + a ^ 2 * c ^ 2 + b ^ 2 * c ^ 2
h4 : 0 ≤ -(a * b ^ 2 * c ^ 2 * 2) + a ^ 2 * b ^ 2 * c ^ 2 + b ^ 2 * c ^ 2
h5 : 0 ≤ -(a ^ 2 * b * c * 2) + a ^ 2 * b ^ 2 + a ^ 2 * c ^ 2
h6 : 0 ≤ a ^ 2 * b ^ 2 - a ^ 2 * b ^ 2 * c * 2 + a ^ 2 * b ^ 2 * c ^ 2
h7 : 0 ≤ a ^ 2 * b ^ 2 * c ^ 2 - a ^ 3 * b ^ 3 * c ^ 3 * 2 + a ^ 4 * b ^ 4 * c ^ 4
⊢ 0 ≤ ?m.20524

workbook0/lean_workbook_plus_72265.lean:
workbook0/lean_workbook_plus_72265.lean:105:37: error: unexpected token '|'; expected '}'

workbook0/lean_workbook_plus_7009.lean:
workbook0/lean_workbook_plus_7009.lean:107:92: error: unsolved goals
⊢ False

workbook0/lean_workbook_plus_65619.lean:
workbook0/lean_workbook_plus_65619.lean:106:2: error: tactic 'introN' failed, insufficient number of binders
a : ℝ
h : a ^ 2 + 3 * a - 2 = 0
⊢ a = -2 ∨ a = 1

workbook0/lean_workbook_plus_22246.lean:
workbook0/lean_workbook_plus_22246.lean:107:10: error: invalid constructor ⟨...⟩, expected type must be an inductive type 
  ∀ (n : ℕ), ∑ i in Finset.range n, i ^ 2 = n * (n + 1) * (2 * n + 1) / 6

workbook0/lean_workbook_plus_2737.lean:
workbook0/lean_workbook_plus_2737.lean:107:10: error: invalid constructor ⟨...⟩, expected type must be an inductive type 
  ∀ (x y z : ℝ),
    x ^ 4 + y ^ 4 + z ^ 4 + (x ^ 2 + y ^ 2 + z ^ 2) * (x * y + y * z + z * x) ≥
      4 * (x ^ 2 * y ^ 2 + y ^ 2 * z ^ 2 + z ^ 2 * x ^ 2)

workbook0/lean_workbook_plus_68299.lean:
workbook0/lean_workbook_plus_68299.lean:106:39: error: unsolved goals
⊢ ¬?m.1723 1

workbook0/lean_workbook_plus_48890.lean:
workbook0/lean_workbook_plus_48890.lean:105:57: error: expected token

workbook0/lean_workbook_plus_70411.lean:
workbook0/lean_workbook_plus_70411.lean:106:2: error: simp made no progress

workbook0/lean_workbook_plus_32959.lean:
workbook0/lean_workbook_plus_32959.lean:111:10: error: invalid constructor ⟨...⟩, expected type must be an inductive type 
  ∀ (n : ℕ) (A B C : ℝ),
    1 / (cos A ^ n * cos B ^ n * cos C ^ n) ≥ 2 ^ (3 * n) ∧
      1 / (sin A ^ n * sin B ^ n * sin C ^ n) ≥ 2 ^ (3 * n) / 3 ^ (3 * n / 2)

workbook0/lean_workbook_plus_46989.lean:
workbook0/lean_workbook_plus_46989.lean:106:65: error: unsolved goals
⊢ ¬?m.3130 3

workbook0/lean_workbook_plus_22214.lean:
workbook0/lean_workbook_plus_22214.lean:107:10: error: invalid constructor ⟨...⟩, expected type must be an inductive type 
  ∀ (x x_1 : ℤ), (x - 1) / (x + x_1 - 1) = 0 → ¬(x_1 - 2) / (x + x_1 - 2) = 0

workbook0/lean_workbook_plus_8569.lean:
workbook0/lean_workbook_plus_8569.lean:106:2: error: simp made no progress

workbook0/lean_workbook_plus_54836.lean:
workbook0/lean_workbook_plus_54836.lean:108:10: error: invalid constructor ⟨...⟩, expected type must be an inductive type 
  ∀ (a b c : ℝ),
    0 ≤
      (a - b) ^ 2 * (b - c) ^ 2 * (c - a) ^ 2 / (a + b) / (a + c) / (a ^ 2 + b * c) +
          (b - a) ^ 2 * (c - b) ^ 2 * (a - c) ^ 2 / (b + a) / (b + c) / (b ^ 2 + a * c) +
        (c - a) ^ 2 * (a - b) ^ 2 * (b - c) ^ 2 / (c + a) / (c + b) / (c ^ 2 + a * b)

workbook0/lean_workbook_plus_6417.lean:
workbook0/lean_workbook_plus_6417.lean:107:10: error: invalid constructor ⟨...⟩, expected type must be an inductive type 
  ∀ (n : ℕ), (∏ i in Finset.range n, i ^ 2) ^ (1 / n) ≤ (∑ i in Finset.range n, i ^ 2) / n

workbook0/lean_workbook_plus_33770.lean:
workbook0/lean_workbook_plus_33770.lean:107:8: error: invalid constructor ⟨...⟩, expected type must be an inductive type 
  ∀ (a b c d : ℝ), (a - b) * (a - c) * (a - d) * (b - c) * (b - d) * (c - d) ≤ 27

workbook0/lean_workbook_plus_64287.lean:
workbook0/lean_workbook_plus_64287.lean:105:151: error: unsolved goals
⊢ False

workbook0/lean_workbook_plus_4939.lean:
workbook0/lean_workbook_plus_4939.lean:106:2: error: simp made no progress

workbook0/lean_workbook_plus_49840.lean:
workbook0/lean_workbook_plus_49840.lean:107:10: error: invalid constructor ⟨...⟩, expected type must be an inductive type 
  ∀ (n k : ℕ), 2 ≤ n → 0 < k → (n ^ k - 1) % (n - 1) ^ 2 = 0 ↔ k % (n - 1) = 0

workbook0/lean_workbook_plus_57272.lean:
workbook0/lean_workbook_plus_57272.lean:107:10: error: invalid constructor ⟨...⟩, expected type must be an inductive type 
  ∀ n ≥ 4, ∑ k in Finset.Ico 1 (n - 2), k * (k + 1) / (k + n) < ∑ k in Finset.Ico 1 (n - 2), k / 2

workbook0/lean_workbook_plus_31385.lean:
workbook0/lean_workbook_plus_31385.lean:107:12: error: invalid field notation, type is not of the form (C ...) where C is a constant
  h₁
has type
  x = -OfScientific.ofScientific 39703154407 true 11 → y ≠ -OfScientific.ofScientific 4357558914658 true 12

workbook0/lean_workbook_plus_62859.lean:
workbook0/lean_workbook_plus_62859.lean:105:32: error: unexpected token '∀'; expected ':'

workbook0/lean_workbook_plus_53417.lean:
workbook0/lean_workbook_plus_53417.lean:105:232: error: unsolved goals
a b c : ℝ
ha : 0 ≤ a
hb : 0 ≤ b
hc : 0 ≤ c
hab : a + b + c ≤ 3 * Real.sqrt 3
⊢ False

workbook0/lean_workbook_plus_58668.lean:
workbook0/lean_workbook_plus_58668.lean:105:90: error: unsolved goals
⊢ ∑ n in Finset.Icc 1 30, n / (n + 1)! = 1 - 1 / 31!

workbook0/lean_workbook_plus_55098.lean:
workbook0/lean_workbook_plus_55098.lean:109:2: error: not a positivity goal

workbook0/lean_workbook_plus_47356.lean:
workbook0/lean_workbook_plus_47356.lean:107:10: error: invalid constructor ⟨...⟩, expected type must be an inductive type 
  ∀ (n : ℕ),
    1 = (4 - Real.sqrt 15) ^ n ∧
      (4 + Real.sqrt 15) ^ (n + 2) + 1 = 8 * ((4 + Real.sqrt 15) ^ (n + 1) + 1) - ((4 + Real.sqrt 15) ^ n + 1) ∧
        4 + Real.sqrt 15 + 1 = 8
workbook0/lean_workbook_plus_47356.lean:108:2: error: no goals to be solved

workbook0/lean_workbook_plus_81748.lean:
workbook0/lean_workbook_plus_81748.lean:105:37: error: unexpected token '|'; expected '}'

workbook0/lean_workbook_plus_37180.lean:
workbook0/lean_workbook_plus_37180.lean:106:28: error: unsolved goals
⊢ ¬?m.4779 (-2)

workbook0/lean_workbook_plus_38502.lean:
workbook0/lean_workbook_plus_38502.lean:107:10: error: invalid constructor ⟨...⟩, expected type must be an inductive type 
  ∀ (a b : ℂ),
    2 * a ^ 4 / (a ^ 3 + b ^ 3) - a - 3 / 2 * (a - b) =
      (3 * b ^ 2 + a * b - a ^ 2) / (3 * a ^ 3 + 3 * b ^ 3) * (a - b) ^ 2

workbook0/lean_workbook_plus_53201.lean:
workbook0/lean_workbook_plus_53201.lean:106:29: error: unsolved goals
⊢ ¬?m.656 0

workbook0/lean_workbook_plus_17565.lean:
workbook0/lean_workbook_plus_17565.lean:107:9: error: invalid constructor ⟨...⟩, expected type must be an inductive type 
  ∀ (p q α β γ δ ε : ℝ),
    p < q ∧ p ≤ α ∧ α ≤ q ∧ p ≤ β ∧ β ≤ q ∧ p ≤ γ ∧ γ ≤ q ∧ p ≤ δ ∧ δ ≤ q ∧ p ≤ ε ∧ ε ≤ q →
      (α + β + γ + δ + ε) * (1 / α + 1 / β + 1 / γ + 1 / δ + 1 / ε) ≤
        25 + 6 * (Real.sqrt p / Real.sqrt q - Real.sqrt q / Real.sqrt p) ^ 2

workbook0/lean_workbook_plus_47115.lean:
workbook0/lean_workbook_plus_47115.lean:109:38: warning: aesop: failed to prove the goal after exhaustive search.
workbook0/lean_workbook_plus_47115.lean:110:36: warning: try 'simp at h₃' instead of 'simpa using h₃' [linter.unnecessarySimpa]
workbook0/lean_workbook_plus_47115.lean:116:2: error: simp made no progress

workbook0/lean_workbook_plus_3882.lean:
workbook0/lean_workbook_plus_3882.lean:105:222: error: unsolved goals
a b c : ℝ
ha : 0 < a
hb : 0 < b
hc : 0 < c
habc : a * b * c = 1
hab : a + b + c = 2
⊢ 2375 * a ^ 4 * b ^ 4 * c ^ 4 / 512 ≤ 0

workbook0/lean_workbook_plus_7760.lean:
workbook0/lean_workbook_plus_7760.lean:107:10: error: invalid constructor ⟨...⟩, expected type must be an inductive type 
  ∀ (a b c : ℝ), (4 * a + 4 * b + c) * (a / 4 + b / 4 + c) ≥ (a + b + c) ^ 2

workbook0/lean_workbook_plus_71474.lean:
workbook0/lean_workbook_plus_71474.lean:107:14: error: unsolved goals
f g : ℝ → ℝ
hg : ∀ (x : ℝ), g x = x - 1
hf : f ≠ g
⊢ ¬f 1 = 3

workbook0/lean_workbook_plus_30303.lean:
workbook0/lean_workbook_plus_30303.lean:107:32: error: unsolved goals
⊢ ¬?m.4034 (1, 0)

workbook0/lean_workbook_plus_25917.lean:
workbook0/lean_workbook_plus_25917.lean:106:2: error: linarith failed to find a contradiction
case h2.h
x : ℝ
h : 2 / 3 * (4 * x + 600) = 500
a✝ : 125 / 4 < x
⊢ False
failed

workbook0/lean_workbook_plus_42503.lean:
workbook0/lean_workbook_plus_42503.lean:106:2: error: simp made no progress

workbook0/lean_workbook_plus_78046.lean:
workbook0/lean_workbook_plus_78046.lean:107:13: error: function expected at
  h
term has type
  ℝ
workbook0/lean_workbook_plus_78046.lean:105:74: error: unsolved goals
x y h : ℝ
⊢ h > 0 → (x, y) = (h, h)

workbook0/lean_workbook_plus_31963.lean:
workbook0/lean_workbook_plus_31963.lean:106:38: error: simp made no progress

workbook0/lean_workbook_plus_34527.lean:
workbook0/lean_workbook_plus_34527.lean:109:71: error: unsolved goals
kate_biking_time kate_biking_speed kate_walking_time kate_walking_speed : ℝ
h₀ : 0 < kate_biking_time ∧ 0 < kate_biking_speed ∧ 0 < kate_walking_time ∧ 0 < kate_walking_speed
h₁ : kate_biking_time = 30 / 60 ∧ kate_biking_speed = 16
h₂ : kate_walking_time = 90 / 60 ∧ kate_walking_speed = 4
⊢ False

workbook0/lean_workbook_plus_56872.lean:
workbook0/lean_workbook_plus_56872.lean:108:2: error: type mismatch
  not_forall.mpr (Exists.intro 1 fun h => ?m.5202 h)
has type
  ¬∀ (x : ℕ), ?m.5169 x : Prop
but is expected to have type
  ∀ (a b c : ℝ),
    (a ^ 3 + b ^ 3 + c ^ 3) * (a * b + b * c + c * a) ^ 2 ≥
      3 * a ^ 2 * b ^ 2 * c ^ 2 * (Real.sqrt a + Real.sqrt b + Real.sqrt c) ^ 2 : Prop

workbook0/lean_workbook_plus_36123.lean:
workbook0/lean_workbook_plus_36123.lean:107:2: error: linarith failed to find a contradiction
case a
a b c : ℝ
ha : 0 < a
hb : 0 < b
hc : 0 < c
a✝ :
  a * (a * b) + a * (b * b) + a * (b * c) + (a * (b * c) + b * (b * c) + b * (c * c)) +
      (a * (a * c) + a * (b * c) + a * (c * c)) >
    a * (b * (c * (8 / 9))) + a * (a * (b * (8 / 9))) + (a * (c * (c * (8 / 9))) + a * (a * (c * (8 / 9)))) +
      (b * (b * (c * (8 / 9))) + a * (b * (b * (8 / 9))) + (b * (c * (c * (8 / 9))) + a * (b * (c * (8 / 9)))))
⊢ False
failed

workbook0/lean_workbook_plus_74491.lean:
workbook0/lean_workbook_plus_74491.lean:111:10: error: invalid constructor ⟨...⟩, expected type must be an inductive type 
  ∀ (a b c : ℝ),
    a * (a - b) * (a - c) / (a ^ 2 + 2 * b * c) + b * (b - a) * (b - c) / (b ^ 2 + 2 * c * a) =
        (a - b) ^ 2 * (2 * a ^ 2 * c + 2 * b ^ 2 * c + a * b * c - a * c ^ 2 - b * c ^ 2) /
          ((a ^ 2 + 2 * b * c) * (b ^ 2 + 2 * c * a)) ∧
      (a - b) ^ 2 * (2 * a ^ 2 * c + 2 * b ^ 2 * c + a * b * c - a * c ^ 2 - b * c ^ 2) /
          ((a ^ 2 + 2 * b * c) * (b ^ 2 + 2 * c * a)) ≥
        0

workbook0/lean_workbook_plus_41792.lean:
workbook0/lean_workbook_plus_41792.lean:107:10: error: invalid constructor ⟨...⟩, expected type must be an inductive type 
  ∀ (n : ℕ), ∑ i in Finset.Icc 1 n, i ^ 2 = choose (2 * n + 3) 3 / 4

workbook0/lean_workbook_plus_29495.lean:
workbook0/lean_workbook_plus_29495.lean:107:10: error: invalid constructor ⟨...⟩, expected type must be an inductive type 
  ∀ (a b c : ℝ),
    a > 0 ∧ b > 0 ∧ c > 0 ∧ a * b + b * c + c * a = 3 → (a + b + c) / 3 ≥ (a ^ 3 + b ^ 3 + c ^ 3) / 3 ^ (1 / 17)

workbook0/lean_workbook_plus_77094.lean:
workbook0/lean_workbook_plus_77094.lean:107:10: error: invalid constructor ⟨...⟩, expected type must be an inductive type 
  ∀ (n k : ℕ), n ≤ k → 2 ^ k ∣ 2 ^ n % 10 ^ k

workbook0/lean_workbook_plus_55815.lean:
workbook0/lean_workbook_plus_55815.lean:106:2: error: tactic 'introN' failed, insufficient number of binders
x y : ℝ
h₁ : x ^ 2 - x * y + y ^ 2 = 7
h₂ : x - x * y + y = -1
⊢ x = 2 ∧ y = 1 ∨ x = -2 ∧ y = -1

workbook0/lean_workbook_plus_41478.lean:
workbook0/lean_workbook_plus_41478.lean:107:10: error: invalid constructor ⟨...⟩, expected type must be an inductive type 
  ∀ (x : ℝ), 12 ≤ f x

workbook0/lean_workbook_plus_58461.lean:
workbook0/lean_workbook_plus_58461.lean:107:10: error: invalid constructor ⟨...⟩, expected type must be an inductive type 
  ∀ (a b c : ℝ), (a ^ 3 + b ^ 3 + c ^ 3) * (a * b + b * c + c * a) ^ 2 ≥ 3 * a * b * c * (a ^ 2 + b ^ 2 + c ^ 2) ^ 2

workbook0/lean_workbook_plus_41095.lean:
workbook0/lean_workbook_plus_41095.lean:106:2: error: simp made no progress

workbook0/lean_workbook_plus_65318.lean:
workbook0/lean_workbook_plus_65318.lean:109:2: error: simp made no progress

workbook0/lean_workbook_plus_39941.lean:
workbook0/lean_workbook_plus_39941.lean:106:2: error: linarith failed to find a contradiction
case h2.h
a : ℝ
ha : a > 1
hab : a ^ 3 - a - 1 = 0
a✝ : 2 < (3 * a ^ 2 + 4 * a) / 3 + (3 * a ^ 2 + 4 * a + 2) / 3
⊢ False
failed

workbook0/lean_workbook_plus_56295.lean:
workbook0/lean_workbook_plus_56295.lean:107:10: error: invalid constructor ⟨...⟩, expected type must be an inductive type 
  ∀ (a b c : ℝ), 1 / (b * c) - 1 / (b * (a + b)) - 1 / (c * (a + c)) = 2 / (a + b + c) ^ 2

workbook0/lean_workbook_plus_21192.lean:
workbook0/lean_workbook_plus_21192.lean:112:2: warning: aesop: failed to prove the goal after exhaustive search.
workbook0/lean_workbook_plus_21192.lean:111:71: error: unsolved goals
case left
x : ℝ
n : ℤ
h₀ : ↑n ≤ x
h₁ : x < ↑n + 1
h₂ : ⌊x⌋ = n - 1
h₃ : 7 * 2018 ^ (n - 1) = x ^ 3 + 2 * x ^ 2 + 3 * x + 1
⊢ n = 1

case right
x : ℝ
n : ℤ
h₀ : ↑n ≤ x
h₁ : x < ↑n + 1
h₂ : ⌊x⌋ = n - 1
h₃ : 7 * 2018 ^ (n - 1) = x ^ 3 + 2 * x ^ 2 + 3 * x + 1
⊢ n - 1 = 1

workbook0/lean_workbook_plus_45723.lean:
workbook0/lean_workbook_plus_45723.lean:106:28: error: unsolved goals
⊢ ¬?m.614 (-1)

workbook0/lean_workbook_plus_64793.lean:
workbook0/lean_workbook_plus_64793.lean:105:153: error: unsolved goals
n : ℝ
hn : n = 4015 / 2
⊢ False

workbook0/lean_workbook_plus_4583.lean:
workbook0/lean_workbook_plus_4583.lean:107:10: error: invalid constructor ⟨...⟩, expected type must be an inductive type 
  ∀ (a b c : ℝ), a ^ 3 * b + b ^ 3 * c + c ^ 3 * a ≥ a ^ 2 * b ^ 2 + b ^ 2 * c ^ 2 + c ^ 2 * a ^ 2

workbook0/lean_workbook_plus_14972.lean:
workbook0/lean_workbook_plus_14972.lean:106:2: error: simp made no progress

workbook0/lean_workbook_plus_81478.lean:
workbook0/lean_workbook_plus_81478.lean:105:83: error: unsolved goals
⊢ False

workbook0/lean_workbook_plus_65176.lean:
workbook0/lean_workbook_plus_65176.lean:107:10: error: invalid constructor ⟨...⟩, expected type must be an inductive type 
  ∀ (a b c : ℝ),
    0 ≤ a ∧ a ≤ 1 ∧ 0 ≤ b ∧ b ≤ 1 ∧ 0 ≤ c ∧ c ≤ 1 →
      (a ^ 2 * b + b ^ 2 * c + c ^ 2 * a) * (a * b ^ 2 + b * c ^ 2 + c * a ^ 2) ≥ (a ^ 2 + b ^ 2 + c ^ 2 - 1) ^ 2

workbook0/lean_workbook_plus_6539.lean:
workbook0/lean_workbook_plus_6539.lean:106:2: error: simp made no progress

workbook0/lean_workbook_plus_62798.lean:
workbook0/lean_workbook_plus_62798.lean:106:2: error: omega did not find a contradiction:
[0, 1, 0] ∈ (-∞, 0]
[0, 1, 0, 0, 0] ∈ (-∞, 0]
[0, 0, 0, 0, 1] ∈ [0, ∞)
[0, 11, 0, 0, -6] ∈ (-∞, 6]
[0, 1] ∈ [0, 2]

workbook0/lean_workbook_plus_25818.lean:
workbook0/lean_workbook_plus_25818.lean:106:28: error: unsolved goals
⊢ ¬?m.4885 (-1)

workbook0/lean_workbook_plus_1994.lean:
workbook0/lean_workbook_plus_1994.lean:107:10: error: invalid constructor ⟨...⟩, expected type must be an inductive type 
  ∀ (x : ℝ), 0 ≤ x ∧ x ≤ 2 → 3 ≤ f x ∧ f x ≤ 3

workbook0/lean_workbook_plus_35122.lean:
workbook0/lean_workbook_plus_35122.lean:106:2: error: tactic 'introN' failed, insufficient number of binders
f : ℕ → ℕ
hf : f 1 = 1 ∧ f 2 = 1 ∧ ∀ (n : ℕ), f (n + 2) = f n + f (n + 1)
⊢ ∃ a, a 1 = 1 ∧ a 2 = 1 ∧ ∀ (n : ℕ), a (n + 2) = a n + a (n + 1) ∧ f n = a (n + 2)

workbook0/lean_workbook_plus_26314.lean:
workbook0/lean_workbook_plus_26314.lean:105:201: error: unsolved goals
x y z : ℝ
hx : 0 ≤ x
hy : 0 ≤ y
hz : 0 ≤ z
h : x + y + z = 1
⊢ False

workbook0/lean_workbook_plus_23316.lean:
workbook0/lean_workbook_plus_23316.lean:107:2: error: simp made no progress

workbook0/lean_workbook_plus_45633.lean:
workbook0/lean_workbook_plus_45633.lean:107:10: error: invalid constructor ⟨...⟩, expected type must be an inductive type 
  ∀ (x y z : ℝ),
    2 ≥
      (1 + x * y) / (2 * z ^ 2 + 1 + x * y) + (1 + y * z) / (2 * x ^ 2 + 1 + y * z) +
        (1 + z * x) / (2 * y ^ 2 + 1 + z * x)

workbook0/lean_workbook_plus_82740.lean:
workbook0/lean_workbook_plus_82740.lean:105:72: error: unsolved goals
⊢ False

workbook0/lean_workbook_plus_51379.lean:
workbook0/lean_workbook_plus_51379.lean:105:201: error: unsolved goals
a b c : ℝ
ha : 0 < a
hb : 0 < b
hc : 0 < c
habc : a * b * c = 1
⊢ False

workbook0/lean_workbook_plus_34338.lean:
workbook0/lean_workbook_plus_34338.lean:107:10: error: invalid constructor ⟨...⟩, expected type must be an inductive type 
  ∀ (y : ℝ), y = x ^ n → ∀ (deriv_y : ℝ), deriv_y = n * x ^ (n - 1)
workbook0/lean_workbook_plus_34338.lean:108:2: error: no goals to be solved

workbook0/lean_workbook_plus_77780.lean:
workbook0/lean_workbook_plus_77780.lean:107:10: error: invalid constructor ⟨...⟩, expected type must be an inductive type 
  ∀ (a b c : ℝ), 9 * (a + b) * (b + c) * (c + a) ≥ 8 * (a + b + c) * (a * b + b * c + c * a)

workbook0/lean_workbook_plus_64777.lean:
workbook0/lean_workbook_plus_64777.lean:107:10: error: invalid constructor ⟨...⟩, expected type must be an inductive type 
  ∀ (A B C : ℝ), cos A * cos B + cos B * cos C + cos C * cos A ≤ 3 / 4

workbook0/lean_workbook_plus_24126.lean:
workbook0/lean_workbook_plus_24126.lean:107:10: error: invalid constructor ⟨...⟩, expected type must be an inductive type 
  ∀ (x y z : ℝ), x ^ 2 + y ^ 2 + z ^ 2 + 6 ≥ (x + y + z) ^ 2

workbook0/lean_workbook_plus_31193.lean:
workbook0/lean_workbook_plus_31193.lean:106:2: error: simp made no progress

workbook0/lean_workbook_plus_32580.lean:
workbook0/lean_workbook_plus_32580.lean:107:10: error: invalid constructor ⟨...⟩, expected type must be an inductive type 
  ∀ (i : ℕ), y i ^ 2 ≥ y (i - 1) ^ 2 + 6

workbook0/lean_workbook_plus_78195.lean:
workbook0/lean_workbook_plus_78195.lean:106:2: error: type mismatch
  Mathlib.Tactic.Contrapose.mtr ?m.1971
has type
  ?m.1969 → ?m.1970 : Prop
but is expected to have type
  ∀ (a : ℝ), 2 * a * (a - 1) ^ 2 * (2 * a + 1) / (a ^ 2 + 2 * a + 3) / (3 * a ^ 2 + 2 * a + 1) ≥ 0 : Prop

workbook0/lean_workbook_plus_19903.lean:
workbook0/lean_workbook_plus_19903.lean:107:10: error: invalid constructor ⟨...⟩, expected type must be an inductive type 
  ∀ (x y z : ℝ),
    (x ^ 2 + y ^ 2) * (y ^ 2 + z ^ 2) * (x ^ 2 + z ^ 2) * (x * y + x * z + y * z) ^ 2 * (x + y + z) ^ 2 ≥
      8 * (x * y ^ 2 + y * z ^ 2 + x ^ 2 * z) ^ 2 * (x ^ 2 * y + y ^ 2 * z + z ^ 2 * x) ^ 2

workbook0/lean_workbook_plus_64634.lean:
workbook0/lean_workbook_plus_64634.lean:117:2: error: omega did not find a contradiction:
[0, 2, -1] ∈ [-1, 0]
[0, 0, 0, 0, 0, 1] ∈ [0, ∞)
[0, 0, 0, 0, 1] ∈ [0, ∞)
[0, 1, 0, -1, 1] ∈ (-∞, -1]
[0, 0, 0, 2, 0, -3, -1] ∈ [1, 2]
[0, 1] ∈ [0, ∞)

workbook0/lean_workbook_plus_51617.lean:
workbook0/lean_workbook_plus_51617.lean:106:2: error: linarith failed to find a contradiction
case h1.h
a b c : ℝ
h₁ : a ≤ 15 / 2
h₂ : b = (30 - a) / 3
h₃ : c = (30 - a) / 3
a✝ : a + b + c < 30
⊢ False
failed

workbook0/lean_workbook_plus_61179.lean:
workbook0/lean_workbook_plus_61179.lean:105:145: error: unsolved goals
P : ℝ
hP : P = 5000
r : ℝ
hr : r = 6e-2
n : ℕ
hn : n = 5
⊢ False

workbook0/lean_workbook_plus_64764.lean:
workbook0/lean_workbook_plus_64764.lean:112:10: error: invalid constructor ⟨...⟩, expected type must be an inductive type 
  ∀ (x y z : ℝ),
    1 + 4 * (x * y * z) / (x + y) / (y + z) / (z + x) ≤
      Real.sqrt (x * y / (y + z) / (z + x)) + Real.sqrt (z * y / (y + x) / (z + x)) +
        Real.sqrt (x * z / (y + z) / (y + x))

workbook0/lean_workbook_plus_28040.lean:
workbook0/lean_workbook_plus_28040.lean:105:76: error: unsolved goals
⊢ 1 < sin 1

workbook0/lean_workbook_plus_6753.lean:
workbook0/lean_workbook_plus_6753.lean:107:10: error: invalid constructor ⟨...⟩, expected type must be an inductive type 
  ∀ (A B C : ℝ), (1 + sin A ^ 2) * (1 + sin B ^ 2) * (1 + sin C ^ 2) > 4

workbook0/lean_workbook_plus_4002.lean:
workbook0/lean_workbook_plus_4002.lean:106:2: error: simp made no progress

workbook0/lean_workbook_plus_3696.lean:
workbook0/lean_workbook_plus_3696.lean:107:10: error: invalid constructor ⟨...⟩, expected type must be an inductive type 
  ∀ (a b c : ℝ), a ^ 2 + b ^ 2 + c ^ 2 = 3 → 1 / (1 + 2 * a * b) + 1 / (1 + 2 * b * c) + 1 / (1 + 2 * c * a) ≥ 1

workbook0/lean_workbook_plus_68053.lean:
workbook0/lean_workbook_plus_68053.lean:107:10: error: invalid constructor ⟨...⟩, expected type must be an inductive type 
  ∀ (f : ℕ → ℕ), (∀ (n : ℕ), f (3 * n + 1) ≤ f (3 * n + 4) - 1) → ∃ n, f (5 * n + 2) < f (5 * n + 7) - 1

workbook0/lean_workbook_plus_8956.lean:
workbook0/lean_workbook_plus_8956.lean:107:9: error: invalid constructor ⟨...⟩, expected type must be an inductive type 
  ∀ (x y z : ℝ), x ≥ 0 ∧ y ≥ 0 ∧ z ≥ 0 → x / (x + y + k * z) + y / (y + z + k * x) + z / (z + x + k * y) ≥ 3 / (k + 2)
workbook0/lean_workbook_plus_8956.lean:108:2: error: no goals to be solved

workbook0/lean_workbook_plus_15868.lean:
workbook0/lean_workbook_plus_15868.lean:107:9: error: invalid constructor ⟨...⟩, expected type must be an inductive type 
  ∀ (n : ℕ), ((∑ i in Finset.range n, i ^ 2) * ∑ i in Finset.range n, i ^ 4) / ∑ i in Finset.range n, i ^ 7 = 8 / 15

workbook0/lean_workbook_plus_70105.lean:
workbook0/lean_workbook_plus_70105.lean:106:2: error: simp made no progress

workbook0/lean_workbook_plus_28323.lean:
workbook0/lean_workbook_plus_28323.lean:109:40: error: failed to synthesize
  Zero ?m.4590
workbook0/lean_workbook_plus_28323.lean:109:2: error: type mismatch
  Finset.sum_nonneg fun x x_1 => ?m.4698 x x_1
has type
  0 ≤ ∑ i in ?m.4593, ?m.4592 i : Prop
but is expected to have type
  ∑ x in K, (↑x + 1)⁻¹ * (↑x)⁻¹ < 0 : Prop

workbook0/lean_workbook_plus_16239.lean:
workbook0/lean_workbook_plus_16239.lean:105:245: error: unsolved goals
a b c : ℝ
⊢ False

workbook0/lean_workbook_plus_16142.lean:
workbook0/lean_workbook_plus_16142.lean:105:43: error: unexpected token '|'; expected '}'

workbook0/lean_workbook_plus_28079.lean:
workbook0/lean_workbook_plus_28079.lean:107:10: error: invalid constructor ⟨...⟩, expected type must be an inductive type 
  ∀ (n : ℕ), ∑ i in Finset.range (n + 1), (-1) ^ i * 2 ^ (n - i) * ↑(choose (n + 1) i) = 2 ^ (n + 1) - 1

workbook0/lean_workbook_plus_68708.lean:
workbook0/lean_workbook_plus_68708.lean:106:2: error: simp made no progress

workbook0/lean_workbook_plus_46467.lean:
workbook0/lean_workbook_plus_46467.lean:107:10: error: invalid constructor ⟨...⟩, expected type must be an inductive type 
  ∀ (a b c : ℝ), (a - b) ^ 2 + (b - c) ^ 2 + (c - a) ^ 2 + 2 * (a ^ 2 + b ^ 2 + c ^ 2) ≥ 12

workbook0/lean_workbook_plus_55825.lean:
workbook0/lean_workbook_plus_55825.lean:106:2: error: simp made no progress

workbook0/lean_workbook_plus_38005.lean:
workbook0/lean_workbook_plus_38005.lean:113:2: error: linarith failed to find a contradiction
case mp.a
t : ℝ
h : Real.sqrt 3 * t ^ 2 * 3 = Real.sqrt 3
⊢ False
failed

workbook0/lean_workbook_plus_21470.lean:
workbook0/lean_workbook_plus_21470.lean:107:9: error: invalid constructor ⟨...⟩, expected type must be an inductive type 
  (∀ ε > 0, ∃ N, ∀ x > N, |f ↑x - (a * ↑x + b)| < ε) → ∀ ε > 0, ∃ N, ∀ x > N, |f ↑x / ↑x - a| < ε

workbook0/lean_workbook_plus_43798.lean:
workbook0/lean_workbook_plus_43798.lean:105:44: error: unexpected token; expected ')'

workbook0/lean_workbook_plus_47782.lean:
workbook0/lean_workbook_plus_47782.lean:107:2: error: type mismatch
  fun x => not_forall.mpr (Exists.intro 0 (?m.659 x))
has type
  ∀ (x : ?m.620), ¬∀ (x_1 : ℕ), ?m.657 x x_1 : Prop
but is expected to have type
  ∃ k, ∀ (x x_1 x_2 : ℤ), ¬x * x_1 + x_1 * x_2 + x_2 * x = x + x_1 + x_2 + k : Prop

workbook0/lean_workbook_plus_1948.lean:
workbook0/lean_workbook_plus_1948.lean:106:2: error: linarith failed to find a contradiction
case h2.h
I : ℝ
a✝ : -2 < (1 + I * Real.sqrt 2) ^ 2 + (1 - I * Real.sqrt 2) ^ 2
⊢ False
failed

workbook0/lean_workbook_plus_8057.lean:
workbook0/lean_workbook_plus_8057.lean:107:10: error: invalid constructor ⟨...⟩, expected type must be an inductive type 
  ∀ (a b c : ℝ),
    2 * a * b + 2 * b * c + 2 * a * c ≥
      (b + c - a) * (a + b) * (c + a) / (b + c) + (a + c - b) * (b + c) * (a + b) / (c + a) +
        (a + b - c) * (c + a) * (b + c) / (a + b)

workbook0/lean_workbook_plus_81097.lean:
workbook0/lean_workbook_plus_81097.lean:107:10: error: invalid constructor ⟨...⟩, expected type must be an inductive type 
  ∀ (x y z : ℝ), (x - 1 / 3) * (y - 1 / 3) ≥ 0 → 2 * x * y ≥ 2 / 3 * ((2 / 3 - z) * (x + y))

workbook0/lean_workbook_plus_69774.lean:
workbook0/lean_workbook_plus_69774.lean:105:143: error: unsolved goals
a : ℕ → ℝ
a1 : a 0 = 1
a_rec : ∀ (n : ℕ), a (n + 1) = 1
⊢ False

workbook0/lean_workbook_plus_16566.lean:
workbook0/lean_workbook_plus_16566.lean:108:10: error: invalid constructor ⟨...⟩, expected type must be an inductive type 
  ∀ (x y : ℝ), x ∈ Set.Ici 1 ∧ y ∈ Set.Ici 1 → |k * (1 + 1 / x) - k * (1 + 1 / y)| < |x - y|

workbook0/lean_workbook_plus_58302.lean:
workbook0/lean_workbook_plus_58302.lean:107:10: error: invalid constructor ⟨...⟩, expected type must be an inductive type 
  ∀ (x : ℝ), x ^ (2 / 3) ≤ 2 / 3 * |x| + 1 / 3

workbook0/lean_workbook_plus_8869.lean:
workbook0/lean_workbook_plus_8869.lean:105:31: error: unexpected token; expected ':'

workbook0/lean_workbook_plus_23480.lean:
workbook0/lean_workbook_plus_23480.lean:106:12: error: unknown identifier 'logb_eq_iff_rpow_eq'

workbook0/lean_workbook_plus_18993.lean:
workbook0/lean_workbook_plus_18993.lean:106:2: error: omega did not find a contradiction:
[0, 0, 1] ∈ [0, ∞)
[2, -1, -1] ∈ [-1, ∞)
[0, 1] ∈ [0, ∞)
[1] ∈ [3, ∞)

workbook0/lean_workbook_plus_74294.lean:
workbook0/lean_workbook_plus_74294.lean:109:19: error: invalid argument, variable is not a proposition or let-declaration
workbook0/lean_workbook_plus_74294.lean:109:2: error: type mismatch
  fun h => ?m.996 h
has type
  (h : ?m.990) → ?m.995 h : Sort (imax ?u.989 ?u.992)
but is expected to have type
  x = 3 : Prop

workbook0/lean_workbook_plus_9541.lean:
workbook0/lean_workbook_plus_9541.lean:105:36: error: unexpected token '|'; expected '}'

workbook0/lean_workbook_plus_52455.lean:
workbook0/lean_workbook_plus_52455.lean:107:9: error: invalid constructor ⟨...⟩, expected type must be an inductive type 
  ∀ (p : ℕ), p > 0 ∧ Nat.Prime p → ∀ (k : ℕ), 1 < k ∧ 10 ^ k ≡ 1 [ZMOD ↑p] → k ∣ p - 1

workbook0/lean_workbook_plus_60530.lean:
workbook0/lean_workbook_plus_60530.lean:105:32: error: unexpected token; expected ':'

workbook0/lean_workbook_plus_21130.lean:
workbook0/lean_workbook_plus_21130.lean:107:10: error: invalid constructor ⟨...⟩, expected type must be an inductive type 
  ∀ ε > 0, ∃ δ > 0, ∀ x ∈ Set.Iio δ, |-Real.log (1 - x) / x - 1| < ε

workbook0/lean_workbook_plus_66496.lean:
workbook0/lean_workbook_plus_66496.lean:107:10: error: invalid constructor ⟨...⟩, expected type must be an inductive type 
  ∀ (x : ℝ), x = 0 ∨ 1 + x ^ 2 = 0 ∨ x = 0 ∨ x = 1 ∨ x = -1

workbook0/lean_workbook_plus_59666.lean:
workbook0/lean_workbook_plus_59666.lean:106:2: error: tactic 'introN' failed, insufficient number of binders
a b x y : ℝ
h₁ : a = 2 ^ x ∧ b = 3 ^ y
h₂ : 2 ^ 3 * a + 1 / 9 * b = 145
h₃ : 2 * a ^ 2 + 1 / 3 ^ 7 * b ^ 2 = 371
⊢ a = 4 ∧ b = 27

workbook0/lean_workbook_plus_20132.lean:
workbook0/lean_workbook_plus_20132.lean:107:17: error: unsolved goals
f : ℤ → ℤ
hf : f 1 > 0
hf1 : ∃ x, f x ≠ x + 1
⊢ ¬f (f 1 - 1) = f 1 + f 1 - 2 * f 1

workbook0/lean_workbook_plus_14516.lean:
workbook0/lean_workbook_plus_14516.lean:111:31: error: unsolved goals
f : ℚ → ℝ
h₀ : ∀ x > 0, f x > 0
h₂ : ∀ x > 0, ∀ y > 0, f (x * y) = f x * f y
h₁ : ∃ x > 0, f x ≠ ↑x ^ 2
⊢ ¬1 = f (3 / 2) - f (1 / 2) - f (1 / 2)

workbook0/lean_workbook_plus_73283.lean:
workbook0/lean_workbook_plus_73283.lean:107:12: error: invalid field notation, type is not of the form (C ...) where C is a constant
  h₃
has type
  x = 2 → y = 1 → z ≠ 2

workbook0/lean_workbook_plus_21262.lean:
workbook0/lean_workbook_plus_21262.lean:107:10: error: invalid constructor ⟨...⟩, expected type must be an inductive type 
  ∀ (a b c x y z : ℝ), a * b * c * (x * y + y * z + z * x) ≥ x * y * z * (a * b + b * c + c * a)

workbook0/lean_workbook_plus_10990.lean:
workbook0/lean_workbook_plus_10990.lean:105:123: error: unsolved goals
n : ℕ
⊢ False

workbook0/lean_workbook_plus_49056.lean:
workbook0/lean_workbook_plus_49056.lean:107:10: error: invalid constructor ⟨...⟩, expected type must be an inductive type 
  ∀ (n : ℤ), 1 / ((3 * n - 1) * (3 * n + 1)) = 1 / 2 * (1 / (3 * n - 1) - 1 / (3 * n + 1))

workbook0/lean_workbook_plus_55013.lean:
workbook0/lean_workbook_plus_55013.lean:106:28: error: unsolved goals
⊢ ¬?m.4016 (-1)

workbook0/lean_workbook_plus_13401.lean:
workbook0/lean_workbook_plus_13401.lean:106:2: warning: aesop: failed to prove the goal after exhaustive search.
workbook0/lean_workbook_plus_13401.lean:105:178: error: unsolved goals
case left
x y z : ℝ
hx : x ^ 3 = y ^ 2 + y + 3⁻¹
hy : y ^ 3 = z ^ 2 + z + 3⁻¹
hz : z ^ 3 = x ^ 2 + x + 3⁻¹
⊢ x = y

case right.left
x y z : ℝ
hx : x ^ 3 = y ^ 2 + y + 3⁻¹
hy : y ^ 3 = z ^ 2 + z + 3⁻¹
hz : z ^ 3 = x ^ 2 + x + 3⁻¹
⊢ y = z

case right.right
x y z : ℝ
hx : x ^ 3 = y ^ 2 + y + 3⁻¹
hy : y ^ 3 = z ^ 2 + z + 3⁻¹
hz : z ^ 3 = x ^ 2 + x + 3⁻¹
⊢ z = 0

workbook0/lean_workbook_plus_59375.lean:
workbook0/lean_workbook_plus_59375.lean:106:2: error: tactic 'introN' failed, insufficient number of binders
a b c : ℝ
h₁ : a + b + c = 0
h₂ : a ^ 3 + b ^ 3 + c ^ 3 = 90
h₃ : a ^ 5 + b ^ 5 + c ^ 5 = 2850
⊢ a = 2 ∧ b = 3 ∧ c = -5

workbook0/lean_workbook_plus_82032.lean:
workbook0/lean_workbook_plus_82032.lean:105:45: error: unexpected token; expected '_' or identifier

workbook0/lean_workbook_plus_22142.lean:
workbook0/lean_workbook_plus_22142.lean:107:10: error: invalid constructor ⟨...⟩, expected type must be an inductive type 
  ∀ (a b : ℝ), cos (a + b) ^ 2 = 1 + 2 * cos a * cos b * (cos a * cos b - sin a * sin b)

workbook0/lean_workbook_plus_38586.lean:
workbook0/lean_workbook_plus_38586.lean:105:93: error: unsolved goals
⊢ False

workbook0/lean_workbook_plus_53928.lean:
workbook0/lean_workbook_plus_53928.lean:106:20: error: invalid constructor ⟨...⟩, expected type must be an inductive type 
  ?m.399

workbook0/lean_workbook_plus_82433.lean:
workbook0/lean_workbook_plus_82433.lean:107:2: error: linarith failed to find a contradiction
case h
m n : ℤ
h1 : m ^ 3 - 12 * m * n ^ 2 = 40
h2 : m ^ 2 + 4 * n ^ 2 ≠ 14
a✝ : 4 * n ^ 3 - 3 * m ^ 2 * n = 10
⊢ False
failed

workbook0/lean_workbook_plus_59831.lean:
workbook0/lean_workbook_plus_59831.lean:109:2: error: linarith failed to find a contradiction
case h2.h
x : ℝ
this : Real.sqrt 3 * Real.sqrt 3 = 3
a✝ :
  Real.sqrt 3 <
    1 / 4 + Real.sqrt 3 * (1 / 2) + Real.sqrt 3 * Real.sqrt 2 * (1 / 2) + 3 / 4 + 3 * Real.sqrt 2 * (1 / 4) +
      Real.sqrt 2 * (1 / 4)
⊢ False
failed

workbook0/lean_workbook_plus_65368.lean:
workbook0/lean_workbook_plus_65368.lean:111:10: error: invalid constructor ⟨...⟩, expected type must be an inductive type 
  ∀ (x y z : ℝ),
    (x - y) ^ 2 * (x ^ 2 + 4 * x * y + y ^ 2 - z ^ 2) + (y - z) ^ 2 * (y ^ 2 + 4 * y * z + z ^ 2 - x ^ 2) +
        (z - x) ^ 2 * (z ^ 2 + 4 * z * x + x ^ 2 - y ^ 2) ≥
      0

workbook0/lean_workbook_plus_63007.lean:
workbook0/lean_workbook_plus_63007.lean:107:10: error: invalid constructor ⟨...⟩, expected type must be an inductive type 
  ∀ (A B C : ℝ),
    A + B + C = π → 3 / 2 ≥ cos A + cos B + cos C ∧ cos A + cos B + cos C ≥ 3 * (cos A * cos B * cos C) ^ (1 / 3)

workbook0/lean_workbook_plus_62367.lean:
workbook0/lean_workbook_plus_62367.lean:106:2: error: tactic 'introN' failed, insufficient number of binders
f : ℝ → ℝ
hf : ∀ (x : ℝ), f ((x - 3) / (x + 1)) + f ((x + 3) / (1 - x)) = x
⊢ ∃ A B, ∀ (x : ℝ), f x = A * x + B

workbook0/lean_workbook_plus_60009.lean:
workbook0/lean_workbook_plus_60009.lean:107:10: error: invalid constructor ⟨...⟩, expected type must be an inductive type 
  ∀ (f : ℝ → ℝ), ∃ x, f x ≠ 1 / f (f x)

workbook0/lean_workbook_plus_162.lean:
Try this: ring_nf
workbook0/lean_workbook_plus_162.lean:107:74: error: unsolved goals
a b c : ℝ
⊢ cos a * cos b * sin b + (-(cos a * cos c * sin c) - sin a * sin b ^ 2) + sin a * sin c ^ 2 =
    cos a * cos b * sin b - cos a * cos c * sin c + ((1 - sin b ^ 2) * sin a - sin a * (1 - sin c ^ 2))

workbook0/lean_workbook_plus_45900.lean:
workbook0/lean_workbook_plus_45900.lean:108:22: error: unsolved goals
x : ℝ
hx : 0 < x
h : x ≠ 4
⊢ ¬x = 0
workbook0/lean_workbook_plus_45900.lean:108:36: error: unsolved goals
x : ℝ
hx : 0 < x
h : x ≠ 4
⊢ ¬x = 0
workbook0/lean_workbook_plus_45900.lean:109:12: error: unknown identifier 'logb_eq_iff_rpow_eq'

workbook0/lean_workbook_plus_73813.lean:
workbook0/lean_workbook_plus_73813.lean:106:2: error: tactic 'introN' failed, insufficient number of binders
a b c : ℝ
ha : 0 < a
hb : 0 < b
hc : 0 < c
habc : a * b * c = 1
h : 1 / a + 1 / b + 9 / c = 3
⊢ a + b + c ≥ 25 / 3 ∧ a = 5 / 3 ∧ b = 5 / 3 ∧ c = 5

workbook0/lean_workbook_plus_10133.lean:
workbook0/lean_workbook_plus_10133.lean:105:34: error: unexpected token; expected '_' or identifier

workbook0/lean_workbook_plus_51574.lean:
workbook0/lean_workbook_plus_51574.lean:107:27: error: unsolved goals
f : ℚ → ℚ
hf : ∀ x > 0, f x + f (1 / x) = 1
hf2 : ∃ x > 0, f x ≠ 1 / (x + 1)
⊢ ¬f 2 = 2 * f (f 1)

workbook0/lean_workbook_plus_65251.lean:
workbook0/lean_workbook_plus_65251.lean:107:10: error: invalid constructor ⟨...⟩, expected type must be an inductive type 
  ∀ (a b : ℝ), 2 ^ ((a ^ 2 + b ^ 2) / 2) - 1 ≥ 1

workbook0/lean_workbook_plus_80255.lean:
workbook0/lean_workbook_plus_80255.lean:106:2: error: simp made no progress

workbook0/lean_workbook_plus_19858.lean:
Try this: ring_nf
workbook0/lean_workbook_plus_19858.lean:114:6: error: tactic 'rewrite' failed, did not find instance of the pattern in the target expression
  ?n + (?m.11397 - ?m.11398)
case succ
n✝ : ℕ
n_ih✝ : ∑ i in Finset.range (n✝ + 1), 2 ^ i = 2 ^ (n✝ + 1) - 1
⊢ 2 ^ n✝ * 2 - 1 + 2 ^ n✝ * 2 = 2 ^ succ (1 + n✝) - 1

workbook0/lean_workbook_plus_82864.lean:
workbook0/lean_workbook_plus_82864.lean:109:10: error: invalid constructor ⟨...⟩, expected type must be an inductive type 
  ∑ i in Finset.range 2008, f i = 4028049 * f 2007 → False

workbook0/lean_workbook_plus_32259.lean:
workbook0/lean_workbook_plus_32259.lean:106:39: error: unsolved goals
⊢ ¬?m.566 0

workbook0/lean_workbook_plus_26801.lean:
workbook0/lean_workbook_plus_26801.lean:106:2: error: type mismatch
  not_forall_of_exists_not ?m.639
has type
  ¬∀ (x : ?m.637), ?m.638 x : Prop
but is expected to have type
  ∀ (n : ℝ), 2 * Real.sqrt (n * (n + 1)) = (Real.sqrt n + Real.sqrt (n + 1)) ^ 2 - (2 * n + 1) : Prop

workbook0/lean_workbook_plus_2703.lean:
workbook0/lean_workbook_plus_2703.lean:112:6: error: tactic 'rewrite' failed, equality or iff proof expected
  ∃ n, f n ≠ ↑⌊f n⌋
n : ℕ
f : ℕ → ℚ
hf : ∃ n, f n ≠ ↑⌊f n⌋
h : 1 = -(2 * f 0)
⊢ ¬f 1 = 1

workbook0/lean_workbook_plus_51667.lean:
workbook0/lean_workbook_plus_51667.lean:107:10: error: invalid constructor ⟨...⟩, expected type must be an inductive type 
  ∀ (a b c : ℝ), a ^ 3 + b ^ 3 + c ^ 3 + 3 * a * b * c ≥ a * b * (a + b) + b * c * (b + c) + c * a * (c + a)

workbook0/lean_workbook_plus_24733.lean:
workbook0/lean_workbook_plus_24733.lean:105:44: error: unexpected token; expected ')'

workbook0/lean_workbook_plus_1998.lean:
workbook0/lean_workbook_plus_1998.lean:107:10: error: invalid constructor ⟨...⟩, expected type must be an inductive type 
  ∀ (x y z : ℝ),
    x * (x + y + z) / (2 * x + z + y) ^ 2 * (y + z) + y * (x + y + z) / (2 * y + x + z) ^ 2 * (z + x) +
        z * (x + y + z) / (2 * z + y + x) ^ 2 * (x + y) ≥
      1 / 6 * (x + y + z) * (x * y + x * z + y * z) * (x ^ 2 + y ^ 2 + z ^ 2 + 3 * x * y + 3 * y * z + 3 * x * z) /
        ((y + z) ^ 2 * (z + x) ^ 2 * (x + y) ^ 2)

workbook0/lean_workbook_plus_64850.lean:
workbook0/lean_workbook_plus_64850.lean:107:10: error: invalid constructor ⟨...⟩, expected type must be an inductive type 
  ∀ (a b c : ℝ), (a * b - 1) * (a * c - 1) * (b * c - 1) ≥ (a ^ 2 - 1) * (b ^ 2 - 1) * (c ^ 2 - 1)

workbook0/lean_workbook_plus_4667.lean:
workbook0/lean_workbook_plus_4667.lean:107:10: error: invalid constructor ⟨...⟩, expected type must be an inductive type 
  ∀ (A B C : ℝ), sin B * sin C + sin C * sin A + sin A * sin B ≤ Real.sqrt 3 / 2 * (sin A + sin B + sin C)
workbook0/lean_workbook_plus_4667.lean:108:2: error: no goals to be solved

workbook0/lean_workbook_plus_43160.lean:
workbook0/lean_workbook_plus_43160.lean:106:2: error: simp made no progress

workbook0/lean_workbook_plus_45573.lean:
workbook0/lean_workbook_plus_45573.lean:107:10: error: invalid constructor ⟨...⟩, expected type must be an inductive type 
  ∀ (ab c : ℝ), 4 * Real.sqrt (ab + c) ≤ ab * 3 + c * 3 + 4 / 3
workbook0/lean_workbook_plus_45573.lean:108:2: error: no goals to be solved

workbook0/lean_workbook_plus_80602.lean:
workbook0/lean_workbook_plus_80602.lean:106:28: error: unsolved goals
⊢ ¬?m.610 (-5)

workbook0/lean_workbook_plus_35983.lean:
workbook0/lean_workbook_plus_35983.lean:109:10: error: invalid constructor ⟨...⟩, expected type must be an inductive type 
  ∀ (x y z : ℝ),
    5 * (x ^ 3 + y ^ 3 + z ^ 3) + 19 * (x ^ 2 * y + y ^ 2 * z + z ^ 2 * x) ≥
      30 * x * y * z + 14 * (x * y ^ 2 + y * z ^ 2 + z * x ^ 2)

workbook0/lean_workbook_plus_14424.lean:
workbook0/lean_workbook_plus_14424.lean:107:17: error: rcases tactic failed: left✝ : x = 1 → False is not an inductive datatype

workbook0/lean_workbook_plus_28207.lean:
workbook0/lean_workbook_plus_28207.lean:105:122: error: unsolved goals
a : ℕ → ℕ
h : ∀ (n : ℕ), 1 < a n
⊢ False

workbook0/lean_workbook_plus_40060.lean:
workbook0/lean_workbook_plus_40060.lean:105:158: error: unsolved goals
a b c : ℝ
ha : a ≥ -3 / 4
hb : b ≥ -3 / 4
hc : c ≥ -3 / 4
habc : a + b + c = 1
⊢ False

workbook0/lean_workbook_plus_67498.lean:
workbook0/lean_workbook_plus_67498.lean:106:20: error: invalid constructor ⟨...⟩, expected type must be an inductive type 
  ?m.197

workbook0/lean_workbook_plus_32579.lean:
workbook0/lean_workbook_plus_32579.lean:107:2: error: not a positivity goal

workbook0/lean_workbook_plus_38522.lean:
workbook0/lean_workbook_plus_38522.lean:105:71: error: expected token

workbook0/lean_workbook_plus_52343.lean:
workbook0/lean_workbook_plus_52343.lean:106:2: error: type mismatch
  not_forall_of_exists_not ?m.516
has type
  ¬∀ (x : ?m.514), ?m.515 x : Prop
but is expected to have type
  ∀ (n : ℕ), Real.log (1 + 1 / ↑n) ^ n = ↑n * Real.log (1 + 1 / ↑n) : Prop

workbook0/lean_workbook_plus_73794.lean:
workbook0/lean_workbook_plus_73794.lean:108:10: error: invalid constructor ⟨...⟩, expected type must be an inductive type 
  ∀ (x : ℝ), ¬x = -1 → (x + 1) / (x + 1) = x

workbook0/lean_workbook_plus_51258.lean:
workbook0/lean_workbook_plus_51258.lean:107:10: error: invalid constructor ⟨...⟩, expected type must be an inductive type 
  ∀ (a b c : ℝ), a * b / c ^ 2 + b * c / a ^ 2 + c * a / b ^ 2 ≥ 1 / 2 * (a + b / c + b + c / a + c + a / b)

workbook0/lean_workbook_plus_35427.lean:
workbook0/lean_workbook_plus_35427.lean:108:12: error: unsolved goals
f : ℂ → ℂ
k : ℂ
h : k ≠ 0
hf : ∃ z, f z ≠ 0
⊢ ¬f 0 = k * (f 0 + 1)

workbook0/lean_workbook_plus_32913.lean:
workbook0/lean_workbook_plus_32913.lean:105:248: error: unsolved goals
xyz x y z : ℝ
hx : 0 ≤ x
hy : 0 ≤ y
hz : 0 ≤ z
⊢ False

workbook0/lean_workbook_plus_30298.lean:
workbook0/lean_workbook_plus_30298.lean:105:81: error: unsolved goals
⊢ False

workbook0/lean_workbook_plus_16644.lean:
workbook0/lean_workbook_plus_16644.lean:107:8: error: invalid constructor ⟨...⟩, expected type must be an inductive type 
  ∀ (x : ℤ), x = 0

workbook0/lean_workbook_plus_69691.lean:
workbook0/lean_workbook_plus_69691.lean:107:10: error: invalid constructor ⟨...⟩, expected type must be an inductive type 
  ∀ (a b c : ℝ), 9 * (a ^ 3 + 3 * b ^ 3 + 5 * c ^ 3) * (a + 3 * b + 5 * c) ≥ 9 * (a ^ 2 + 3 * b ^ 2 + 5 * c ^ 2) ^ 2

workbook0/lean_workbook_plus_23618.lean:
workbook0/lean_workbook_plus_23618.lean:106:2: error: simp made no progress

workbook0/lean_workbook_plus_33724.lean:
workbook0/lean_workbook_plus_33724.lean:107:10: error: invalid constructor ⟨...⟩, expected type must be an inductive type 
  ∀ (A B C : ℝ), 2 / 3 * cos A + 2 / 3 * cos B + 2 / 3 * cos C ≥ (cos B + cos C) * (cos C + cos A) * (cos A + cos B)

workbook0/lean_workbook_plus_61558.lean:
workbook0/lean_workbook_plus_61558.lean:107:10: error: invalid constructor ⟨...⟩, expected type must be an inductive type 
  ∀ (x y z : ℝ),
    x ^ 5 + y ^ 5 + z ^ 5 ≥ 3 * (x ^ 3 + y ^ 3 + z ^ 3 - x ^ 2 - y ^ 2 - z ^ 2) + x ^ 2 + y ^ 2 + z ^ 2 ∧
      3 * (x ^ 3 + y ^ 3 + z ^ 3 - x ^ 2 - y ^ 2 - z ^ 2) + x ^ 2 + y ^ 2 + z ^ 2 ≥ x ^ 2 + y ^ 2 + z ^ 2

workbook0/lean_workbook_plus_11795.lean:
workbook0/lean_workbook_plus_11795.lean:105:85: error: unsolved goals
⊢ False

workbook0/lean_workbook_plus_73080.lean:
workbook0/lean_workbook_plus_73080.lean:106:30: error: unsolved goals
⊢ False

workbook0/lean_workbook_plus_589.lean:
workbook0/lean_workbook_plus_589.lean:106:2: error: tactic 'introN' failed, insufficient number of binders
a b c : ℝ
ha : a + b + c = 1
hb : a * b + b * c + c * a = 1 / 4
hc : a * b * c = 1 / 72
⊢ a = 1 / 2 ∧ b = 1 / 3 ∧ c = 1 / 6

workbook0/lean_workbook_plus_42316.lean:
workbook0/lean_workbook_plus_42316.lean:107:10: error: invalid constructor ⟨...⟩, expected type must be an inductive type 
  ∀ (a : ℤ), Odd a → ∀ (n : ℕ), a ^ 2 ^ n ≡ 1 [ZMOD 2 ^ (n + 2)]

workbook0/lean_workbook_plus_29602.lean:
workbook0/lean_workbook_plus_29602.lean:107:12: error: invalid field notation, type is not of the form (C ...) where C is a constant
  h₁
has type
  x = 2 → y ≠ 1 / 3

workbook0/lean_workbook_plus_45269.lean:
workbook0/lean_workbook_plus_45269.lean:107:10: error: invalid constructor ⟨...⟩, expected type must be an inductive type 
  ∀ (a b c : ℝ), (a + b + c) ^ 2 / (a * b + b * c + c * a) ≥ 9 / (a + b + c)

workbook0/lean_workbook_plus_36950.lean:
workbook0/lean_workbook_plus_36950.lean:107:10: error: invalid constructor ⟨...⟩, expected type must be an inductive type 
  ∀ (x y z : ℝ),
    x ^ 2 + y ^ 2 + z ^ 2 + x + y + z ≥ x ^ 2 + y ^ 2 + z ^ 2 + 3 ∧
      x ^ 2 + y ^ 2 + z ^ 2 + 3 ≥ 2 * (x * y + x * z + y * z)

workbook0/lean_workbook_plus_44881.lean:
workbook0/lean_workbook_plus_44881.lean:107:10: error: invalid constructor ⟨...⟩, expected type must be an inductive type 
  ∀ (x y : ℝ),
    x ≥ 0 ∧ y ≥ 0 → 2 * (x + y + 1) ^ 2 ≥ x ^ 2 + y ^ 2 + 2 * x + 2 * y + 2 ↔ (x + y) * (x + y + 2) + 2 * x * y ≥ 0

workbook0/lean_workbook_plus_21503.lean:
workbook0/lean_workbook_plus_21503.lean:106:30: error: expected type must not contain free or meta variables
  ¬?m.63 0

workbook0/lean_workbook_plus_56969.lean:
workbook0/lean_workbook_plus_56969.lean:107:10: error: invalid constructor ⟨...⟩, expected type must be an inductive type 
  ∀ (a b c d : ℝ),
    a > 0 ∧ b > 0 ∧ c > 0 ∧ d > 0 →
      16 * (a * b ^ 3 + b * c ^ 3 + c * d ^ 3 + d * a ^ 3) +
              32 * (a ^ 2 * b ^ 2 + b ^ 2 * c ^ 2 + c ^ 2 * d ^ 2 + d ^ 2 * a ^ 2) -
            17 * (a ^ 2 * b * c + b ^ 2 * c * d + c ^ 2 * d * a + d ^ 2 * a * b) -
          180 * a * b * c * d ≥
        0

workbook0/lean_workbook_plus_23550.lean:
workbook0/lean_workbook_plus_23550.lean:105:148: error: unsolved goals
a : ℕ → ℕ
h : a 0 = 210
h' : ∀ (n : ℕ), a (n + 1) = a n / 2 + a n / 3
⊢ False

workbook0/lean_workbook_plus_61834.lean:
workbook0/lean_workbook_plus_61834.lean:108:6: error: tactic 'rewrite' failed, did not find instance of the pattern in the target expression
  ?m.10176 / ?m.10177 < ?m.10178 / ?m.10179
abc a b c : ℝ
ha : 0 < a
hb : 0 < b
hc : 0 < c
hab : a + b + c = 3
⊢ (2 + (3 + a * b + b * c + c * a)) / (3 + a * b + b * c + c * a) ≤ 5 / 6

workbook0/lean_workbook_plus_12577.lean:
workbook0/lean_workbook_plus_12577.lean:106:59: error: unsolved goals
⊢ False

workbook0/lean_workbook_plus_82256.lean:
workbook0/lean_workbook_plus_82256.lean:106:69: error: unsolved goals
⊢ False

workbook0/lean_workbook_plus_64968.lean:
workbook0/lean_workbook_plus_64968.lean:106:28: error: unsolved goals
⊢ ¬?m.10297 (-1)

workbook0/lean_workbook_plus_15720.lean:
workbook0/lean_workbook_plus_15720.lean:107:10: error: invalid constructor ⟨...⟩, expected type must be an inductive type 
  ∀ (a b c : ℝ), (Real.sqrt (b * a) + Real.sqrt (b * c)) ^ 2 ≤ (a + b) * (b + c)

workbook0/lean_workbook_plus_3254.lean:
workbook0/lean_workbook_plus_3254.lean:107:12: error: invalid field notation, type is not of the form (C ...) where C is a constant
  h₁
has type
  y = 3 / 14 → x ≠ 3 / 7

workbook0/lean_workbook_plus_23117.lean:
workbook0/lean_workbook_plus_23117.lean:108:6: error: tactic 'rewrite' failed, did not find instance of the pattern in the target expression
  ?m.44798 / ?m.44799 < ?m.44800 / ?m.44801
x y z : ℝ
hx : 0 < x
hy : 0 < y
hz : 0 < z
⊢ (x ^ 2 * y * 5 +
        (x ^ 2 * z * 5 + (x * y ^ 2 * 5 + (y ^ 2 * z * 5 + (x * z ^ 2 * 5 + (y * z ^ 2 * 5 + x * y * z * 10)))))) /
      (x + (y + z)) ≤
    (x * y * 2 * (x + (y + z)) + (x * z * 2 * (x + (y + z)) + (y * z * 2 * (x + (y + z)) + x * y * z * 8))) /
      (x + (y + z))

workbook0/lean_workbook_plus_26199.lean:
workbook0/lean_workbook_plus_26199.lean:107:10: error: invalid constructor ⟨...⟩, expected type must be an inductive type 
  ∀ (t : ℝ), (Real.sqrt 2 - t) * (5 / Real.sqrt 2 - t) ≥ 0
workbook0/lean_workbook_plus_26199.lean:108:2: error: no goals to be solved

workbook0/lean_workbook_plus_79740.lean:
workbook0/lean_workbook_plus_79740.lean:107:9: error: invalid constructor ⟨...⟩, expected type must be an inductive type 
  ∀ ε > 0, ∃ δ > 0, ∀ x ∈ Set.Ioo (-δ) δ, |(tan 2 * x - 2 * sin x) / (x * (1 - cos 2 * x)) - 3 / 2| < ε
workbook0/lean_workbook_plus_79740.lean:108:2: error: no goals to be solved

workbook0/lean_workbook_plus_36047.lean:
workbook0/lean_workbook_plus_36047.lean:107:10: error: invalid constructor ⟨...⟩, expected type must be an inductive type 
  ∀ (a b c : ℝ),
    a ≥ 0 ∧ b ≥ 0 ∧ c ≥ 0 →
      (a + b) / (c * Real.sqrt (a ^ 2 + b ^ 2)) + (b + c) / (a * Real.sqrt (b ^ 2 + c ^ 2)) +
          (c + a) / (b * Real.sqrt (c ^ 2 + a ^ 2)) ≥
        3 * Real.sqrt 6 / Real.sqrt (a ^ 2 + b ^ 2 + c ^ 2)

workbook0/lean_workbook_plus_69206.lean:
workbook0/lean_workbook_plus_69206.lean:107:8: error: unknown identifier 'det_fin_two'

workbook0/lean_workbook_plus_14806.lean:
workbook0/lean_workbook_plus_14806.lean:106:28: error: unsolved goals
⊢ ¬?m.1601 (-4)

workbook0/lean_workbook_plus_79261.lean:
workbook0/lean_workbook_plus_79261.lean:107:14: error: unsolved goals
a : ℕ → ℕ
ha : a 2 = 2
h2 : ∀ (m n : ℕ), Coprime m n → a (m * n) = a m * a n
h1 : ∃ n, a n ≠ n
⊢ a 0 = 0

workbook0/lean_workbook_plus_21789.lean:
workbook0/lean_workbook_plus_21789.lean:106:2: warning: aesop: failed to prove the goal after exhaustive search.
workbook0/lean_workbook_plus_21789.lean:105:109: error: unsolved goals
case left
⊢ 1 < ∑' (n : ℕ), 1 / n ^ 2

case right
⊢ ∑' (n : ℕ), 1 / n ^ 2 = 0

workbook0/lean_workbook_plus_67462.lean:
workbook0/lean_workbook_plus_67462.lean:105:139: error: unsolved goals
f : ℕ → ℕ
hf : ∀ (n : ℕ), 1000 ≤ n → f n = n - 3
hf' : ∀ n < 1000, f n = f (n + 5)
⊢ False

workbook0/lean_workbook_plus_357.lean:
workbook0/lean_workbook_plus_357.lean:105:37: error: unexpected token; expected ':'

workbook0/lean_workbook_plus_4647.lean:
workbook0/lean_workbook_plus_4647.lean:109:17: error: invalid constructor ⟨...⟩, expected type must be an inductive type 
  ?m.33009 h
workbook0/lean_workbook_plus_4647.lean:109:2: error: type mismatch
  fun h => ?m.33010 h
has type
  (h : ?m.33004) → ?m.33009 h : Sort (imax ?u.33003 ?u.33006)
but is expected to have type
  (45 + 1)⁻¹ * 45⁻¹ < 2010⁻¹ ∧ ∀ ⦃a : ℕ⦄, (↑a + 1)⁻¹ * (↑a)⁻¹ < 2010⁻¹ → 45 ≤ a : Prop

workbook0/lean_workbook_plus_4695.lean:
workbook0/lean_workbook_plus_4695.lean:105:31: error: unexpected token; expected ':'

workbook0/lean_workbook_plus_39908.lean:
workbook0/lean_workbook_plus_39908.lean:106:27: error: unsolved goals
⊢ ¬?m.918 0

workbook0/lean_workbook_plus_18665.lean:
workbook0/lean_workbook_plus_18665.lean:107:10: error: invalid constructor ⟨...⟩, expected type must be an inductive type 
  ∀ (a b c : ℝ), a * b + b * c + c * a + a * b * c = a ^ 2 + b ^ 2 + c ^ 2 → a ≤ 0 → b ≤ 0 → 0 < c

workbook0/lean_workbook_plus_81022.lean:
workbook0/lean_workbook_plus_81022.lean:106:37: error: unsolved goals
⊢ ?m.270 0

workbook0/lean_workbook_plus_26503.lean:
workbook0/lean_workbook_plus_26503.lean:107:10: error: invalid constructor ⟨...⟩, expected type must be an inductive type 
  ∀ (n : ℕ), ↑(fib (n + 1)) * ↑(fib (n - 1)) = ↑(fib n) ^ 2 - (-1) ^ n

workbook0/lean_workbook_plus_63523.lean:
workbook0/lean_workbook_plus_63523.lean:106:2: warning: aesop: failed to prove the goal. Some goals were not explored because the maximum rule application depth (30) was reached. Set option 'maxRuleApplicationDepth' to increase the limit.
workbook0/lean_workbook_plus_63523.lean:107:39: error: unknown identifier 'a_1'

workbook0/lean_workbook_plus_65309.lean:
workbook0/lean_workbook_plus_65309.lean:106:27: error: unsolved goals
⊢ ¬?m.302 0

workbook0/lean_workbook_plus_71683.lean:
workbook0/lean_workbook_plus_71683.lean:107:10: error: invalid constructor ⟨...⟩, expected type must be an inductive type 
  ∀ (f : ℝ → ℝ) (x : ℝ), f x = x + 1

workbook0/lean_workbook_plus_60732.lean:
workbook0/lean_workbook_plus_60732.lean:106:46: error: unsolved goals
⊢ False

workbook0/lean_workbook_plus_43469.lean:
workbook0/lean_workbook_plus_43469.lean:106:27: error: unsolved goals
⊢ ¬?m.575 1

workbook0/lean_workbook_plus_37280.lean:
workbook0/lean_workbook_plus_37280.lean:106:42: error: simp made no progress

workbook0/lean_workbook_plus_60518.lean:
workbook0/lean_workbook_plus_60518.lean:105:201: error: unsolved goals
x y z : ℝ
⊢ 0 ≤ x + y + z ∧ Real.sqrt 3 ≤ 0

workbook0/lean_workbook_plus_52217.lean:
workbook0/lean_workbook_plus_52217.lean:105:73: error: unsolved goals
x : ℝ
⊢ False

workbook0/lean_workbook_plus_24060.lean:
workbook0/lean_workbook_plus_24060.lean:106:39: error: unsolved goals
⊢ ¬?m.6473 0

workbook0/lean_workbook_plus_13258.lean:
workbook0/lean_workbook_plus_13258.lean:105:129: error: unsolved goals
A : ℝ
hA : A = 3 * (10 ^ 9) ^ (1 / 3)
⊢ False

workbook0/lean_workbook_plus_67512.lean:
workbook0/lean_workbook_plus_67512.lean:112:2: error: linarith failed to find a contradiction
case h1.h
x : ℝ
f g : ℝ → ℝ
h₀ : ∀ (x : ℝ), f x = x ^ 9 * (x + 1)
h₁ : ∀ (x : ℝ), g x = x ^ 10 - 9 * x ^ 9 + 10 * x ^ 11
h₂ : 0 < x
a✝ : x ^ 10 - 9 * x ^ 9 + 10 * x ^ 11 - x ^ 9 * (x + 1) < x ^ 9 * (10 * x - 9) * (x + 1)
⊢ False
failed

workbook0/lean_workbook_plus_4460.lean:
workbook0/lean_workbook_plus_4460.lean:107:2: error: linarith failed to find a contradiction
case h2.h
a b c : ℝ
ha : a = 1
hb : b = (7 + 3 * Real.sqrt 5) / 2
hc : c = (3 + Real.sqrt 5) / 2
a✝ : (7 + 3 * Real.sqrt 5) / 2 + (3 + Real.sqrt 5) / 2 - 1 < (7 + 3 * Real.sqrt 5) / 2 * ((3 + Real.sqrt 5) / 2)
⊢ False
failed

workbook0/lean_workbook_plus_21547.lean:
workbook0/lean_workbook_plus_21547.lean:105:32: error: unexpected token '∀'; expected ':'

workbook0/lean_workbook_plus_55339.lean:
workbook0/lean_workbook_plus_55339.lean:107:10: error: invalid constructor ⟨...⟩, expected type must be an inductive type 
  ∀ (n : ℕ),
    2⁻¹ < (∏ x in Finset.range n, (1 + (3 ^ x)⁻¹)) * (1 + (3 ^ n)⁻¹) ∧
      (∏ i in Finset.range n, (1 + 1 / 3 ^ i)) * (1 + 1 / 3 ^ n) < 2

workbook0/lean_workbook_plus_64780.lean:
workbook0/lean_workbook_plus_64780.lean:107:10: error: invalid constructor ⟨...⟩, expected type must be an inductive type 
  ∀ (a b c : ℝ), 1 / (a + b + 1) + 1 / (b + c + 1) + 1 / (c + a + 1) ≤ 1

workbook0/lean_workbook_plus_64113.lean:
workbook0/lean_workbook_plus_64113.lean:106:2: error: linarith failed to find a contradiction
case a
a b c : ℝ
ha : 0 < a
hb : 0 < b
hc : 0 < c
habc : a * b * c = 1
h : 1 / (a ^ 3 + 1) + 1 / (b ^ 3 + 1) + 1 / (c ^ 3 + 1) = 1
a✝ : 2 > a * b * c
⊢ False
failed

workbook0/lean_workbook_plus_10338.lean:
workbook0/lean_workbook_plus_10338.lean:105:32: error: unexpected token '∀'; expected ':'

workbook0/lean_workbook_plus_53740.lean:
workbook0/lean_workbook_plus_53740.lean:107:10: error: invalid constructor ⟨...⟩, expected type must be an inductive type 
  ∀ (n : ℕ), f n = 1

workbook0/lean_workbook_plus_65544.lean:
workbook0/lean_workbook_plus_65544.lean:105:32: error: unexpected token '∀'; expected ':'

workbook0/lean_workbook_plus_21620.lean:
workbook0/lean_workbook_plus_21620.lean:106:31: error: unsolved goals
⊢ ¬?m.512 (-2016)

workbook0/lean_workbook_plus_71131.lean:
workbook0/lean_workbook_plus_71131.lean:108:2: warning: aesop: failed to prove the goal. Some goals were not explored because the maximum rule application depth (30) was reached. Set option 'maxRuleApplicationDepth' to increase the limit.
workbook0/lean_workbook_plus_71131.lean:105:250: error: unsolved goals
case h.h
n! : ℚ
p : ℕ → ℕ → ℚ
hp : p 1 0 = 1
hp3 : ∀ (n k : ℕ), 1 < n → 1 < k → p n k = (3 - ↑k) / 3 * p (n - 1) (k - 1) + ↑k / 3 * p (n - 1) (k + 1)
_ : p 2 0 = 0
w w_1 : ℕ
h_1 : ¬p w w_1 = (3 ^ (w - 1))⁻¹ * n!⁻¹
a : p 2 1 = 0
⊢ False

workbook0/lean_workbook_plus_46684.lean:
workbook0/lean_workbook_plus_46684.lean:107:22: error: invalid constructor ⟨...⟩, expected type must be an inductive type 
  ?m.19532 f hf
workbook0/lean_workbook_plus_46684.lean:107:2: error: type mismatch
  fun f hf => ?m.19534 f hf
has type
  (f : ?m.19523) → (hf : ?m.19535 f) → ?m.19532 f hf : Sort (imax ?u.19522 ?u.19525 ?u.19528)
but is expected to have type
  ∃ b, b 0 = n ∧ ∀ (k : ℕ), b k < b (k + 1) ∧ b k % (n + 1 - k) = 0 : Prop

workbook0/lean_workbook_plus_34237.lean:
workbook0/lean_workbook_plus_34237.lean:109:10: error: invalid constructor ⟨...⟩, expected type must be an inductive type 
  ∀ (a b c : ℝ), a > 0 ∧ b > 0 ∧ c > 0 ∧ a * b * c = 1 → 82 ≤ (a + b + c) ^ 2 + (1 / a + 1 / b + 1 / c) ^ 2

workbook0/lean_workbook_plus_45366.lean:
workbook0/lean_workbook_plus_45366.lean:105:44: error: unexpected token; expected ')'

workbook0/lean_workbook_plus_19868.lean:
workbook0/lean_workbook_plus_19868.lean:105:32: error: unexpected token; expected ':'

workbook0/lean_workbook_plus_13643.lean:
workbook0/lean_workbook_plus_13643.lean:107:10: error: invalid constructor ⟨...⟩, expected type must be an inductive type 
  ∀ (n k : ℕ), k * choose n k = n * choose (n - 1) (k - 1)

workbook0/lean_workbook_plus_28689.lean:
workbook0/lean_workbook_plus_28689.lean:106:2: error: type mismatch
  not_and_of_not_left ?m.4038 ?m.4039
has type
  ¬(?m.4037 ∧ ?m.4038) : Prop
but is expected to have type
  2 ≤ 1 / (a ^ 2 + 1) + 1 / (b ^ 2 + 1) + 1 / (c ^ 2 + 1) ∧
    1 / (a ^ 2 + 1) + 1 / (b ^ 2 + 1) + 1 / (c ^ 2 + 1) ≤ 9 / 4 : Prop

workbook0/lean_workbook_plus_56638.lean:
workbook0/lean_workbook_plus_56638.lean:106:39: error: unsolved goals
⊢ ¬?m.5123 1

workbook0/lean_workbook_plus_28716.lean:
workbook0/lean_workbook_plus_28716.lean:107:10: error: invalid constructor ⟨...⟩, expected type must be an inductive type 
  ∀ (a b c : ℝ),
    a > 0 ∧ b > 0 ∧ c > 0 →
      6 * a * b * c < a * b * (a + b) + b * c * (b + c) + c * a * (c + a) ∧
        a * b * (a + b) + b * c * (b + c) + c * a * (c + a) < 2 * (a ^ 3 + b ^ 3 + c ^ 3)

workbook0/lean_workbook_plus_5842.lean:
workbook0/lean_workbook_plus_5842.lean:105:43: error: unexpected token; expected ')'

workbook0/lean_workbook_plus_82867.lean:
workbook0/lean_workbook_plus_82867.lean:106:27: error: unsolved goals
⊢ ¬?m.1179 0

workbook0/lean_workbook_plus_65152.lean:
workbook0/lean_workbook_plus_65152.lean:106:2: error: linarith failed to find a contradiction
case h2.h
a b x y : ℝ
h₁ : a + b = 23
h₂ : a * x + b * y = 79
h₃ : a * x ^ 2 + b * y ^ 2 = 217
h₄ : a * x ^ 3 + b * y ^ 3 = 691
a✝ : 1513 < a * x ^ 4 + b * y ^ 4
⊢ False
failed

workbook0/lean_workbook_plus_22780.lean:
workbook0/lean_workbook_plus_22780.lean:107:2: error: linarith failed to find a contradiction
case a
a b : ℝ
ha : 0 < a
hb : 0 < b
hab : a ^ 3 + 2 * b ^ 3 = 2
a✝ : a + 2 * b + 1 / 5 * (a ^ 2 - b ^ 2) ^ 2 > 1
⊢ False
failed

workbook0/lean_workbook_plus_54138.lean:
workbook0/lean_workbook_plus_54138.lean:106:2: error: simp made no progress

workbook0/lean_workbook_plus_77704.lean:
workbook0/lean_workbook_plus_77704.lean:105:85: error: unsolved goals
n : ℕ
hn : n ≥ 6
⊢ False

workbook0/lean_workbook_plus_28256.lean:
workbook0/lean_workbook_plus_28256.lean:106:2: warning: aesop: failed to prove the goal after exhaustive search.
workbook0/lean_workbook_plus_28256.lean:108:2: error: linarith failed to find a contradiction
case left.h1.h
x y z : ℝ
hx : x ^ 2 + 2 + (x ^ 2)⁻¹ = y ^ 2
hy : y ^ 2 + 2 + (y ^ 2)⁻¹ = z ^ 2
hz : 2 + z ^ 2 + z⁻¹ ^ 2 = x ^ 2
a✝ : x < y
⊢ False
failed

workbook0/lean_workbook_plus_68031.lean:
workbook0/lean_workbook_plus_68031.lean:105:32: error: unexpected token; expected ':'

workbook0/lean_workbook_plus_53893.lean:
workbook0/lean_workbook_plus_53893.lean:107:6: error: type mismatch
  π / 3
has type
  ℝ : outParam Type
but is expected to have type
  ∀ (x : ℝ),
    cos x * cos (x / 2) * cos (3 * x / 2) - sin x * sin (x / 2) * sin (3 * x / 2) = 1 / 2 ↔
      x = π / 3 + 2 * π * ↑(Int.ofNat 0) ∨
        x = π / 2 + 2 * π * ↑(Int.ofNat 0) ∨ x = 2 * π / 3 + 2 * π * ↑(Int.ofNat 0) : Prop

workbook0/lean_workbook_plus_50674.lean:
workbook0/lean_workbook_plus_50674.lean:106:2: error: simp made no progress

workbook0/lean_workbook_plus_8676.lean:
workbook0/lean_workbook_plus_8676.lean:106:457: error: unsolved goals
⊢ False

workbook0/lean_workbook_plus_65093.lean:
workbook0/lean_workbook_plus_65093.lean:105:117: error: unsolved goals
k : ℕ
⊢ False

workbook0/lean_workbook_plus_10957.lean:
workbook0/lean_workbook_plus_10957.lean:107:9: error: invalid constructor ⟨...⟩, expected type must be an inductive type 
  ∀ (x y z : ℝ),
    x > 0 ∧ y > 0 ∧ z > 0 →
      x * (13 * y ^ 2 + 13 * z ^ 2 - 10 * y * z) / (y + z) * (y ^ 2 - y * z + z ^ 2) +
            y * (13 * z ^ 2 + 13 * x ^ 2 - 10 * x * z) / (z + x) * (z ^ 2 - x * z + x ^ 2) +
          z * (13 * x ^ 2 + 13 * y ^ 2 - 10 * x * y) / (x + y) * (x ^ 2 - x * y + y ^ 2) ≥
        24
workbook0/lean_workbook_plus_10957.lean:108:2: error: no goals to be solved

workbook0/lean_workbook_plus_31223.lean:
workbook0/lean_workbook_plus_31223.lean:107:10: error: invalid constructor ⟨...⟩, expected type must be an inductive type 
  ∀ (k l m n p : ℝ),
    (Real.sqrt ((k + l) ^ 2 + (m + n) ^ 2 + (k + l + m + n) ^ 2) +
          Real.sqrt ((l + m) ^ 2 + (n + p) ^ 2 + (l + m + n + p) ^ 2)) ^
        2 >
      2 * (k + m + p) ^ 2

workbook0/lean_workbook_plus_48512.lean:
workbook0/lean_workbook_plus_48512.lean:106:39: error: unsolved goals
⊢ ¬?m.215 0

workbook0/lean_workbook_plus_18560.lean:
workbook0/lean_workbook_plus_18560.lean:107:10: error: invalid constructor ⟨...⟩, expected type must be an inductive type 
  ∀ (p : ℕ), 3 < p → Nat.Prime p → p * p ∣ (1 + 1 / (p - 1)) * (p - 1)!

workbook0/lean_workbook_plus_24342.lean:
workbook0/lean_workbook_plus_24342.lean:107:10: error: invalid constructor ⟨...⟩, expected type must be an inductive type 
  ∀ (x y z : ℕ), x ^ 4 + p * y ^ 4 ≠ z ^ 4

workbook0/lean_workbook_plus_39801.lean:
workbook0/lean_workbook_plus_39801.lean:110:6: error: type mismatch
  π / 6
has type
  ℝ : outParam Type
but is expected to have type
  ∀ ⦃A B C : ℝ⦄,
    A ∈ Set.Ioo 0 π ∧ B ∈ Set.Ioo 0 π ∧ C ∈ Set.Ioo 0 π ∧ A + B + C = π →
      cos A * cos B / sin (2 * C) + cos B * cos C / sin (2 * A) + cos C * cos A / sin (2 * B) ≥ Real.sqrt 3 / 2 : Prop

workbook0/lean_workbook_plus_52710.lean:
workbook0/lean_workbook_plus_52710.lean:107:2: error: linarith failed to find a contradiction
case h1.h
x y : ℝ
h₁ : 1036 / 5 * x + 487 / 4 * y = 492 / 125
h₂ : 1196 / 5 * x + 615 / 4 * y = 4577 / 1000
a✝ : 487 / 4 * y / (492 / 125) * 100 < 143 / 5
⊢ False
failed

workbook0/lean_workbook_plus_47225.lean:
workbook0/lean_workbook_plus_47225.lean:107:10: error: invalid constructor ⟨...⟩, expected type must be an inductive type 
  ∀ (b c : ℕ), (c + 1) / (2 * b + c) + b / (2 * c + b) ≤ 1

workbook0/lean_workbook_plus_71911.lean:
workbook0/lean_workbook_plus_71911.lean:107:10: error: invalid constructor ⟨...⟩, expected type must be an inductive type 
  ∀ (x y z : ℂ),
    y = (x + z) / 2 →
      33 * x ^ 5 + 5 * x ^ 4 * z + 10 * x ^ 3 * z ^ 2 + 10 * x ^ 2 * z ^ 3 + 5 * x * z ^ 4 - 31 * z ^ 5 = 0

workbook0/lean_workbook_plus_63117.lean:
workbook0/lean_workbook_plus_63117.lean:106:2: error: simp made no progress

workbook0/lean_workbook_plus_62743.lean:
workbook0/lean_workbook_plus_62743.lean:105:42: error: expected token

workbook0/lean_workbook_plus_37083.lean:
workbook0/lean_workbook_plus_37083.lean:107:10: error: invalid constructor ⟨...⟩, expected type must be an inductive type 
  ∀ (x y z : ℝ), 1 / (1 + x) ^ 3 + 1 / (1 + y) ^ 3 + 1 / (1 + z) ^ 3 ≥ 3 / 8

workbook0/lean_workbook_plus_18052.lean:
workbook0/lean_workbook_plus_18052.lean:105:89: error: unsolved goals
x : ℝ
hx : x = 197.99494949
⊢ False

workbook0/lean_workbook_plus_82030.lean:
workbook0/lean_workbook_plus_82030.lean:107:10: error: invalid constructor ⟨...⟩, expected type must be an inductive type 
  ∀ (a b c : ℝ), (a + b + c) * (a ^ 2 / b + b ^ 2 / c + c ^ 2 / a) ≥ 3 * (a ^ 2 + b ^ 2 + c ^ 2)

workbook0/lean_workbook_plus_52387.lean:
workbook0/lean_workbook_plus_52387.lean:105:59: error: expected token

workbook0/lean_workbook_plus_3710.lean:
workbook0/lean_workbook_plus_3710.lean:107:10: error: invalid constructor ⟨...⟩, expected type must be an inductive type 
  ∀ (a b c : ℝ), a > 0 ∧ b > 0 ∧ c > 0 ∧ c ≥ b ∧ b ≥ a → c * (b - a) ^ 2 - b * (c - b) ^ 2 - a * (b - c) ^ 2 ≥ 0

workbook0/lean_workbook_plus_7749.lean:
workbook0/lean_workbook_plus_7749.lean:107:2: error: tactic 'decide' proved that the proposition
  ∑ k in Finset.Icc 1 21, choose 21 k * k ^ 2 = 2310
is false

workbook0/lean_workbook_plus_44941.lean:
workbook0/lean_workbook_plus_44941.lean:106:2: error: tactic 'introN' failed, insufficient number of binders
s : ℕ → ℕ
h₁ : s 1 = 2
h₂ : s 2 = 6
h₃ : s 3 = 14
h₄ : ∀ (n : ℕ), s (n + 4) = 2 * s (n + 3) + s (n + 2)
⊢ ∃ a b c, ∀ (n : ℕ), s n = a * 2 ^ n + b * 3 ^ n + c

workbook0/lean_workbook_plus_22243.lean:
workbook0/lean_workbook_plus_22243.lean:105:42: error: expected token

workbook0/lean_workbook_plus_71122.lean:
workbook0/lean_workbook_plus_71122.lean:106:10: warning: `tsum_geometric_of_abs_lt_1` has been deprecated, use `tsum_geometric_of_abs_lt_one` instead
workbook0/lean_workbook_plus_71122.lean:105:84: error: unsolved goals
x : ℝ
hx : x = 1 / 4
⊢ False

workbook0/lean_workbook_plus_15478.lean:
workbook0/lean_workbook_plus_15478.lean:105:75: error: expected token

workbook0/lean_workbook_plus_24458.lean:
workbook0/lean_workbook_plus_24458.lean:105:87: error: unsolved goals
a : ℕ
⊢ False

workbook0/lean_workbook_plus_77547.lean:
workbook0/lean_workbook_plus_77547.lean:106:27: error: unsolved goals
⊢ ¬?m.1102 1

workbook0/lean_workbook_plus_31916.lean:
workbook0/lean_workbook_plus_31916.lean:106:2: error: linarith failed to find a contradiction
case h1.h
x : ℝ
hx : x ^ 3 - 3 * x + 3 = 0
a✝ : x ^ 9 + 81 * x ^ 2 < 0
⊢ False
failed

workbook0/lean_workbook_plus_82855.lean:
workbook0/lean_workbook_plus_82855.lean:107:10: error: invalid constructor ⟨...⟩, expected type must be an inductive type 
  ∀ (a b c : ℝ),
    (a - b) * (a + b) * (a - c) * (a + c) - (b - c) * (b + c) * (a - b) * (a + b) =
      3 / 4 * (3 * a * b - 6 * a * c - 2 * b ^ 2 + 3 * b * c + 2 * c ^ 2) ^ 2 +
        1 / 4 * (4 * a ^ 2 - 9 * a * b - 2 * b ^ 2 + 9 * b * c - 2 * c ^ 2) ^ 2

workbook0/lean_workbook_plus_69498.lean:
workbook0/lean_workbook_plus_69498.lean:113:16: error: function expected at
  h₁
term has type
  ∃ x, 0 < x ∧ f x ≠ x

workbook0/lean_workbook_plus_11936.lean:
workbook0/lean_workbook_plus_11936.lean:106:12: error: unknown constant 'Real.logb_eq_iff_rpow_eq'

workbook0/lean_workbook_plus_7677.lean:
workbook0/lean_workbook_plus_7677.lean:107:2: warning: aesop: failed to prove the goal after exhaustive search.
workbook0/lean_workbook_plus_7677.lean:105:177: error: unsolved goals
case h
x y z : ℝ
⊢ False

workbook0/lean_workbook_plus_46436.lean:
workbook0/lean_workbook_plus_46436.lean:106:2: error: simp made no progress

workbook0/lean_workbook_plus_76434.lean:
workbook0/lean_workbook_plus_76434.lean:105:95: error: unsolved goals
u v : ℂ
⊢ Complex.normSq u + Complex.normSq v + (Complex.normSq u + Complex.normSq v) =
    Complex.abs u ^ 2 + Complex.abs v ^ 2 + (Complex.abs u ^ 2 + Complex.abs v ^ 2)

workbook0/lean_workbook_plus_43336.lean:
workbook0/lean_workbook_plus_43336.lean:109:10: error: invalid constructor ⟨...⟩, expected type must be an inductive type 
  ∀ (x y z : ℝ),
    x + y + z = 3 →
      0 ≤ x ∧ 0 ≤ y ∧ 0 ≤ z → x ^ 3 / (x ^ 3 + y + z) + y ^ 3 / (y ^ 3 + z + x) + z ^ 3 / (z ^ 3 + x + y) ≤ 1

workbook0/lean_workbook_plus_50325.lean:
workbook0/lean_workbook_plus_50325.lean:108:2: error: linarith failed to find a contradiction
case h
a b c : ℝ
ha : 0 ≤ a
hb : 0 ≤ b
hc : 0 ≤ c
habc : a * b * c = 1
h : 1 < a + b + c
a✝ : a ^ 2 + b ^ 2 + c ^ 2 + 1 = 4
⊢ False
failed

workbook0/lean_workbook_plus_10617.lean:
workbook0/lean_workbook_plus_10617.lean:105:100: error: unsolved goals
⊢ False

workbook0/lean_workbook_plus_31935.lean:
workbook0/lean_workbook_plus_31935.lean:107:10: error: invalid constructor ⟨...⟩, expected type must be an inductive type 
  ∀ (x : ℝ),
    x ^ 5 + 10 * x ^ 3 + 20 * x - 4 = 0 ↔
      x = OfScientific.ofScientific 6 true 1 ∨ x = -OfScientific.ofScientific 6 true 1 ∨ x = -2 ∨ x = -4

workbook0/lean_workbook_plus_42018.lean:
workbook0/lean_workbook_plus_42018.lean:107:10: error: invalid constructor ⟨...⟩, expected type must be an inductive type 
  ∀ (a b c : ℝ), a > 0 ∧ b > 0 ∧ c > 0 → (a + b + c) / 3 ≥ (a * b * c) ^ (1 / 3)

workbook0/lean_workbook_plus_21334.lean:
workbook0/lean_workbook_plus_21334.lean:106:27: error: unsolved goals
⊢ ¬?m.385 0

workbook0/lean_workbook_plus_48868.lean:
workbook0/lean_workbook_plus_48868.lean:106:27: error: unsolved goals
⊢ ¬?m.1697 1

workbook0/lean_workbook_plus_76626.lean:
workbook0/lean_workbook_plus_76626.lean:105:32: error: unexpected token '∀'; expected ':'

workbook0/lean_workbook_plus_16639.lean:
workbook0/lean_workbook_plus_16639.lean:107:10: error: invalid constructor ⟨...⟩, expected type must be an inductive type 
  ∀ (a : ℝ), 5 * (cos a ^ 2 + sin a ^ 2) * (1 / cos a ^ 2 + 4 / sin a ^ 2) ≥ 45

workbook0/lean_workbook_plus_58494.lean:
workbook0/lean_workbook_plus_58494.lean:106:2: error: simp made no progress

workbook0/lean_workbook_plus_49113.lean:
workbook0/lean_workbook_plus_49113.lean:107:10: error: invalid constructor ⟨...⟩, expected type must be an inductive type 
  ∀ (x y : ℤ), x ^ 3 + y ^ 3 = (x + 2 * x * y) ^ 3 + (y - 2 * x * y) ^ 3

workbook0/lean_workbook_plus_32540.lean:
workbook0/lean_workbook_plus_32540.lean:106:2: error: linarith failed to find a contradiction
case h1.h
α ω : ℝ
h₁ : α * ω = 60
h₂ : (α - 1) * (ω - 1) = 40
a✝ : (α - 2) * (ω - 2) < 28
⊢ False
failed

workbook0/lean_workbook_plus_2399.lean:
workbook0/lean_workbook_plus_2399.lean:107:10: error: invalid constructor ⟨...⟩, expected type must be an inductive type 
  ∀ (x y : ℤ), y + x + 2 * x + (y - x) = 0

workbook0/lean_workbook_plus_48808.lean:
workbook0/lean_workbook_plus_48808.lean:105:35: error: expected token

workbook0/lean_workbook_plus_45694.lean:
workbook0/lean_workbook_plus_45694.lean:105:32: error: unexpected token; expected ':'

workbook0/lean_workbook_plus_11756.lean:
workbook0/lean_workbook_plus_11756.lean:108:20: error: expected token
workbook0/lean_workbook_plus_11756.lean:105:147: error: unsolved goals
x : ℝ
h1 : 0 ≤ (x - 3) ^ 2 + (x - 2) ^ 2
h2 : 0 ≤ 2 * sorryAx ℕ true
⊢ 2 * Real.sqrt (1 + 2 * (x - 3) ^ 2) * Real.sqrt ((x - 2) ^ 2 + 1) ≥ -3 * x ^ 2 + 16 * x - 87 / 4

workbook0/lean_workbook_plus_63025.lean:
workbook0/lean_workbook_plus_63025.lean:106:2: error: omega did not find a contradiction:
[0, 0, 0, 0, 1] ∈ [0, ∞)
[0, 0, 1, 0, 0] ∈ [1, ∞)
[0, 0, 2, 0, 1] ∈ [0, ∞)
[0, 0, 1, 0, -1] ∈ [1, ∞)
[0, 0, 1, 0, 1] ∈ [0, ∞)
[1] ∈ [1, ∞)

workbook0/lean_workbook_plus_68356.lean:
workbook0/lean_workbook_plus_68356.lean:107:10: error: invalid constructor ⟨...⟩, expected type must be an inductive type 
  ∀ (x y : ℝ), y * (x + 1) ^ 2 + x * (y + 1) ^ 2 ≥ 2 * Real.sqrt (x * y) * (x + 1) * (y + 1)

workbook0/lean_workbook_plus_18035.lean:
workbook0/lean_workbook_plus_18035.lean:107:10: error: invalid constructor ⟨...⟩, expected type must be an inductive type 
  ∀ (a b c : ℝ),
    a ≥ 0 ∧ b ≥ 0 ∧ c ≥ 0 →
      a ^ 2 / (b ^ 2 - b * c + c ^ 2) + b ^ 2 / (c ^ 2 - c * a + a ^ 2) + c ^ 2 / (a ^ 2 - a * b + b ^ 2) ≥ 2

workbook0/lean_workbook_plus_59999.lean:
workbook0/lean_workbook_plus_59999.lean:105:75: error: unsolved goals
⊢ False

workbook0/lean_workbook_plus_58179.lean:
workbook0/lean_workbook_plus_58179.lean:105:34: error: unexpected token; expected '_' or identifier

workbook0/lean_workbook_plus_30361.lean:
workbook0/lean_workbook_plus_30361.lean:108:10: error: invalid constructor ⟨...⟩, expected type must be an inductive type 
  ∀ (a b c : ℝ), (a ^ 7 + b ^ 7 + c) * (1 / a ^ 3 + 1 / b ^ 3 + c ^ 3) ≥ (a ^ 2 + b ^ 2 + c ^ 2) ^ 2

workbook0/lean_workbook_plus_729.lean:
workbook0/lean_workbook_plus_729.lean:111:12: error: expected token
workbook0/lean_workbook_plus_729.lean:106:72: error: unsolved goals
n : ℕ
h1 : 0 ≤ -(Real.sqrt ↑n * Real.sqrt (1 + ↑n) * 2) + Real.sqrt ↑n ^ 2 + Real.sqrt (1 + ↑n) ^ 2
h2 : 0 ≤ (Real.sqrt ↑n - Real.sqrt (1 + ↑n)) ^ 2
h3 : Real.sqrt ↑n ^ 2 = ↑n
h4 : sorryAx (Sort ?u.3685) true
⊢ Real.sqrt ↑n * 2 + (Real.sqrt (1 + ↑n))⁻¹ ≤ Real.sqrt (1 + ↑n) * 2

workbook0/lean_workbook_plus_35191.lean:
workbook0/lean_workbook_plus_35191.lean:105:93: error: unsolved goals
⊢ False

workbook0/lean_workbook_plus_53028.lean:
workbook0/lean_workbook_plus_53028.lean:106:2: error: simp made no progress

workbook0/lean_workbook_plus_33497.lean:
workbook0/lean_workbook_plus_33497.lean:107:10: error: invalid constructor ⟨...⟩, expected type must be an inductive type 
  ∀ (a b c : ℝ), (a ^ 2 + b ^ 2) / (a + b) + (c ^ 2 + a ^ 2) / (c + a) + (b ^ 2 + c ^ 2) / (b + c) ≥ a + b + c

workbook0/lean_workbook_plus_6047.lean:
workbook0/lean_workbook_plus_6047.lean:107:10: error: invalid constructor ⟨...⟩, expected type must be an inductive type 
  ∀ (A B C : ℝ),
    cos A ^ 2 / (sin B ^ 2 + sin C ^ 2) + cos B ^ 2 / (sin C ^ 2 + sin A ^ 2) + cos C ^ 2 / (sin A ^ 2 + sin B ^ 2) ≥
      1 / 2

workbook0/lean_workbook_plus_27402.lean:
workbook0/lean_workbook_plus_27402.lean:106:39: error: unsolved goals
⊢ ¬?m.411 2

workbook0/lean_workbook_plus_222.lean:
workbook0/lean_workbook_plus_222.lean:106:127: error: unsolved goals
⊢ (∀ (k : ℕ), 1 ≤ k → k ≤ 1000 → ∃ a b, a ^ 2 - b ^ 2 = k ∨ a ^ 2 + b ^ 2 = k ∨ 2 * a ^ 2 = k ∨ 2 * b ^ 2 = k) ∧
    252 ∈
      lowerBounds
        {n | ∀ (k : ℕ), 1 ≤ k → k ≤ 1000 → ∃ a b, a ^ 2 - b ^ 2 = k ∨ a ^ 2 + b ^ 2 = k ∨ 2 * a ^ 2 = k ∨ 2 * b ^ 2 = k}

workbook0/lean_workbook_plus_82554.lean:
workbook0/lean_workbook_plus_82554.lean:107:10: error: invalid constructor ⟨...⟩, expected type must be an inductive type 
  ∀ (n : ℕ), ∑ x in Finset.range n, (↑x !)⁻¹ * (↑x + 1)⁻¹ * (∑ x in Finset.range x, ↑x + 1) ≤ 3 / 2

workbook0/lean_workbook_plus_9719.lean:
workbook0/lean_workbook_plus_9719.lean:105:79: error: expected token

workbook0/lean_workbook_plus_68494.lean:
workbook0/lean_workbook_plus_68494.lean:105:103: error: unsolved goals
f : ℝ → ℝ
hf : ∀ (x : ℝ), f x = x ^ 4 / (x ^ 8 + 1)
⊢ False

workbook0/lean_workbook_plus_634.lean:
workbook0/lean_workbook_plus_634.lean:107:10: error: invalid constructor ⟨...⟩, expected type must be an inductive type 
  ∀ (a b c : ℝ), (a + b + c) / (1 + b * c) ≤ 2

workbook0/lean_workbook_plus_70208.lean:
workbook0/lean_workbook_plus_70208.lean:106:39: error: simp made no progress

workbook0/lean_workbook_plus_76907.lean:
workbook0/lean_workbook_plus_76907.lean:107:9: error: invalid constructor ⟨...⟩, expected type must be an inductive type 
  ∀ (x y : ℝ), 0 ≤ sin x * (1 - sin y) + sin y
workbook0/lean_workbook_plus_76907.lean:108:2: error: no goals to be solved

workbook0/lean_workbook_plus_49726.lean:
workbook0/lean_workbook_plus_49726.lean:105:36: error: unexpected token ')'; expected ':=', 'where' or '|'

workbook0/lean_workbook_plus_67014.lean:
workbook0/lean_workbook_plus_67014.lean:105:140: error: unsolved goals
h : 2 + 4 + 6 ≠ 0 ∧ 1 + 3 + 5 ≠ 0
⊢ False

workbook0/lean_workbook_plus_74648.lean:
workbook0/lean_workbook_plus_74648.lean:106:18: error: expected token
workbook0/lean_workbook_plus_74648.lean:105:85: error: unsolved goals
w : ℝ
this : 0 ≤ w - sorryAx ℝ true
⊢ 2 * w ^ 2 + 9 ≥ 6 * Real.sqrt 2 * w

workbook0/lean_workbook_plus_51201.lean:
workbook0/lean_workbook_plus_51201.lean:107:10: error: invalid constructor ⟨...⟩, expected type must be an inductive type 
  ∀ (a b c : ℝ),
    1 / 2 ≤
      Real.sqrt (a ^ 2 / (4 * a ^ 2 + 5 * b * c)) + Real.sqrt (b ^ 2 / (5 * a * c + 4 * b ^ 2)) +
        Real.sqrt (c ^ 2 / (5 * a * b + 4 * c ^ 2))

workbook0/lean_workbook_plus_23474.lean:
workbook0/lean_workbook_plus_23474.lean:105:32: error: unexpected token; expected ':'

workbook0/lean_workbook_plus_56881.lean:
workbook0/lean_workbook_plus_56881.lean:106:40: error: unsolved goals
⊢ ¬?m.1588 (-1)

workbook0/lean_workbook_plus_36283.lean:
workbook0/lean_workbook_plus_36283.lean:109:2: error: simp made no progress

workbook0/lean_workbook_plus_15621.lean:
workbook0/lean_workbook_plus_15621.lean:107:2: error: type mismatch
  fun n m => m * (n / m)
has type
  (ℕ → ℕ → ℕ) → (ℕ → ℕ → ℕ) → ℕ → ℕ → ℕ : Type
but is expected to have type
  ∀ (f : ℕ → ℕ → ℕ),
    ((∀ (n : ℕ), f n n = n) ∧ (∀ (n m : ℕ), f n m = f m n) ∧ ∀ (m n : ℕ), f m (n + m) / f m n = (m + n) / n) ↔
      ∀ (n m : ℕ), f n m = m * (n / m) : Prop
workbook0/lean_workbook_plus_15621.lean:108:2: error: no goals to be solved

workbook0/lean_workbook_plus_52042.lean:
workbook0/lean_workbook_plus_52042.lean:106:27: error: unsolved goals
⊢ ¬?m.1682 1

workbook0/lean_workbook_plus_77702.lean:
workbook0/lean_workbook_plus_77702.lean:108:2: error: tactic 'introN' failed, insufficient number of binders
x : ℝ
h₀ : x ^ 2 - 7 = x - 1
⊢ x = (1 + Real.sqrt 33) / 2 ∨ x = (1 - Real.sqrt 33) / 2

workbook0/lean_workbook_plus_29502.lean:
workbook0/lean_workbook_plus_29502.lean:105:117: error: unsolved goals
⊢ False

workbook0/lean_workbook_plus_71688.lean:
workbook0/lean_workbook_plus_71688.lean:105:312: error: unsolved goals
h₁ :
  5 ≤ 5 ∧
    8 ≤ 8 ∧ 11 ≤ 11 ∧ 14 ≤ 14 ∧ 17 ≤ 17 ∧ 20 ≤ 20 ∧ 23 ≤ 23 ∧ 26 ≤ 26 ∧ 29 ≤ 29 ∧ 32 ≤ 32 ∧ 35 ≤ 35 ∧ 38 ≤ 38 ∧ 41 ≤ 41
⊢ False

workbook0/lean_workbook_plus_59225.lean:
workbook0/lean_workbook_plus_59225.lean:105:44: error: unexpected token; expected ')'

workbook0/lean_workbook_plus_52002.lean:
workbook0/lean_workbook_plus_52002.lean:105:63: error: unsolved goals
⊢ False

workbook0/lean_workbook_plus_6443.lean:
workbook0/lean_workbook_plus_6443.lean:111:2: error: failed to prove positivity/nonnegativity/nonzeroness

workbook0/lean_workbook_plus_68645.lean:
workbook0/lean_workbook_plus_68645.lean:107:19: error: unsolved goals
s : ℕ
h₀ : s = ∑ k in Finset.Icc 2 100, choose (k + 1) 2
⊢ ∑ k in Finset.Icc 2 100, choose (k + 1) 2 = 333300

workbook0/lean_workbook_plus_82199.lean:
workbook0/lean_workbook_plus_82199.lean:105:217: error: unsolved goals
a b c : ℝ
ha : 0 < a
hb : 0 < b
hc : 0 < c
hab : a + b + c = 1
hne : (a - b) * (b - c) * (c - a) ≠ 0
hgt : 36 / 5 < |a - b|⁻¹ + |b - c|⁻¹ + |c - a|⁻¹
⊢ False

workbook0/lean_workbook_plus_64254.lean:
workbook0/lean_workbook_plus_64254.lean:107:2: error: linarith failed to find a contradiction
case h2.h
f : ℝ → ℝ
f_def : ∀ (x : ℝ), f x = x ^ 2 + x + x ^ (x / 2) - x / (2 + x)
a✝ : 9 < 12 + 3 ^ (3 / 2) - 3 / 5
⊢ False
failed

workbook0/lean_workbook_plus_30972.lean:
workbook0/lean_workbook_plus_30972.lean:107:36: error: simp made no progress

workbook0/lean_workbook_plus_24102.lean:
workbook0/lean_workbook_plus_24102.lean:105:107: error: unsolved goals
a b : ℕ
⊢ False

workbook0/lean_workbook_plus_50564.lean:
workbook0/lean_workbook_plus_50564.lean:105:148: error: unsolved goals
a b c : ℕ
ha : Nat.Prime a
hb : Nat.Prime b
hc : Nat.Prime c
⊢ 1 < (a + b + c) / 2 ∧ (a + b + c) / 2 ≤ 1

workbook0/lean_workbook_plus_61342.lean:
workbook0/lean_workbook_plus_61342.lean:107:10: error: invalid constructor ⟨...⟩, expected type must be an inductive type 
  ∀ (p : ℕ), Nat.Prime p → ¬9 ∣ p ^ 2016 - 2017

workbook0/lean_workbook_plus_77104.lean:
workbook0/lean_workbook_plus_77104.lean:106:27: error: unsolved goals
⊢ ¬?m.661 0

workbook0/lean_workbook_plus_78582.lean:
workbook0/lean_workbook_plus_78582.lean:106:2: error: tactic 'introN' failed, insufficient number of binders
x y z : ℝ
h₁ : x + y + z = 10
h₂ : x * y + y * z + z * x = 54
h₃ : x * y * z = 70
⊢ x = 9 ∧ y = 8 ∧ z = 7 ∨ x = -9 ∧ y = -8 ∧ z = -7

workbook0/lean_workbook_plus_19791.lean:
workbook0/lean_workbook_plus_19791.lean:105:32: error: unexpected token; expected ':'

workbook0/lean_workbook_plus_4393.lean:
workbook0/lean_workbook_plus_4393.lean:109:10: error: invalid constructor ⟨...⟩, expected type must be an inductive type 
  ∀ (A B C : ℝ),
    A ∈ Set.Ioc 0 (π / 2) ∧ B ∈ Set.Ioc 0 (π / 2) ∧ C ∈ Set.Ioc 0 (π / 2) →
      A + B + C = π → tan A / 2 ^ 2 + tan B / 2 ^ 2 + tan C / 2 ^ 2 > 5 * (tan A / 2 * tan B / 2 * tan C / 2)
workbook0/lean_workbook_plus_4393.lean:110:2: error: no goals to be solved

workbook0/lean_workbook_plus_35275.lean:
workbook0/lean_workbook_plus_35275.lean:106:25: error: unsolved goals
⊢ False

workbook0/lean_workbook_plus_43681.lean:
workbook0/lean_workbook_plus_43681.lean:107:10: error: invalid constructor ⟨...⟩, expected type must be an inductive type 
  ∀ (a b c : ℝ),
    1 / (b ^ 2 + b * c + c ^ 2) + 1 / (c ^ 2 + c * a + a ^ 2) + 1 / (a ^ 2 + a * b + b ^ 2) ≥ 9 / (a + b + c) ^ 2

workbook0/lean_workbook_plus_51830.lean:
workbook0/lean_workbook_plus_51830.lean:105:180: error: unsolved goals
A B : Matrix (Fin 3) (Fin 3) ℚ
hA : A = ![![0, 1, 0], ![0, 0, 1], ![0, 0, 0]]
hB : B = ![![1, 0, 0], ![0, 1, 0], ![0, 0, 0]]
⊢ ∀ (i j : Fin 3), ![0, 0, 0] j = ![0, 0, 1] j ∨ Matrix.vecCons 0 (fun i => Matrix.vecCons 1 (fun i => 0) i) i = 0

workbook0/lean_workbook_plus_43267.lean:
workbook0/lean_workbook_plus_43267.lean:105:108: error: unsolved goals
⊢ False

workbook0/lean_workbook_plus_73697.lean:
workbook0/lean_workbook_plus_73697.lean:106:2: warning: aesop: failed to prove the goal after exhaustive search.
workbook0/lean_workbook_plus_73697.lean:107:2: error: linarith failed to find a contradiction
case left.h
s t : ℝ
a✝ : 9 ≥ 4 * s * t
⊢ False
failed

workbook0/lean_workbook_plus_53550.lean:
workbook0/lean_workbook_plus_53550.lean:106:2: error: type mismatch
  not_forall_of_exists_not ?m.3045
has type
  ¬∀ (x : ?m.3043), ?m.3044 x : Prop
but is expected to have type
  ∀ (a b : ℝ),
    a ^ 2 + b ^ 2 = 3 ∧ 2 * a ≥ b →
      (6 * a * b ^ 2 - 3 * b ^ 3 + b ^ 2) / a ^ 2 ≤ 14 - 6 * Real.sqrt 2 ∧ b = Real.sqrt 2 * a ∧ b = Real.sqrt 2 : Prop

workbook0/lean_workbook_plus_41542.lean:
workbook0/lean_workbook_plus_41542.lean:106:42: error: simp made no progress

workbook0/lean_workbook_plus_33301.lean:
workbook0/lean_workbook_plus_33301.lean:105:99: error: unsolved goals
x : ℕ
hx : x = 3333333333 ^ 2
⊢ False

workbook0/lean_workbook_plus_1202.lean:
workbook0/lean_workbook_plus_1202.lean:106:2: error: tactic 'introN' failed, insufficient number of binders
x : ℝ
hx : x ≠ 1
h : 128 * (x - 1) * Real.sqrt (x ^ 2 - x) = 17 * x ^ 2
⊢ x = 2

workbook0/lean_workbook_plus_41309.lean:
workbook0/lean_workbook_plus_41309.lean:107:10: error: invalid constructor ⟨...⟩, expected type must be an inductive type 
  ∀ (n : ℕ), x n = 2 ^ n + 2 * 3 ^ n ∧ y n = 2 ^ n + 3 ^ n

workbook0/lean_workbook_plus_19389.lean:
workbook0/lean_workbook_plus_19389.lean:105:32: error: unexpected token; expected ':'

workbook0/lean_workbook_plus_62902.lean:
workbook0/lean_workbook_plus_62902.lean:106:105: error: unsolved goals
ab bc ca a b c : ℝ
hx : a > 0 ∧ b > 0 ∧ c > 0
hab : a + b > c
hbc : b + c > a
hca : a + c > b
h : a + b + c = 3
⊢ False

workbook0/lean_workbook_plus_3810.lean:
workbook0/lean_workbook_plus_3810.lean:106:40: error: unsolved goals
⊢ ¬?m.1856 (-1)

workbook0/lean_workbook_plus_78672.lean:
workbook0/lean_workbook_plus_78672.lean:106:28: error: unsolved goals
⊢ ¬?m.445 (-2)

workbook0/lean_workbook_plus_21775.lean:
workbook0/lean_workbook_plus_21775.lean:105:85: error: unsolved goals
⊢ False

workbook0/lean_workbook_plus_65096.lean:
workbook0/lean_workbook_plus_65096.lean:105:32: error: unexpected token '∑'; expected ':'

workbook0/lean_workbook_plus_32100.lean:
workbook0/lean_workbook_plus_32100.lean:105:84: error: expected token

workbook0/lean_workbook_plus_2490.lean:
workbook0/lean_workbook_plus_2490.lean:106:2: error: tactic 'introN' failed, insufficient number of binders
p : ℕ
hp : Nat.Prime p
n : ℕ
⊢ ∃ A, A ^ p ^ 2 = 1 ∧ ∀ k < p ^ 2, A ^ k ≠ 1

workbook0/lean_workbook_plus_44350.lean:
workbook0/lean_workbook_plus_44350.lean:107:14: error: unsolved goals
f : ℕ → ℕ
hf1 : f 1 = 5
hf3 : ∀ (n : ℕ), f (2 ^ n) = 2 ^ (n + 1) + 3
hf2 : ∃ n, f n ≠ 3 + 2 ^ n
⊢ ¬f (f 0) = 9

workbook0/lean_workbook_plus_74732.lean:
workbook0/lean_workbook_plus_74732.lean:106:2: error: simp made no progress

workbook0/lean_workbook_plus_58984.lean:
workbook0/lean_workbook_plus_58984.lean:105:40: error: unexpected token ')'; expected ':=', 'where' or '|'

workbook0/lean_workbook_plus_5366.lean:
workbook0/lean_workbook_plus_5366.lean:107:10: error: invalid constructor ⟨...⟩, expected type must be an inductive type 
  ∀ (A B C : ℝ), (sin A + sin B) ^ 2 + (sin B + sin C) ^ 2 + (sin C + sin A) ^ 2 ≤ 3

workbook0/lean_workbook_plus_22623.lean:
workbook0/lean_workbook_plus_22623.lean:106:28: error: unsolved goals
⊢ ¬?m.1071 (-1)

workbook0/lean_workbook_plus_81139.lean:
workbook0/lean_workbook_plus_81139.lean:106:2: error: simp made no progress

workbook0/lean_workbook_plus_12822.lean:
workbook0/lean_workbook_plus_12822.lean:107:21: error: unsolved goals
A : Finset ℕ
hA : A = Finset.range 2010
⊢ False

workbook0/lean_workbook_plus_63625.lean:
workbook0/lean_workbook_plus_63625.lean:105:283: error: unsolved goals
⊢ False

workbook0/lean_workbook_plus_8036.lean:
workbook0/lean_workbook_plus_8036.lean:106:40: error: unsolved goals
⊢ ¬?m.1845 (-2)

workbook0/lean_workbook_plus_6095.lean:
workbook0/lean_workbook_plus_6095.lean:107:10: error: invalid constructor ⟨...⟩, expected type must be an inductive type 
  ∀ (n : ℕ), 2 ≤ n → ↑n ^ (1 / (n - 1)) > (↑n + 1) ^ (1 / n)

workbook0/lean_workbook_plus_69322.lean:
workbook0/lean_workbook_plus_69322.lean:107:10: error: invalid constructor ⟨...⟩, expected type must be an inductive type 
  ∀ (a b c d : ℤ), a ^ 2 + b ^ 2 + c ^ 2 + d ^ 2 ≠ a ^ 2 * b ^ 2 * c ^ 2 * d ^ 2

workbook0/lean_workbook_plus_40831.lean:
workbook0/lean_workbook_plus_40831.lean:106:72: error: omega did not find a contradiction:
[0, 0, 0, 0, 0, 0, 0, 0, 0, 0, 1] ∈ [-1, ∞)
workbook0/lean_workbook_plus_40831.lean:105:156: error: unsolved goals
x : ℕ
h1 : (↑x - 0) % 2 = 0
h2 : (↑x - 0) % 3 = 0
h3 : (↑x - 3) % 5 = 0
h4 : (↑x - 6) % 7 = 0
⊢ (↑x - 123) % 210 = 0

workbook0/lean_workbook_plus_63763.lean:
workbook0/lean_workbook_plus_63763.lean:106:43: error: unknown identifier 'subset_def'

workbook0/lean_workbook_plus_28212.lean:
workbook0/lean_workbook_plus_28212.lean:105:77: error: unsolved goals
h : ℝ
⊢ False

workbook0/lean_workbook_plus_14088.lean:
workbook0/lean_workbook_plus_14088.lean:105:123: error: unsolved goals
x y z : ℝ
⊢ False

workbook0/lean_workbook_plus_21399.lean:
workbook0/lean_workbook_plus_21399.lean:107:50: error: unsolved goals
a b c : ℝ
⊢ False

workbook0/lean_workbook_plus_77973.lean:
workbook0/lean_workbook_plus_77973.lean:107:19: error: typeclass instance problem is stuck, it is often due to metavariables
  Preorder ?m.4674

workbook0/lean_workbook_plus_51507.lean:
workbook0/lean_workbook_plus_51507.lean:105:35: error: expected token

workbook0/lean_workbook_plus_32301.lean:
workbook0/lean_workbook_plus_32301.lean:106:28: error: unsolved goals
⊢ ¬?m.899 (-1)

workbook0/lean_workbook_plus_65997.lean:
workbook0/lean_workbook_plus_65997.lean:107:10: error: invalid constructor ⟨...⟩, expected type must be an inductive type 
  ∀ (a b c : ℝ), (a * b + b * c + c * a) / (a + b) = a * b / (a + b) + c ∧ a * b / (a + b) + c ≤ (a + b) / 4 + c

workbook0/lean_workbook_plus_220.lean:
workbook0/lean_workbook_plus_220.lean:105:179: error: unsolved goals
h₁ : 0 < 2018
⊢ False

workbook0/lean_workbook_plus_16690.lean:
workbook0/lean_workbook_plus_16690.lean:109:22: error: expected token
workbook0/lean_workbook_plus_16690.lean:105:71: error: unsolved goals
h₁ : 0 < 3
h₂ : 0 < 26
h₃ : 0 < sorryAx ℝ true
⊢ 44 * (Real.sqrt 3)⁻¹ < 26

workbook0/lean_workbook_plus_75393.lean:
workbook0/lean_workbook_plus_75393.lean:107:10: error: invalid constructor ⟨...⟩, expected type must be an inductive type 
  ∀ (x y : ℝ), (x ^ 2 + y ^ 2) * (x ^ 2 + y ^ 2 - 2 * x) ^ 2 = (x ^ 2 - y ^ 2) ^ 2

workbook0/lean_workbook_plus_32023.lean:
workbook0/lean_workbook_plus_32023.lean:106:2: error: simp made no progress

workbook0/lean_workbook_plus_51783.lean:
workbook0/lean_workbook_plus_51783.lean:105:89: error: unsolved goals
⊢ False

workbook0/lean_workbook_plus_29216.lean:
workbook0/lean_workbook_plus_29216.lean:107:2: error: linarith failed to find a contradiction
case h2.h
a₀ a₁ a₂ a₃ a₄ : ℝ
g : ℝ → ℝ
h₁ : g = fun x => a₄ * x ^ 4 + a₃ * x ^ 3 + a₂ * x ^ 2 + a₁ * x + a₀
h₂ : a₄ * (-2) ^ 4 + a₃ * (-2) ^ 3 + a₂ * (-2) ^ 2 + a₁ * -2 + a₀ = 0
h₃ : a₄ * (-1) ^ 4 + a₃ * (-1) ^ 3 + a₂ * (-1) ^ 2 + a₁ * -1 + a₀ = 1
h₄ : a₄ * 0 ^ 4 + a₃ * 0 ^ 3 + a₂ * 0 ^ 2 + a₁ * 0 + a₀ = 4
h₅ : a₄ * 1 ^ 4 + a₃ * 1 ^ 3 + a₂ * 1 ^ 2 + a₁ * 1 + a₀ = 27
h₆ : a₄ * 2 ^ 4 + a₃ * 2 ^ 3 + a₂ * 2 ^ 2 + a₁ * 2 + a₀ = 256
a✝ : 2744 < a₄ * 4 ^ 4 + a₃ * 4 ^ 3 + a₂ * 4 ^ 2 + a₁ * 4 + a₀
⊢ False
failed

workbook0/lean_workbook_plus_82333.lean:
workbook0/lean_workbook_plus_82333.lean:106:22: error: invalid constructor ⟨...⟩, expected type must be an inductive type 
  ?m.74

workbook0/lean_workbook_plus_8063.lean:
workbook0/lean_workbook_plus_8063.lean:106:2: warning: aesop: failed to prove the goal after exhaustive search.
workbook0/lean_workbook_plus_8063.lean:105:279: error: unsolved goals
w w_1 w_2 : ℝ
⊢ False

workbook0/lean_workbook_plus_27603.lean:
workbook0/lean_workbook_plus_27603.lean:107:10: error: invalid constructor ⟨...⟩, expected type must be an inductive type 
  ∀ (a b c : ℝ),
    a ^ 2 + b ^ 2 + c ^ 2 + (a + b + c) ^ 2 ≤ 4 →
      (ab + 1) / (a + b) ^ 2 + (bc + 1) / (b + c) ^ 2 + (ac + 1) / (a + c) ^ 2 ≥ 2

workbook0/lean_workbook_plus_64923.lean:
workbook0/lean_workbook_plus_64923.lean:105:107: error: unsolved goals
a b : ℕ
hab : a < b
h : a / b < 1
this : a + 1 ≤ b
⊢ False

workbook0/lean_workbook_plus_15496.lean:
workbook0/lean_workbook_plus_15496.lean:105:32: error: unexpected token; expected ':'

workbook0/lean_workbook_plus_73978.lean:
workbook0/lean_workbook_plus_73978.lean:106:39: error: unsolved goals
⊢ ¬?m.4776 1

workbook0/lean_workbook_plus_38713.lean:
workbook0/lean_workbook_plus_38713.lean:106:2: error: tactic 'introN' failed, insufficient number of binders
A : Finset ℕ
hA : A.card ≥ 2
hA2 : ∀ a ∈ A, ∀ b ∈ A, a ≠ b → (a + b) / Nat.gcd a b ∈ A
⊢ A = {1, 2} ∨
    A = {1, 3} ∨
      A = {1, 4} ∨
        A = {1, 5} ∨
          A = {1, 6} ∨
            A = {1, 7} ∨
              A = {1, 8} ∨
                A = {1, 9} ∨
                  A = {1, 10} ∨
                    A = {2, 3} ∨
                      A = {2, 5} ∨
                        A = {3, 4} ∨ A = {3, 7} ∨ A = {3, 8} ∨ A = {4, 7} ∨ A = {5, 7} ∨ A = {5, 8} ∨ A = {7, 8}

workbook0/lean_workbook_plus_39870.lean:
workbook0/lean_workbook_plus_39870.lean:105:202: error: unsolved goals
a b c : ℝ
ha : a ^ 3 - 16 * a ^ 2 - 57 * a + 1 = 0
hb : b ^ 3 - 16 * b ^ 2 - 57 * b + 1 = 0
hc : c ^ 3 - 16 * c ^ 2 - 57 * c + 1 = 0
⊢ False

workbook0/lean_workbook_plus_51888.lean:
workbook0/lean_workbook_plus_51888.lean:111:42: error: unsolved goals
a b : ℝ
h₀ : 0 < a ∧ 0 < b
h₁ : sin a = 13 / Real.sqrt 2018
h₂ : cos a = 43 / Real.sqrt 2018
h₃ : sin b = 13 / Real.sqrt 2018
h₄ : cos b = 43 / Real.sqrt 2018
⊢ False

workbook0/lean_workbook_plus_28865.lean:
workbook0/lean_workbook_plus_28865.lean:107:10: error: invalid constructor ⟨...⟩, expected type must be an inductive type 
  ∀ (x : ℝ), (sin 90 * cos x - cos 90 * sin x) / (cos 90 * cos x + sin 90 * sin x) * (sin x / cos x) = 1

workbook0/lean_workbook_plus_56430.lean:
workbook0/lean_workbook_plus_56430.lean:105:32: error: unexpected token '∀'; expected ':'

workbook0/lean_workbook_plus_71709.lean:
workbook0/lean_workbook_plus_71709.lean:105:132: error: unsolved goals
A x : ℝ
hx : x = 0
⊢ False

workbook0/lean_workbook_plus_35742.lean:
workbook0/lean_workbook_plus_35742.lean:107:10: error: invalid constructor ⟨...⟩, expected type must be an inductive type 
  ∀ (a b c : ℝ),
    a ≥ 0 ∧ b ≥ 0 ∧ c ≥ 0 →
      (b + c) / (a ^ 2 + b * c) + (c + a) / (b ^ 2 + c * a) + (a + b) / (c ^ 2 + a * b) ≥ 8 / (a + b + c)

workbook0/lean_workbook_plus_11295.lean:
workbook0/lean_workbook_plus_11295.lean:106:66: error: unsolved goals
⊢ False

workbook0/lean_workbook_plus_73466.lean:
workbook0/lean_workbook_plus_73466.lean:107:8: error: invalid constructor ⟨...⟩, expected type must be an inductive type 
  ∀ (x y : ℤ), x + y = 0

workbook0/lean_workbook_plus_82268.lean:
workbook0/lean_workbook_plus_82268.lean:107:9: error: invalid constructor ⟨...⟩, expected type must be an inductive type 
  ∀ (n : ℕ), ↑n ^ 2 * ((1 + 1 / ↑n) ^ (n + 1 / 2) - e) = ↑n ^ 2 * (rexp (1 + 1 / 2 / ↑n) - e)
workbook0/lean_workbook_plus_82268.lean:108:2: error: no goals to be solved

workbook0/lean_workbook_plus_13952.lean:
workbook0/lean_workbook_plus_13952.lean:107:10: error: invalid constructor ⟨...⟩, expected type must be an inductive type 
  ∀ (a b c d : ℝ), a ∈ Set.Ioo 0 1 ∧ b ∈ Set.Ioo 0 1 ∧ c ∈ Set.Ioo 0 1 ∧ d ∈ Set.Ioo 0 1 → (1 - a) * (1 - b) ≥ c * d

workbook0/lean_workbook_plus_81368.lean:
workbook0/lean_workbook_plus_81368.lean:108:2: error: simp made no progress

workbook0/lean_workbook_plus_3499.lean:
workbook0/lean_workbook_plus_3499.lean:105:196: error: unsolved goals
a : ℕ → ℝ
a2 : ∀ (n : ℕ), a (2 * n) = 2 / ↑n * a n ^ 2
a3 : ∀ (n : ℕ), a (2 * n + 1) = a (2 * n) / 2 + 1 / 2 ^ (2 * n + 1)
a1 : ∃ n, a n ≠ ↑n / 2 ^ n
⊢ ¬a 0 = 2⁻¹

workbook0/lean_workbook_plus_37624.lean:
workbook0/lean_workbook_plus_37624.lean:105:106: error: unsolved goals
⊢ False

workbook0/lean_workbook_plus_55915.lean:
workbook0/lean_workbook_plus_55915.lean:107:10: error: invalid constructor ⟨...⟩, expected type must be an inductive type 
  ∀ ε > 0, ∃ δ > 0, ∀ y ∈ Set.Ioo (-δ) δ, |sin y / y - 1| < ε

workbook0/lean_workbook_plus_66879.lean:
workbook0/lean_workbook_plus_66879.lean:125:2: error: simp made no progress

workbook0/lean_workbook_plus_58776.lean:
workbook0/lean_workbook_plus_58776.lean:106:2: error: tactic 'introN' failed, insufficient number of binders
x y z : ℝ
h₁ : x + y + z = 0
h₂ : x ^ 2 + y ^ 2 + z ^ 2 = 12
h₃ : x ^ 5 + y ^ 5 + z ^ 5 = 120
⊢ x = 1 ∧ y = -2 ∧ z = 1

workbook0/lean_workbook_plus_61013.lean:
workbook0/lean_workbook_plus_61013.lean:105:43: error: unexpected token '|'; expected '}'

workbook0/lean_workbook_plus_60210.lean:
workbook0/lean_workbook_plus_60210.lean:107:13: error: function expected at
  h
term has type
  ℕ
workbook0/lean_workbook_plus_60210.lean:105:82: error: unsolved goals
n! : ℝ
h : ℕ
⊢ ↑h ^ (h / 2) ≤ n! ∧ n! ≤ ↑h ^ h

workbook0/lean_workbook_plus_25372.lean:
workbook0/lean_workbook_plus_25372.lean:105:139: error: unsolved goals
f : ℝ → ℝ
hf : ∀ (x : ℝ), x ≠ 0 → f x + f (1 / x) = x
⊢ False

workbook0/lean_workbook_plus_61894.lean:
workbook0/lean_workbook_plus_61894.lean:107:10: error: invalid constructor ⟨...⟩, expected type must be an inductive type 
  ∀ (n : ℕ), ∏ i in Finset.range n, ↑((2 * i - 1) / (2 * i)) ≤ (Real.sqrt ↑n)⁻¹ * (Real.sqrt 3)⁻¹

workbook0/lean_workbook_plus_59626.lean:
workbook0/lean_workbook_plus_59626.lean:107:2: error: linarith failed to find a contradiction
case a
a b c : ℝ
ha : a ≥ 0
hb : b ≥ 0
hc : c ≥ 0
habc : a * (b + c) = 1
a✝ : (a + 1) * (a + b + 1) * (a + b + c + 1) > 13 / 3
⊢ False
failed

workbook0/lean_workbook_plus_45061.lean:
workbook0/lean_workbook_plus_45061.lean:105:44: error: unexpected token; expected ')'

workbook0/lean_workbook_plus_67230.lean:
workbook0/lean_workbook_plus_67230.lean:107:10: error: invalid constructor ⟨...⟩, expected type must be an inductive type 
  ∀ (x y z : ℝ), (x ^ 5 + y ^ 5 + z ^ 5) * (x + y + z) ≥ (x ^ 2 + y ^ 2 + z ^ 2) * (x ^ 4 + y ^ 4 + z ^ 4)

workbook0/lean_workbook_plus_42703.lean:
workbook0/lean_workbook_plus_42703.lean:111:2: error: linarith failed to find a contradiction
case h2.h
x t : ℝ
h₀ : t = 2 ^ x + 1 / 2 ^ x
h₁ : t ^ 2 - 2 = 4 ^ x + 1 / 4 ^ x
h₂ : 0 < x
a✝ : 0 < t ^ 2 - t + 1
⊢ False
failed

workbook0/lean_workbook_plus_79435.lean:
workbook0/lean_workbook_plus_79435.lean:107:2: error: omega did not find a contradiction:
trivial

workbook0/lean_workbook_plus_55153.lean:
workbook0/lean_workbook_plus_55153.lean:105:128: error: unsolved goals
x y : ℕ
hx : 0 < x
hy : 0 < y
⊢ False

workbook0/lean_workbook_plus_3729.lean:
workbook0/lean_workbook_plus_3729.lean:107:6: error: invalid universe level, ?u.430 is not greater than 0
workbook0/lean_workbook_plus_3729.lean:108:2: error: no goals to be solved

workbook0/lean_workbook_plus_56509.lean:
workbook0/lean_workbook_plus_56509.lean:107:10: error: invalid constructor ⟨...⟩, expected type must be an inductive type 
  ∀ (a b : ℝ), 1 / (2 + a + b) + a / (2 * a + b + 1) + b / (2 * b + a + 1) ≤ 3 / 4

workbook0/lean_workbook_plus_13427.lean:
workbook0/lean_workbook_plus_13427.lean:105:115: error: unsolved goals
a b c d : ℚ
h₁ : a = 813 / 940
h₂ : b = 189 / 940
⊢ False

workbook0/lean_workbook_plus_4307.lean:
workbook0/lean_workbook_plus_4307.lean:106:2: error: type mismatch
  not_forall_of_exists_not ?m.3292
has type
  ¬∀ (x : ?m.3290), ?m.3291 x : Prop
but is expected to have type
  ∀ (a b c : ℝ), a * b * c > 0 → a ^ 3 + b ^ 3 + c ^ 3 ≥ a ^ 2 * c + b ^ 2 * a + c ^ 2 * b : Prop

workbook0/lean_workbook_plus_80148.lean:
workbook0/lean_workbook_plus_80148.lean:105:125: error: unsolved goals
x y : ℝ
⊢ 1 ≤ 0

workbook0/lean_workbook_plus_78859.lean:
workbook0/lean_workbook_plus_78859.lean:105:79: error: unsolved goals
h : 2 ≠ 0
⊢ False

workbook0/lean_workbook_plus_12070.lean:
workbook0/lean_workbook_plus_12070.lean:107:10: error: invalid constructor ⟨...⟩, expected type must be an inductive type 
  ∀ (a b c d : ℝ),
    (a * b ^ 2 + b * c ^ 2 + c * d ^ 2 + a ^ 2 * d) * (a ^ 2 * b + b ^ 2 * c + c ^ 2 * d + d ^ 2 * a) ≥
      (a * c * d + a * b * d + b * c * a + b * d * c) ^ 2

workbook0/lean_workbook_plus_41553.lean:
workbook0/lean_workbook_plus_41553.lean:107:10: error: invalid constructor ⟨...⟩, expected type must be an inductive type 
  ∀ (a b c : ℝ), a * b + a * c + b * c - a * b * c ≤ 1 + 1 / 27

workbook0/lean_workbook_plus_41638.lean:
workbook0/lean_workbook_plus_41638.lean:106:29: error: invalid field notation, type is not of the form (C ...) where C is a constant
  h
has type
  ?m.1584
workbook0/lean_workbook_plus_41638.lean:106:29: error: Argument passed to linarith has metavariables:
  ?m.1594
workbook0/lean_workbook_plus_41638.lean:106:2: error: type mismatch
  fun h => ?m.1590 h
has type
  (h : ?m.1584) → ?m.1589 h : Sort (imax ?u.1583 ?u.1586)
but is expected to have type
  a = 4 ∧ b = 5 : Prop

workbook0/lean_workbook_plus_39580.lean:
workbook0/lean_workbook_plus_39580.lean:105:108: error: unsolved goals
⊢ ∑ i in Finset.range 51, choose 50 i ^ 2 = 10089134454556419375

workbook0/lean_workbook_plus_82067.lean:
workbook0/lean_workbook_plus_82067.lean:105:32: error: unexpected token; expected ':'

workbook0/lean_workbook_plus_9798.lean:
workbook0/lean_workbook_plus_9798.lean:107:10: error: invalid constructor ⟨...⟩, expected type must be an inductive type 
  ∀ (x y : ℝ), 1 / 2 * |x - y| ≤ |2 * x + 3 - (2 * y + 3)| ∧ |2 * x + 3 - (2 * y + 3)| ≤ 3 / 2 * |x - y|

workbook0/lean_workbook_plus_60349.lean:
workbook0/lean_workbook_plus_60349.lean:106:2: error: type mismatch
  not_forall.mpr (Exists.intro 1 fun h => ?m.1165 h)
has type
  ¬∀ (x : ℕ), ?m.1132 x : Prop
but is expected to have type
  ∀ (a b c : ℝ),
    (a + b) * (b + c) * (c + a) ≥ 8 / 9 * (a + b + c) * (a * b + b * c + c * a) ∧
      (a * b + b * c + c * a) ^ 2 ≥ 3 * a * b * c * (a + b + c) : Prop

workbook0/lean_workbook_plus_74791.lean:
workbook0/lean_workbook_plus_74791.lean:107:10: error: invalid constructor ⟨...⟩, expected type must be an inductive type 
  ∀ ε > 0, ∃ δ > 0, ∀ t ∈ Set.Ioo (-δ) δ, |(rexp t - 1) / t - 1| < ε

workbook0/lean_workbook_plus_21624.lean:
workbook0/lean_workbook_plus_21624.lean:106:2: error: simp made no progress

workbook0/lean_workbook_plus_74717.lean:
workbook0/lean_workbook_plus_74717.lean:106:2: error: simp made no progress

workbook0/lean_workbook_plus_58698.lean:
workbook0/lean_workbook_plus_58698.lean:106:2: error: tactic 'introN' failed, insufficient number of binders
a b c d : ℕ
h₁ : a + b = c * d
h₂ : c + d = a * b
⊢ a = 1 ∧ b = 1 ∧ c = 2 ∧ d = 2 ∨ a = 2 ∧ b = 2 ∧ c = 1 ∧ d = 1

workbook0/lean_workbook_plus_41960.lean:
workbook0/lean_workbook_plus_41960.lean:105:132: error: unsolved goals
f : ℕ → ℕ
hf : f 1 = 1 ∧ f 2 = 1 ∧ f 3 = 2 ∧ ∀ n ≥ 4, f n = f (n - 1) + f (n - 3)
⊢ False

workbook0/lean_workbook_plus_11853.lean:
workbook0/lean_workbook_plus_11853.lean:108:16: error: unsolved goals
f : ℝ → ℝ
h1 : ∃ M, ∀ (x : ℝ), 0 ≤ x → x ≤ 2 → |f x| ≤ M
h2 : ∀ (x y : ℝ), 0 ≤ x → 0 ≤ y → x + y ≤ 2 → 1 + 2 * y * f x ^ 2 ≤ f (x + y)
⊢ False

workbook0/lean_workbook_plus_74258.lean:
workbook0/lean_workbook_plus_74258.lean:105:44: error: unexpected token; expected ')'

workbook0/lean_workbook_plus_21392.lean:
workbook0/lean_workbook_plus_21392.lean:106:2: error: tactic 'introN' failed, insufficient number of binders
x y z : ℝ
hx : x > 0 ∧ y > 0 ∧ z > 0 ∧ x * y * z = 2 ∧ x + y + z = 2
⊢ x * y + y * z + z * x ≥ 2 * (x + y + z) ∧ Real.sqrt x + Real.sqrt y + Real.sqrt z ≤ 3 * Real.sqrt (x * y * z) / 2

workbook0/lean_workbook_plus_47087.lean:
workbook0/lean_workbook_plus_47087.lean:107:10: error: invalid constructor ⟨...⟩, expected type must be an inductive type 
  ∀ (y z : ℝ), 2 / (y + z) ≤ (y + z) / (2 * y * z)

workbook0/lean_workbook_plus_13072.lean:
workbook0/lean_workbook_plus_13072.lean:105:40: error: unexpected token; expected ')'

workbook0/lean_workbook_plus_73358.lean:
workbook0/lean_workbook_plus_73358.lean:107:10: error: invalid constructor ⟨...⟩, expected type must be an inductive type 
  ∀ (m n : ℕ), m > 0 → n > 0 → ∀ (k : ℕ), m ^ 2 + n ^ 2 = k ^ 2 → ∀ (l : ℕ), m ^ 2 - n ^ 2 ≠ l ^ 2

workbook0/lean_workbook_plus_17212.lean:
workbook0/lean_workbook_plus_17212.lean:106:2: error: simp made no progress

workbook0/lean_workbook_plus_41753.lean:
workbook0/lean_workbook_plus_41753.lean:105:82: error: unsolved goals
n : ℕ
⊢ False

workbook0/lean_workbook_plus_31181.lean:
workbook0/lean_workbook_plus_31181.lean:107:10: error: invalid constructor ⟨...⟩, expected type must be an inductive type 
  ∀ (b c : ℝ), (b ^ 2 + c ^ 2) ^ 2 - 5 * (b ^ 2 - c ^ 2) ^ 2 ≥ 0

workbook0/lean_workbook_plus_17979.lean:
workbook0/lean_workbook_plus_17979.lean:106:29: error: unsolved goals
⊢ ¬?m.518 1

workbook0/lean_workbook_plus_20373.lean:
workbook0/lean_workbook_plus_20373.lean:105:181: error: function expected at
  C
term has type
  ?m.964
workbook0/lean_workbook_plus_20373.lean:107:2: warning: try 'simp' instead of 'simpa' [linter.unnecessarySimpa]

workbook0/lean_workbook_plus_263.lean:
workbook0/lean_workbook_plus_263.lean:107:6: error: tactic 'rewrite' failed, did not find instance of the pattern in the target expression
  ↑?n
⊢ ⌊13 / 6⌋ ^ 2 = 4

workbook0/lean_workbook_plus_2749.lean:
workbook0/lean_workbook_plus_2749.lean:114:49: error: expected token

workbook0/lean_workbook_plus_68400.lean:
workbook0/lean_workbook_plus_68400.lean:105:32: error: unexpected token '∃'; expected ':'

workbook0/lean_workbook_plus_4606.lean:
workbook0/lean_workbook_plus_4606.lean:110:44: error: invalid field notation, type is not of the form (C ...) where C is a constant
  h₁
has type
  v 1 = 1 → ∃ n, 2 ≤ n ∧ v n ≠ 4 * v (n - 1) - v (n - 2) ∧ v n ≠ v (n - 2)

workbook0/lean_workbook_plus_59824.lean:
workbook0/lean_workbook_plus_59824.lean:106:30: error: simp made no progress

workbook0/lean_workbook_plus_29555.lean:
workbook0/lean_workbook_plus_29555.lean:106:135: error: unsolved goals
a b c k : ℝ
ha : 0 < a
hb : 0 < b
hc : 0 < c
habc : a * b * c = 1
h : a * b + b * c + c * a ≤ 1
hk : 0 < k ∧ k ≤ 9 / 2
⊢ 1 ≤ 0

workbook0/lean_workbook_plus_82100.lean:
workbook0/lean_workbook_plus_82100.lean:106:28: error: unsolved goals
⊢ ¬?m.2059 (-3)

workbook0/lean_workbook_plus_44687.lean:
workbook0/lean_workbook_plus_44687.lean:114:2: error: linarith failed to find a contradiction
case h2.h
t₁ t₂ t₃ t₄ t₅ h : ℝ
h₀ : 0 < t₁ ∧ 0 < t₂ ∧ 0 < t₃ ∧ 0 < t₄ ∧ 0 < t₅ ∧ 0 < h
h₁ : t₁ + t₂ + t₃ + t₄ + t₅ + h = 1
h₂ : t₁ = 1 / 2 * t₂
h₃ : t₂ = 1 / 2 * t₃
h₄ : t₃ = 5 / 9 * t₄
h₅ : t₄ = 9 / 17 * t₅
h₆ : t₅ = 1 / 17 * h
a✝ : 3 / 34 < t₁ + h
⊢ False
failed

workbook0/lean_workbook_plus_34707.lean:
workbook0/lean_workbook_plus_34707.lean:107:10: error: invalid constructor ⟨...⟩, expected type must be an inductive type 
  ∀ (x y z : ℤ), (x ^ 2 + y ^ 2) ^ 2 - 2 * (3 * x ^ 2 - 5 * y ^ 2) ^ 2 ≠ z ^ 2

workbook0/lean_workbook_plus_46986.lean:
workbook0/lean_workbook_plus_46986.lean:107:10: error: invalid constructor ⟨...⟩, expected type must be an inductive type 
  ∀ (a b : ℝ), (a + b) * (1 / a + 1 / b) ≥ 2 ^ 2

workbook0/lean_workbook_plus_59364.lean:
workbook0/lean_workbook_plus_59364.lean:105:32: error: unexpected token; expected ':'

workbook0/lean_workbook_plus_34712.lean:
workbook0/lean_workbook_plus_34712.lean:105:88: error: unsolved goals
⊢ False

workbook0/lean_workbook_plus_14805.lean:
workbook0/lean_workbook_plus_14805.lean:105:211: error: unsolved goals
a b c : ℝ
ha : 0 < a
hb : 0 < b
hc : 0 < c
habc : a * b * c = 1
⊢ False

workbook0/lean_workbook_plus_61824.lean:
workbook0/lean_workbook_plus_61824.lean:107:12: error: invalid field notation, type is not of the form (C ...) where C is a constant
  h₁
has type
  P = 14 → Q = 10 → R = 8 → S ≠ 13

workbook0/lean_workbook_plus_50702.lean:
workbook0/lean_workbook_plus_50702.lean:111:2: error: linarith failed to find a contradiction
case h2.h
t x y z : ℝ
h₀ : x = 3 + 4 * t
h₁ : y = -1 - t
h₂ : z = 2 + 3 * t
h₃ : 12 * x + 16 * y + 1 * z + 6 = 0
a✝ : -21 / 26 < t
⊢ False
failed

workbook0/lean_workbook_plus_46372.lean:
workbook0/lean_workbook_plus_46372.lean:105:32: error: unexpected token '∀'; expected ':'

workbook0/lean_workbook_plus_22293.lean:
workbook0/lean_workbook_plus_22293.lean:105:34: error: unexpected token; expected '_' or identifier

workbook0/lean_workbook_plus_20452.lean:
workbook0/lean_workbook_plus_20452.lean:106:2: error: tactic 'introN' failed, insufficient number of binders
x : ℕ → ℝ
n : ℕ
⊢ x 1 = 1 / 2 ∧ ∀ (n : ℕ), x (n + 1) = x n - x n ^ 2

workbook0/lean_workbook_plus_1905.lean:
workbook0/lean_workbook_plus_1905.lean:106:40: error: unsolved goals
⊢ ¬?m.670 (-1)

workbook0/lean_workbook_plus_81998.lean:
workbook0/lean_workbook_plus_81998.lean:107:10: error: invalid constructor ⟨...⟩, expected type must be an inductive type 
  ∀ (n : ℕ), 1 < n → ∀ (x : ℚ), ¬∑ k in Finset.range n, ↑x ^ k / k! = 0
workbook0/lean_workbook_plus_81998.lean:108:2: error: no goals to be solved

workbook0/lean_workbook_plus_54322.lean:
workbook0/lean_workbook_plus_54322.lean:110:10: error: invalid constructor ⟨...⟩, expected type must be an inductive type 
  ∀ (x1 x2 : ℕ), x1 ≤ 9 → x2 ≤ 9 → x1 * 10 + x2 = x1 * 7 + x2 * 7 ↔ x1 = x2 * 2

workbook0/lean_workbook_plus_61578.lean:
workbook0/lean_workbook_plus_61578.lean:106:30: error: simp made no progress

workbook0/lean_workbook_plus_28384.lean:
workbook0/lean_workbook_plus_28384.lean:105:32: error: unexpected token; expected ':'

workbook0/lean_workbook_plus_25475.lean:
workbook0/lean_workbook_plus_25475.lean:107:2: error: linarith failed to find a contradiction
case a
x y : ℝ
h : x * y = 1
a✝ : (3 + 2 * x * y) * (18 - 6 * x * y + x ^ 2 * y ^ 2) > 64
⊢ False
failed

workbook0/lean_workbook_plus_42273.lean:
workbook0/lean_workbook_plus_42273.lean:106:2: error: linarith failed to find a contradiction
case h1.h
x y z : ℝ
hx : x ^ 2 + x * y + y ^ 2 / 3 = 25
hy : y ^ 2 / 3 + z ^ 2 = 9
hz : x ^ 2 + x * z + z ^ 2 = 16
a✝ : x * y + 2 * y * z + 3 * x * z < 126
⊢ False
failed

workbook0/lean_workbook_plus_66779.lean:
workbook0/lean_workbook_plus_66779.lean:110:18: error: invalid field notation, type is not of the form (C ...) where C is a constant
  h₁
has type
  72 * (x / y) ^ 3 + 4 * (x / y) - 11 = 0 → x ≠ 2 * y

workbook0/lean_workbook_plus_5816.lean:
workbook0/lean_workbook_plus_5816.lean:107:10: error: invalid constructor ⟨...⟩, expected type must be an inductive type 
  ∀ (a b c : ℝ),
    sin (a + b + c) / (cos a * cos b * cos c) =
      sin a / cos a + sin b / cos b + sin c / cos c - sin a / cos a * (sin b / cos b) * (sin c / cos c)

workbook0/lean_workbook_plus_76281.lean:
workbook0/lean_workbook_plus_76281.lean:107:20: error: invalid field notation, type is not of the form (C ...) where C is a constant
  h₃
has type
  a = 250 → b = 1750 → c ≠ 665

workbook0/lean_workbook_plus_15513.lean:
workbook0/lean_workbook_plus_15513.lean:107:10: error: invalid constructor ⟨...⟩, expected type must be an inductive type 
  ∀ (x : ℕ), 3600 * n ≤ x → x ≤ 3600 * (n + 1) → Nat.gcd x 3600 = 1

workbook0/lean_workbook_plus_15301.lean:
workbook0/lean_workbook_plus_15301.lean:105:171: error: unsolved goals
n : ℕ
⊢ False

workbook0/lean_workbook_plus_671.lean:
workbook0/lean_workbook_plus_671.lean:107:10: error: invalid constructor ⟨...⟩, expected type must be an inductive type 
  ∀ k > 0,
    ∀ (x : ℝ),
      1 / k ^ 2 * x ^ 2 + x * (1 / k ^ 4 - 1 - 1 / k ^ 2 - 1 / k ^ 3 - 1 / (k * (k ^ 2 + 1))) +
          (1 / k ^ 2 + 1 / k ^ 3 - 1 / k ^ 4 - 1 / k) ≤
        0

workbook0/lean_workbook_plus_12912.lean:
workbook0/lean_workbook_plus_12912.lean:106:37: error: unsolved goals
⊢ ¬?m.826 (π / 2)

workbook0/lean_workbook_plus_63276.lean:
workbook0/lean_workbook_plus_63276.lean:106:2: error: tactic 'introN' failed, insufficient number of binders
x y z w : ℝ
hx : x ∈ Set.Icc (-π / 2) (π / 2)
hy : y ∈ Set.Icc (-π / 2) (π / 2)
hz : z ∈ Set.Icc (-π / 2) (π / 2)
hw : w ∈ Set.Icc (-π / 2) (π / 2)
h : sin x + sin y + sin z + sin w = 1
h' : cos 2 * x + cos 2 * y + cos 2 * z + cos 2 * w ≥ 10 / 3
⊢ x = π / 2 ∧ y = π / 2 ∧ z = -π / 2 ∧ w = -π / 2 ∨
    x = π / 2 ∧ y = -π / 2 ∧ z = π / 2 ∧ w = -π / 2 ∨
      x = π / 2 ∧ y = -π / 2 ∧ z = -π / 2 ∧ w = π / 2 ∨
        x = -π / 2 ∧ y = π / 2 ∧ z = π / 2 ∧ w = -π / 2 ∨
          x = -π / 2 ∧ y = π / 2 ∧ z = -π / 2 ∧ w = π / 2 ∨ x = -π / 2 ∧ y = -π / 2 ∧ z = π / 2 ∧ w = π / 2

workbook0/lean_workbook_plus_44940.lean:
workbook0/lean_workbook_plus_44940.lean:106:2: error: linarith failed to find a contradiction
case h1.h
a b c : ℝ
ha : a > 0
hb : b > 0
hc : c > 0
hab : a + b + c = 3
a✝ : -1 - (a - 1) * (b - 1) * (c - 1) < a * b + b * c + c * a - a * b * c
⊢ False
failed

workbook0/lean_workbook_plus_35477.lean:
workbook0/lean_workbook_plus_35477.lean:106:30: error: simp made no progress

workbook0/lean_workbook_plus_33869.lean:
workbook0/lean_workbook_plus_33869.lean:106:2: error: simp made no progress

workbook0/lean_workbook_plus_66149.lean:
workbook0/lean_workbook_plus_66149.lean:106:39: error: unsolved goals
⊢ ¬?m.1490 4

workbook0/lean_workbook_plus_59517.lean:
workbook0/lean_workbook_plus_59517.lean:106:2: error: type mismatch
  not_forall.mpr (Exists.intro 1 fun h => ?m.15255 h)
has type
  ¬∀ (x : ℕ), ?m.15222 x : Prop
but is expected to have type
  ∀ (a b c : ℝ),
    a ^ 2 * b ^ 2 + a ^ 2 * c ^ 2 - a ^ 4 + b ^ 4 + b ^ 2 * c ^ 2 - a ^ 2 * b ^ 2 + b ^ 2 * c ^ 2 + c ^ 4 -
          a ^ 2 * c ^ 2 -
        3 * b ^ 2 * c ^ 2 =
      0 : Prop

workbook0/lean_workbook_plus_53732.lean:
workbook0/lean_workbook_plus_53732.lean:107:10: error: invalid constructor ⟨...⟩, expected type must be an inductive type 
  ∀ (a b c : ℝ), a ^ 2 / (a ^ 2 + b + c) + b ^ 2 / (b ^ 2 + c + a) + c ^ 2 / (c ^ 2 + a + b) ≤ 3 / 2

workbook0/lean_workbook_plus_67812.lean:
workbook0/lean_workbook_plus_67812.lean:106:2: error: type mismatch
  Mathlib.Tactic.Contrapose.mtr ?m.1760
has type
  ?m.1758 → ?m.1759 : Prop
but is expected to have type
  ∑' (i : ℕ), 9 / 10 ^ i = 1 : Prop

workbook0/lean_workbook_plus_5830.lean:
workbook0/lean_workbook_plus_5830.lean:109:10: error: invalid constructor ⟨...⟩, expected type must be an inductive type 
  ∀ (n : ℕ) (θ : ℝ), ∑ k in Finset.range (n + 1), cos (↑k * θ) = sin ((2 * ↑n + 1) * θ / 2) / (2 * sin (θ / 2))

workbook0/lean_workbook_plus_1592.lean:
workbook0/lean_workbook_plus_1592.lean:107:9: error: invalid constructor ⟨...⟩, expected type must be an inductive type 
  ∀ (t : ℝ), 0 < t → Real.sqrt 3 / (t + 1) ≤ (t * t + (1 + (1 - t) * (1 - t)))⁻¹
workbook0/lean_workbook_plus_1592.lean:108:2: error: no goals to be solved

workbook0/lean_workbook_plus_72495.lean:
workbook0/lean_workbook_plus_72495.lean:105:80: error: unsolved goals
⊢ False

workbook0/lean_workbook_plus_71173.lean:
workbook0/lean_workbook_plus_71173.lean:106:2: error: tactic 'introN' failed, insufficient number of binders
x : ℝ
hx : x + 1 / x = 5
⊢ x = 2 ∨ x = 5 / 2

workbook0/lean_workbook_plus_77497.lean:
workbook0/lean_workbook_plus_77497.lean:107:10: error: invalid constructor ⟨...⟩, expected type must be an inductive type 
  ∀ (a b c : ℝ), (b ^ 2 + c ^ 2) / (b + c) + (c ^ 2 + a ^ 2) / (c + a) + (a ^ 2 + b ^ 2) / (a + b) ≥ a + b + c

workbook0/lean_workbook_plus_64811.lean:
workbook0/lean_workbook_plus_64811.lean:106:2: error: simp made no progress

workbook0/lean_workbook_plus_63023.lean:
workbook0/lean_workbook_plus_63023.lean:107:10: error: invalid constructor ⟨...⟩, expected type must be an inductive type 
  ∀ (a b c : ℝ), (a + b - c) * (a - b + c) * (-a + b + c) * (a + b + c) = 4 * a * b - (c - a - b) ^ 2

workbook0/lean_workbook_plus_56069.lean:
workbook0/lean_workbook_plus_56069.lean:105:232: error: unsolved goals
ab bc ac a b c : ℝ
hx : a + b + c = 3
hab : a + b > c
hbc : b + c > a
hca : a + c > b
⊢ False

workbook0/lean_workbook_plus_54470.lean:
workbook0/lean_workbook_plus_54470.lean:107:32: error: unsolved goals
⊢ ¬?m.1289 (0, 0)

workbook0/lean_workbook_plus_29917.lean:
workbook0/lean_workbook_plus_29917.lean:106:78: error: unsolved goals
⊢ False

workbook0/lean_workbook_plus_72286.lean:
workbook0/lean_workbook_plus_72286.lean:107:10: error: invalid constructor ⟨...⟩, expected type must be an inductive type 
  ∀ (x y : ℤ), (x + y) ^ 2 + -((1 + x ^ 2) * (1 + y ^ 2)) = 2 * x * y + (x ^ 2 + (y ^ 2 + -(x * y) ^ 2))

workbook0/lean_workbook_plus_61704.lean:
workbook0/lean_workbook_plus_61704.lean:107:10: error: invalid constructor ⟨...⟩, expected type must be an inductive type 
  ∀ (y z : ℝ), (y - z) ^ 2 ≤ 1 / 4 * (4 * y * z - 1) ^ 2

workbook0/lean_workbook_plus_46966.lean:
workbook0/lean_workbook_plus_46966.lean:107:10: error: invalid constructor ⟨...⟩, expected type must be an inductive type 
  ∀ (a b c d : ℝ),
    (a + b + c + d - 2) / 4 ≤ Real.sqrt ((a - 1 / 2) ^ 2 + (b - 1 / 2) ^ 2 + (c - 1 / 2) ^ 2 + (d - 1 / 2) ^ 2) / 4 ∧
      Real.sqrt ((a - 1 / 2) ^ 2 + (b - 1 / 2) ^ 2 + (c - 1 / 2) ^ 2 + (d - 1 / 2) ^ 2) / 4 < 3 / 2

workbook0/lean_workbook_plus_77370.lean:
workbook0/lean_workbook_plus_77370.lean:107:10: error: invalid constructor ⟨...⟩, expected type must be an inductive type 
  ∀ (n : ℕ), ∑ k in Finset.Icc 1 n, 1 / (↑k + 1) ≤ 3 / 4 ∧ 1 / 2 ≤ ∑ k in Finset.Icc 1 n, 1 / (↑k + 1)

workbook0/lean_workbook_plus_28011.lean:
workbook0/lean_workbook_plus_28011.lean:106:2: error: simp made no progress

workbook0/lean_workbook_plus_21074.lean:
workbook0/lean_workbook_plus_21074.lean:107:10: error: invalid constructor ⟨...⟩, expected type must be an inductive type 
  ∀ (a b : ℝ), sin a / cos a + sin b / cos b = (sin a * cos b + cos a * sin b) / (cos a * cos b)

workbook0/lean_workbook_plus_67504.lean:
workbook0/lean_workbook_plus_67504.lean:106:2: error: tactic 'introN' failed, insufficient number of binders
⊢ ∃ a, a 1 = 1 ∧ ∀ (n : ℕ), a (n + 1) = ∑ k in Finset.range n, k * a k

workbook0/lean_workbook_plus_53886.lean:
workbook0/lean_workbook_plus_53886.lean:106:2: error: simp made no progress

workbook0/lean_workbook_plus_25938.lean:
workbook0/lean_workbook_plus_25938.lean:105:38: error: unexpected token ')'; expected ':=', 'where' or '|'

workbook0/lean_workbook_plus_54962.lean:
workbook0/lean_workbook_plus_54962.lean:106:2: error: tactic 'introN' failed, insufficient number of binders
a b : ℝ
h₁ : a * b * (a + b) = 8
h₂ : b * (a + 1) = 6 - a
⊢ a = 2 ∧ b = 4 / 3

workbook0/lean_workbook_plus_65405.lean:
workbook0/lean_workbook_plus_65405.lean:105:32: error: unexpected token; expected ':'

workbook0/lean_workbook_plus_82018.lean:
workbook0/lean_workbook_plus_82018.lean:106:2: error: type mismatch
  not_forall.mpr (Exists.intro 1 fun h => ?m.3692 h)
has type
  ¬∀ (x : ℕ), ?m.3659 x : Prop
but is expected to have type
  ∀ (x y z : ℝ),
    x ^ 3 * (x * y + x * z - y * z) * (y - z) ^ 2 + y ^ 3 * (x * y + y * z - z * x) * (z - x) ^ 2 +
        z ^ 3 * (z * x + y * z - x * y) * (x - y) ^ 2 ≥
      0 : Prop

workbook0/lean_workbook_plus_25346.lean:
workbook0/lean_workbook_plus_25346.lean:107:10: error: invalid constructor ⟨...⟩, expected type must be an inductive type 
  ∀ (a b : ℝ), a * b * (a ^ 4 + b ^ 4) + 2 * a * b ≥ 2 * a * b * (a ^ 2 + b ^ 2)

workbook0/lean_workbook_plus_24586.lean:
workbook0/lean_workbook_plus_24586.lean:107:6: error: tactic 'rewrite' failed, did not find instance of the pattern in the target expression
  ?m.7791 / ?m.7792 < ?m.7790
a b c : ℝ
ha : 0 < a
hb : 0 < b
hc : 0 < c
hab : a + b + c ≤ 3
⊢ 3 ≤ ((1 + b + (1 + a)) * (1 + c) + (1 + a) * (1 + b)) / ((1 + a) * (1 + b) * (1 + c))

workbook0/lean_workbook_plus_38483.lean:
workbook0/lean_workbook_plus_38483.lean:105:44: error: unexpected token; expected ')'

workbook0/lean_workbook_plus_53657.lean:
workbook0/lean_workbook_plus_53657.lean:107:10: error: invalid constructor ⟨...⟩, expected type must be an inductive type 
  ∀ (n x : ℕ), 1 ≤ x → x ≤ 4 * n + 2009 → x = 0

workbook0/lean_workbook_plus_20678.lean:
workbook0/lean_workbook_plus_20678.lean:107:10: error: invalid constructor ⟨...⟩, expected type must be an inductive type 
  ∀ ε > 0, ∃ δ > 0, ∀ x ∈ Set.Ioo (-δ) δ, |1 - cos x - x ^ 2 / 2| < ε * |x|

workbook0/lean_workbook_plus_59958.lean:
workbook0/lean_workbook_plus_59958.lean:107:9: error: invalid constructor ⟨...⟩, expected type must be an inductive type 
  ∀ (x : ℤ → ℤ), (x 1 = 1 ∧ ∀ (m n : ℤ), x (m + n) * (x m - x n) = x (m - n) * (x m + x n)) ↔ x = id ∨ x = fun z => -z

workbook0/lean_workbook_plus_80752.lean:
workbook0/lean_workbook_plus_80752.lean:107:9: error: invalid constructor ⟨...⟩, expected type must be an inductive type 
  ∀ (n : ℕ), ↑(fib n) = 1 / Real.sqrt 5 * ((1 + Real.sqrt 5) / 2) ^ n - ((1 - Real.sqrt 5) / 2) ^ n
workbook0/lean_workbook_plus_80752.lean:108:2: error: no goals to be solved

workbook0/lean_workbook_plus_75383.lean:
workbook0/lean_workbook_plus_75383.lean:106:2: error: tactic 'introN' failed, insufficient number of binders
⊢ ∃ c, ∀ (d : ℤ), ∃ x y z t, x ^ 3 + y ^ 3 + z ^ 3 + t ^ 3 = 1999 ∧ x > d ∧ y > d ∧ z > d ∧ t > d

workbook0/lean_workbook_plus_22231.lean:
workbook0/lean_workbook_plus_22231.lean:105:135: error: unsolved goals
⊢ False

workbook0/lean_workbook_plus_69136.lean:
workbook0/lean_workbook_plus_69136.lean:106:27: error: unsolved goals
⊢ ¬?m.6418 2

workbook0/lean_workbook_plus_21255.lean:
workbook0/lean_workbook_plus_21255.lean:106:42: error: simp made no progress

workbook0/lean_workbook_plus_28915.lean:
workbook0/lean_workbook_plus_28915.lean:106:2: error: type mismatch
  not_forall_of_exists_not ?m.806
has type
  ¬∀ (x : ?m.804), ?m.805 x : Prop
but is expected to have type
  ∀ (a b c : ℝ), (a + 2 * b) ^ (-2) + (b + 2 * c) ^ (-2) + (c + 2 * a) ^ (-2) ≥ (a * b + b * c + c * a) ^ (-1) : Prop

workbook0/lean_workbook_plus_62482.lean:
workbook0/lean_workbook_plus_62482.lean:107:10: error: invalid constructor ⟨...⟩, expected type must be an inductive type 
  ∀ (k : ℕ), 4 ≤ k → k ^ 2 < k * i!

workbook0/lean_workbook_plus_31927.lean:
workbook0/lean_workbook_plus_31927.lean:107:12: error: function expected at
  h
term has type
  ℝ

workbook0/lean_workbook_plus_62176.lean:
workbook0/lean_workbook_plus_62176.lean:107:10: error: invalid constructor ⟨...⟩, expected type must be an inductive type 
  ∀ (x y z : ℝ),
    x ^ 2 + y ^ 2 + z ^ 2 + x + y + z ≥ x ^ 2 + y ^ 2 + z ^ 2 + 3 ∧
      x ^ 2 + y ^ 2 + z ^ 2 + 3 ≥ 2 * (x * y + x * z + y * z)

workbook0/lean_workbook_plus_67012.lean:
workbook0/lean_workbook_plus_67012.lean:105:177: error: unsolved goals
h₁ : 4 ≤ 4 ∧ 4 ≤ 5 ∧ 4 ≤ 6 ∧ 4 ≤ 7 ∧ 4 ≤ 8
⊢ False

workbook0/lean_workbook_plus_23198.lean:
workbook0/lean_workbook_plus_23198.lean:107:10: error: invalid constructor ⟨...⟩, expected type must be an inductive type 
  ∀ (a b c : ℝ), (a ^ 2 + b ^ 2 * c) / (b + c) + (b ^ 2 + c ^ 2 * a) / (a + c) + (c ^ 2 + a ^ 2 * b) / (a + b) ≥ 2 / 3

workbook0/lean_workbook_plus_12310.lean:
workbook0/lean_workbook_plus_12310.lean:107:12: error: invalid field notation, type is not of the form (C ...) where C is a constant
  h₁
has type
  x = -2 → y ≠ 3

workbook0/lean_workbook_plus_39723.lean:
workbook0/lean_workbook_plus_39723.lean:105:38: error: unexpected token ')'; expected ':=', 'where' or '|'

workbook0/lean_workbook_plus_47866.lean:
workbook0/lean_workbook_plus_47866.lean:107:9: error: invalid constructor ⟨...⟩, expected type must be an inductive type 
  ∀ (x y : ℝ), x ≠ 0 ∧ y ≠ 0 → x / (x ^ 2 + y ^ 2) ≤ 1 / (2 * y)

workbook0/lean_workbook_plus_33799.lean:
workbook0/lean_workbook_plus_33799.lean:105:34: error: unexpected token; expected '_' or identifier

workbook0/lean_workbook_plus_33871.lean:
workbook0/lean_workbook_plus_33871.lean:107:12: error: invalid field notation, type is not of the form (C ...) where C is a constant
  h₁
has type
  x = 2 → y ≠ 1

workbook0/lean_workbook_plus_12655.lean:
workbook0/lean_workbook_plus_12655.lean:105:83: error: unsolved goals
⊢ False

workbook0/lean_workbook_plus_57716.lean:
workbook0/lean_workbook_plus_57716.lean:106:39: error: unsolved goals
n! : ℕ
⊢ 1000 ∣ n! ∧ 15 ∈ lowerBounds {n | 1000 ∣ n!}

workbook0/lean_workbook_plus_24400.lean:
workbook0/lean_workbook_plus_24400.lean:106:2: error: linarith failed to find a contradiction
case h1.h
a b x y : ℝ
h1 : a * x + b * y = 3
h2 : a * x ^ 2 + b * y ^ 2 = 7
h3 : a * x ^ 3 + b * y ^ 3 = 16
h4 : a * x ^ 4 + b * y ^ 4 = 42
a✝ : a * x ^ 5 + b * y ^ 5 < 163
⊢ False
failed

workbook0/lean_workbook_plus_16118.lean:
workbook0/lean_workbook_plus_16118.lean:106:39: error: unsolved goals
⊢ ¬?m.715 0

workbook0/lean_workbook_plus_10303.lean:
workbook0/lean_workbook_plus_10303.lean:105:212: error: unsolved goals
a b c : ℝ
ha : 1 ≤ a
hb : 1 ≤ b
hc : 1 ≤ c
hab : a + b + c = 2 * a * b * c
⊢ False

workbook0/lean_workbook_plus_78889.lean:
workbook0/lean_workbook_plus_78889.lean:105:265: error: unsolved goals
w x y z : ℝ
hw : 0 < w
hx : 0 < x
hy : 0 < y
hz : 0 < z
hw1 : 0 < 1 - w
hx1 : 0 < 1 - x
hy1 : 0 < 1 - y
hz1 : 0 < 1 - z
h : w + x + y + z = 1
⊢ False

workbook0/lean_workbook_plus_52558.lean:
workbook0/lean_workbook_plus_52558.lean:107:10: error: invalid constructor ⟨...⟩, expected type must be an inductive type 
  ∀ (a b c : ℝ),
    2 * a / (21 * a + 75 * b) + 2 * b / (21 * b + 75 * c) + 2 * c / (21 * c + 75 * a) + 1 / 7 +
        1 / 10 * Real.sqrt ((a * b + a * c + b * c) / (a ^ 2 + b ^ 2 + c ^ 2)) ≤
      5 * Real.sqrt (a ^ 2 + 3 * a * b) / (21 * a + 75 * b) + 5 * Real.sqrt (b ^ 2 + 3 * b * c) / (21 * b + 75 * c) +
        5 * Real.sqrt (3 * a * c + c ^ 2) / (21 * c + 75 * a)

workbook0/lean_workbook_plus_9883.lean:
workbook0/lean_workbook_plus_9883.lean:107:10: error: invalid constructor ⟨...⟩, expected type must be an inductive type 
  ∀ (x y z : ℝ),
    x ^ (x ^ 2 + 2 * y * z) * y ^ (y ^ 2 + 2 * x * z) * z ^ (z ^ 2 + 2 * x * y) ≥ (x * y * z) ^ (x * y + y * z + z * x)

workbook0/lean_workbook_plus_22268.lean:
workbook0/lean_workbook_plus_22268.lean:107:10: error: invalid constructor ⟨...⟩, expected type must be an inductive type 
  ∀ (a b c : ℝ), (a * b + b * c + c * a) * (a ^ 2 + b ^ 2 + c ^ 2 + a + b + c) ≤ 6 * (a ^ 2 + b ^ 2 + c ^ 2)

workbook0/lean_workbook_plus_38109.lean:
workbook0/lean_workbook_plus_38109.lean:105:96: error: unsolved goals
x : ℝ
⊢ False

workbook0/lean_workbook_plus_74699.lean:
workbook0/lean_workbook_plus_74699.lean:107:19: error: not a positivity goal
workbook0/lean_workbook_plus_74699.lean:107:2: error: type mismatch
  fun h => ?m.2786 h
has type
  (h : ?m.2780) → ?m.2785 h : Sort (imax ?u.2779 ?u.2782)
but is expected to have type
  0 < π ∧ π / 3 < 0 : Prop

workbook0/lean_workbook_plus_73607.lean:
workbook0/lean_workbook_plus_73607.lean:114:29: error: unexpected identifier; expected ':='

workbook0/lean_workbook_plus_37191.lean:
workbook0/lean_workbook_plus_37191.lean:108:10: error: invalid constructor ⟨...⟩, expected type must be an inductive type 
  ∀ (x y z : ℝ),
    (4 * (tan x ^ 2 + 1) * (tan y ^ 2 + 1) * (tan z ^ 2 + 1) +
          (2 * tan x ^ 2 + 1) * (2 * tan y ^ 2 + 1) * (2 * tan z ^ 2 + 1)) /
        (tan x * tan y + tan y * tan z + tan z * tan x) ^ 2 ≥
      2

workbook0/lean_workbook_plus_6882.lean:
workbook0/lean_workbook_plus_6882.lean:107:10: error: invalid constructor ⟨...⟩, expected type must be an inductive type 
  ∀ (q : ℝ),
    q ≠ 0 ∧ q ≠ 1 ∧ 2 * (2 - 3 * q) / (q * (1 - q)) + 4 * q * Real.sqrt 2 / (1 - 2 * q) - 9 - 4 * Real.sqrt 2 ≥ 0

workbook0/lean_workbook_plus_35148.lean:
workbook0/lean_workbook_plus_35148.lean:105:44: error: unexpected token; expected ')'

workbook0/lean_workbook_plus_44379.lean:
workbook0/lean_workbook_plus_44379.lean:106:2: error: tactic 'introN' failed, insufficient number of binders
x y z : ℝ
hx : x + y - z = 0
hy : z * x - x * y + y * z = 27
hz : x * y * z = 54
⊢ x = 3 ∧ y = 2 ∨ x = 2 ∧ y = 3 ∨ x = 6 ∧ y = 3 ∨ x = 3 ∧ y = 6

workbook0/lean_workbook_plus_56995.lean:
workbook0/lean_workbook_plus_56995.lean:105:32: error: unexpected token '∑'; expected ':'

workbook0/lean_workbook_plus_62794.lean:
workbook0/lean_workbook_plus_62794.lean:105:43: error: expected token

workbook0/lean_workbook_plus_73165.lean:
workbook0/lean_workbook_plus_73165.lean:108:10: error: invalid constructor ⟨...⟩, expected type must be an inductive type 
  ∀ (a b c : ℝ), 0 < a ∧ 0 < b ∧ 0 < c ∧ a + b + c = 1 → a ^ a * b ^ b * c ^ c ≥ (a + b + c) ^ (a + b + c)
workbook0/lean_workbook_plus_73165.lean:109:2: error: no goals to be solved

workbook0/lean_workbook_plus_42478.lean:
workbook0/lean_workbook_plus_42478.lean:107:2: error: linarith failed to find a contradiction
case h1.h
x : ℝ
a✝ : -3 + Real.sqrt 17 * 4 + 68 < 69
⊢ False
failed

workbook0/lean_workbook_plus_2221.lean:
workbook0/lean_workbook_plus_2221.lean:106:2: error: simp made no progress

workbook0/lean_workbook_plus_17787.lean:
workbook0/lean_workbook_plus_17787.lean:109:16: error: unsolved goals
z x : ℝ
h₀ : 0 < z ∧ 0 < x
h₂ : x = 20
h₁ : z ≠ OfScientific.ofScientific 55 true 1
⊢ ¬z / 20 = 18 / 65

workbook0/lean_workbook_plus_15336.lean:
workbook0/lean_workbook_plus_15336.lean:106:2: error: type mismatch
  not_forall.mpr (Exists.intro 0 fun h => ?m.3009 h)
has type
  ¬∀ (x : ℕ), ?m.2976 x : Prop
but is expected to have type
  ∀ (a b c : ℝ), 3 * (a ^ 2 - a - 1) * (b ^ 2 - b - 1) * (c ^ 2 - c + 1) ≥ abc ^ 2 - abc + 1 : Prop

workbook0/lean_workbook_plus_65094.lean:
workbook0/lean_workbook_plus_65094.lean:110:2: error: simp made no progress

workbook0/lean_workbook_plus_20128.lean:
workbook0/lean_workbook_plus_20128.lean:107:10: error: invalid constructor ⟨...⟩, expected type must be an inductive type 
  ∀ (m : ℕ), Even m → m ^ 2 - 1 ∣ 3 ^ m + 5 ^ m

workbook0/lean_workbook_plus_9903.lean:
workbook0/lean_workbook_plus_9903.lean:105:68: error: unsolved goals
⊢ False

workbook0/lean_workbook_plus_40980.lean:
workbook0/lean_workbook_plus_40980.lean:106:29: error: unsolved goals
⊢ ¬?m.2503 0

workbook0/lean_workbook_plus_47112.lean:
workbook0/lean_workbook_plus_47112.lean:107:10: error: invalid constructor ⟨...⟩, expected type must be an inductive type 
  ∀ (a b c : ℝ),
    (a ^ 2 + b ^ 2 + c ^ 2) / (a * b + b * c + c * a) + 2 ≥ 2 / 3 * (a / (b + c) + b / (c + a) + c / (a + b))

workbook0/lean_workbook_plus_25042.lean:
workbook0/lean_workbook_plus_25042.lean:108:6: error: unknown constant 'Real.logb_eq_iff_rpow_eq'
workbook0/lean_workbook_plus_25042.lean:108:6: error: tactic 'rewrite' failed, equality or iff proof expected
  ?m.392
⊢ logb 2 2 = 1

workbook0/lean_workbook_plus_9404.lean:
workbook0/lean_workbook_plus_9404.lean:107:10: error: invalid constructor ⟨...⟩, expected type must be an inductive type 
  ∀ (n : ℕ), 2 ^ n = ∑ x in Finset.range n, choose n x

workbook0/lean_workbook_plus_64175.lean:
workbook0/lean_workbook_plus_64175.lean:105:115: error: unsolved goals
a b : ℝ
ha : a ≠ 0
hb : b ≠ 0
⊢ False

workbook0/lean_workbook_plus_1246.lean:
workbook0/lean_workbook_plus_1246.lean:107:10: error: invalid constructor ⟨...⟩, expected type must be an inductive type 
  ∀ (x y : ℝ), sin (x - y) / sin (x + y) = (tan x - tan y) / (tan x + tan y)

workbook0/lean_workbook_plus_16187.lean:
workbook0/lean_workbook_plus_16187.lean:107:10: error: invalid constructor ⟨...⟩, expected type must be an inductive type 
  ∀ (a b c : ℝ), 1 / (1 + a + b) + 1 / (1 + b + c) + 1 / (1 + c + a) ≤ 1

workbook0/lean_workbook_plus_55851.lean:
workbook0/lean_workbook_plus_55851.lean:105:32: error: unexpected token '∀'; expected ':'

workbook0/lean_workbook_plus_28991.lean:
workbook0/lean_workbook_plus_28991.lean:107:10: error: invalid constructor ⟨...⟩, expected type must be an inductive type 
  ∀ (a b c : ℝ), a + b + c > 0 → 3 / 2 + a * b / (a + b) + b * c / (b + c) + c * a / (c + a) ≥ a * b + b * c + c * a

workbook0/lean_workbook_plus_7752.lean:
workbook0/lean_workbook_plus_7752.lean:106:2: error: linarith failed to find a contradiction
case h2.h
a✝ : 6 * Real.sqrt 2 < (Real.sqrt 2 + 1) ^ 3 - (Real.sqrt 2 - 1) ^ 3
⊢ False
failed

workbook0/lean_workbook_plus_20103.lean:
workbook0/lean_workbook_plus_20103.lean:107:13: error: function expected at
  h
term has type
  ℕ
workbook0/lean_workbook_plus_20103.lean:105:77: error: unsolved goals
a h : ℕ
⊢ (2 ^ h)! = 2 ^ (2 ^ h - 1) * a

workbook0/lean_workbook_plus_65601.lean:
workbook0/lean_workbook_plus_65601.lean:106:2: error: simp made no progress

workbook0/lean_workbook_plus_26994.lean:
workbook0/lean_workbook_plus_26994.lean:105:117: error: unsolved goals
x : ℝ
hx : x = ∑ i in Finset.Icc 7 100, (2 / 3) ^ i
⊢ False

workbook0/lean_workbook_plus_43694.lean:
workbook0/lean_workbook_plus_43694.lean:107:10: error: invalid constructor ⟨...⟩, expected type must be an inductive type 
  ∀ (a b c : ℝ),
    a ^ 2 / (1 + a * b) + b ^ 2 / (1 + b * c) + c ^ 2 / (1 + c * a) - (a ^ 2 + b ^ 2 + c ^ 2) =
      -(a ^ 3 * b + b ^ 3 * c + c ^ 3 * a + a ^ 4 * b * c + a ^ 3 * b ^ 2 * c + a ^ 4 * b ^ 2 * c ^ 2 +
                      b ^ 3 * c ^ 2 * a +
                    b ^ 4 * c * a +
                  b ^ 4 * c ^ 2 * a ^ 2 +
                c ^ 4 * b * a +
              c ^ 3 * a ^ 2 * b +
            c ^ 4 * b ^ 2 * a ^ 2) /
        ((1 + a * b) * (1 + b * c) * (1 + c * a))

workbook0/lean_workbook_plus_37398.lean:
workbook0/lean_workbook_plus_37398.lean:105:170: error: unsolved goals
x y z : ℝ
hx : 0 ≤ x
hy : 0 ≤ y
hz : 0 ≤ z
hx1 : x + y + z = 1
⊢ False

workbook0/lean_workbook_plus_15389.lean:
workbook0/lean_workbook_plus_15389.lean:106:2: error: simp made no progress

workbook0/lean_workbook_plus_46730.lean:
workbook0/lean_workbook_plus_46730.lean:105:104: error: unsolved goals
⊢ False

workbook0/lean_workbook_plus_52472.lean:
workbook0/lean_workbook_plus_52472.lean:106:2: error: omega did not find a contradiction:
[0, 0, 0, 0, 1] ∈ (-∞, 2007]

workbook0/lean_workbook_plus_19449.lean:
workbook0/lean_workbook_plus_19449.lean:111:2: error: linarith failed to find a contradiction
case h1.h
p : ℕ → ℚ
h₀ : p 1 = 1
h₂ : ∀ (n : ℕ), p (n + 2) = 1 / 2 * p n + 1 / 2 * (1 / 2 * p (n - 1))
h₁ : (p 0 * (2 * 2) + p 0 * 2) * 4 = 3 * (2 * (2 * 2))
a✝ :
  (((((p 0 * (2 * 2) + p 0 * 2) * (2 * 2) + p 1 * (2 * (2 * (2 * 2)))) * (2 * (2 * (2 * (2 * 2)))) +
                (p 1 * (2 * 2) + p 0 * 2) * (2 * (2 * (2 * (2 * 2)) * (2 * 2)))) *
              (2 * (2 * (2 * (2 * (2 * 2)) * (2 * (2 * (2 * (2 * 2))))))) +
            ((p 1 * (2 * 2) + p 0 * 2) * (2 * (2 * (2 * (2 * 2)))) + (p 0 * (2 * 2) + p 0 * 2) * (2 * (2 * (2 * 2)))) *
              (2 * (2 * (2 * (2 * (2 * 2)) * (2 * 2)) * (2 * (2 * (2 * (2 * 2))))))) *
          (2 *
            (2 * (2 * (2 * (2 * (2 * 2)) * (2 * (2 * (2 * (2 * 2))))) * (2 * (2 * (2 * (2 * (2 * 2)) * (2 * 2))))))) +
        (((p 1 * (2 * 2) + p 0 * 2) * (2 * (2 * (2 * (2 * 2)))) + (p 0 * (2 * 2) + p 0 * 2) * (2 * (2 * (2 * 2)))) *
              (2 * (2 * (2 * (2 * (2 * 2)) * (2 * 2)))) +
            ((p 0 * (2 * 2) + p 0 * 2) * (2 * 2) + p 1 * (2 * (2 * (2 * 2)))) *
              (2 * (2 * (2 * (2 * 2)) * (2 * (2 * (2 * (2 * 2))))))) *
          (2 *
            (2 * (2 * (2 * (2 * (2 * 2)) * (2 * 2)) * (2 * (2 * (2 * (2 * 2))))) *
              (2 * (2 * (2 * (2 * (2 * 2)) * (2 * (2 * (2 * (2 * 2)))))))))) *
      512 <
    281 *
      (2 *
          (2 * (2 * (2 * (2 * (2 * 2)) * (2 * 2)) * (2 * (2 * (2 * (2 * 2))))) *
            (2 * (2 * (2 * (2 * (2 * 2)) * (2 * (2 * (2 * (2 * 2)))))))) *
        (2 * (2 * (2 * (2 * (2 * (2 * 2)) * (2 * (2 * (2 * (2 * 2))))) * (2 * (2 * (2 * (2 * (2 * 2)) * (2 * 2))))))))
⊢ False
failed

workbook0/lean_workbook_plus_27818.lean:
workbook0/lean_workbook_plus_27818.lean:107:10: error: invalid constructor ⟨...⟩, expected type must be an inductive type 
  ∀ (a b : ℝ), 3 * a ^ 6 + 16 * a ^ 3 * b ^ 3 + 3 * b ^ 6 ≥ 11 * a ^ 4 * b ^ 2 + 11 * a ^ 2 * b ^ 4

workbook0/lean_workbook_plus_30179.lean:
workbook0/lean_workbook_plus_30179.lean:106:2: error: tactic 'introN' failed, insufficient number of binders
f : ℝ → ℝ
hf : ∀ (x y : ℝ), cos (f (x + y)) = f x * cos y + f y * cos x
⊢ ∃ k, ∀ (x : ℝ), f x = k * x

workbook0/lean_workbook_plus_31213.lean:
workbook0/lean_workbook_plus_31213.lean:107:10: error: invalid constructor ⟨...⟩, expected type must be an inductive type 
  ∀ (a b c : ℝ),
    (2 * b * c - a ^ 2) * c ^ 2 * b ^ 2 + c ^ 2 * (2 * a * c - b ^ 2) * a ^ 2 + b ^ 2 * a ^ 2 * (2 * a * b - c ^ 2) =
      (a ^ 3 + b ^ 3 + c ^ 3 - 3 * a * b * c) ^ 2

workbook0/lean_workbook_plus_57630.lean:
workbook0/lean_workbook_plus_57630.lean:106:2: error: simp made no progress

workbook0/lean_workbook_plus_71362.lean:
workbook0/lean_workbook_plus_71362.lean:117:34: error: expected token
workbook0/lean_workbook_plus_71362.lean:105:128: error: unsolved goals
x : ℝ
h : x ≤ (Real.sqrt 5 - 1) / 2 ∧ x ≤ 0
h₁ : x ≤ (Real.sqrt 5 - 1) / 2
h₂ : x ≤ 0
h₃ : 0 ≤ x ^ 2
h₄ : x ^ 3 ≤ 0
h₅ : Real.sqrt (3 - x ^ 2) ≥ 0
h₆ : 0 ≤ x ^ 2
h₇ : 0 ≤ x ^ 2 + 1
h₈ : 0 ≤ 1 + Real.sqrt (3 - x ^ 2)
h₉ : 0 ≤ 1 + (1 + x ^ 2) * sorryAx ℝ true
⊢ -1 ≤ -(x ^ 2 + x ^ 3 * (1 + Real.sqrt (3 - x ^ 2)))

workbook0/lean_workbook_plus_48653.lean:
workbook0/lean_workbook_plus_48653.lean:106:29: error: unsolved goals
⊢ ¬?m.2851 3

workbook0/lean_workbook_plus_74212.lean:
workbook0/lean_workbook_plus_74212.lean:107:10: error: invalid constructor ⟨...⟩, expected type must be an inductive type 
  ∀ (r : ℝ),
    27 * r ^ 2 + 4 * r + 9 * r ^ 2 * (81 * r + 9) ^ 2 / (81 * r + 1) ^ 2 ≥
      8 * Real.sqrt (216 * r ^ 3 * (27 * r + 1) ^ 3 / (81 * r + 1) ^ 3)

workbook0/lean_workbook_plus_24270.lean:
workbook0/lean_workbook_plus_24270.lean:105:32: error: unexpected token '∀'; expected ':'

workbook0/lean_workbook_plus_23358.lean:
workbook0/lean_workbook_plus_23358.lean:107:10: error: invalid constructor ⟨...⟩, expected type must be an inductive type 
  ∀ (x y : ℤ), 2 * x + y = 2 * y

workbook0/lean_workbook_plus_51425.lean:
workbook0/lean_workbook_plus_51425.lean:106:39: error: unsolved goals
⊢ False

workbook0/lean_workbook_plus_49924.lean:
workbook0/lean_workbook_plus_49924.lean:107:10: error: invalid constructor ⟨...⟩, expected type must be an inductive type 
  ∀ (x y z : ℝ),
    (3 * y + x) * (3 * z + x) + (3 * x + y) * (3 * z + y) + (3 * x + z) * (3 * y + z) ≠ 0 ∧
        (3 * y + x) * (3 * z + x) + (3 * x + z) * (3 * y + z) ≠ 0 ∧
          (3 * x + y) * (3 * z + y) + (3 * x + z) * (3 * y + z) ≠ 0 →
      1 - (3 * x + y) * (3 * z + y) / (2 * (3 * x + y) * (3 * z + y) + (3 * x + z) * (3 * y + z)) -
            (3 * x + z) * (3 * y + z) / (2 * (3 * x + z) * (3 * y + z) + (3 * y + x) * (3 * z + x)) -
          (3 * y + x) * (3 * z + x) / (2 * (3 * y + x) * (3 * z + x) + (3 * x + y) * (3 * z + y)) ≥
        0

workbook0/lean_workbook_plus_14770.lean:
workbook0/lean_workbook_plus_14770.lean:105:35: error: expected token

workbook0/lean_workbook_plus_15827.lean:
workbook0/lean_workbook_plus_15827.lean:105:97: error: unsolved goals
x y z : ℕ
⊢ False

workbook0/lean_workbook_plus_48606.lean:
workbook0/lean_workbook_plus_48606.lean:107:10: error: invalid constructor ⟨...⟩, expected type must be an inductive type 
  ∀ (x y z : ℝ), (x + y + z) ^ 3 + 5 * x * y * z ≥ 4 * (x + y) * (y + z) * (z + x)

workbook0/lean_workbook_plus_14131.lean:
workbook0/lean_workbook_plus_14131.lean:105:32: error: unexpected token; expected ':'

workbook0/lean_workbook_plus_32759.lean:
workbook0/lean_workbook_plus_32759.lean:107:6: error: tactic 'rewrite' failed, did not find instance of the pattern in the target expression
  ∑' (b : ?m.417), ?m.415 b
a : ℕ → ℕ
a_rec : ∀ (n : ℕ), a (n + 1) = 1 + ∏ i in Finset.range (n + 1), a i
a1 : ∑' (i : ℕ), 1 / a i ≠ 2
⊢ a 0 ≠ 1

workbook0/lean_workbook_plus_44666.lean:
workbook0/lean_workbook_plus_44666.lean:107:27: error: unsolved goals
f : ℝ → ℝ
hf : ∀ (x : ℝ), f (x + 2) - f x = x ^ 2 + 2 * x + 4
hg : ∃ x, f x ≠ x ^ 2 + 2 * (x - 2) * (x - 4)
⊢ ¬f 0 = 0

workbook0/lean_workbook_plus_41521.lean:
workbook0/lean_workbook_plus_41521.lean:106:2: error: simp made no progress

workbook0/lean_workbook_plus_6303.lean:
workbook0/lean_workbook_plus_6303.lean:106:2: error: type mismatch
  Mathlib.Tactic.Contrapose.mtr ?m.819
has type
  ?m.817 → ?m.818 : Prop
but is expected to have type
  Real.sqrt 3 / 2 ≥ (sin A + sin B + sin C) / 3 ∧ (sin A + sin B + sin C) / 3 ≥ (sin A * sin B * sin C) ^ (1 / 3) : Prop

workbook0/lean_workbook_plus_49910.lean:
workbook0/lean_workbook_plus_49910.lean:112:2: error: linarith failed to find a contradiction
case h1.h
h₁ : 0 < 128
h₂ : 0 < Real.sqrt π
a✝ : -(Real.sqrt π * 32 * (3 * 3)) < (-(Real.sqrt π * 10 * 3) + Real.sqrt π * Real.sqrt 128 * 3) * 3
⊢ False
failed

workbook0/lean_workbook_plus_15363.lean:
workbook0/lean_workbook_plus_15363.lean:106:2: error: simp made no progress

workbook0/lean_workbook_plus_82112.lean:
workbook0/lean_workbook_plus_82112.lean:107:10: error: invalid constructor ⟨...⟩, expected type must be an inductive type 
  ∀ (a b c R r : ℝ),
    a > 0 ∧ b > 0 ∧ c > 0 ∧ R > 0 ∧ r > 0 →
      a + b > c ∧ a + c > b ∧ b + c > a →
        Real.sqrt (a / (b + c - a)) + Real.sqrt (b / (c + a - b)) + Real.sqrt (c / (a + b - c)) ≤
          3 * Real.sqrt (R / (2 * r))
workbook0/lean_workbook_plus_82112.lean:108:2: error: no goals to be solved

workbook0/lean_workbook_plus_4273.lean:
workbook0/lean_workbook_plus_4273.lean:107:10: error: invalid constructor ⟨...⟩, expected type must be an inductive type 
  ∀ (n : ℕ),
    2 * ↑n / (3 * ↑n + 1) ≤ ↑(∑ k in Finset.Icc (n + 1) (2 * n), 1 / k) ∧
      ∑ k in Finset.Icc (n + 1) (2 * n), 1 / k ≤ (3 * n + 1) / (4 * (n + 1))

workbook0/lean_workbook_plus_48859.lean:
workbook0/lean_workbook_plus_48859.lean:105:233: error: unsolved goals
x : ℕ → ℕ
hx : x 1 = 21 ∧ x 2 = 17 ∧ x 3 = 16 ∧ x 4 = 14
⊢ False

workbook0/lean_workbook_plus_82188.lean:
workbook0/lean_workbook_plus_82188.lean:109:10: error: invalid constructor ⟨...⟩, expected type must be an inductive type 
  ∀ (a b c : ℝ), (3 * a - b - c) * (b - c) ^ 2 + (3 * b - c - a) * (c - a) ^ 2 + (3 * c - a - b) * (a - b) ^ 2 ≥ 0

workbook0/lean_workbook_plus_68772.lean:
workbook0/lean_workbook_plus_68772.lean:106:27: error: unsolved goals
⊢ ¬?m.740 0

workbook0/lean_workbook_plus_15573.lean:
workbook0/lean_workbook_plus_15573.lean:105:83: error: unsolved goals
⊢ False

workbook0/lean_workbook_plus_19093.lean:
workbook0/lean_workbook_plus_19093.lean:105:105: error: unsolved goals
⊢ False

workbook0/lean_workbook_plus_68495.lean:
workbook0/lean_workbook_plus_68495.lean:106:2: error: simp made no progress

workbook0/lean_workbook_plus_58504.lean:
workbook0/lean_workbook_plus_58504.lean:107:10: error: invalid constructor ⟨...⟩, expected type must be an inductive type 
  ∀ (a b c : ℝ), (a + b) / (2 * b + c) + (b + c) / (2 * c + a) + (c + a) / (2 * a + b) ≥ 2

workbook0/lean_workbook_plus_19478.lean:
workbook0/lean_workbook_plus_19478.lean:106:2: error: tactic 'introN' failed, insufficient number of binders
f : ℚ → ℚ
h : ∀ (x y : ℚ), f (2 * x * y + 1 / 2) + f (x - y) = 4 * f x * f y + 1 / 2
⊢ ∃ a, ∀ (x : ℚ), f x = x * a

workbook0/lean_workbook_plus_55643.lean:
workbook0/lean_workbook_plus_55643.lean:107:10: error: invalid constructor ⟨...⟩, expected type must be an inductive type 
  ∀ (n : ℕ), Nat.Prime n → 6 ∣ n ^ 2 - n

workbook0/lean_workbook_plus_45802.lean:
workbook0/lean_workbook_plus_45802.lean:107:10: error: invalid constructor ⟨...⟩, expected type must be an inductive type 
  ∀ (x y z : ℝ), (1 + y) * (1 + z) / (1 + x) + (1 + z) * (1 + x) / (1 + y) + (1 + x) * (1 + y) / (1 + z) ≥ 3 + x + y + z

workbook0/lean_workbook_plus_71808.lean:
workbook0/lean_workbook_plus_71808.lean:107:10: error: invalid constructor ⟨...⟩, expected type must be an inductive type 
  ∀ (a b c : ℝ),
    a ^ 4 + 2 * a ^ 2 * b ^ 2 + b ^ 4 + a ^ 2 * c ^ 2 + 2 * a * b * c ^ 2 + b ^ 2 * c ^ 2 ≥
      2 * a ^ 3 * c + 2 * a * b * c ^ 2 + 2 * b ^ 3 * c + 2 * a * b ^ 2 * c

workbook0/lean_workbook_plus_37901.lean:
workbook0/lean_workbook_plus_37901.lean:105:34: error: unexpected token; expected '_' or identifier

workbook0/lean_workbook_plus_27421.lean:
workbook0/lean_workbook_plus_27421.lean:107:13: error: function expected at
  h
term has type
  ℝ
workbook0/lean_workbook_plus_27421.lean:105:96: error: unsolved goals
h : ℝ
⊢ cos 3 * h = 1 / 2 ↔ h = π / 6 ∨ h = π / 2 ∨ h = 5 * π / 6

workbook0/lean_workbook_plus_13916.lean:
workbook0/lean_workbook_plus_13916.lean:106:2: error: tactic 'introN' failed, insufficient number of binders
⊢ ∃ f, Function.Injective f ∧ ∀ (x : ℝ), f x + f⁻¹ x = x

workbook0/lean_workbook_plus_30108.lean:
workbook0/lean_workbook_plus_30108.lean:108:2: error: tactic 'decide' proved that the proposition
  ∀ (y : ZMod 107), ∃ x, x ^ 4 = y ∨ x ^ 4 = y
is false

workbook0/lean_workbook_plus_50102.lean:
workbook0/lean_workbook_plus_50102.lean:107:17: error: invalid field notation, type is not of the form (C ...) where C is a constant
  h₂
has type
  x ^ 3 + y ^ 3 = 2 → x ^ 4 + y ^ 4 = 2 → x ^ 5 + y ^ 5 = 2 → x ^ 6 + y ^ 6 = 2 → x ^ 30 + y ^ 30 ≠ 2

workbook0/lean_workbook_plus_3649.lean:
workbook0/lean_workbook_plus_3649.lean:106:2: error: tactic 'introN' failed, insufficient number of binders
x y : ℕ
hx : 4 ^ x ≡ 1 [ZMOD 9]
hy : 2 ^ y ≡ 0 [ZMOD 7]
⊢ x = 3 ∧ y = 3

workbook0/lean_workbook_plus_27759.lean:
workbook0/lean_workbook_plus_27759.lean:107:12: error: invalid field notation, type is not of the form (C ...) where C is a constant
  h₁
has type
  x = 1 → y ≠ 2

workbook0/lean_workbook_plus_47215.lean:
workbook0/lean_workbook_plus_47215.lean:110:2: error: linarith failed to find a contradiction
case right.a
a b c : ℝ
ha : 0 < a
hb : 0 < b
hc : 0 < c
a✝ :
  ((a + b) * (b + c) + (a + c) * (a + (b + (b + c)))) * 2 / ((a + b) * ((a + c) * (b + c))) >
    (a * b + c * (a + b)) / (a * (b * c))
⊢ False
failed

workbook0/lean_workbook_plus_14152.lean:
workbook0/lean_workbook_plus_14152.lean:107:10: error: invalid constructor ⟨...⟩, expected type must be an inductive type 
  ∀ (a b c : ℝ),
    a ^ 2 / (a ^ 2 + 2 * b * c) + b ^ 2 / (b ^ 2 + 2 * c * a) + c ^ 2 / (c ^ 2 + 2 * a * b) ≥
      (a + b + c) ^ 2 / (3 * (a * b + b * c + a * c))

workbook0/lean_workbook_plus_38214.lean:
workbook0/lean_workbook_plus_38214.lean:107:10: error: invalid constructor ⟨...⟩, expected type must be an inductive type 
  ∀ (x y z : ℝ), 2 * x ^ 6 + 2 * y ^ 6 - y ^ 6 + 3 * x ^ 2 * y ^ 2 * z ^ 2 - 6 * x ^ 3 * z ^ 3 ≥ 0

workbook0/lean_workbook_plus_4446.lean:
workbook0/lean_workbook_plus_4446.lean:106:23: error: typeclass instance problem is stuck, it is often due to metavariables
  ProperSpace ?m.547

workbook0/lean_workbook_plus_30618.lean:
workbook0/lean_workbook_plus_30618.lean:106:27: error: unsolved goals
⊢ ¬?m.624 1

workbook0/lean_workbook_plus_33701.lean:
workbook0/lean_workbook_plus_33701.lean:105:109: error: unsolved goals
n : ℕ
⊢ ∑ k in Finset.Icc 3 99, k * (k + 1) * (k + 2) = 333316500

workbook0/lean_workbook_plus_62007.lean:
workbook0/lean_workbook_plus_62007.lean:107:10: error: invalid constructor ⟨...⟩, expected type must be an inductive type 
  ∀ (n : ℕ) (a : ℝ), (1 + a / (↑n + 1)) ^ (n + 1) > (1 + a / ↑n) ^ n

workbook0/lean_workbook_plus_22211.lean:
workbook0/lean_workbook_plus_22211.lean:105:32: error: unexpected token '∀'; expected ':'

workbook0/lean_workbook_plus_22365.lean:
workbook0/lean_workbook_plus_22365.lean:107:10: error: invalid constructor ⟨...⟩, expected type must be an inductive type 
  ∀ (a b c : ℝ),
    a ^ 3 * (a + b) / (a ^ 2 + b ^ 2) + b ^ 3 * (b + c) / (b ^ 2 + c ^ 2) + c ^ 3 * (c + a) / (c ^ 2 + a ^ 2) ≥
      a ^ 2 + b ^ 2 + c ^ 2

workbook0/lean_workbook_plus_42181.lean:
workbook0/lean_workbook_plus_42181.lean:105:32: error: unexpected token '∀'; expected ':'

workbook0/lean_workbook_plus_82850.lean:
workbook0/lean_workbook_plus_82850.lean:111:2: error: tactic 'introN' failed, insufficient number of binders
p n : ℕ
h₀ : 1 < p
h₁ : 0 < n
h₂ : p ^ n - 1 ∣ 2013 - 1
⊢ p = 2 ∧ n = 98 ∨ p = 503 ∧ n = 99

workbook0/lean_workbook_plus_73162.lean:
workbook0/lean_workbook_plus_73162.lean:107:10: error: invalid constructor ⟨...⟩, expected type must be an inductive type 
  ∀ (x : ℚ), ¬1 + 1 = ↑x

workbook0/lean_workbook_plus_20236.lean:
workbook0/lean_workbook_plus_20236.lean:108:12: warning: aesop: failed to prove the goal after exhaustive search.
workbook0/lean_workbook_plus_20236.lean:108:12: warning: aesop: failed to prove the goal after exhaustive search.
workbook0/lean_workbook_plus_20236.lean:109:6: error: tactic 'rewrite' failed, did not find instance of the pattern in the target expression
  ?m.5937 / ?m.5938
⊢ False

workbook0/lean_workbook_plus_69205.lean:
workbook0/lean_workbook_plus_69205.lean:107:2: error: omega did not find a contradiction:
trivial

workbook0/lean_workbook_plus_44892.lean:
workbook0/lean_workbook_plus_44892.lean:107:18: error: unsolved goals
x : ℝ
h₀ : x ≠ OfScientific.ofScientific 9647 true 2
⊢ ¬82 / 85 = x / 100

workbook0/lean_workbook_plus_75916.lean:
workbook0/lean_workbook_plus_75916.lean:107:2: error: linarith failed to find a contradiction
case a
a b c d : ℝ
ha : 0 < a
hb : 0 < b
hc : 0 < c
hd : 0 < d
habc : a * b * c * d = 1
h : (a ^ 2 + b ^ 2 + c ^ 2 + d ^ 2) * 4 = 1
a✝ : 257 > (a + b + c + d) * (1 + 1)
⊢ False
failed

workbook0/lean_workbook_plus_53499.lean:
workbook0/lean_workbook_plus_53499.lean:105:111: error: unsolved goals
⊢ False

workbook0/lean_workbook_plus_62615.lean:
workbook0/lean_workbook_plus_62615.lean:105:140: error: unsolved goals
x : ℝ
hx : x = (1 + 2 / 3 * Real.sqrt (7 / 3)) ^ (1 / 3) + (1 - 2 / 3 * Real.sqrt (7 / 3)) ^ (1 / 3)
⊢ False

workbook0/lean_workbook_plus_15983.lean:
workbook0/lean_workbook_plus_15983.lean:107:2: error: linarith failed to find a contradiction
case a
x y z : ℝ
hx : 0 < x
hy : 0 < y
hz : 0 < z
a✝ :
  x * z⁻¹ * 2 + x * x⁻¹ * 2 + x * y⁻¹ * 2 + y * z⁻¹ * 2 + y * x⁻¹ * 2 + y * y⁻¹ * 2 + z * z⁻¹ * 2 + z * x⁻¹ * 2 +
      z * y⁻¹ * 2 >
    x * z⁻¹ + x * y⁻¹ + y * z⁻¹ + y * x⁻¹ + z * x⁻¹ + z * y⁻¹
⊢ False
failed

workbook0/lean_workbook_plus_66511.lean:
workbook0/lean_workbook_plus_66511.lean:107:10: error: invalid constructor ⟨...⟩, expected type must be an inductive type 
  ∀ (a b c : ℝ), (1 - a) * (1 - b) * (1 - c) + (1 + a) * (1 + b) * (1 + c) ≥ 0

workbook0/lean_workbook_plus_60354.lean:
workbook0/lean_workbook_plus_60354.lean:105:32: error: unexpected token '∀'; expected ':'

workbook0/lean_workbook_plus_4472.lean:
workbook0/lean_workbook_plus_4472.lean:107:10: error: invalid constructor ⟨...⟩, expected type must be an inductive type 
  ∀ (x y z : ℝ),
    4 * (x ^ 4 + y ^ 4 + z ^ 4) +
        4 *
          (x ^ (10 / 3) * y ^ (1 / 3) * z ^ (1 / 3) + x ^ (1 / 3) * y ^ (10 / 3) * z ^ (1 / 3) +
            x ^ (1 / 3) * y ^ (1 / 3) * z ^ (10 / 3)) ≥
      6 * (x ^ (4 / 3) * y ^ (4 / 3) * z ^ (4 / 3)) + 3 * (x ^ 4 * y ^ 4 * z + x ^ 4 * y ^ 4 * z + x ^ 4 * y ^ 4 * z) +
        3 *
          (x ^ (5 / 3) * y ^ (5 / 3) * z ^ (2 / 3) + x ^ (5 / 3) * y ^ (5 / 3) * z ^ (2 / 3) +
            x ^ (5 / 3) * y ^ (5 / 3) * z ^ (2 / 3))

workbook0/lean_workbook_plus_59004.lean:
workbook0/lean_workbook_plus_59004.lean:106:2: error: simp made no progress

workbook0/lean_workbook_plus_65348.lean:
workbook0/lean_workbook_plus_65348.lean:105:32: error: unexpected token; expected ':'

workbook0/lean_workbook_plus_65834.lean:
workbook0/lean_workbook_plus_65834.lean:105:143: error: unsolved goals
⊢ False

workbook0/lean_workbook_plus_4595.lean:
workbook0/lean_workbook_plus_4595.lean:106:2: error: simp made no progress

workbook0/lean_workbook_plus_36627.lean:
workbook0/lean_workbook_plus_36627.lean:106:2: error: tactic 'introN' failed, insufficient number of binders
a b c : ℝ
h1 : a + b + c = 0
h2 : a ^ 2 + b ^ 2 + c ^ 2 = 1
⊢ a ^ 2 * b ^ 2 * c ^ 2 ≤ 1 / 54 ∧ (a = 1 / 3 ∧ b = 1 / 3 ∧ c = -2 / 3 ∨ a = -1 / 3 ∧ b = -1 / 3 ∧ c = 2 / 3)

workbook0/lean_workbook_plus_11642.lean:
workbook0/lean_workbook_plus_11642.lean:105:213: error: unsolved goals
a b c : ℝ
ha : 1 ≤ a
hb : 1 ≤ b
hc : 1 ≤ c
habc : a + b + c = 2 * a * b * c
⊢ False

workbook0/lean_workbook_plus_75358.lean:
workbook0/lean_workbook_plus_75358.lean:105:235: error: unsolved goals
x y z : ℝ
hx : 0 < x
hy : 0 < y
hz : 0 < z
hx1 : x + y + z = 1
⊢ False

workbook0/lean_workbook_plus_652.lean:
workbook0/lean_workbook_plus_652.lean:105:30: error: unexpected token; expected ':'

workbook0/lean_workbook_plus_31115.lean:
workbook0/lean_workbook_plus_31115.lean:105:35: error: expected token

workbook0/lean_workbook_plus_12013.lean:
workbook0/lean_workbook_plus_12013.lean:106:39: error: unsolved goals
⊢ ¬?m.2590 0

workbook0/lean_workbook_plus_57777.lean:
workbook0/lean_workbook_plus_57777.lean:105:153: error: unsolved goals
P A : ℝ
n : ℕ
hP : P = 5000
hA : A = 9000
hn : n = 15
⊢ False

workbook0/lean_workbook_plus_7919.lean:
workbook0/lean_workbook_plus_7919.lean:107:10: error: invalid constructor ⟨...⟩, expected type must be an inductive type 
  ∀ (a b c : ℝ), a ^ 2 / (a + b) * (a + c) + b ^ 2 / (b + c) * (b + a) + c ^ 2 / (c + a) * (c + b) ≥ 3 / 4

workbook0/lean_workbook_plus_50061.lean:
workbook0/lean_workbook_plus_50061.lean:105:32: error: unexpected token; expected ':'

workbook0/lean_workbook_plus_11116.lean:
workbook0/lean_workbook_plus_11116.lean:107:19: error: invalid constructor ⟨...⟩, expected type must be an inductive type 
  ?m.520 h
workbook0/lean_workbook_plus_11116.lean:107:2: error: type mismatch
  fun h => ?m.521 h
has type
  (h : ?m.515) → ?m.520 h : Sort (imax ?u.514 ?u.517)
but is expected to have type
  1 / a 1 = 1 ∧ ∀ (n : ℕ), 1 / a (n + 1) = 1 / a n + 1 / (1 / a n) : Prop

workbook0/lean_workbook_plus_23643.lean:
workbook0/lean_workbook_plus_23643.lean:107:10: error: invalid constructor ⟨...⟩, expected type must be an inductive type 
  ∀ (a b c : ℤ),
    a ^ 4 + b ^ 4 - c ^ 4 - 2 * a ^ 2 * b ^ 2 + 2 * a * b * c ^ 2 =
      (a ^ 2 - b ^ 2 - a * c + b * c) * (a ^ 2 + b ^ 2 + a * c + b * c)

workbook0/lean_workbook_plus_49351.lean:
workbook0/lean_workbook_plus_49351.lean:106:49: error: function expected at
  h
term has type
  ℕ

workbook0/lean_workbook_plus_11559.lean:
workbook0/lean_workbook_plus_11559.lean:107:10: error: invalid constructor ⟨...⟩, expected type must be an inductive type 
  ∀ n > 0,
    ∑ k in Finset.Icc 1 n, (-1) ^ (k + 1) * ↑k ^ (n - 1) * ↑(∑ r in Finset.Icc k n, k / r * choose r k) =
      ∑ k in Finset.Icc 1 n, (-1) ^ (k + 1) * ↑k ^ (n - 1) * ↑(∑ r in Finset.Icc k n, choose (r - 1) (k - 1))

workbook0/lean_workbook_plus_18258.lean:
workbook0/lean_workbook_plus_18258.lean:106:131: error: unsolved goals
⊢ False

workbook0/lean_workbook_plus_14247.lean:
workbook0/lean_workbook_plus_14247.lean:107:10: error: invalid constructor ⟨...⟩, expected type must be an inductive type 
  ∀ (x c : ℝ), 6 - 5 * x + 6 * c + 3 * x ^ 2 - 3 * c ^ 2 ≥ 0

workbook0/lean_workbook_plus_29847.lean:
workbook0/lean_workbook_plus_29847.lean:106:2: error: simp made no progress

workbook0/lean_workbook_plus_52511.lean:
workbook0/lean_workbook_plus_52511.lean:107:10: error: invalid constructor ⟨...⟩, expected type must be an inductive type 
  ∀ (a b c : ℝ),
    a ≥ b ∧ b ≥ c ∧ c ≥ 0 → (a ^ 2 - b ^ 2) / c + (c ^ 2 - b ^ 2) / a + (a ^ 2 - c ^ 2) / b ≥ 3 * a - 4 * b + c

workbook0/lean_workbook_plus_18935.lean:
workbook0/lean_workbook_plus_18935.lean:106:18: error: unknown identifier 'logb_pow'

workbook0/lean_workbook_plus_14323.lean:
workbook0/lean_workbook_plus_14323.lean:111:103: error: unsolved goals
kate_biking_time kate_biking_speed kate_walking_time kate_walking_speed : ℝ
h₀ : 0 < kate_biking_time ∧ 0 < kate_biking_speed ∧ 0 < kate_walking_time ∧ 0 < kate_walking_speed
h₁ : kate_biking_time = 40 / 60
h₂ : kate_biking_speed = 16
h₃ : kate_walking_time = 90 / 60
h₄ : kate_walking_speed = 4
⊢ False

workbook0/lean_workbook_plus_17771.lean:
workbook0/lean_workbook_plus_17771.lean:110:24: error: function expected at
  h
term has type
  ℕ
workbook0/lean_workbook_plus_17771.lean:110:33: error: simp made no progress
workbook0/lean_workbook_plus_17771.lean:109:45: error: unsolved goals
b : ℕ → ℕ
h₀ : b 0 = 0
h₁ : b 1 = 1
h₂ : ∀ (n : ℕ), b (n + 2) = b (n + 1) + b n + 2 * b (n - 1)
⊢ ∀ (n : ℕ), b (n + 1) = 2 * b n + b (n - 1)

workbook0/lean_workbook_plus_1762.lean:
workbook0/lean_workbook_plus_1762.lean:106:2: warning: aesop: failed to prove the goal after exhaustive search.
workbook0/lean_workbook_plus_1762.lean:107:23: error: unknown identifier 'a'

workbook0/lean_workbook_plus_835.lean:
workbook0/lean_workbook_plus_835.lean:107:10: error: invalid constructor ⟨...⟩, expected type must be an inductive type 
  ∀ (a b c : ℝ),
    a ≥ b ∧ b ≥ c ∧ c ≥ 0 →
      a * b / (c * c + c * a) + b * c / (a * a + a * b) + c * a / (b * b + b * c) ≥
        a / (a + c) + b / (b + a) + c / (c + b)

workbook0/lean_workbook_plus_20181.lean:
workbook0/lean_workbook_plus_20181.lean:106:29: error: unsolved goals
⊢ ¬?m.602 0

workbook0/lean_workbook_plus_59919.lean:
workbook0/lean_workbook_plus_59919.lean:106:2: warning: aesop: failed to prove the goal after exhaustive search.
workbook0/lean_workbook_plus_59919.lean:105:110: error: unsolved goals
case left
x y : ℤ
h₂ : x ^ 2 - 6 * y ^ 2 = -3
left : 0 < x
right : 0 < y
⊢ x = 3

case right
x y : ℤ
h₂ : x ^ 2 - 6 * y ^ 2 = -3
left : 0 < x
right : 0 < y
⊢ y = 1

workbook0/lean_workbook_plus_75905.lean:
workbook0/lean_workbook_plus_75905.lean:105:44: error: unexpected token; expected ')'

workbook0/lean_workbook_plus_3619.lean:
workbook0/lean_workbook_plus_3619.lean:107:65: error: invalid field 'eq', the environment does not contain 'Not.eq'
  ha2
has type
  ¬↑a ≡ 3 [ZMOD 10000]
workbook0/lean_workbook_plus_3619.lean:107:65: error: invalid field notation, type is not of the form (C ...) where C is a constant
  ha2
has type
  ↑a ≡ 3 [ZMOD 10000] → False

workbook0/lean_workbook_plus_33907.lean:
workbook0/lean_workbook_plus_33907.lean:107:10: error: invalid constructor ⟨...⟩, expected type must be an inductive type 
  ∀ (c : ℝ), 4 / 3 + 4 * c * (2 - c) * (c - 1) ^ 2 / ((c ^ 2 + 2) * ((2 - c) ^ 2 + 2)) ≥ 4 / 3

workbook0/lean_workbook_plus_25399.lean:
workbook0/lean_workbook_plus_25399.lean:110:2: error: tactic 'introN' failed, insufficient number of binders
x y : ℝ
h₀ : 0 ≤ x - 2 * y
h₁ : (x - 2 * y) ^ (1 / 2) = x * y
h₂ : x ^ 4 + x ^ 3 = x ^ 2 * (x - 2 * y) + x * (x - 2 * y) ^ 2 + 1
⊢ x = (1 + Real.sqrt 5) / 2 ∧ y = (-1 + Real.sqrt 5) / 4 ∨ x = (1 - Real.sqrt 5) / 2 ∧ y = (-1 - Real.sqrt 5) / 4

workbook0/lean_workbook_plus_73433.lean:
workbook0/lean_workbook_plus_73433.lean:107:8: error: invalid field notation, type is not of the form (C ...) where C is a constant
  h1
has type
  a = -1 → b ≠ -6

workbook0/lean_workbook_plus_31745.lean:
workbook0/lean_workbook_plus_31745.lean:109:2: warning: aesop: failed to prove the goal after exhaustive search.
workbook0/lean_workbook_plus_31745.lean:110:2: error: tactic 'contradiction' failed
case left
m n k : ℕ
h₁ : 3 ^ m + 2 ^ n + 2015 = (3 * k)!
⊢ m = 0

workbook0/lean_workbook_plus_58181.lean:
workbook0/lean_workbook_plus_58181.lean:105:79: error: unsolved goals
⊢ False

workbook0/lean_workbook_plus_5954.lean:
workbook0/lean_workbook_plus_5954.lean:105:72: error: unsolved goals
⊢ False

workbook0/lean_workbook_plus_52267.lean:
workbook0/lean_workbook_plus_52267.lean:106:28: error: unsolved goals
⊢ ¬?m.1088 (-1)

workbook0/lean_workbook_plus_4686.lean:
workbook0/lean_workbook_plus_4686.lean:106:2: error: tactic 'introN' failed, insufficient number of binders
n : ℕ
⊢ ∃ f, f 1 = 2 ∧ ∀ (n : ℕ), f (n + 1) = 2 * f n ^ 2 - 1

workbook0/lean_workbook_plus_4777.lean:
workbook0/lean_workbook_plus_4777.lean:107:10: error: invalid constructor ⟨...⟩, expected type must be an inductive type 
  ∀ (a b c : ℝ),
    a ^ 2 * b ^ 2 * c ^ 2 * (a ^ 2 + b ^ 2) * (b ^ 2 + c ^ 2) * (c ^ 2 + a ^ 2) ≤
      1 / 2 ^ 9 * (a + b) ^ 4 * (b + c) ^ 4 * (c + a) ^ 4

workbook0/lean_workbook_plus_32581.lean:
workbook0/lean_workbook_plus_32581.lean:105:32: error: unexpected token '∀'; expected ':'

workbook0/lean_workbook_plus_61552.lean:
workbook0/lean_workbook_plus_61552.lean:106:2: error: simp made no progress

workbook0/lean_workbook_plus_24705.lean:
workbook0/lean_workbook_plus_24705.lean:106:39: error: unsolved goals
⊢ ¬?m.246 1

workbook0/lean_workbook_plus_63929.lean:
workbook0/lean_workbook_plus_63929.lean:106:2: error: omega did not find a contradiction:
[0, 0, 1] ∈ [0, 9]
[0, 1] ∈ [0, 9]
[1] ∈ [1, 9]
[94, 4, -5] ∈ [1, ∞)

workbook0/lean_workbook_plus_29212.lean:
workbook0/lean_workbook_plus_29212.lean:115:22: error: unknown constant 'Real.logb_eq_iff_rpow_eq'
workbook0/lean_workbook_plus_29212.lean:115:22: error: unknown constant 'Real.logb_eq_iff_rpow_eq'
workbook0/lean_workbook_plus_29212.lean:115:22: error: unknown constant 'Real.logb_eq_iff_rpow_eq'
workbook0/lean_workbook_plus_29212.lean:115:22: error: unknown constant 'Real.logb_eq_iff_rpow_eq'
workbook0/lean_workbook_plus_29212.lean:115:22: error: unknown constant 'Real.logb_eq_iff_rpow_eq'
workbook0/lean_workbook_plus_29212.lean:111:14: error: unsolved goals
n : ℕ
f : ℕ → NNReal
N : ℝ
h₀ : 0 < n
h₁ : ∀ (n : ℕ), ↑(f n) = logb 2002 (↑n ^ 2)
h₂ : N = logb 2002 (11 ^ 2) + logb 2002 (13 ^ 2) + logb 2002 (14 ^ 2)
⊢ logb 2002 (11 ^ 2 * 13 ^ 2 * 14 ^ 2) = 2

case hx
n : ℕ
f : ℕ → NNReal
N : ℝ
h₀ : 0 < n
h₁ : ∀ (n : ℕ), ↑(f n) = logb 2002 (↑n ^ 2)
h₂ : N = logb 2002 (11 ^ 2) + logb 2002 (13 ^ 2) + logb 2002 (14 ^ 2)
⊢ 11 ^ 2 * 13 ^ 2 ≠ 0

case hy
n : ℕ
f : ℕ → NNReal
N : ℝ
h₀ : 0 < n
h₁ : ∀ (n : ℕ), ↑(f n) = logb 2002 (↑n ^ 2)
h₂ : N = logb 2002 (11 ^ 2) + logb 2002 (13 ^ 2) + logb 2002 (14 ^ 2)
⊢ 14 ^ 2 ≠ 0

case hx
n : ℕ
f : ℕ → NNReal
N : ℝ
h₀ : 0 < n
h₁ : ∀ (n : ℕ), ↑(f n) = logb 2002 (↑n ^ 2)
h₂ : N = logb 2002 (11 ^ 2) + logb 2002 (13 ^ 2) + logb 2002 (14 ^ 2)
⊢ 11 ^ 2 ≠ 0

case hy
n : ℕ
f : ℕ → NNReal
N : ℝ
h₀ : 0 < n
h₁ : ∀ (n : ℕ), ↑(f n) = logb 2002 (↑n ^ 2)
h₂ : N = logb 2002 (11 ^ 2) + logb 2002 (13 ^ 2) + logb 2002 (14 ^ 2)
⊢ 13 ^ 2 ≠ 0

workbook0/lean_workbook_plus_40318.lean:
workbook0/lean_workbook_plus_40318.lean:107:10: error: invalid constructor ⟨...⟩, expected type must be an inductive type 
  ∀ (m n : ℕ), g (m, n) = 1 / 2 ^ (m + n)

workbook0/lean_workbook_plus_31422.lean:
workbook0/lean_workbook_plus_31422.lean:106:2: error: simp made no progress

workbook0/lean_workbook_plus_61538.lean:
workbook0/lean_workbook_plus_61538.lean:109:10: error: invalid constructor ⟨...⟩, expected type must be an inductive type 
  ∀ (x y z : ℝ), x * y * (x - y) ^ 2 + y * z * (y - z) ^ 2 + z * x * (z - x) ^ 2 ≥ 0

workbook0/lean_workbook_plus_36878.lean:
workbook0/lean_workbook_plus_36878.lean:107:12: error: invalid field notation, type is not of the form (C ...) where C is a constant
  h₁
has type
  f 20 = 1023 → f 100 = 102400 → f 9001 ≠ 9000998

workbook0/lean_workbook_plus_29.lean:
workbook0/lean_workbook_plus_29.lean:109:27: error: unsolved goals
⊢ ¬?m.1647 0

workbook0/lean_workbook_plus_82507.lean:
workbook0/lean_workbook_plus_82507.lean:105:73: error: unsolved goals
⊢ False

workbook0/lean_workbook_plus_31157.lean:
workbook0/lean_workbook_plus_31157.lean:107:10: error: invalid constructor ⟨...⟩, expected type must be an inductive type 
  ∀ (n : ℕ), ↑n * Real.sqrt 3 - ↑⌊↑n * Real.sqrt 3⌋ > 1 / (↑n * Real.sqrt 3)

workbook0/lean_workbook_plus_80436.lean:
workbook0/lean_workbook_plus_80436.lean:107:10: error: invalid constructor ⟨...⟩, expected type must be an inductive type 
  ∀ (x y z : ℝ),
    x / (1 - x ^ 2) + y / (1 - y ^ 2) + z / (1 - z ^ 2) =
      1 / 2 * (x / (1 - x) + y / (1 - y) + z / (1 - z) - x / (1 + x) - y / (1 + y) - z / (1 + z))

workbook0/lean_workbook_plus_45515.lean:
workbook0/lean_workbook_plus_45515.lean:106:29: error: unsolved goals
⊢ False

workbook0/lean_workbook_plus_18363.lean:
workbook0/lean_workbook_plus_18363.lean:105:70: error: unsolved goals
⊢ False

workbook0/lean_workbook_plus_67156.lean:
workbook0/lean_workbook_plus_67156.lean:107:14: error: unsolved goals
f : ℝ → ℝ
hf : ∃ x, f x ≠ (x ^ 2 + 2) / (x - 2)
⊢ ¬-(2 * f 0) = 1

workbook0/lean_workbook_plus_23342.lean:
workbook0/lean_workbook_plus_23342.lean:108:14: error: unsolved goals
x : ℝ
h₀ : 2 * x + 1 ≠ 0
h₁ : x ≠ 6
⊢ ¬(2 * x + 5) / (2 * x + 1) - (2 * x - 3) / (2 * x + 1) = 3 * x + 10

workbook0/lean_workbook_plus_61994.lean:
workbook0/lean_workbook_plus_61994.lean:107:10: error: invalid constructor ⟨...⟩, expected type must be an inductive type 
  ∀ (a b c : ℝ),
    a * b + b * c + c * a ≤
      (5 * a * b * c + a ^ 2 * b + a ^ 2 * c + b ^ 2 * a + b ^ 2 * c + c ^ 2 * a + c ^ 2 * b) ^ (2 / 3) / 2 ^ (2 / 3)

workbook0/lean_workbook_plus_42650.lean:
workbook0/lean_workbook_plus_42650.lean:105:55: error: unsolved goals
⊢ False

workbook0/lean_workbook_plus_80425.lean:
workbook0/lean_workbook_plus_80425.lean:106:2: error: linarith failed to find a contradiction
case h2.h
F : ℝ
a✝ : F < 9 / 5 * (5 / 9 * (F - 32) + 1 / 2) + 32 + 1 / 2
⊢ False
failed

workbook0/lean_workbook_plus_19550.lean:
workbook0/lean_workbook_plus_19550.lean:106:30: error: expected token

workbook0/lean_workbook_plus_71933.lean:
workbook0/lean_workbook_plus_71933.lean:105:124: error: unsolved goals
a b : ℝ
ha : a = 7
hb : b = 77
⊢ False

workbook0/lean_workbook_plus_29382.lean:
workbook0/lean_workbook_plus_29382.lean:107:10: error: invalid constructor ⟨...⟩, expected type must be an inductive type 
  ∀ (a b c : ℝ), (a + b + c) ^ 3 ≥ 9 / 4 * (a * (3 * a * b + b * c) + b * (3 * b * c + c * a) + c * (3 * c * a + a * b))

workbook0/lean_workbook_plus_67510.lean:
workbook0/lean_workbook_plus_67510.lean:107:10: error: invalid constructor ⟨...⟩, expected type must be an inductive type 
  ∀ (x y z : ℝ),
    (x + y + z) ^ 3 * x ^ 3 * y ^ 3 * z ^ 3 ≥
      27 / 512 * (y + z) ^ 2 * (z + x) ^ 2 * (x + y) ^ 2 * (x * z + x ^ 2 + x * y - y * z) *
          (y * z + y ^ 2 + x * y - x * z) *
        (z ^ 2 + x * z + y * z - x * y)

workbook0/lean_workbook_plus_21538.lean:
workbook0/lean_workbook_plus_21538.lean:106:27: error: unsolved goals
a b c : ℝ
ha : 0 < a
hb : 0 < b
hc : 0 < c
hab : a + b + c = 1 / a + 1 / b + 1 / c
⊢ ¬?m.1820 0

workbook0/lean_workbook_plus_33034.lean:
workbook0/lean_workbook_plus_33034.lean:105:32: error: unexpected token '∀'; expected ':'

workbook0/lean_workbook_plus_8409.lean:
workbook0/lean_workbook_plus_8409.lean:107:12: error: invalid field notation, type is not of the form (C ...) where C is a constant
  h₁
has type
  x ^ 2 = 105 → y ^ 2 ≠ 64

workbook0/lean_workbook_plus_48480.lean:
workbook0/lean_workbook_plus_48480.lean:106:27: error: unsolved goals
⊢ ¬?m.2246 1

workbook0/lean_workbook_plus_39834.lean:
workbook0/lean_workbook_plus_39834.lean:105:162: error: unsolved goals
A B : Matrix (Fin 2) (Fin 2) ℤ
hA : A = ![![1, 0], ![0, 1]]
hB : B = ![![-1, -1], ![1, 0]]
⊢ False

workbook0/lean_workbook_plus_54637.lean:
workbook0/lean_workbook_plus_54637.lean:106:2: error: simp made no progress

workbook0/lean_workbook_plus_60997.lean:
workbook0/lean_workbook_plus_60997.lean:106:2: error: tactic 'introN' failed, insufficient number of binders
x y z : ℝ
h₁ : x ^ 2 + y ^ 2 + z ^ 2 = 1
h₂ : x + y + 2 * z = Real.sqrt 7
⊢ x = 2 / 3 ∧ y = 2 / 3 ∧ z = 1 / 3

workbook0/lean_workbook_plus_15972.lean:
workbook0/lean_workbook_plus_15972.lean:105:115: error: unsolved goals
case succ.succ
n : ℕ
hn : fib (2 * succ n - 1) = fib (succ n) * fib (succ n + 1) - fib (succ n - 1) * fib (succ n - 2)
⊢ fib n * fib (n + 1) + (fib n * fib n + fib n * fib (n + 1) + fib (n + 1) * fib (n + 1)) + fib (n + 1) ^ 2 =
    fib n * fib (n + 1) +
      (fib n * fib n + fib n * fib (n + 1) + (fib (n + 1) * fib (n + 1) + fib (n + 1) * fib (n + 1)))

workbook0/lean_workbook_plus_1269.lean:
workbook0/lean_workbook_plus_1269.lean:107:10: error: invalid constructor ⟨...⟩, expected type must be an inductive type 
  ∀ (a b c : ℝ),
    2 * (1 - 3 * a * b * c - Real.sqrt (b * c) ^ 3 - Real.sqrt (c * a) ^ 3 - Real.sqrt (a * b) ^ 3) /
        (Real.sqrt a + Real.sqrt b + Real.sqrt c) ≤
      Real.sqrt a * Real.sqrt b * Real.sqrt c * (a + b + c - 2)

workbook0/lean_workbook_plus_59430.lean:
workbook0/lean_workbook_plus_59430.lean:105:219: error: unsolved goals
x y z : ℝ
hx : 0 < x
hy : 0 < y
hz : 0 < z
habc : x * y * z = 1
⊢ 3 ≤ Real.sqrt 3

workbook0/lean_workbook_plus_41732.lean:
workbook0/lean_workbook_plus_41732.lean:106:2: warning: aesop: failed to prove the goal after exhaustive search.
workbook0/lean_workbook_plus_41732.lean:105:146: error: unsolved goals
case left
x y z : ℂ
hx : x ^ 3 + y ^ 3 + z ^ 3 = 1
hy : x ^ 2 + 2 * y * z = 4
hz : x + y + z = 1
⊢ x = 1

case right.left
x y z : ℂ
hx : x ^ 3 + y ^ 3 + z ^ 3 = 1
hy : x ^ 2 + 2 * y * z = 4
hz : x + y + z = 1
⊢ y = 0

case right.right
x y z : ℂ
hx : x ^ 3 + y ^ 3 + z ^ 3 = 1
hy : x ^ 2 + 2 * y * z = 4
hz : x + y + z = 1
⊢ z = 0

workbook0/lean_workbook_plus_406.lean:
workbook0/lean_workbook_plus_406.lean:105:156: error: unsolved goals
f : ℕ → ℤ
h₁ : f 1 = 1
h₂ : f 2 = 1
h₃ : ∀ n ≥ 3, f n = f (n - 1) + (-1) ^ n * f (n - 2)
⊢ False

workbook0/lean_workbook_plus_47162.lean:
workbook0/lean_workbook_plus_47162.lean:105:165: error: unsolved goals
case h
a : ℕ → ℝ
a0 : a 0 = 1
a_rec : ∃ n, a n ≠ 1 + ↑(∑ i in Finset.range n, 1 / (i + 1))
⊢ ¬a 2 = a 1 + (1 + 1)⁻¹

workbook0/lean_workbook_plus_24194.lean:
workbook0/lean_workbook_plus_24194.lean:108:2: error: tactic 'introN' failed, insufficient number of binders
case succ
e n! n : ℕ
hn : 0 < succ n
⊢ e < ((succ n + 1) ^ (2 * succ n + 1) / n! ^ 2) ^ (1 / (2 * succ n)) ∧
    ((succ n + 1) ^ (2 * succ n + 1) / n! ^ 2) ^ (1 / (2 * succ n)) < e ^ (1 + 1 / (12 * (succ n + 1)))

workbook0/lean_workbook_plus_16066.lean:
workbook0/lean_workbook_plus_16066.lean:106:2: error: simp made no progress

workbook0/lean_workbook_plus_48930.lean:
workbook0/lean_workbook_plus_48930.lean:105:60: error: expected token

workbook0/lean_workbook_plus_61445.lean:
workbook0/lean_workbook_plus_61445.lean:107:10: error: invalid constructor ⟨...⟩, expected type must be an inductive type 
  ∀ (n : ℕ), ∑ i in Finset.range n, 2 * i = n ^ 2 + n

workbook0/lean_workbook_plus_21335.lean:
workbook0/lean_workbook_plus_21335.lean:106:2: error: simp made no progress

workbook0/lean_workbook_plus_55042.lean:
workbook0/lean_workbook_plus_55042.lean:106:2: error: simp made no progress

workbook0/lean_workbook_plus_14666.lean:
workbook0/lean_workbook_plus_14666.lean:107:10: error: invalid constructor ⟨...⟩, expected type must be an inductive type 
  ∀ (a b c : ℝ), a * b * c * (a ^ 2 + b ^ 2 + c ^ 2) ≤ (a + b + c) ^ 5 / 81

workbook0/lean_workbook_plus_31840.lean:
workbook0/lean_workbook_plus_31840.lean:106:2: error: simp made no progress

workbook0/lean_workbook_plus_50006.lean:
workbook0/lean_workbook_plus_50006.lean:106:2: error: tactic 'introN' failed, insufficient number of binders
a b c x : ℤ
h1 : a * x ^ 2 + b * x + c = 0
h2 : b * x ^ 2 + c * x + a = 26
h3 : c * x ^ 2 + a * x + b = -26
⊢ a = 2 ∧ b = 3 ∧ c = -4

workbook0/lean_workbook_plus_31037.lean:
workbook0/lean_workbook_plus_31037.lean:106:42: error: simp made no progress

workbook0/lean_workbook_plus_23653.lean:
workbook0/lean_workbook_plus_23653.lean:105:32: error: unexpected token; expected ':'

workbook0/lean_workbook_plus_28268.lean:
workbook0/lean_workbook_plus_28268.lean:105:108: error: unsolved goals
y x : ℝ
h₁ : y = 2 * x ^ 2 + 3 * x - 1
h₂ : x = 2
⊢ False

workbook0/lean_workbook_plus_6101.lean:
workbook0/lean_workbook_plus_6101.lean:105:33: error: unexpected token; expected '_' or identifier

workbook0/lean_workbook_plus_51660.lean:
workbook0/lean_workbook_plus_51660.lean:107:27: error: unsolved goals
⊢ ¬?m.1352 0

workbook0/lean_workbook_plus_47300.lean:
workbook0/lean_workbook_plus_47300.lean:106:137: error: unsolved goals
⊢ ∑ r in Finset.range 11, ∑ k in Finset.range 10, choose (r + 1) k * choose (11 - r) (9 - k) - 2 * choose 11 9 = 310

workbook0/lean_workbook_plus_21310.lean:
workbook0/lean_workbook_plus_21310.lean:107:8: error: invalid constructor ⟨...⟩, expected type must be an inductive type 
  ∀ (a b c : ℝ), 1 ≥ a ^ 2 + b ^ 2 + c ^ 2 ∧ a ^ 2 + b ^ 2 + c ^ 2 ≥ a ^ 2 * b + b ^ 2 * c + c ^ 2 * a

workbook0/lean_workbook_plus_51899.lean:
workbook0/lean_workbook_plus_51899.lean:105:32: error: unexpected token; expected ':'

workbook0/lean_workbook_plus_64760.lean:
workbook0/lean_workbook_plus_64760.lean:107:10: error: invalid constructor ⟨...⟩, expected type must be an inductive type 
  ∀ (a b c : ℝ),
    a * b / (a * b + c) + b * c / (b * c + a) + c * a / (c * a + b) ≤ 3 / 2 ↔
      c / (a * b + c) + a / (b * c + a) + b / (c * a + b) ≥ 3 / 2

workbook0/lean_workbook_plus_75362.lean:
workbook0/lean_workbook_plus_75362.lean:107:10: error: invalid constructor ⟨...⟩, expected type must be an inductive type 
  ∀ (b c : ℝ), (b ^ 2 + c ^ 2 + 6 * b * c) / (3 * b ^ 2 + 3 * c ^ 2 + 2 * b * c) ≥ 4 * b * c / (b + c) ^ 2

workbook0/lean_workbook_plus_32667.lean:
workbook0/lean_workbook_plus_32667.lean:107:10: error: invalid constructor ⟨...⟩, expected type must be an inductive type 
  ∀ (n : ℕ),
    1 < n →
      ∀ (x : ℝ),
        (∑ k in Finset.range n, x ^ k) * ∑ k in Finset.range n, (1 - x) ^ k =
          (↑n + 1) / (↑n - 1) * (x ^ n + (1 - x) ^ n) - 2 / (↑n - 1) * (x ^ (n + 1) + (1 - x) ^ (n + 1))

workbook0/lean_workbook_plus_33476.lean:
workbook0/lean_workbook_plus_33476.lean:105:157: error: unsolved goals
A : Matrix (Fin 3) (Fin 3) ℤ
hA : A = Matrix.of ![![1, -1, 0], ![-1, 1, 0], ![1, -1, -2]]
⊢ False

workbook0/lean_workbook_plus_27079.lean:
workbook0/lean_workbook_plus_27079.lean:107:10: error: invalid constructor ⟨...⟩, expected type must be an inductive type 
  ∀ (n k : ℕ),
    n > k → (∑ i in Finset.Icc 1 (n - k + 1), (i + 1) * choose (n - i) (k - 1)) / choose n k = (n + 1) / (k + 1)

workbook0/lean_workbook_plus_6361.lean:
workbook0/lean_workbook_plus_6361.lean:105:43: error: expected token

workbook0/lean_workbook_plus_42485.lean:
workbook0/lean_workbook_plus_42485.lean:107:10: error: invalid constructor ⟨...⟩, expected type must be an inductive type 
  ∀ (m n : ℕ), m > n ∧ Nat.gcd (2 ^ n) (2 ^ n - 1) = 1 → 2 ^ n - 1 ∣ 2 ^ (m - n) + 1

workbook0/lean_workbook_plus_27730.lean:
workbook0/lean_workbook_plus_27730.lean:107:9: error: invalid constructor ⟨...⟩, expected type must be an inductive type 
  ∀ ε > 0, ∃ N, ∀ n ≥ N, |2 ^ (-1 / ↑n ^ (1 / 2)) - 1| < ε
workbook0/lean_workbook_plus_27730.lean:108:2: error: no goals to be solved

workbook0/lean_workbook_plus_41134.lean:
workbook0/lean_workbook_plus_41134.lean:105:44: error: unexpected token; expected ')'

workbook0/lean_workbook_plus_66909.lean:
workbook0/lean_workbook_plus_66909.lean:105:44: error: unexpected token; expected ')'

workbook0/lean_workbook_plus_25814.lean:
workbook0/lean_workbook_plus_25814.lean:107:12: error: function expected at
  h
term has type
  ℝ

workbook0/lean_workbook_plus_17791.lean:
workbook0/lean_workbook_plus_17791.lean:106:2: error: tactic 'introN' failed, insufficient number of binders
x y : ℝ
h₁ : x ^ 2 + y ^ 2 = x * y + 13
h₂ : x + y = 2 * x * y - 17
⊢ x = 5 ∧ y = -3 ∨ x = -5 ∧ y = 3

workbook0/lean_workbook_plus_33715.lean:
workbook0/lean_workbook_plus_33715.lean:106:39: error: unsolved goals
⊢ ¬?m.2789 4

workbook0/lean_workbook_plus_42740.lean:
workbook0/lean_workbook_plus_42740.lean:107:30: error: unsolved goals
u : ℕ → ℕ
h : u 1 = 3
h' : ∃ n, u n ≠ n ^ 2 - n + 1
⊢ ¬6 = 2 + (u 2 + u 0) / 2

workbook0/lean_workbook_plus_2239.lean:
workbook0/lean_workbook_plus_2239.lean:107:10: error: invalid constructor ⟨...⟩, expected type must be an inductive type 
  ∀ (a b c : ℝ),
    a * b / (a + c) / (b + c) + b * c / (b + a) / (c + a) + c * a / (c + b) / (a + b) +
        2 * a * b * c / (a + b) / (b + c) / (c + a) =
      1

workbook0/lean_workbook_plus_79038.lean:
workbook0/lean_workbook_plus_79038.lean:105:34: error: unexpected token; expected '_' or identifier

workbook0/lean_workbook_plus_19339.lean:
workbook0/lean_workbook_plus_19339.lean:107:10: error: invalid constructor ⟨...⟩, expected type must be an inductive type 
  ∀ (n : ℕ), ↑(∏ r in Finset.Icc 1 n, (2 * r - 1) / (2 * r)) < 1 / Real.sqrt (3 * ↑n + 1)

workbook0/lean_workbook_plus_15716.lean:
workbook0/lean_workbook_plus_15716.lean:107:10: error: invalid constructor ⟨...⟩, expected type must be an inductive type 
  ∀ (f : ℕ → ℕ), ∃ n > 1, f n ≠ f (f (n - 1)) + f (f (n + 1))

workbook0/lean_workbook_plus_10296.lean:
workbook0/lean_workbook_plus_10296.lean:106:39: error: unsolved goals
n! : ℝ
⊢ ¬?m.790 0

workbook0/lean_workbook_plus_48819.lean:
workbook0/lean_workbook_plus_48819.lean:107:10: error: invalid constructor ⟨...⟩, expected type must be an inductive type 
  ∀ (x : ℝ), x ^ 2 + (x ^ 5 + 1) = (x + (x ^ 2 + 1)) * (x ^ 3 + 1) + -(x ^ 2 * (x + (x ^ 2 + 1)))

workbook0/lean_workbook_plus_33834.lean:
workbook0/lean_workbook_plus_33834.lean:107:2: error: linarith failed to find a contradiction
case a
a b c : ℝ
ha : a > 0
hb : b > 0
hc : c > 0
habc : a * b * c = 1
h : (a ^ 2 + b ^ 2 + c ^ 2) * 3 = 1
a✝ : 28 > (a + b + c) * (1 + 1)
⊢ False
failed

workbook0/lean_workbook_plus_52583.lean:
workbook0/lean_workbook_plus_52583.lean:107:10: error: invalid constructor ⟨...⟩, expected type must be an inductive type 
  ∀ (n : ℕ), n + (2 + (2 ^ (n + 3) - (n + 3))) = 2 ^ (n + 3) - (n + 1)

workbook0/lean_workbook_plus_48148.lean:
workbook0/lean_workbook_plus_48148.lean:105:32: error: unexpected token '∃'; expected ':'

workbook0/lean_workbook_plus_52534.lean:
workbook0/lean_workbook_plus_52534.lean:108:2: error: simp made no progress

workbook0/lean_workbook_plus_4593.lean:
workbook0/lean_workbook_plus_4593.lean:107:10: error: invalid constructor ⟨...⟩, expected type must be an inductive type 
  ∀ (a b c : ℝ), 2 / 3 * (a + b + c) ^ 2 ≥ a + b + c + a * b + b * c + c * a

workbook0/lean_workbook_plus_25425.lean:
workbook0/lean_workbook_plus_25425.lean:105:98: error: unsolved goals
g : ℝ → ℝ
hg : g = fun x => -3 * x + 7
⊢ False

workbook0/lean_workbook_plus_65740.lean:
workbook0/lean_workbook_plus_65740.lean:106:2: error: type mismatch
  not_forall.mpr (Exists.intro 1 fun h => ?m.6427 h)
has type
  ¬∀ (x : ℕ), ?m.6394 x : Prop
but is expected to have type
  ∀ (x y z t : ℝ),
    4 * (y * z * (x ^ 3 + t ^ 3) + x * t * (y ^ 3 + z ^ 3)) ≤
      (x ^ 2 + t ^ 2) ^ 2 * (y + z) + (y ^ 2 + z ^ 2) ^ 2 * (x + t) : Prop

workbook0/lean_workbook_plus_29546.lean:
workbook0/lean_workbook_plus_29546.lean:107:2: error: linarith failed to find a contradiction
case a
a b : ℝ
ha : 0 < a
hb : 0 < b
a✝ : 1 + b / (b + 3) > 7 / 8
⊢ False
failed

workbook0/lean_workbook_plus_31325.lean:
workbook0/lean_workbook_plus_31325.lean:107:10: error: invalid constructor ⟨...⟩, expected type must be an inductive type 
  ∀ (a b c : ℝ),
    a ^ 5 + b ^ 5 + c ^ 5 + a * b * c * (a ^ 2 + b ^ 2 + c ^ 2) ≥
      a ^ 4 * b + a * b ^ 4 + b ^ 4 * c + b * c ^ 4 + c ^ 4 * a + c * a ^ 4

workbook0/lean_workbook_plus_63072.lean:
workbook0/lean_workbook_plus_63072.lean:106:2: error: simp made no progress

workbook0/lean_workbook_plus_2317.lean:
workbook0/lean_workbook_plus_2317.lean:106:2: error: tactic 'introN' failed, insufficient number of binders
s : ℝ
⊢ s = (402.5 - 250) / 402.5 ∧ s * 100 = 37.89

workbook0/lean_workbook_plus_8398.lean:
workbook0/lean_workbook_plus_8398.lean:106:2: error: simp made no progress

workbook0/lean_workbook_plus_69179.lean:
workbook0/lean_workbook_plus_69179.lean:105:43: error: expected token

workbook0/lean_workbook_plus_58283.lean:
workbook0/lean_workbook_plus_58283.lean:107:30: error: unsolved goals
⊢ ¬?m.380 30

workbook0/lean_workbook_plus_56279.lean:
workbook0/lean_workbook_plus_56279.lean:106:2: error: simp made no progress

workbook0/lean_workbook_plus_27183.lean:
workbook0/lean_workbook_plus_27183.lean:106:39: error: unsolved goals
⊢ ¬?m.534 1

workbook0/lean_workbook_plus_24164.lean:
workbook0/lean_workbook_plus_24164.lean:106:2: error: tactic 'introN' failed, insufficient number of binders
A B C w_a w_b w_c T s : ℝ
⊢ w_a + w_b + w_c = 2 * π ∧
    w_a > 0 ∧
      w_b > 0 ∧
        w_c > 0 ∧
          T = w_b * w_c / w_a + w_c * w_a / w_b + w_a * w_b / w_c ∧
            s = (w_a + w_b) / 2 ∧
              s > 0 ∧
                A = 2 * π - w_a ∧
                  B = 2 * π - w_b ∧
                    C = 2 * π - w_c ∧
                      A > 0 ∧
                        B > 0 ∧
                          C > 0 ∧
                            A + B + C = π ∧
                              1 / sin (A / 2) + 1 / sin (B / 2) + 1 / sin (C / 2) ≤
                                  T / s * (1 / sin A + 1 / sin B + 1 / sin C) ∧
                                T / s * (1 / sin A + 1 / sin B + 1 / sin C) ≤
                                  tan (A / 2) + tan (B / 2) + tan (C / 2) * (1 / sin A + 1 / sin B + 1 / sin C)

workbook0/lean_workbook_plus_5599.lean:
workbook0/lean_workbook_plus_5599.lean:107:10: error: invalid constructor ⟨...⟩, expected type must be an inductive type 
  ∀ (a b c : ℤ), ∀ n > 2, a ^ n + b ^ n ≠ c ^ n

workbook0/lean_workbook_plus_5797.lean:
workbook0/lean_workbook_plus_5797.lean:107:9: error: invalid constructor ⟨...⟩, expected type must be an inductive type 
  ∀ ε > 0, ∃ δ > 0, ∀ x ∈ Set.Ioo (-δ) δ, |x / (rexp x - 1) - 1| < ε

workbook0/lean_workbook_plus_4773.lean:
workbook0/lean_workbook_plus_4773.lean:106:2: error: tactic 'introN' failed, insufficient number of binders
a b c : ℝ
h₁ : a + b = c
h₂ : a ^ 2 + b ^ 2 + c ^ 2 = 3
⊢ a + b + c = 3 ∧ a ^ 2 + b ^ 2 + c ^ 2 = 3

workbook0/lean_workbook_plus_33791.lean:
workbook0/lean_workbook_plus_33791.lean:105:145: error: unsolved goals
⊢ False

workbook0/lean_workbook_plus_71753.lean:
workbook0/lean_workbook_plus_71753.lean:105:32: error: unexpected token; expected ':'

workbook0/lean_workbook_plus_24083.lean:
workbook0/lean_workbook_plus_24083.lean:107:12: warning: aesop: failed to prove the goal after exhaustive search.
workbook0/lean_workbook_plus_24083.lean:105:75: error: unsolved goals
x : ℝ
⊢ False

workbook0/lean_workbook_plus_17085.lean:
workbook0/lean_workbook_plus_17085.lean:106:55: error: unsolved goals
⊢ False

workbook0/lean_workbook_plus_63322.lean:
workbook0/lean_workbook_plus_63322.lean:106:46: error: unsolved goals
⊢ False

workbook0/lean_workbook_plus_43813.lean:
workbook0/lean_workbook_plus_43813.lean:106:2: error: linarith failed to find a contradiction
case a
a b c : ℝ
h1 : a > 0 ∧ b > 0 ∧ c > 0 ∧ a * b + b * c + c * a = 1
a✝ : a + b + c > 1
⊢ False
failed

workbook0/lean_workbook_plus_76147.lean:
workbook0/lean_workbook_plus_76147.lean:107:10: error: invalid constructor ⟨...⟩, expected type must be an inductive type 
  ∀ (x y z : ℝ),
    (x / Real.sqrt (y * (x + y)) + y / Real.sqrt (z * (y + z)) + z / Real.sqrt (x * (z + x))) *
        (Real.sqrt (x / (x + y)) + Real.sqrt (y / (y + z)) + Real.sqrt (z / (z + x))) ≥
      9 / 2

workbook0/lean_workbook_plus_49544.lean:
workbook0/lean_workbook_plus_49544.lean:105:44: error: unexpected token; expected ')'

workbook0/lean_workbook_plus_72010.lean:
workbook0/lean_workbook_plus_72010.lean:107:39: warning: aesop: failed to prove the goal after exhaustive search.
workbook0/lean_workbook_plus_72010.lean:107:39: warning: aesop: failed to prove the goal after exhaustive search.
workbook0/lean_workbook_plus_72010.lean:108:12: error: tactic 'simp' failed, nested error:
(deterministic) timeout at 'isDefEq', maximum number of heartbeats (200000) has been reached (use 'set_option maxHeartbeats <num>' to set the limit)
workbook0/lean_workbook_plus_72010.lean:108:12: error: tactic 'simp' failed, nested error:
(deterministic) timeout at 'simp', maximum number of heartbeats (200000) has been reached (use 'set_option maxHeartbeats <num>' to set the limit)
workbook0/lean_workbook_plus_72010.lean:109:12: error: (deterministic) timeout at 'whnf', maximum number of heartbeats (200000) has been reached (use 'set_option maxHeartbeats <num>' to set the limit)

workbook0/lean_workbook_plus_48990.lean:
workbook0/lean_workbook_plus_48990.lean:105:213: error: unsolved goals
⊢ False

workbook0/lean_workbook_plus_80968.lean:
workbook0/lean_workbook_plus_80968.lean:107:10: error: invalid constructor ⟨...⟩, expected type must be an inductive type 
  ∀ n ≥ 2, 1 / (n + 1) * ∑ i in Finset.range n, 1 / (2 * i + 2) < 1 / n * ∑ i in Finset.range n, 1 / (2 * i + 1)

workbook0/lean_workbook_plus_44696.lean:
workbook0/lean_workbook_plus_44696.lean:107:2: error: omega did not find a contradiction:
trivial

workbook0/lean_workbook_plus_63747.lean:
workbook0/lean_workbook_plus_63747.lean:112:59: error: unsolved goals
a b c d e f : ℝ
h₀ : a = 2 / 5 * 2013
h₁ : b = 3 / 5 * 2013
h₂ : c = 2 / 5 * 2013
h₃ : d = 2 / 5 * 2013
h₄ : e = 3 / 5 * 2013
h₅ : f = 3 / 5 * 2013
⊢ False

workbook0/lean_workbook_plus_25666.lean:
workbook0/lean_workbook_plus_25666.lean:107:10: error: invalid constructor ⟨...⟩, expected type must be an inductive type 
  ∀ (n : ℕ), (n % 10 = 1 ∨ n % 10 = 2 ∨ n % 10 = 3 ∨ n % 10 = 4) ∨ n % 10 = 6 ∨ n % 10 = 7 ∨ n % 10 = 8 ∨ n % 10 = 9

workbook0/lean_workbook_plus_62.lean:
workbook0/lean_workbook_plus_62.lean:107:10: error: invalid constructor ⟨...⟩, expected type must be an inductive type 
  ∀ (a b c : ℝ), 3 * (a ^ 2 * b + b ^ 2 * c + c ^ 2 * a) ≤ (a * b + b * c + c * a) ^ 2 ∧ (a * b + b * c + c * a) ^ 2 ≤ 9

workbook0/lean_workbook_plus_1066.lean:
workbook0/lean_workbook_plus_1066.lean:105:31: error: unexpected token '∀'; expected ':'

workbook0/lean_workbook_plus_4687.lean:
workbook0/lean_workbook_plus_4687.lean:107:10: error: invalid constructor ⟨...⟩, expected type must be an inductive type 
  ∀ (a b c : ℝ),
    a / (a ^ 2 + 2 * b * c) + b / (b ^ 2 + 2 * c * a) + c / (c ^ 2 + 2 * a * b) ≤ (a + b + c) / (a * b + b * c + a * c)

workbook0/lean_workbook_plus_14046.lean:
workbook0/lean_workbook_plus_14046.lean:107:10: error: invalid constructor ⟨...⟩, expected type must be an inductive type 
  ∀ (x y z : ℝ),
    Real.sqrt (x * y / (x * y + z)) + Real.sqrt (y * z / (y * z + x)) + Real.sqrt (z * x / (z * x + y)) ≥
      1 + 4 * (x * y * z) / ((y + z) * (z + x) * (x + y))

workbook0/lean_workbook_plus_31783.lean:
workbook0/lean_workbook_plus_31783.lean:105:32: error: unexpected token '∀'; expected ':'

workbook0/lean_workbook_plus_28442.lean:
workbook0/lean_workbook_plus_28442.lean:106:27: error: unsolved goals
⊢ ¬?m.1151 2

workbook0/lean_workbook_plus_34531.lean:
workbook0/lean_workbook_plus_34531.lean:107:10: error: invalid constructor ⟨...⟩, expected type must be an inductive type 
  ∀ (a : ℕ), 1 / (3 * a - 1) + 1 / (3 * a) + 1 / (3 * a + 1) > 1 / a

workbook0/lean_workbook_plus_33551.lean:
workbook0/lean_workbook_plus_33551.lean:107:2: error: tactic 'introN' failed, insufficient number of binders
x y z : ℝ
hx : x > 0 ∧ y > 0 ∧ z > 0
habc : x * y * z = 1
h : x ^ 2 + y ^ 2 + z ^ 2 = x * y * z + 4
⊢ ∃ a b c, a > 0 ∧ b > 0 ∧ c > 0 ∧ a * b * c = 1 ∧ x = a + 1 / a ∧ y = b + 1 / b ∧ z = c + 1 / c

workbook0/lean_workbook_plus_66592.lean:
workbook0/lean_workbook_plus_66592.lean:105:323: error: unsolved goals
abc a b c : ℝ
ha : 0 ≤ a
hb : 0 ≤ b
hc : 0 ≤ c
habc : a + b + c = 1 / 2
⊢ False

workbook0/lean_workbook_plus_6682.lean:
workbook0/lean_workbook_plus_6682.lean:107:10: error: invalid constructor ⟨...⟩, expected type must be an inductive type 
  ∀ (x y z : ℝ), 2 * (x ^ 3 + y ^ 3 + z ^ 3) ≥ x ^ 2 * (y + z) + y ^ 2 * (z + x) + z ^ 2 * (x + y)

workbook0/lean_workbook_plus_53271.lean:
workbook0/lean_workbook_plus_53271.lean:105:94: error: unsolved goals
⊢ False

workbook0/lean_workbook_plus_74466.lean:
workbook0/lean_workbook_plus_74466.lean:107:10: error: invalid constructor ⟨...⟩, expected type must be an inductive type 
  ∀ n > 2, ∑ k in Finset.range (n - 2), choose n k * choose n (k + 2) = choose (2 * n) (n + 2)

workbook0/lean_workbook_plus_36562.lean:
workbook0/lean_workbook_plus_36562.lean:106:20: error: expected token
workbook0/lean_workbook_plus_36562.lean:105:118: error: unsolved goals
x : ℝ
n : ℕ
hn : n ≠ 0
h1 : 0 < 2 * sorryAx ℕ true
⊢ x / (1 + ↑n * x ^ 2) ≤ 1 / (2 * Real.sqrt ↑n)

workbook0/lean_workbook_plus_36970.lean:
workbook0/lean_workbook_plus_36970.lean:107:10: error: invalid constructor ⟨...⟩, expected type must be an inductive type 
  ∀ (x y z : ℝ), 2 * (x * y + y * z + z * x) - (x ^ 2 + y ^ 2 + z ^ 2) ≤ 3

workbook0/lean_workbook_plus_55107.lean:
workbook0/lean_workbook_plus_55107.lean:107:2: error: linarith failed to find a contradiction
case a
a b c : ℝ
h : a > 0 ∧ b > 0 ∧ c > 0 ∧ a * b * c = a * b + b * c + c * a
a✝ : 18 + 3 * (a * b + b * c + c * a) > 5 * (a + b + c)
⊢ False
failed

workbook0/lean_workbook_plus_68854.lean:
workbook0/lean_workbook_plus_68854.lean:107:10: error: invalid constructor ⟨...⟩, expected type must be an inductive type 
  ∀ (u : ℝ),
    (21 + 16 * Real.sqrt 3) * (u * u) - (72 - 32 * Real.sqrt 3) * u + 32 * Real.sqrt 3 ≤
      12 * u ^ 5 + 60 * u ^ 4 + 87 * u ^ 3 + 21 * (u * u) - 72 * u - 54 + 16 * Real.sqrt 3 * (u * u) +
            32 * Real.sqrt 3 * u +
          32 * Real.sqrt 3 +
        54

workbook0/lean_workbook_plus_33342.lean:
workbook0/lean_workbook_plus_33342.lean:105:44: error: unexpected token; expected ')'

workbook0/lean_workbook_plus_22462.lean:
workbook0/lean_workbook_plus_22462.lean:162:46: error: (deterministic) timeout at 'whnf', maximum number of heartbeats (200000) has been reached (use 'set_option maxHeartbeats <num>' to set the limit)

workbook0/lean_workbook_plus_15814.lean:
workbook0/lean_workbook_plus_15814.lean:113:2: error: tactic 'introN' failed, insufficient number of binders
a b c : ℝ
f : ℝ → ℝ
h₀ : ∀ (x : ℝ), f x = -x ^ 3 + a * x ^ 2 + b * x + c
h₁ : a = 6
h₂ : b = -45 / 4
h₃ : c = 13 / 2
h₄ : ∀ (x : ℝ), f x = -(x - 2) ^ 3 + 3 / 4 * (x - 2)
⊢ ∃ x, f x = 0 ∧ 0 < x ∧ x < 1

workbook0/lean_workbook_plus_46257.lean:
workbook0/lean_workbook_plus_46257.lean:105:175: error: unsolved goals
⊢ False

workbook0/lean_workbook_plus_18127.lean:
workbook0/lean_workbook_plus_18127.lean:107:32: error: unsolved goals
⊢ ¬?m.3064 (-1, 1)

workbook0/lean_workbook_plus_62911.lean:
workbook0/lean_workbook_plus_62911.lean:112:2: error: linarith failed to find a contradiction
case h2.h
x a b : ℝ
h₀ : 0 < a ∧ 0 < b
h₁ : a * b = 6
h₂ : a ^ 3 + b ^ 3 = 22
h₃ : x = a + b
a✝ : 22 < (a + b) ^ 3 + 18 * (a + b)
⊢ False
failed

workbook0/lean_workbook_plus_36600.lean:
workbook0/lean_workbook_plus_36600.lean:107:2: error: linarith failed to find a contradiction
case a
x : ℝ
hx : 0 ≤ x ∧ x ≤ 1
a✝ : -2 * x ^ 2 + 2 * x + 2 > 5 / 4
⊢ False
failed

workbook0/lean_workbook_plus_53665.lean:
workbook0/lean_workbook_plus_53665.lean:105:96: error: unsolved goals
D : ℕ → ℕ
hD : D = fun n => (divisors n).card
⊢ False

workbook0/lean_workbook_plus_19115.lean:
workbook0/lean_workbook_plus_19115.lean:107:9: error: invalid constructor ⟨...⟩, expected type must be an inductive type 
  ∀ (A B C : ℝ),
    A > 0 ∧ B > 0 ∧ C > 0 ∧ A + B + C = π →
      sin A / 3 * sin B / 3 * sin C / 3 ≤ sin (π - A) / 6 * sin (π - B) / 6 * sin (π - C) / 6
workbook0/lean_workbook_plus_19115.lean:108:2: error: no goals to be solved

workbook0/lean_workbook_plus_19706.lean:
workbook0/lean_workbook_plus_19706.lean:107:17: error: unsolved goals
f : ℚ → ℚ
hf : f 1 = 1 ∧ f 0 = 0
hx : ∃ x ≥ 1, f x ≠ 1
⊢ ¬f (1 + 1) / 2 = 1

workbook0/lean_workbook_plus_56255.lean:
workbook0/lean_workbook_plus_56255.lean:107:10: error: invalid constructor ⟨...⟩, expected type must be an inductive type 
  ∀ (x y z : ℝ),
    (x * y + z * x + y * z) ^ 2 + (x + y + z) ^ 2 * (x ^ 2 + y ^ 2 + z ^ 2) -
        4 * (x + y + z) * (x ^ 2 * y + y * z ^ 2 + z * x ^ 2) ≥
      0

workbook0/lean_workbook_plus_17395.lean:
workbook0/lean_workbook_plus_17395.lean:106:27: error: unsolved goals
⊢ ¬?m.1053 4

workbook0/lean_workbook_plus_41710.lean:
workbook0/lean_workbook_plus_41710.lean:106:21: error: expected token
workbook0/lean_workbook_plus_41710.lean:105:106: error: unsolved goals
x : ℝ
hx : x ≥ Real.sqrt 3
h1 : 0 ≤ x - sorryAx ℝ true
⊢ Real.sqrt (x ^ 2 - 3) ≤ 2 * x - 3

workbook0/lean_workbook_plus_21622.lean:
workbook0/lean_workbook_plus_21622.lean:105:32: error: unexpected token; expected ':'

workbook0/lean_workbook_plus_78008.lean:
workbook0/lean_workbook_plus_78008.lean:107:10: error: invalid constructor ⟨...⟩, expected type must be an inductive type 
  ∀ (x y : ℝ), (x + y) / 2 ≥ Real.sqrt (x * y) → (x * y) ^ 2015 ≤ (1 / 4) ^ 2015

workbook0/lean_workbook_plus_3321.lean:
workbook0/lean_workbook_plus_3321.lean:107:2: error: tactic 'constructor' failed, target is not an inductive datatype
x : ℕ
hx : ¬↑x ≡ 4444 [ZMOD 10000] ∧ ¬↑x ≡ 5556 [ZMOD 10000]
⊢ ¬↑x ^ 2 ≡ 4444 [ZMOD 10000]

workbook0/lean_workbook_plus_68876.lean:
workbook0/lean_workbook_plus_68876.lean:106:48: error: unsolved goals
⊢ False

workbook0/lean_workbook_plus_63576.lean:
workbook0/lean_workbook_plus_63576.lean:107:10: error: invalid constructor ⟨...⟩, expected type must be an inductive type 
  ∀ (a b : ℝ),
    b ≠ 0 →
      b / (2 * a) - 2 * a * (1 - b) - (1 - b ^ 2) * (1 - a / b) =
        1 / (2 * a * b) * (b - a) ^ 2 + b * (a + b) + a / (2 * b) - 2 * a

workbook0/lean_workbook_plus_47571.lean:
workbook0/lean_workbook_plus_47571.lean:106:28: error: unsolved goals
⊢ ¬?m.2891 (-1)

workbook0/lean_workbook_plus_25701.lean:
workbook0/lean_workbook_plus_25701.lean:105:40: error: unexpected token ')'; expected ':=', 'where' or '|'

workbook0/lean_workbook_plus_70986.lean:
workbook0/lean_workbook_plus_70986.lean:107:10: error: invalid constructor ⟨...⟩, expected type must be an inductive type 
  ∀ (x y : ℤ), x + y + x * y = x * y + 1

workbook0/lean_workbook_plus_34086.lean:
workbook0/lean_workbook_plus_34086.lean:107:10: error: invalid constructor ⟨...⟩, expected type must be an inductive type 
  ∀ (x y z : ℝ),
    z ^ 2 * (x ^ 2 - y ^ 2) * (x ^ 2 - 1) + y ^ 2 * (y ^ 2 - x ^ 2) * (y ^ 2 - 1) + (1 - x ^ 2) * (1 - y ^ 2) ≥ 0

workbook0/lean_workbook_plus_3854.lean:
workbook0/lean_workbook_plus_3854.lean:106:39: error: unsolved goals
⊢ ¬?m.457 1

workbook0/lean_workbook_plus_29686.lean:
workbook0/lean_workbook_plus_29686.lean:106:28: error: function expected at
  h
term has type
  ℕ

workbook0/lean_workbook_plus_30820.lean:
workbook0/lean_workbook_plus_30820.lean:105:167: error: unsolved goals
x y : ℝ
hx : 0 ≤ x ∧ x ≤ π / 2
hy : 0 ≤ y ∧ y ≤ π / 2
⊢ False

workbook0/lean_workbook_plus_14280.lean:
workbook0/lean_workbook_plus_14280.lean:108:2: error: linarith failed to find a contradiction
case h1.h
f : ℝ → ℝ
hf : ∀ (x : ℝ), 3 * f x + 7 * f (-x) = 2 * x
h₁ : 3 * f (-4) + 7 * f 4 = -8
a✝ : f 4 < 4
⊢ False
failed

workbook0/lean_workbook_plus_34863.lean:
workbook0/lean_workbook_plus_34863.lean:107:10: error: invalid constructor ⟨...⟩, expected type must be an inductive type 
  ∀ (n : ℕ), Odd n → 5 ∣ (4 ^ n + 1) / 5

workbook0/lean_workbook_plus_64557.lean:
workbook0/lean_workbook_plus_64557.lean:107:2: error: tactic 'introN' failed, insufficient number of binders
x : ℕ → ℝ
x1 : x 0 = 1 / 3
x2n : ∀ (n : ℕ), x (2 * n) = 1 / 3 * x (2 * n - 1)
x2np1 : ∀ (n : ℕ), x (2 * n + 1) = 1 / 3 + x (2 * n)
⊢ ∃ l, ∀ ε > 0, ∃ N, ∀ n ≥ N, |x n - l| < ε

workbook0/lean_workbook_plus_5306.lean:
workbook0/lean_workbook_plus_5306.lean:106:2: warning: aesop: failed to prove the goal after exhaustive search.
workbook0/lean_workbook_plus_5306.lean:105:184: error: unsolved goals
case left
k n : ℕ
g : ℕ → ℕ
h₁ : n ≤ 2 ^ (k - 1) - 1
left : 2 ^ (k - 1) ≤ n
right : n ≤ 2 ^ k - 1
⊢ g (2 ^ k + n) = g n + 1

case right
k n : ℕ
g : ℕ → ℕ
h₁ : n ≤ 2 ^ (k - 1) - 1
left : 2 ^ (k - 1) ≤ n
right : n ≤ 2 ^ k - 1
⊢ g (2 ^ k + n) = g n

workbook0/lean_workbook_plus_62897.lean:
workbook0/lean_workbook_plus_62897.lean:107:10: error: invalid constructor ⟨...⟩, expected type must be an inductive type 
  ∀ (a b c : ℝ),
    2 * a * c * (a + c) * (a + b) + 2 * a * b * (b + c) * (a + b) + 2 * b * c * (b + c) * (a + c) -
        (a + b + c) * (a + b) * (b + c) * (c + a) =
      0

workbook0/lean_workbook_plus_50738.lean:
workbook0/lean_workbook_plus_50738.lean:107:10: error: invalid constructor ⟨...⟩, expected type must be an inductive type 
  ∀ (b c a : ℝ), b / (1 + c * a) + c / (1 + a * b) = 1 - c * a / (b + c * a) + 1 - a * b / (c + a * b)

workbook0/lean_workbook_plus_20280.lean:
workbook0/lean_workbook_plus_20280.lean:107:10: error: invalid constructor ⟨...⟩, expected type must be an inductive type 
  ∀ (a b c : ℝ),
    a ≥ 0 ∧ b ≥ 0 ∧ c ≥ 0 →
      (a * b + b * c + c * a) * (1 / (b + c) ^ 2 + 1 / (a + c) ^ 2 + 1 / (a + b) ^ 2) ≥
        9 / 4 + 1 / 16 * (a - b) ^ 2 / (a + b) ^ 2 + (a - c) ^ 2 / (a + c) ^ 2 + (b - c) ^ 2 / (b + c) ^ 2

workbook0/lean_workbook_plus_54387.lean:
workbook0/lean_workbook_plus_54387.lean:105:32: error: unexpected token; expected ':'

workbook0/lean_workbook_plus_42280.lean:
workbook0/lean_workbook_plus_42280.lean:107:10: error: invalid constructor ⟨...⟩, expected type must be an inductive type 
  ∀ (a b c : ℝ), (a + b + c) ^ 4 ≥ 27 * (a ^ 2 * b ^ 2 + b ^ 2 * c ^ 2 + c ^ 2 * a ^ 2)

workbook0/lean_workbook_plus_44050.lean:
workbook0/lean_workbook_plus_44050.lean:107:10: error: invalid constructor ⟨...⟩, expected type must be an inductive type 
  ∀ (c d : ℝ), (c ^ 3 + 3) * (d ^ 3 + 3) ≥ 8 + (c + d) ^ 3

workbook0/lean_workbook_plus_51092.lean:
workbook0/lean_workbook_plus_51092.lean:105:59: error: unsolved goals
⊢ False

workbook0/lean_workbook_plus_19100.lean:
workbook0/lean_workbook_plus_19100.lean:112:2: error: simp made no progress

workbook0/lean_workbook_plus_52195.lean:
workbook0/lean_workbook_plus_52195.lean:107:16: error: invalid field notation, type is not of the form (C ...) where C is a constant
  h₂
has type
  x = -2 → y ≠ 1

workbook0/lean_workbook_plus_3103.lean:
workbook0/lean_workbook_plus_3103.lean:108:9: error: invalid constructor ⟨...⟩, expected type must be an inductive type 
  ∀ (x : ℝ × ℝ),
    (x.1 ^ 2 + x.2 ^ 2 - 1) ^ 2 + x.1 + x.2 ≤ (x.1 ^ 2 + x.2 ^ 2) * (x.1 + x.2 - 1) + 1 ∧
        2 * x.1 + 4 * x.2 - Real.sqrt 10 - 3 ≥ 0 ↔
      (x.1 ^ 2 + x.2 ^ 2 - 1) ^ 2 + x.1 + x.2 ≤ (x.1 ^ 2 + x.2 ^ 2) * (x.1 + x.2 - 1) + 1 ∧
        (2 * x.1 + 4 * x.2 - Real.sqrt 10 - 3 ≥ 0 ∨ 2 * x.1 + 4 * x.2 - Real.sqrt 10 - 3 ≤ 0)
workbook0/lean_workbook_plus_3103.lean:109:2: error: no goals to be solved

workbook0/lean_workbook_plus_77041.lean:
workbook0/lean_workbook_plus_77041.lean:106:42: error: unsolved goals
⊢ False

workbook0/lean_workbook_plus_38510.lean:
workbook0/lean_workbook_plus_38510.lean:106:2: error: simp made no progress

workbook0/lean_workbook_plus_47764.lean:
workbook0/lean_workbook_plus_47764.lean:106:30: error: simp made no progress

workbook0/lean_workbook_plus_31511.lean:
workbook0/lean_workbook_plus_31511.lean:106:28: error: unsolved goals
⊢ ¬?m.634 (-1)

workbook0/lean_workbook_plus_14326.lean:
workbook0/lean_workbook_plus_14326.lean:105:32: error: unexpected token; expected ':'

workbook0/lean_workbook_plus_27887.lean:
workbook0/lean_workbook_plus_27887.lean:105:99: error: unsolved goals
⊢ False

workbook0/lean_workbook_plus_73106.lean:
workbook0/lean_workbook_plus_73106.lean:107:10: error: invalid constructor ⟨...⟩, expected type must be an inductive type 
  ∀ (A B C : ℝ), 2 * sin C * cos C < 2 * sin B * cos B ↔ sin (B + -C) * cos A < 0

workbook0/lean_workbook_plus_46141.lean:
workbook0/lean_workbook_plus_46141.lean:107:10: error: invalid constructor ⟨...⟩, expected type must be an inductive type 
  ∀ (A B C : ℝ), cos A + cos B + cos C ≥ 1 / 4 * (3 + cos (A - B) + cos (B - C) + cos (C - A))

workbook0/lean_workbook_plus_75653.lean:
workbook0/lean_workbook_plus_75653.lean:106:2: error: type mismatch
  not_forall.mpr (Exists.intro 2 ?m.948)
has type
  ¬∀ (x : ℕ), ?m.920 x : Prop
but is expected to have type
  ∀ (p : ℕ), Nat.Prime p ∧ p % 8 = 1 ∨ Nat.Prime p ∧ p % 8 = 3 ↔ Nat.Prime p ∧ ∃ x y, x ^ 2 + 2 * y ^ 2 = p : Prop

workbook0/lean_workbook_plus_15826.lean:
workbook0/lean_workbook_plus_15826.lean:109:17: error: unsolved goals
f : ℕ → ℕ
h₀ : f 0 = 1
h₁ : f 1 = 1
h₂ : ∀ (n : ℕ), f (n + 2) = f (n + 1) + f n
⊢ False

workbook0/lean_workbook_plus_46320.lean:
Try this: ring_nf
workbook0/lean_workbook_plus_46320.lean:105:111: error: unsolved goals
n : ℕ
h : n % 2 = 1
⊢ 1 + ↑n / 2 * 8 + (↑n / 2) ^ 2 * 24 + (↑n / 2) ^ 3 * 32 + (↑n / 2) ^ 4 * 16 + 16 ^ (n / 2) * 4 =
    1 + ↑n / 2 * 8 + (↑n / 2) ^ 2 * 24 + (↑n / 2) ^ 3 * 32 + (↑n / 2) ^ 4 * 16 + 4 ^ (n / 2 * 2) * 4

workbook0/lean_workbook_plus_46549.lean:
workbook0/lean_workbook_plus_46549.lean:106:39: error: unsolved goals
⊢ ¬?m.1103 0

workbook0/lean_workbook_plus_39223.lean:
workbook0/lean_workbook_plus_39223.lean:108:2: error: linarith failed to find a contradiction
case h
x a b : ℝ
h₁ : sin x = a
h₂ : cos x = b
h₃ : a * (a * a) + b * (b * b) ≠ -1
a✝ : a + b = 2
⊢ False
failed

workbook0/lean_workbook_plus_26184.lean:
workbook0/lean_workbook_plus_26184.lean:107:10: error: invalid constructor ⟨...⟩, expected type must be an inductive type 
  ∀ (k p : ℕ), Nat.Prime p → p ^ k - (1 + (p ^ (k - 1) - 1)) = p ^ (k - 1) * (p - 1)

workbook0/lean_workbook_plus_30151.lean:
workbook0/lean_workbook_plus_30151.lean:115:28: error: linarith failed to find a contradiction
case h.right.h
u : ℝ
f : ℝ → ℝ
h₀ : ∃ x, f x ≠ (x + |x - u|) / 2
h₁ : f u = u
a✝ : f (u + 1) = (u + 1 + u) / 2
⊢ False
failed
workbook0/lean_workbook_plus_30151.lean:109:41: error: unsolved goals
case h.right
u : ℝ
f : ℝ → ℝ
h₀ : ∃ x, f x ≠ (x + |x - u|) / 2
h₁ : f u = u
⊢ ¬f (u + 1) = (u + 1 + u) / 2

workbook0/lean_workbook_plus_79829.lean:
workbook0/lean_workbook_plus_79829.lean:106:52: error: application type mismatch
  Exists.intro 0 fun n => ?m.490 n
argument
  fun n => ?m.490 n
has type
  (n : ?m.484) → ?m.489 n : Sort (imax ?u.483 ?u.486)
but is expected to have type
  0 0 : Prop
workbook0/lean_workbook_plus_79829.lean:106:34: error: failed to synthesize instance
  OfNat (ℕ → Prop) 0
workbook0/lean_workbook_plus_79829.lean:106:62: error: invalid constructor ⟨...⟩, expected type must be an inductive type 
  ?m.489 n

workbook0/lean_workbook_plus_8218.lean:
workbook0/lean_workbook_plus_8218.lean:107:2: error: linarith failed to find a contradiction
case h2.h
x y : ℝ
h₁ : x ^ 3 = -8 / 3
h₂ : y = -2 * 3 ^ (1 / 3)
a✝ : -2 < x
⊢ False
failed

workbook0/lean_workbook_plus_79612.lean:
workbook0/lean_workbook_plus_79612.lean:107:10: error: invalid constructor ⟨...⟩, expected type must be an inductive type 
  ∀ (x : ℝ), sin x + 2 * sin x * cos x - 4 * cos x ^ 3 + 3 * cos x = 0

workbook0/lean_workbook_plus_24427.lean:
workbook0/lean_workbook_plus_24427.lean:105:38: error: unexpected token 'π'; expected '_' or identifier

workbook0/lean_workbook_plus_21879.lean:
workbook0/lean_workbook_plus_21879.lean:105:41: error: unexpected token; expected ')'

workbook0/lean_workbook_plus_10070.lean:
workbook0/lean_workbook_plus_10070.lean:106:2: error: type mismatch
  not_forall_of_exists_not ?m.458
has type
  ¬∀ (x : ?m.456), ?m.457 x : Prop
but is expected to have type
  ∀ (a : ℝ), (1 - a) ^ 2 * (10 - a) ≥ 0 : Prop

workbook0/lean_workbook_plus_30929.lean:
workbook0/lean_workbook_plus_30929.lean:107:12: error: invalid field notation, type is not of the form (C ...) where C is a constant
  h₁
has type
  a = b → b = c → c = d → d ≠ a

workbook0/lean_workbook_plus_25675.lean:
workbook0/lean_workbook_plus_25675.lean:117:28: error: linarith failed to find a contradiction
case h1.h
e a : ℝ
h : ∀ (x : ℝ), 0 < x → (1 + a / x - 4 / x ^ 2) ^ (2 * x) = e ^ 3
h₃ : a * 2 ≠ 3
h₁ : 9 - a * 6 + a ^ 2 = e ^ 3
h₂ : (a * (1 / 2)) ^ 4 = e ^ 3
a✝ : a * 2 < 3
⊢ False
failed
workbook0/lean_workbook_plus_25675.lean:121:2: error: linarith failed to find a contradiction
case h
e a : ℝ
h : ∀ (x : ℝ), 0 < x → (1 + a / x - 4 / x ^ 2) ^ (2 * x) = e ^ 3
h₃✝ : a * 2 ≠ 3
h₄ : a = 3 / 2
h₁ : 9 - 3 / 2 * 6 + (3 / 2) ^ 2 = e ^ 3
h₂ : (3 / 2 * (1 / 2)) ^ 4 = e ^ 3
h₃ : 3 / 2 * 2 = 3
a✝ : (3 / 2 * (1 / 2)) ^ 4 = (3 / 2 * (1 / 2)) ^ 4
⊢ False
failed

workbook0/lean_workbook_plus_7353.lean:
workbook0/lean_workbook_plus_7353.lean:108:20: error: unsolved goals
b : ℕ → ℚ
h₀ : b 4 = 7 / 36
h₁ :
  ∀ (n : ℕ),
    b (n + 1) =
      (5 / 4 * ↑n ^ 2 + ↑n + 1 / 4 - (↑n ^ 3 - 1 / 2 * ↑n ^ 2 - 2 * ↑n - 1) * b n + b n ^ 2) /
        (↑n ^ 2 * (↑n + 1 / 2 + b n))
⊢ False

workbook0/lean_workbook_plus_69765.lean:
workbook0/lean_workbook_plus_69765.lean:106:43: error: unsolved goals
⊢ ¬?m.4934 (π / 2)

workbook0/lean_workbook_plus_34023.lean:
workbook0/lean_workbook_plus_34023.lean:105:90: error: expected token

workbook0/lean_workbook_plus_67363.lean:
workbook0/lean_workbook_plus_67363.lean:106:2: error: tactic 'introN' failed, insufficient number of binders
n : ℕ
a b : ℕ → ℤ
ha : a 0 = 1
hb : a 1 = -1
hab : ∀ (n : ℕ), a n = -a (n - 1) - 2 * a (n - 2)
h : ∀ (n : ℕ), b n = 2 ^ (n + 2) - 7 * a n ^ 2
⊢ ∃ x, x ^ 2 = b n

workbook0/lean_workbook_plus_54304.lean:
workbook0/lean_workbook_plus_54304.lean:106:2: error: type mismatch
  not_forall_of_exists_not ?m.430
has type
  ¬∀ (x : ?m.428), ?m.429 x : Prop
but is expected to have type
  ∀ (m k : ℕ), m ^ (2 * k) % m ^ 2 = 0 : Prop

workbook0/lean_workbook_plus_24522.lean:
workbook0/lean_workbook_plus_24522.lean:107:10: error: invalid constructor ⟨...⟩, expected type must be an inductive type 
  ∀ (p q : ℝ), 2 * (p + q) ≥ 4 * Real.sqrt (p * q) ∧ p ^ 2 ≥ 3 * q

workbook0/lean_workbook_plus_63132.lean:
workbook0/lean_workbook_plus_63132.lean:110:6: error: type mismatch
  π / 2
has type
  ℝ : outParam Type
but is expected to have type
  ∀ (x : ℝ),
    7 / Real.sqrt 74 * cos x + 5 / Real.sqrt 74 * sin x =
      sin (arcsin (5 / Real.sqrt 74)) * cos x + Real.sqrt 49 / Real.sqrt 74 * sin x : Prop

workbook0/lean_workbook_plus_42957.lean:
workbook0/lean_workbook_plus_42957.lean:105:183: error: unsolved goals
h₁ : 0 < 6
h₂ : 0 < 11
h₃ : 0 < 7
h₄ : 0 < 3
⊢ False

workbook0/lean_workbook_plus_1126.lean:
workbook0/lean_workbook_plus_1126.lean:107:10: error: invalid constructor ⟨...⟩, expected type must be an inductive type 
  ∀ (n : ℕ), a (3 * n + 2) = a (3 * n + 1) ∧ a (3 * n + 2) = a (3 * n) ∧ a (3 * n + 2) = a n

workbook0/lean_workbook_plus_57098.lean:
workbook0/lean_workbook_plus_57098.lean:105:43: error: unexpected token; expected ':'

workbook0/lean_workbook_plus_13232.lean:
workbook0/lean_workbook_plus_13232.lean:105:108: error: unsolved goals
k : ℕ
h₀ : 0 < k
⊢ 2 / 3 ≤ 0

workbook0/lean_workbook_plus_36149.lean:
workbook0/lean_workbook_plus_36149.lean:107:10: error: invalid constructor ⟨...⟩, expected type must be an inductive type 
  ∀ (a b c : ℝ), a * b * c * (1 / a + 1 / b + 1 / c) ^ 3 ≥ 3 ^ 3

workbook0/lean_workbook_plus_54285.lean:
workbook0/lean_workbook_plus_54285.lean:107:13: error: function expected at
  h
term has type
  ℝ
workbook0/lean_workbook_plus_54285.lean:107:2: error: 'specialize' requires a term of the form `h x_1 .. x_n` where `h` appears in the local context

workbook0/lean_workbook_plus_37651.lean:
workbook0/lean_workbook_plus_37651.lean:105:292: error: unsolved goals
n : ℕ
a : ℕ → ℝ
h :
  ∀ (n : ℕ),
    a n = (5 - Real.sqrt 5) / 10 * (1 + Real.sqrt 5) / 2 ^ n + (5 + Real.sqrt 5) / 10 * (1 + Real.sqrt 5) / 2 ^ n
⊢ False

workbook0/lean_workbook_plus_69342.lean:
workbook0/lean_workbook_plus_69342.lean:107:9: error: invalid constructor ⟨...⟩, expected type must be an inductive type 
  ∀ (x y : ℝ),
    (sin x * (rexp y + rexp (-y)) / 2) ^ 2 + (cos x * (rexp y - rexp (-y)) / 2) ^ 2 ≥ (rexp y - rexp (-y)) ^ 2 / 2
workbook0/lean_workbook_plus_69342.lean:108:2: error: no goals to be solved

workbook0/lean_workbook_plus_24337.lean:
workbook0/lean_workbook_plus_24337.lean:105:224: error: unsolved goals
x y z : ℝ
hx : x ≥ 0 ∧ y ≥ 0 ∧ z ≥ 0
hab : x + y + z = 1
⊢ False

workbook0/lean_workbook_plus_31380.lean:
workbook0/lean_workbook_plus_31380.lean:105:130: error: unsolved goals
z : ℂ
hz : ‖z‖ ≤ 1
⊢ False

workbook0/lean_workbook_plus_59021.lean:
workbook0/lean_workbook_plus_59021.lean:105:90: error: unsolved goals
⊢ False

workbook0/lean_workbook_plus_40359.lean:
workbook0/lean_workbook_plus_40359.lean:105:32: error: unexpected token '∀'; expected ':'

workbook0/lean_workbook_plus_80039.lean:
workbook0/lean_workbook_plus_80039.lean:110:10: error: invalid constructor ⟨...⟩, expected type must be an inductive type 
  ∀ (A B C : ℝ), 2 * cos A * cos B + 2 * cos B * cos C + 2 * cos C * cos A - 4 * cos A * cos B * cos C ≤ 1

workbook0/lean_workbook_plus_489.lean:
workbook0/lean_workbook_plus_489.lean:107:10: error: invalid constructor ⟨...⟩, expected type must be an inductive type 
  ∀ (a b c d : ℝ),
    8 / 3 ≥
      (a + b) * (c + d) / (b + c + d) * (a + c + d) + (b + c) * (d + a) / (a + c + d) * (d + a + b) +
              (a + b) * (c + d) / (d + a + b) * (a + b + c) +
            (b + c) * (d + a) / (a + b + c) * (b + c + d) +
          (c + a) * (b + d) / (b + c + d) * (d + a + b) +
        (c + a) * (b + d) / (a + c + d) * (a + b + c)

workbook0/lean_workbook_plus_31458.lean:
workbook0/lean_workbook_plus_31458.lean:107:10: error: invalid constructor ⟨...⟩, expected type must be an inductive type 
  ∀ (a b c : ℝ), a ^ 3 + b ^ 3 + c ^ 3 ≠ (a + b + c) * (a ^ 2 - b ^ 2 - c ^ 2)

workbook0/lean_workbook_plus_22120.lean:
workbook0/lean_workbook_plus_22120.lean:109:2: error: tactic 'introN' failed, insufficient number of binders
I : ℝ
a b c : ℂ
h₀ : ‖a‖ = 1 ∧ ‖b‖ = 1 ∧ ‖c‖ = 1
h₁ : a + b + c = 0
⊢ ∃ α β γ, a = ↑(rexp (α * I)) ∧ b = ↑(rexp (β * I)) ∧ c = ↑(rexp (γ * I))

workbook0/lean_workbook_plus_27602.lean:
workbook0/lean_workbook_plus_27602.lean:106:2: error: simp made no progress

workbook0/lean_workbook_plus_11787.lean:
workbook0/lean_workbook_plus_11787.lean:105:125: error: unsolved goals
⊢ False

workbook0/lean_workbook_plus_3161.lean:
workbook0/lean_workbook_plus_3161.lean:106:2: error: linarith failed to find a contradiction
case h
p q r s t : ℝ
a✝ :
  (p - q) ^ 2 + (p - r) ^ 2 + (p - s) ^ 2 + (p - t) ^ 2 + (q - r) ^ 2 + (q - s) ^ 2 + (q - t) ^ 2 + (r - s) ^ 2 +
        (r - t) ^ 2 +
      (s - t) ^ 2 ≥
    0
⊢ False
failed

workbook0/lean_workbook_plus_21121.lean:
workbook0/lean_workbook_plus_21121.lean:105:91: error: unsolved goals
f : ℝ → ℝ
x : ℝ
h : x > 0
⊢ False

workbook0/lean_workbook_plus_29341.lean:
workbook0/lean_workbook_plus_29341.lean:107:10: error: unknown identifier 'sub_dvd_eval_sub'
workbook0/lean_workbook_plus_29341.lean:107:34: error: unknown identifier 'sub_dvd_eval_sub'

workbook0/lean_workbook_plus_15755.lean:
workbook0/lean_workbook_plus_15755.lean:107:2: error: linarith failed to find a contradiction
case a
a b c : ℝ
ha : 0 < a
hb : 0 < b
hc : 0 < c
habc : a * b * c = 1
hab : a + b ^ 2 + c ^ 2 = 1
a✝ : (a + 1) * (b + 1) * (c + 1) > 27 / 64
⊢ False
failed

workbook0/lean_workbook_plus_49960.lean:
workbook0/lean_workbook_plus_49960.lean:106:1: error: expected token

workbook0/lean_workbook_plus_50875.lean:
workbook0/lean_workbook_plus_50875.lean:107:70: error: unsolved goals
⊢ False

workbook0/lean_workbook_plus_80219.lean:
workbook0/lean_workbook_plus_80219.lean:107:10: error: invalid constructor ⟨...⟩, expected type must be an inductive type 
  ∀ (z : ℝ), -1 < z ∧ z < 1 → z ^ 2 - 1 = 0

workbook0/lean_workbook_plus_57266.lean:
workbook0/lean_workbook_plus_57266.lean:107:20: error: unsolved goals
f : ℝ → ℝ
hf : f 0 = 0
hf1 : f 16 = 24 - 8 * f 3
hf2 : f 2015 ≠ 1209
⊢ ¬f 2015 = 4030 * f 2015

workbook0/lean_workbook_plus_35935.lean:
workbook0/lean_workbook_plus_35935.lean:105:95: error: unsolved goals
n : ℕ
⊢ False

workbook0/lean_workbook_plus_29973.lean:
workbook0/lean_workbook_plus_29973.lean:106:56: error: unsolved goals
⊢ False

workbook0/lean_workbook_plus_68927.lean:
workbook0/lean_workbook_plus_68927.lean:105:44: error: unexpected token '('; expected ')'

workbook0/lean_workbook_plus_8267.lean:
workbook0/lean_workbook_plus_8267.lean:105:108: error: unsolved goals
a : ℝ
h : a = π / 3
⊢ False

workbook0/lean_workbook_plus_45071.lean:
workbook0/lean_workbook_plus_45071.lean:105:32: error: unexpected token; expected ':'

workbook0/lean_workbook_plus_13851.lean:
workbook0/lean_workbook_plus_13851.lean:105:90: error: unsolved goals
n : ℕ
⊢ False

workbook0/lean_workbook_plus_38561.lean:
workbook0/lean_workbook_plus_38561.lean:106:2: error: linarith failed to find a contradiction
case a
a b c : ℝ
ha : 0 ≤ a
hb : 0 ≤ b
hc : 0 ≤ c
hab : a ^ 2 + c ^ 2 = 1
hbc : b ^ 2 + 2 * b * (a + c) = 6
a✝ : 4 > b * (a - c)
⊢ False
failed

workbook0/lean_workbook_plus_45942.lean:
workbook0/lean_workbook_plus_45942.lean:107:9: error: invalid constructor ⟨...⟩, expected type must be an inductive type 
  ∀ (x : ℕ → ℕ), ∑ i in Finset.range n, x i ^ 2 ≠ k * ∏ i in Finset.range n, x i
workbook0/lean_workbook_plus_45942.lean:108:2: error: no goals to be solved

workbook0/lean_workbook_plus_77527.lean:
workbook0/lean_workbook_plus_77527.lean:108:2: error: simp made no progress

workbook0/lean_workbook_plus_33954.lean:
workbook0/lean_workbook_plus_33954.lean:105:64: error: unsolved goals
⊢ False

workbook0/lean_workbook_plus_23470.lean:
workbook0/lean_workbook_plus_23470.lean:105:44: error: unexpected token; expected ')'

workbook0/lean_workbook_plus_16448.lean:
workbook0/lean_workbook_plus_16448.lean:107:9: error: invalid constructor ⟨...⟩, expected type must be an inductive type 
  ∀ (x : ℝ × ℝ),
    x ∈ {x | 2 * x.1 ^ 2 + 3 * x.1 * x.2 + 2 * x.2 ^ 2 = 1} ↔
      x ∈ {x | -9 / 8 ≤ x.1 + x.2 + x.1 * x.2 ∧ x.1 + x.2 + x.1 * x.2 ≤ (1 + 2 * Real.sqrt 7) / 7}
workbook0/lean_workbook_plus_16448.lean:108:2: error: no goals to be solved

workbook0/lean_workbook_plus_56652.lean:
workbook0/lean_workbook_plus_56652.lean:107:6: error: tactic 'rewrite' failed, did not find instance of the pattern in the target expression
  ↑?n
h : π = 3.14
⊢ ↑⌈157 / 50⌉ + ↑⌊157 / 50⌋ + ↑⌈-(157 / 50)⌉ + Int.fract (157 / 50) + Int.fract (-(157 / 50)) = 5

workbook0/lean_workbook_plus_82585.lean:
workbook0/lean_workbook_plus_82585.lean:107:14: error: unsolved goals
f : ℝ → ℝ
hf : f 1 = 0
hP : ∃ x, f x ≠ 1 - x
⊢ ¬f (-1) + f 0 = 1

workbook0/lean_workbook_plus_50949.lean:
workbook0/lean_workbook_plus_50949.lean:107:9: error: invalid constructor ⟨...⟩, expected type must be an inductive type 
  ∀ (x : ℝ), 0 ≤ x → x ≤ π / 2 → 2 / π ≤ sin x / x ∧ sin x / x ≤ 1

workbook0/lean_workbook_plus_17139.lean:
workbook0/lean_workbook_plus_17139.lean:105:153: error: unsolved goals
n : ℕ
hn : 3 ≤ n
⊢ False

workbook0/lean_workbook_plus_59085.lean:
workbook0/lean_workbook_plus_59085.lean:106:2: error: omega did not find a contradiction:
trivial

workbook0/lean_workbook_plus_28792.lean:
workbook0/lean_workbook_plus_28792.lean:105:32: error: unexpected token '∀'; expected ':'

workbook0/lean_workbook_plus_33185.lean:
workbook0/lean_workbook_plus_33185.lean:107:2: error: linarith failed to find a contradiction
case h1.h
n! : ℝ
a✝ : 0 < rexp 1
⊢ False
failed

workbook0/lean_workbook_plus_82393.lean:
workbook0/lean_workbook_plus_82393.lean:107:10: error: invalid constructor ⟨...⟩, expected type must be an inductive type 
  ∀ (n : ℕ), n ^ 2 = ∑ i in Finset.range n, (2 * i - 1)

workbook0/lean_workbook_plus_873.lean:
workbook0/lean_workbook_plus_873.lean:105:135: error: unsolved goals
x a b : ℝ
ha : a = (x + 7) ^ (1 / 3)
hb : b = (28 - x) ^ (1 / 3)
⊢ False

workbook0/lean_workbook_plus_3218.lean:
workbook0/lean_workbook_plus_3218.lean:107:9: error: invalid constructor ⟨...⟩, expected type must be an inductive type 
  ∀ ε > 0, ∃ δ > 0, ∀ x ∈ Set.Ioo (-δ) δ, |arcsin x / x - 1| < ε

workbook0/lean_workbook_plus_13593.lean:
workbook0/lean_workbook_plus_13593.lean:107:10: error: invalid constructor ⟨...⟩, expected type must be an inductive type 
  ∀ (a : ℚ), ↑a ≠ 2 ^ (1 / 3) + 3 ^ (1 / 3) + 5 ^ (1 / 3)

workbook0/lean_workbook_plus_14815.lean:
workbook0/lean_workbook_plus_14815.lean:105:34: error: unexpected token; expected '_' or identifier

workbook0/lean_workbook_plus_78441.lean:
workbook0/lean_workbook_plus_78441.lean:107:12: error: invalid field notation, type is not of the form (C ...) where C is a constant
  hx
has type
  x = 2 → y = 3 → z ≠ 4

workbook0/lean_workbook_plus_35892.lean:
workbook0/lean_workbook_plus_35892.lean:106:25: error: 'specialize' requires a term of the form `h x_1 .. x_n` where `h` appears in the local context
workbook0/lean_workbook_plus_35892.lean:105:239: error: unsolved goals
h : ℕ
⊢ ∀ (i : ℕ),
    choose (h + i) h / (h + i) = 1 / h * choose (h + i - 1) (h - 1) ∧
      choose (h + i) h / (h + i - 1) =
        1 / h * choose (h + i - 1) (h - 1) + 1 / h * (choose (h + i - 1) (h - 1) / (h + i - 1))

workbook0/lean_workbook_plus_56821.lean:
workbook0/lean_workbook_plus_56821.lean:111:2: error: omega did not find a contradiction:
trivial

workbook0/lean_workbook_plus_3781.lean:
workbook0/lean_workbook_plus_3781.lean:105:70: error: unsolved goals
⊢ False

workbook0/lean_workbook_plus_30389.lean:
workbook0/lean_workbook_plus_30389.lean:112:47: error: type mismatch
  h₀
has type
  Real.sqrt 18 - Real.sqrt 12 ≠ 4 : Prop
but is expected to have type
  Real.sqrt 18 - Real.sqrt 12 = 4 : Prop
workbook0/lean_workbook_plus_30389.lean:113:6: error: no goals to be solved

workbook0/lean_workbook_plus_30414.lean:
workbook0/lean_workbook_plus_30414.lean:107:9: error: invalid constructor ⟨...⟩, expected type must be an inductive type 
  ∀ (a b c : ℝ),
    a > 0 ∧ b > 0 ∧ c > 0 →
      (a ^ 2 + b ^ 2) ^ (1 / 4) * (a ^ 2 - a * b + b ^ 2) ^ (1 / 4) +
            (a ^ 2 + c ^ 2) ^ (1 / 4) * (a ^ 2 - a * c + c ^ 2) ^ (1 / 4) +
          (b ^ 2 + c ^ 2) ^ (1 / 4) * (b ^ 2 - b * c + c ^ 2) ^ (1 / 4) ≤
        2 / 3 * (a ^ 2 + b ^ 2 + c ^ 2) * (1 / (a + b) + 1 / (a + c) + 1 / (b + c))

workbook0/lean_workbook_plus_8898.lean:
workbook0/lean_workbook_plus_8898.lean:108:30: error: linarith failed to find a contradiction
case mp.a
a b c : ℝ
ha : 0 < a
hb : 0 < b
hc : 0 < c
h :
  15 * ((2 + a) * (2 + b) * (2 + c)) ≤
    (((2 - a) * (2 + b) + (2 - b) * (2 + a)) * (2 + c) + (2 - c) * ((2 + a) * (2 + b))) * 7
a✝ : 36 / 7 > ((4 * (2 + b) + 4 * (2 + a)) * (2 + c) + 4 * ((2 + a) * (2 + b))) / ((2 + a) * (2 + b) * (2 + c))
⊢ False
failed
workbook0/lean_workbook_plus_8898.lean:108:30: error: linarith failed to find a contradiction
case mpr.a
a b c : ℝ
ha : 0 < a
hb : 0 < b
hc : 0 < c
h : 36 / 7 ≤ ((4 * (2 + b) + 4 * (2 + a)) * (2 + c) + 4 * ((2 + a) * (2 + b))) / ((2 + a) * (2 + b) * (2 + c))
a✝ :
  15 * ((2 + a) * (2 + b) * (2 + c)) >
    (((2 - a) * (2 + b) + (2 - b) * (2 + a)) * (2 + c) + (2 - c) * ((2 + a) * (2 + b))) * 7
⊢ False
failed
workbook0/lean_workbook_plus_8898.lean:105:209: error: unsolved goals
case mp
a b c : ℝ
ha : 0 < a
hb : 0 < b
hc : 0 < c
h :
  15 * ((2 + a) * (2 + b) * (2 + c)) ≤
    (((2 - a) * (2 + b) + (2 - b) * (2 + a)) * (2 + c) + (2 - c) * ((2 + a) * (2 + b))) * 7
⊢ 36 / 7 ≤ ((4 * (2 + b) + 4 * (2 + a)) * (2 + c) + 4 * ((2 + a) * (2 + b))) / ((2 + a) * (2 + b) * (2 + c))

case mpr
a b c : ℝ
ha : 0 < a
hb : 0 < b
hc : 0 < c
h : 36 / 7 ≤ ((4 * (2 + b) + 4 * (2 + a)) * (2 + c) + 4 * ((2 + a) * (2 + b))) / ((2 + a) * (2 + b) * (2 + c))
⊢ 15 * ((2 + a) * (2 + b) * (2 + c)) ≤
    (((2 - a) * (2 + b) + (2 - b) * (2 + a)) * (2 + c) + (2 - c) * ((2 + a) * (2 + b))) * 7

workbook0/lean_workbook_plus_45222.lean:
workbook0/lean_workbook_plus_45222.lean:106:32: error: unsolved goals
⊢ False

workbook0/lean_workbook_plus_61635.lean:
workbook0/lean_workbook_plus_61635.lean:105:32: error: unexpected token '∀'; expected ':'

workbook0/lean_workbook_plus_8379.lean:
workbook0/lean_workbook_plus_8379.lean:106:2: error: simp made no progress

workbook0/lean_workbook_plus_31130.lean:
workbook0/lean_workbook_plus_31130.lean:107:10: error: invalid constructor ⟨...⟩, expected type must be an inductive type 
  ∀ (a b c : ℝ),
    a ≥ 0 ∧ b ≥ 0 ∧ c ≥ 0 → 1 / (a ^ 2 + b ^ 2) + 1 / (b ^ 2 + c ^ 2) + 1 / (c ^ 2 + a ^ 2) ≥ 10 / (a + b + c) ^ 2

workbook0/lean_workbook_plus_6566.lean:
workbook0/lean_workbook_plus_6566.lean:107:6: error: invalid universe level, ?u.310 is not greater than 0
workbook0/lean_workbook_plus_6566.lean:107:9: error: too many arguments supplied to `use`

workbook0/lean_workbook_plus_20668.lean:
workbook0/lean_workbook_plus_20668.lean:107:10: error: invalid constructor ⟨...⟩, expected type must be an inductive type 
  ∀ (x : ℝ), 0 < x ∧ x < 1 → ∀ (y : ℝ), g x = g y → x = y

workbook0/lean_workbook_plus_27771.lean:
workbook0/lean_workbook_plus_27771.lean:105:92: error: unsolved goals
⊢ False

workbook0/lean_workbook_plus_9368.lean:
workbook0/lean_workbook_plus_9368.lean:107:10: error: invalid constructor ⟨...⟩, expected type must be an inductive type 
  ∀ (a b c : ℝ), (a * b + b * c + c * a) ^ 2 / (a + b + c + 3) ≥ 3 / 2

workbook0/lean_workbook_plus_13982.lean:
workbook0/lean_workbook_plus_13982.lean:108:24: error: linarith failed to find a contradiction
a b : ℝ
z : ℂ
h₀ : z = ↑a + ↑b * Complex.I
h₁ : a * (a * a - b * b) - b * (a * b + b * a) = 11 ∧ a * (a * b + b * a) + b * (a * a - b * b) = 2
h₂ : ?m.6031
h₃ : ?m.6039 h₂
⊢ False
failed
workbook0/lean_workbook_plus_13982.lean:108:2: error: type mismatch
  fun h₂ h₃ => ?m.6041 h₂ h₃
has type
  (h₂ : ?m.6031) → (h₃ : ?m.6039 h₂) → ?m.6040 h₂ h₃ : Sort (imax ?u.6030 ?u.6033 ?u.6036)
but is expected to have type
  3 * a ^ 2 * b - b ^ 3 = 11 ∧ a ^ 3 - 3 * a * b ^ 2 = 2 : Prop

workbook0/lean_workbook_plus_7740.lean:
workbook0/lean_workbook_plus_7740.lean:106:75: error: unsolved goals
n : ℕ
hn : 2 ≤ n
⊢ False

workbook0/lean_workbook_plus_79869.lean:
workbook0/lean_workbook_plus_79869.lean:107:8: error: invalid constructor ⟨...⟩, expected type must be an inductive type 
  ∀ (x y z : ℝ),
    (x - y) * (x + y - 2 * z + 5) = 0 ∧ (y - z) * (y + z - 2 * x + 5) = 0 ∧ (z - x) * (z + x - 2 * y + 5) = 0

workbook0/lean_workbook_plus_69111.lean:
workbook0/lean_workbook_plus_69111.lean:107:10: error: invalid constructor ⟨...⟩, expected type must be an inductive type 
  ∀ (a b c : ℝ), 1 / (a * (b + c)) + 1 / (b * (a + c)) + 1 / (c * (a + b)) ≤ 18 / 23

workbook0/lean_workbook_plus_82308.lean:
workbook0/lean_workbook_plus_82308.lean:105:183: error: unsolved goals
x : ℝ
⊢ False

workbook0/lean_workbook_plus_14609.lean:
workbook0/lean_workbook_plus_14609.lean:105:146: error: unsolved goals
h : 400 * 399 * 398 * 397 ≠ 0
⊢ False

workbook0/lean_workbook_plus_25110.lean:
workbook0/lean_workbook_plus_25110.lean:107:8: error: invalid constructor ⟨...⟩, expected type must be an inductive type 
  ∀ (x y z : ℤ), 7 ∣ x ^ 3 ∨ x ^ 3 % 7 = 1 ∨ x ^ 3 % 7 = 6 → ¬(x ^ 3 + y ^ 3 + z ^ 3) % 7 = 4

workbook0/lean_workbook_plus_69521.lean:
workbook0/lean_workbook_plus_69521.lean:106:39: error: unsolved goals
n : ℕ
a : ℕ → ℝ
a1 : a 0 = 1
a_rec : ∀ (n : ℕ), a (n + 1) = 2 / ↑n ^ 2 * ∑ k in Finset.range (n + 1), ↑k * a k
⊢ ¬?m.1505 0

workbook0/lean_workbook_plus_10544.lean:
workbook0/lean_workbook_plus_10544.lean:107:10: error: invalid constructor ⟨...⟩, expected type must be an inductive type 
  ∀ (A B C : ℝ),
    (cos (A / 2) + cos (B / 2) + cos (C / 2)) *
        (tan (A / 2) + tan (B / 2) + tan (C / 2) - tan (A / 2) * tan (B / 2) * tan (C / 2)) ≥
      4

workbook0/lean_workbook_plus_62701.lean:
workbook0/lean_workbook_plus_62701.lean:105:262: error: unsolved goals
a b c : ℝ
ha : 0 ≤ a
hb : 0 ≤ b
hc : 0 ≤ c
⊢ False

workbook0/lean_workbook_plus_65349.lean:
workbook0/lean_workbook_plus_65349.lean:107:19: error: linarith failed to find a contradiction
D t : ℝ
h₁ : D = 45 * t
h₂ : 45 * t - 3 = 36 * (t - 20⁻¹)
h : ?m.2899
⊢ False
failed
workbook0/lean_workbook_plus_65349.lean:107:2: error: type mismatch
  fun h => ?m.2905 h
has type
  (h : ?m.2899) → ?m.2904 h : Sort (imax ?u.2898 ?u.2901)
but is expected to have type
  t = 3 / 4 ∧ 45 * t = 33 / 4 : Prop

workbook0/lean_workbook_plus_45239.lean:
workbook0/lean_workbook_plus_45239.lean:105:32: error: unexpected token '∑'; expected ':'

workbook0/lean_workbook_plus_70073.lean:
workbook0/lean_workbook_plus_70073.lean:105:32: error: unexpected token '∑'; expected ':'

workbook0/lean_workbook_plus_23691.lean:
workbook0/lean_workbook_plus_23691.lean:107:10: error: invalid constructor ⟨...⟩, expected type must be an inductive type 
  ∀ (x_1 : Set α), x_1 ∈ 𝒫(A ∪ {x}) ↔ x_1 ∈ 𝒫 A ∪ {B | B ⊆ A ∧ x ∈ B}

workbook0/lean_workbook_plus_71012.lean:
workbook0/lean_workbook_plus_71012.lean:106:28: error: unsolved goals
⊢ ¬?m.690 (-3)

workbook0/lean_workbook_plus_2927.lean:
workbook0/lean_workbook_plus_2927.lean:107:12: error: invalid field notation, type is not of the form (C ...) where C is a constant
  h₁
has type
  x = 1 / 2014 → y = 1 / 2014 → z ≠ 1 / 2014

workbook0/lean_workbook_plus_54683.lean:
workbook0/lean_workbook_plus_54683.lean:107:26: error: invalid field 'nonempty', the environment does not contain 'Set.Finite.nonempty'
  h
has type
  Set.Finite A
workbook0/lean_workbook_plus_54683.lean:107:26: error: invalid field 'nonempty', the environment does not contain 'Finite.nonempty'
  h
has type
  Finite ↑A

workbook0/lean_workbook_plus_16911.lean:
workbook0/lean_workbook_plus_16911.lean:107:10: error: invalid constructor ⟨...⟩, expected type must be an inductive type 
  ∀ (u v w : ℝ), u < Real.sqrt 3 - 1 ∧ v < Real.sqrt 3 - 1 ∧ w < Real.sqrt 3 - 1 → 3 * v ^ 2 + w ^ 3 < 2

workbook0/lean_workbook_plus_21162.lean:
workbook0/lean_workbook_plus_21162.lean:106:2: error: omega did not find a contradiction:
[14625, -4320, -4116, -2589, 5438, 32, -384, 1824] ∈ (-∞, 11981]

workbook0/lean_workbook_plus_72948.lean:
workbook0/lean_workbook_plus_72948.lean:105:123: error: expected token

workbook0/lean_workbook_plus_43174.lean:
workbook0/lean_workbook_plus_43174.lean:107:10: error: invalid constructor ⟨...⟩, expected type must be an inductive type 
  ∀ (x : ℝ), rexp (cos x) * cos (sin x) = ∑' (n : ℕ), cos (↑n * x) / n!

workbook0/lean_workbook_plus_64358.lean:
workbook0/lean_workbook_plus_64358.lean:105:39: error: unexpected token '|'; expected '}'

workbook0/lean_workbook_plus_35663.lean:
workbook0/lean_workbook_plus_35663.lean:107:45: error: unsolved goals
f : ℝ → ℝ
hf : Continuous f
hf1 : ∃ x > 0, f x ≠ x
⊢ ¬f 1 * f 1 = f 1 + f 1

workbook0/lean_workbook_plus_17339.lean:
workbook0/lean_workbook_plus_17339.lean:107:9: error: invalid constructor ⟨...⟩, expected type must be an inductive type 
  ∀ (a b c : ℝ),
    a ^ 2 * b ^ 3 + b ^ 2 * c ^ 3 + c ^ 2 * a ^ 3 ≤
      3 * (a ^ 2 - a * b + b ^ 2) * (b ^ 2 - b * c + c ^ 2) * (c ^ 2 - c * a + a ^ 2)
workbook0/lean_workbook_plus_17339.lean:108:2: error: no goals to be solved

workbook0/lean_workbook_plus_44726.lean:
workbook0/lean_workbook_plus_44726.lean:107:10: error: invalid constructor ⟨...⟩, expected type must be an inductive type 
  ∀ (x y z : ℝ), x * z ^ 5 + x ^ 5 * y + y ^ 5 * z ≥ 1 / 3 * (x * y ^ 2 + y * z ^ 2 + x ^ 2 * z) ^ 2

workbook0/lean_workbook_plus_22205.lean:
workbook0/lean_workbook_plus_22205.lean:106:2: error: type mismatch
  not_forall.mpr ?m.1145
has type
  ¬∀ (x : ?m.1139), ?m.1140 x : Prop
but is expected to have type
  ∀ n ∈ Set.Ioi 0, f n = 5 ^ ⌊logb 5 ↑n⌋₊ : Prop

workbook0/lean_workbook_plus_76884.lean:
workbook0/lean_workbook_plus_76884.lean:112:17: error: invalid field notation, type is not of the form (C ...) where C is a constant
  h₁
has type
  22 ≤ x → 25 < x

workbook0/lean_workbook_plus_75643.lean:
workbook0/lean_workbook_plus_75643.lean:107:10: error: invalid constructor ⟨...⟩, expected type must be an inductive type 
  ∀ (a b c : ℝ), (a / b) ^ 2 + (b / c) ^ 2 + (c / a) ^ 2 ≥ a / c + c / b + b / a

workbook0/lean_workbook_plus_70641.lean:
workbook0/lean_workbook_plus_70641.lean:106:27: error: unsolved goals
⊢ ¬?m.647 0

workbook0/lean_workbook_plus_6521.lean:
workbook0/lean_workbook_plus_6521.lean:106:2: error: type mismatch
  not_forall.mpr (Exists.intro 1 ?m.4437)
has type
  ¬∀ (x : ℕ), ?m.4408 x : Prop
but is expected to have type
  ∀ (x y z : ℝ),
    x > 0 ∧ y > 0 ∧ z > 0 →
      1 / (2 * (y ^ 2 + z ^ 2 + y * z)) + 1 / (2 * (y ^ 2 + x ^ 2 + y * z)) + 1 / (2 * (x ^ 2 + x * y + y ^ 2)) +
          (x + y + z) / 3 ≥
        3 / 2 : Prop

workbook0/lean_workbook_plus_18189.lean:
workbook0/lean_workbook_plus_18189.lean:105:148: error: unsolved goals
a : ℕ → ℚ
h : ∀ (k : ℕ), a k = ↑k / 108
⊢ False

workbook0/lean_workbook_plus_70166.lean:
workbook0/lean_workbook_plus_70166.lean:107:2: error: tactic 'apply' failed, failed to unify
  ?x ≤ Real.sqrt ?y
with
  Real.sqrt (45 + 20 * Real.sqrt 5) < 5 + 2 * Real.sqrt 5
A B : ℝ
hA hB : True
⊢ Real.sqrt (45 + 20 * Real.sqrt 5) < 5 + 2 * Real.sqrt 5

workbook0/lean_workbook_plus_12370.lean:
workbook0/lean_workbook_plus_12370.lean:105:135: error: unsolved goals
x a b : ℝ
h₁ : a = (13 - x) ^ (1 / 3) ∧ b = (13 + x) ^ (1 / 3)
⊢ False

workbook0/lean_workbook_plus_3957.lean:
workbook0/lean_workbook_plus_3957.lean:108:6: error: tactic 'rewrite' failed, did not find instance of the pattern in the target expression
  ?m.12053 / ?m.12054 ≤ ?m.12055 / ?m.12056
a b : ℝ
ha : 0 < a
hb : 0 < b
⊢ b * b⁻¹ * a⁻¹ * 5 + a * b⁻¹ * a⁻¹ * 5 ≤
    b * a ^ 3 * (b ^ 2 * a ^ 3 + b ^ 3 * a ^ 2)⁻¹ + b ^ 2 * a ^ 2 * (b ^ 2 * a ^ 3 + b ^ 3 * a ^ 2)⁻¹ * 16 +
          b ^ 3 * a * (b ^ 2 * a ^ 3 + b ^ 3 * a ^ 2)⁻¹ +
        b ^ 4 * (b ^ 2 * a ^ 3 + b ^ 3 * a ^ 2)⁻¹ +
      a ^ 4 * (b ^ 2 * a ^ 3 + b ^ 3 * a ^ 2)⁻¹

workbook0/lean_workbook_plus_76709.lean:
workbook0/lean_workbook_plus_76709.lean:108:2: error: linarith failed to find a contradiction
case h2.h
a b : ℝ
h₀ : 5 / 9 * (a + b) = 73
a✝ : 365 / 9 < a + b
⊢ False
failed

workbook0/lean_workbook_plus_55598.lean:
workbook0/lean_workbook_plus_55598.lean:106:2: error: simp made no progress

workbook0/lean_workbook_plus_26143.lean:
workbook0/lean_workbook_plus_26143.lean:106:2: error: simp made no progress

workbook0/lean_workbook_plus_73593.lean:
workbook0/lean_workbook_plus_73593.lean:107:13: error: function expected at
  h
term has type
  ℤ
workbook0/lean_workbook_plus_73593.lean:105:172: error: unsolved goals
x Q : ℤ → ℤ
h₁ : ∀ (x : ℤ), Q x = x * Q x - x * Q x + x * Q x
h : ℤ
⊢ h ^ 2 * Q (h ^ 2) + h * (h * Q h - h * Q h) = h ^ 2 * Q h ^ 2 + 2 * h ^ 2

workbook0/lean_workbook_plus_55785.lean:
workbook0/lean_workbook_plus_55785.lean:107:10: error: invalid constructor ⟨...⟩, expected type must be an inductive type 
  ∀ (a b c : ℝ), cos (a + b + c) / (cos a * cos b * cos c) = 1 - tan a * tan b - tan b * tan c - tan c * tan a

workbook0/lean_workbook_plus_9150.lean:
workbook0/lean_workbook_plus_9150.lean:108:2: error: simp made no progress

workbook0/lean_workbook_plus_66259.lean:
workbook0/lean_workbook_plus_66259.lean:107:10: error: invalid constructor ⟨...⟩, expected type must be an inductive type 
  ∀ (x y z : ℝ), (x ^ 2 + y ^ 2 + z ^ 2) ^ 2 ≥ 2 * (x ^ 3 + y ^ 3 + z ^ 3) + x ^ 2 + y ^ 2 + z ^ 2

workbook0/lean_workbook_plus_25367.lean:
workbook0/lean_workbook_plus_25367.lean:106:20: error: invalid constructor ⟨...⟩, expected type must be an inductive type 
  ?m.771

workbook0/lean_workbook_plus_1943.lean:
workbook0/lean_workbook_plus_1943.lean:107:10: error: invalid constructor ⟨...⟩, expected type must be an inductive type 
  ∀ (α β γ : ℝ),
    9 * (3 - (sin α ^ 2 + sin β ^ 2 + sin γ ^ 2))⁻¹ ≤ (1 - sin α ^ 2)⁻¹ + (1 - sin β ^ 2)⁻¹ + (1 - sin γ ^ 2)⁻¹

workbook0/lean_workbook_plus_78327.lean:
workbook0/lean_workbook_plus_78327.lean:107:10: error: invalid constructor ⟨...⟩, expected type must be an inductive type 
  ∀ (n : ℕ),
    1 / n * ∑ i in Finset.range n, 1 / (2 * i + 2) <
      1 / (n + 1) * (∑ i in Finset.range n, 1 / (2 * i + 1) + 1 / (2 * n + 1))

workbook0/lean_workbook_plus_39186.lean:
workbook0/lean_workbook_plus_39186.lean:106:2: error: type mismatch
  not_forall_of_exists_not ?m.1054
has type
  ¬∀ (x : ?m.1052), ?m.1053 x : Prop
but is expected to have type
  ∀ (x : ℝ), x ^ 4 - 2 * x ^ 2 - 16 * x + 1 = 0 ↔ x = 2 ∨ x = -2 ∨ x = 4 ∨ x = -4 : Prop

workbook0/lean_workbook_plus_18415.lean:
workbook0/lean_workbook_plus_18415.lean:105:32: error: unexpected token; expected ':'

workbook0/lean_workbook_plus_72837.lean:
workbook0/lean_workbook_plus_72837.lean:107:10: error: invalid constructor ⟨...⟩, expected type must be an inductive type 
  ∀ (x : ℝ), (cos 2 * x * (1 + 2 * cos x)) ^ 2 + (sin 2 * x * (1 + 2 * cos x)) ^ 2 = 1

workbook0/lean_workbook_plus_5570.lean:
workbook0/lean_workbook_plus_5570.lean:107:10: error: invalid constructor ⟨...⟩, expected type must be an inductive type 
  ∀ (α : ℝ), rexp (α * I) = cos α + sin α * I
workbook0/lean_workbook_plus_5570.lean:108:2: error: no goals to be solved

workbook0/lean_workbook_plus_10981.lean:
workbook0/lean_workbook_plus_10981.lean:111:24: error: unsolved goals
p q : ℕ
f : ℕ → ℕ
h₀ : ∀ (x : ℕ), f x = x * (x + 1) / 2
h₁ : 0 < p ∧ 0 < q
h₂ : p ^ 2 + p = q ^ 2 + q + 242
h₃ : p = 61 → q ≠ 59
⊢ ¬p * (p + 1) / 2 = q * (q + 1) / 2 + 242

workbook0/lean_workbook_plus_78509.lean:
workbook0/lean_workbook_plus_78509.lean:107:2: error: tactic 'introN' failed, insufficient number of binders
P : Polynomial ℝ
hP : ∀ (x : ℝ), Polynomial.eval (x + 1) P = Polynomial.eval x P + 2 * x + 1
⊢ ∃ a, ∀ (x : ℝ), Polynomial.eval x P = a * x + a

workbook0/lean_workbook_plus_25499.lean:
workbook0/lean_workbook_plus_25499.lean:107:10: error: invalid constructor ⟨...⟩, expected type must be an inductive type 
  ∀ (x : ℝ), 3 * cos x ^ 2 * sin x - (1 - cos x ^ 2) < 2⁻¹

workbook0/lean_workbook_plus_70365.lean:
workbook0/lean_workbook_plus_70365.lean:105:149: error: unsolved goals
m b x : ℝ
hx : x = 2008 ^ 3 + 2008 + 1
hb : b = 2008 ^ 2 + 2008
hm : m = 1 / (3 * 2008 ^ 2 / 3)
⊢ False

workbook0/lean_workbook_plus_44570.lean:
workbook0/lean_workbook_plus_44570.lean:107:12: error: function expected at
  h
term has type
  ℝ

workbook0/lean_workbook_plus_49698.lean:
workbook0/lean_workbook_plus_49698.lean:106:39: error: unsolved goals
⊢ ¬?m.562 0

workbook0/lean_workbook_plus_76634.lean:
workbook0/lean_workbook_plus_76634.lean:105:40: error: unexpected token ')'; expected ':=', 'where' or '|'

workbook0/lean_workbook_plus_82736.lean:
workbook0/lean_workbook_plus_82736.lean:105:35: error: expected token

workbook0/lean_workbook_plus_34800.lean:
workbook0/lean_workbook_plus_34800.lean:106:27: error: unsolved goals
⊢ ¬?m.3805 0

workbook0/lean_workbook_plus_22988.lean:
workbook0/lean_workbook_plus_22988.lean:107:2: error: linarith failed to find a contradiction
case a
a b c d : ℝ
ha : 0 < a
hb : 0 < b
hc : 0 < c
hd : 0 < d
habc : a * b * c * d = 1
h : a ^ 2 + b ^ 2 + c ^ 2 + d ^ 2 = 1
a✝ : 18 > a + b + c + d + 1
⊢ False
failed

workbook0/lean_workbook_plus_22618.lean:
workbook0/lean_workbook_plus_22618.lean:109:10: error: invalid constructor ⟨...⟩, expected type must be an inductive type 
  ∀ (a b c : ℝ),
    a ∈ Set.Icc 0 (π / 2) ∧ b ∈ Set.Icc 0 (π / 2) ∧ c ∈ Set.Icc 0 (π / 2) ∧ a + b + c = π →
      sin a ^ 2 * sin b ^ 2 * sin c ^ 2 ≤ 1 / 8
workbook0/lean_workbook_plus_22618.lean:110:2: error: no goals to be solved

workbook0/lean_workbook_plus_55257.lean:
workbook0/lean_workbook_plus_55257.lean:107:10: error: invalid constructor ⟨...⟩, expected type must be an inductive type 
  ∀ (a b c : ℝ), a / (a ^ 3 + b ^ 2 + c) + b / (b ^ 3 + c ^ 2 + a) + c / (c ^ 3 + a ^ 2 + b) ≤ 1

workbook0/lean_workbook_plus_62546.lean:
workbook0/lean_workbook_plus_62546.lean:107:6: error: invalid universe level, ?u.1082 is not greater than 0
workbook0/lean_workbook_plus_62546.lean:107:9: error: too many arguments supplied to `use`

workbook0/lean_workbook_plus_47332.lean:
workbook0/lean_workbook_plus_47332.lean:106:2: error: tactic 'introN' failed, insufficient number of binders
p q : ℤ
h₁ : (2 * p ^ 2 + p) ^ 2 < (2 * q + 1) ^ 2
h₂ : (2 * q + 1) ^ 2 < (2 * p ^ 2 + p + 1) ^ 2
⊢ p = -1 ∧ q = -1 ∨ p = -1 ∧ q = 0 ∨ p = 0 ∧ q = -1 ∨ p = 0 ∧ q = 0 ∨ p = 2 ∧ q = -6 ∨ p = 2 ∧ q = 5

workbook0/lean_workbook_plus_69947.lean:
workbook0/lean_workbook_plus_69947.lean:105:37: error: unexpected token '|'; expected '}'

workbook0/lean_workbook_plus_20352.lean:
workbook0/lean_workbook_plus_20352.lean:107:10: error: invalid constructor ⟨...⟩, expected type must be an inductive type 
  ∀ (x y z : ℝ), 0 ≤ ∑ i in {x, y, z}, (x ^ 3 + y ^ 3 - x ^ 2 * y - x * y ^ 2)

workbook0/lean_workbook_plus_31871.lean:
workbook0/lean_workbook_plus_31871.lean:105:32: error: unexpected token; expected ':'

workbook0/lean_workbook_plus_75743.lean:
workbook0/lean_workbook_plus_75743.lean:113:2: error: type mismatch
  h₁
has type
  u ≠ 0 : Prop
but is expected to have type
  u = 0 : Prop

workbook0/lean_workbook_plus_21899.lean:
workbook0/lean_workbook_plus_21899.lean:107:10: error: invalid constructor ⟨...⟩, expected type must be an inductive type 
  ∀ (m k : ℕ), 0 ≤ k ∧ k ≤ 3 ^ m - 1 → ¬3 ^ (m + 1) ∣ (-2) ^ k - 1

workbook0/lean_workbook_plus_58439.lean:
workbook0/lean_workbook_plus_58439.lean:107:10: error: invalid constructor ⟨...⟩, expected type must be an inductive type 
  ∀ (a b c : ℝ), 1 / (a ^ 2 + b ^ 2 + 3) + 1 / (b ^ 2 + c ^ 2 + 3) + 1 / (c ^ 2 + a ^ 2 + 3) ≤ 3 / 5

workbook0/lean_workbook_plus_10605.lean:
workbook0/lean_workbook_plus_10605.lean:107:10: error: invalid constructor ⟨...⟩, expected type must be an inductive type 
  ∀ (a b c : ℝ), 2 * (a ^ 2 + b ^ 2 + c ^ 2) + 3 * a * b * c ≥ 9

workbook0/lean_workbook_plus_56109.lean:
workbook0/lean_workbook_plus_56109.lean:106:27: error: unsolved goals
⊢ ¬?m.3448 0

workbook0/lean_workbook_plus_48475.lean:
workbook0/lean_workbook_plus_48475.lean:105:32: error: unexpected token; expected ':'

workbook0/lean_workbook_plus_46564.lean:
workbook0/lean_workbook_plus_46564.lean:107:53: error: unsolved goals
x✝¹ : ?m.4842
x✝ : x✝¹ ∈ ?m.4846
⊢ 0 ≤ ?m.4960

workbook0/lean_workbook_plus_77233.lean:
workbook0/lean_workbook_plus_77233.lean:107:10: error: invalid constructor ⟨...⟩, expected type must be an inductive type 
  ∀ (a b c : ℤ), a * b + b * c + c * a = (a + b + c) ^ 2 - a ^ 2 - b ^ 2 - c ^ 2 / 2

workbook0/lean_workbook_plus_27102.lean:
workbook0/lean_workbook_plus_27102.lean:106:28: error: unsolved goals
⊢ ¬?m.786 (-1)

workbook0/lean_workbook_plus_42399.lean:
workbook0/lean_workbook_plus_42399.lean:106:2: error: simp made no progress

workbook0/lean_workbook_plus_13082.lean:
workbook0/lean_workbook_plus_13082.lean:105:394: error: unsolved goals
h₁ h₂ : ℝ
h₃ h₄ h₅ h₆ : ℕ
⊢ False

workbook0/lean_workbook_plus_75332.lean:
workbook0/lean_workbook_plus_75332.lean:106:27: error: unsolved goals
⊢ ¬?m.5484 0

workbook0/lean_workbook_plus_35693.lean:
workbook0/lean_workbook_plus_35693.lean:105:32: error: unexpected token '∀'; expected ':'

workbook0/lean_workbook_plus_731.lean:
workbook0/lean_workbook_plus_731.lean:106:2: error: simp made no progress

workbook0/lean_workbook_plus_4173.lean:
workbook0/lean_workbook_plus_4173.lean:106:2: error: type mismatch
  not_forall.mpr (Exists.intro (-1) fun h => ?m.1384 h)
has type
  ¬∀ (x : ℤ), ?m.1255 x : Prop
but is expected to have type
  ∀ (a b c : ℝ),
    a + b + c > 0 ∧ a * b + b * c + c * a > 0 →
      (1 / (a + b) + 1 / (b + c) + 1 / (c + a)) ^ 3 ≥ 243 / (8 * (a + b + c) * (a * b + b * c + c * a)) : Prop

workbook0/lean_workbook_plus_38198.lean:
workbook0/lean_workbook_plus_38198.lean:106:2: error: simp made no progress

workbook0/lean_workbook_plus_40693.lean:
workbook0/lean_workbook_plus_40693.lean:106:39: error: unsolved goals
n : ℕ
⊢ ¬?m.1344 0

workbook0/lean_workbook_plus_64918.lean:
workbook0/lean_workbook_plus_64918.lean:107:6: error: tactic 'rewrite' failed, did not find instance of the pattern in the target expression
  ?m.13139 / ?m.13140 < ?m.13141 / ?m.13142
a b c : ℝ
ha : 0 < a
hb : 0 < b
hc : 0 < c
hab : a + b + c = 3
⊢ (2 + (3 + a * b + b * c + c * a)) / (3 + a * b + b * c + c * a) ≤ 5 / 6

workbook0/lean_workbook_plus_82143.lean:
workbook0/lean_workbook_plus_82143.lean:105:131: error: unsolved goals
⊢ 1 < Real.sqrt 2 / 2

workbook0/lean_workbook_plus_21322.lean:
workbook0/lean_workbook_plus_21322.lean:108:2: error: linarith failed to find a contradiction
case h2.h
x : ℝ
h₀ : x = 10 * 30 / 100 - 10 * 30 / 100 * x / 100 + 10 * 100 / 100 * x / 100
a✝ : 20 / 7 < x
⊢ False
failed

workbook0/lean_workbook_plus_10289.lean:
workbook0/lean_workbook_plus_10289.lean:107:2: error: linarith failed to find a contradiction
case h
a✝ : 1 ≥ Real.log 2
⊢ False
failed

workbook0/lean_workbook_plus_80912.lean:
workbook0/lean_workbook_plus_80912.lean:105:153: error: unsolved goals
g a T3 : ℝ
h₁ : 0 < T3
h₂ : T3 ≤ a
h₃ : a = g / (3 * Real.sqrt 3)
⊢ False

workbook0/lean_workbook_plus_3782.lean:
workbook0/lean_workbook_plus_3782.lean:105:74: error: unsolved goals
x : ℝ
hx : x = 25
⊢ False

workbook0/lean_workbook_plus_73009.lean:
workbook0/lean_workbook_plus_73009.lean:107:10: error: invalid constructor ⟨...⟩, expected type must be an inductive type 
  ∀ (α θ : ℝ), sin (θ - α) * sin (θ + α) / (cos (θ - α) * cos (θ + α)) = tan 3 * α / tan α

workbook0/lean_workbook_plus_23287.lean:
workbook0/lean_workbook_plus_23287.lean:107:10: error: invalid constructor ⟨...⟩, expected type must be an inductive type 
  ∀ (n : ℕ), Even n ∧ n > 0 → 2 ^ n - 1 ≡ 1 [ZMOD 3]

workbook0/lean_workbook_plus_72201.lean:
workbook0/lean_workbook_plus_72201.lean:107:10: error: invalid constructor ⟨...⟩, expected type must be an inductive type 
  ∀ (a : ℝ), (if |a| ≤ 4⁻¹ then if |a| ≤ 4⁻¹ then 1 else 0 else 0) = if |a| ≤ 2⁻¹ then 1 else 0

workbook0/lean_workbook_plus_25010.lean:
workbook0/lean_workbook_plus_25010.lean:106:39: error: unsolved goals
⊢ ¬?m.748 0

workbook0/lean_workbook_plus_31048.lean:
workbook0/lean_workbook_plus_31048.lean:107:10: error: invalid constructor ⟨...⟩, expected type must be an inductive type 
  ∀ (n : ℕ), (↑n + 1) * Real.log (↑n + 1) ≤ 2 * ∑ k in Finset.range n, Real.log ↑k

workbook0/lean_workbook_plus_57513.lean:
workbook0/lean_workbook_plus_57513.lean:111:2: error: failed to prove positivity/nonnegativity/nonzeroness

workbook0/lean_workbook_plus_66049.lean:
workbook0/lean_workbook_plus_66049.lean:106:42: error: expected type must not contain free or meta variables
  ¬?m.450 2

workbook0/lean_workbook_plus_79804.lean:
workbook0/lean_workbook_plus_79804.lean:107:9: error: invalid constructor ⟨...⟩, expected type must be an inductive type 
  ∀ (n : ℝ), Real.sqrt n + Real.sqrt (n + 1) + Real.sqrt (n + 2) < Real.sqrt (9 * n + 9)
workbook0/lean_workbook_plus_79804.lean:108:2: error: no goals to be solved

workbook0/lean_workbook_plus_61333.lean:
workbook0/lean_workbook_plus_61333.lean:105:34: error: unexpected token; expected '_' or identifier

workbook0/lean_workbook_plus_11133.lean:
workbook0/lean_workbook_plus_11133.lean:105:95: error: unsolved goals
n : ℕ
⊢ False

workbook0/lean_workbook_plus_21771.lean:
workbook0/lean_workbook_plus_21771.lean:105:65: error: expected token

workbook0/lean_workbook_plus_16756.lean:
workbook0/lean_workbook_plus_16756.lean:105:172: error: unsolved goals
w : ℂ
hw : w ≠ ↑(Real.sqrt 3) - 1
⊢ ¬w = 0

workbook0/lean_workbook_plus_9919.lean:
workbook0/lean_workbook_plus_9919.lean:105:34: error: expected token

workbook0/lean_workbook_plus_2868.lean:
workbook0/lean_workbook_plus_2868.lean:105:152: error: unsolved goals
a b : ℝ
ha : 0 < a
hb : 0 < b
⊢ False

workbook0/lean_workbook_plus_35955.lean:
workbook0/lean_workbook_plus_35955.lean:107:17: error: invalid field notation, type is not of the form (C ...) where C is a constant
  h₂
has type
  x = 1 → y = 1 → z ≠ 1 / Real.sqrt 2

workbook0/lean_workbook_plus_59980.lean:
workbook0/lean_workbook_plus_59980.lean:105:125: error: unsolved goals
y'' y' : ℝ → ℝ
r : ℕ
y : ℝ → ℝ
h : y'' + 4 * y' + 5 * y = 0
⊢ False

workbook0/lean_workbook_plus_67979.lean:
workbook0/lean_workbook_plus_67979.lean:105:35: error: expected token

workbook0/lean_workbook_plus_24725.lean:
workbook0/lean_workbook_plus_24725.lean:107:10: error: invalid constructor ⟨...⟩, expected type must be an inductive type 
  ∀ (a b c x y z : ℝ),
    a > 0 ∧
        b > 0 ∧
          c > 0 ∧ a * b * c = 1 ∧ x = (a ^ 4 / b) ^ (1 / 21) ∧ y = (b ^ 4 / c) ^ (1 / 21) ∧ z = (c ^ 4 / a) ^ (1 / 21) →
      (x ^ 20 / (y * z)) ^ 2 + (y ^ 20 / (z * x)) ^ 2 + (z ^ 20 / (x * y)) ^ 2 ≥
        3 * (x ^ 30 * y ^ 6 + y ^ 30 * z ^ 6 + z ^ 30 * x ^ 6)

workbook0/lean_workbook_plus_63762.lean:
workbook0/lean_workbook_plus_63762.lean:106:27: error: unsolved goals
⊢ ¬?m.2394 1

workbook0/lean_workbook_plus_38837.lean:
workbook0/lean_workbook_plus_38837.lean:106:2: warning: aesop: failed to prove the goal after exhaustive search.
workbook0/lean_workbook_plus_38837.lean:105:133: error: unsolved goals
case left
x y : ℝ
h₁ : x ^ 2 + y ^ 2 = 1
h₂ : 4 * x ^ 3 - 6 * y ^ 3 - 2 * x ^ 3 * y = 3 * y * (x * y - 1)
⊢ x = 1

case right
x y : ℝ
h₁ : x ^ 2 + y ^ 2 = 1
h₂ : 4 * x ^ 3 - 6 * y ^ 3 - 2 * x ^ 3 * y = 3 * y * (x * y - 1)
⊢ y = 0

workbook0/lean_workbook_plus_72320.lean:
workbook0/lean_workbook_plus_72320.lean:105:34: error: unexpected token '∀'; expected '_' or identifier

workbook0/lean_workbook_plus_78745.lean:
workbook0/lean_workbook_plus_78745.lean:107:10: error: invalid constructor ⟨...⟩, expected type must be an inductive type 
  ∀ (x y : ℤ), x + (y + x) = y + (x + y)

workbook0/lean_workbook_plus_32929.lean:
workbook0/lean_workbook_plus_32929.lean:106:2: warning: aesop: failed to prove the goal after exhaustive search.
workbook0/lean_workbook_plus_32929.lean:105:201: error: unsolved goals
case left
a b c d : ℝ
ha : a + b + c + d = 4
hb : a * b * c + a * b * d + a * c * d + b * c * d = 2
hc : a * b * c * d = -4⁻¹
⊢ a = 1

case right.left
a b c d : ℝ
ha : a + b + c + d = 4
hb : a * b * c + a * b * d + a * c * d + b * c * d = 2
hc : a * b * c * d = -4⁻¹
⊢ b = 1

case right.right.left
a b c d : ℝ
ha : a + b + c + d = 4
hb : a * b * c + a * b * d + a * c * d + b * c * d = 2
hc : a * b * c * d = -4⁻¹
⊢ c = -1

case right.right.right
a b c d : ℝ
ha : a + b + c + d = 4
hb : a * b * c + a * b * d + a * c * d + b * c * d = 2
hc : a * b * c * d = -4⁻¹
⊢ d = -1

workbook0/lean_workbook_plus_29581.lean:
workbook0/lean_workbook_plus_29581.lean:107:10: error: invalid constructor ⟨...⟩, expected type must be an inductive type 
  ∀ (a b c : ℝ),
    a ^ 2 + b ^ 2 + c ^ 2 + a * b * c * (a + b + c) ^ 2 / (a ^ 2 * b + b ^ 2 * c + c ^ 2 * a) ≥
      2 * (a * b + b * c + c * a)

workbook0/lean_workbook_plus_22600.lean:
workbook0/lean_workbook_plus_22600.lean:106:27: error: unsolved goals
⊢ ¬?m.2961 1

workbook0/lean_workbook_plus_5036.lean:
workbook0/lean_workbook_plus_5036.lean:111:11: error: tactic 'introN' failed, insufficient number of binders
x y : ℕ
h₀ : 0 < x ∧ 0 < y
h₁ : (17 * x - 2) % 23 = 0
h₂ : (17 * y - 2) % 23 = 0
h₃ : ∀ (x' y' : ℕ), (17 * x' - 2) % 23 = 0 ∧ (17 * y' - 2) % 23 = 0 → x' ≥ x ∧ y' ≥ y
⊢ x = 15 ∧ y = 11

workbook0/lean_workbook_plus_73284.lean:
workbook0/lean_workbook_plus_73284.lean:107:10: error: invalid constructor ⟨...⟩, expected type must be an inductive type 
  ∀ (n : ℕ), ∑ k in Finset.range n, k ^ 2 = n * (n + 1) * (2 * n + 1) / 6

workbook0/lean_workbook_plus_4682.lean:
workbook0/lean_workbook_plus_4682.lean:107:14: error: unsolved goals
v : ℕ → ℝ
h : ∃ n, v n ≠ 3 - 3 * (1 / 2) ^ n
⊢ ¬v 2 - v 1 / 2 = 3 / 4

workbook0/lean_workbook_plus_7355.lean:
workbook0/lean_workbook_plus_7355.lean:109:27: error: unsolved goals
P : ℝ
⊢ ¬?m.16744 0

workbook0/lean_workbook_plus_79646.lean:
workbook0/lean_workbook_plus_79646.lean:110:2: error: simp made no progress

workbook0/lean_workbook_plus_28108.lean:
workbook0/lean_workbook_plus_28108.lean:105:115: error: unsolved goals
⊢ False

workbook0/lean_workbook_plus_54218.lean:
workbook0/lean_workbook_plus_54218.lean:107:10: error: invalid constructor ⟨...⟩, expected type must be an inductive type 
  ∀ (n : ℕ),
    ∑ i in Finset.range n, ((3 * i + 1) ^ 2 + (3 * i + 2) ^ 2) + ((3 * n + 1) ^ 2 + (3 * n + 2) ^ 2) =
        (n + 1) * (6 * n ^ 2 + 12 * n + 5) ∧
      ∑ i in Finset.range n, (3 * i) ^ 2 + (3 * n) ^ 2 = n * (n + 1) * (2 * n + 1)

workbook0/lean_workbook_plus_69315.lean:
workbook0/lean_workbook_plus_69315.lean:107:10: error: invalid constructor ⟨...⟩, expected type must be an inductive type 
  ∀ (x : ℂ), -x + (2 + (-(4 * x ^ 2) + x ^ 4)) = (x + -2) * (x + 1) * (x + (1 + x ^ 2))

workbook0/lean_workbook_plus_77873.lean:
workbook0/lean_workbook_plus_77873.lean:106:2: warning: aesop: failed to prove the goal after exhaustive search.
workbook0/lean_workbook_plus_77873.lean:105:113: error: unsolved goals
case left
u v : ℂ
h₁ : u + v = 2⁻¹
h₂ : u * v = -3 / 2
⊢ u = 2⁻¹

case right
u v : ℂ
h₁ : u + v = 2⁻¹
h₂ : u * v = -3 / 2
⊢ v = -1

workbook0/lean_workbook_plus_74463.lean:
workbook0/lean_workbook_plus_74463.lean:109:10: error: invalid constructor ⟨...⟩, expected type must be an inductive type 
  A 2 = A 1 + 1 → ∃ m, 1 < m ∧ ¬A (m + 1) = m * A (m - 1) + A m

workbook0/lean_workbook_plus_37567.lean:
workbook0/lean_workbook_plus_37567.lean:107:10: error: invalid constructor ⟨...⟩, expected type must be an inductive type 
  ∀ (a b c : ℝ),
    a ≥ b ∧ b ≥ c ∧ c ≥ 0 ∧ a ^ 2 + b ^ 2 + c ^ 2 > 0 →
      1 / (4 * b ^ 2 + 4 * c ^ 2 - b * c) + 1 / (4 * c ^ 2 + 4 * a ^ 2 - a * c) + 1 / (4 * a ^ 2 + 4 * b ^ 2 - a * b) ≥
        9 / (7 * (a ^ 2 + b ^ 2 + c ^ 2))

workbook0/lean_workbook_plus_3163.lean:
workbook0/lean_workbook_plus_3163.lean:107:8: error: typeclass instance problem is stuck, it is often due to metavariables
  Countable ↑Set.univ

workbook0/lean_workbook_plus_28784.lean:
workbook0/lean_workbook_plus_28784.lean:106:26: error: function expected at
  h
term has type
  ℕ
workbook0/lean_workbook_plus_28784.lean:106:32: error: unsolved goals
h : ℕ
⊢ ¬?m.913 h
workbook0/lean_workbook_plus_28784.lean:105:68: error: unsolved goals
⊢ ℕ → Prop

workbook0/lean_workbook_plus_19846.lean:
workbook0/lean_workbook_plus_19846.lean:105:157: error: unsolved goals
a : ℕ → ℚ
a1 : a 0 = 1
a_rec : ∀ (n : ℕ), a (n + 1) = 1 + 1 / a n
⊢ False

workbook0/lean_workbook_plus_54769.lean:
workbook0/lean_workbook_plus_54769.lean:105:85: error: unsolved goals
a : ℝ
h : a = 1 / 2
⊢ False

workbook0/lean_workbook_plus_14459.lean:
workbook0/lean_workbook_plus_14459.lean:108:10: error: invalid constructor ⟨...⟩, expected type must be an inductive type 
  ∀ (a b c : ℝ),
    (a + b + c) ^ 2 / (2 * a ^ 2 + 2 * b ^ 2 + 2 * c ^ 2 + 2 * a * b + 2 * b * c + 2 * c * a) * (a + b + c) ^ 2 /
        (4 * a * b + 4 * b * c + 4 * c * a) ≥
      9 / 16

workbook0/lean_workbook_plus_32305.lean:
workbook0/lean_workbook_plus_32305.lean:107:10: error: invalid constructor ⟨...⟩, expected type must be an inductive type 
  ∀ (a b : ℝ), a ^ 3 + b ^ 3 ≥ a ^ 2 * b + a * b ^ 2

workbook0/lean_workbook_plus_32546.lean:
workbook0/lean_workbook_plus_32546.lean:108:10: error: invalid constructor ⟨...⟩, expected type must be an inductive type 
  ∀ (s c θ : ℝ), s ^ 2 - c ^ 2 = -cos (2 * θ)

workbook0/lean_workbook_plus_19719.lean:
workbook0/lean_workbook_plus_19719.lean:105:125: error: unsolved goals
a : ℕ → ℚ
h : ∀ (n : ℕ), a n = ↑n ^ 3 / (↑n ^ 2 - 15 * ↑n + 75)
⊢ False

workbook0/lean_workbook_plus_42346.lean:
workbook0/lean_workbook_plus_42346.lean:107:10: error: invalid constructor ⟨...⟩, expected type must be an inductive type 
  ∀ (a b c : ℝ),
    a * b + b * c + c * a = a * b + b * c - c * a + (b * c + c * a - a * b) + (a * b + a * c - b * c) ∧
      a * b + b * c - c * a + (b * c + c * a - a * b) + (a * b + a * c - b * c) ≥ a ^ 2 + b ^ 2 + c ^ 2

workbook0/lean_workbook_plus_75789.lean:
workbook0/lean_workbook_plus_75789.lean:105:261: error: unsolved goals
a b c : ℝ
ha : a ≥ 0
hb : b ≥ 0
hc : c ≥ 0
habc : a + b + c = 3
⊢ False

workbook0/lean_workbook_plus_36008.lean:
workbook0/lean_workbook_plus_36008.lean:106:2: error: simp made no progress

workbook0/lean_workbook_plus_69300.lean:
workbook0/lean_workbook_plus_69300.lean:107:10: error: invalid constructor ⟨...⟩, expected type must be an inductive type 
  ∀ (x y z : ℕ), x ^ 2 * y ^ 4 - x ^ 4 * y ^ 2 + 4 * x ^ 2 * y ^ 2 * z ^ 2 + x ^ 2 * z ^ 4 - y ^ 2 * z ^ 4 ≠ 0

workbook0/lean_workbook_plus_20501.lean:
workbook0/lean_workbook_plus_20501.lean:116:2: error: linarith failed to find a contradiction
case a
a b c : ℝ
h₀ : 0 < a ∧ 0 < b ∧ 0 < c
h₁ : a * b * c = 2 * (a * b + b * c + c * a)
h₂ : (2 * (a * b + b * c + c * a)) ^ 2 ≠ 576
h₃ : 0 < a
h₄ : 0 < b
h₅ : 0 < a * b
h₆ : 0 < b * c
h₇ : 0 < c * a
a✝ : c > 0
⊢ False
failed

workbook0/lean_workbook_plus_74239.lean:
workbook0/lean_workbook_plus_74239.lean:106:18: warning: aesop: failed to prove the goal after exhaustive search.
workbook0/lean_workbook_plus_74239.lean:106:18: warning: aesop: failed to prove the goal after exhaustive search.
workbook0/lean_workbook_plus_74239.lean:107:8: error: unknown identifier 'n'
workbook0/lean_workbook_plus_74239.lean:107:2: error: tactic 'induction' failed, major premise type is not an inductive type 
  ?m.40818
case zero
f : ℕ → ℕ
left : f 0 = 0
right : ∀ (n : ℕ), f (n + 1) = 10 * f n + 2 * n + 2
x✝ : ?m.40818
⊢ False

workbook0/lean_workbook_plus_58003.lean:
workbook0/lean_workbook_plus_58003.lean:105:114: error: unsolved goals
x : ℝ
⊢ False

workbook0/lean_workbook_plus_69423.lean:
workbook0/lean_workbook_plus_69423.lean:105:103: error: unsolved goals
x y z : ℕ
h : (1 / x = 0 ∧ 1 / y = 0) ∧ 1 / z = 0
⊢ False

workbook0/lean_workbook_plus_81865.lean:
workbook0/lean_workbook_plus_81865.lean:107:10: error: invalid constructor ⟨...⟩, expected type must be an inductive type 
  ∀ (x y z : ℝ), 4 * (x ^ 2 + y ^ 2 + z ^ 2) ≥ x + y + z + 2 * (x * y + y * z + z * x) + 3

workbook0/lean_workbook_plus_26187.lean:
workbook0/lean_workbook_plus_26187.lean:105:96: error: unsolved goals
f : ℕ → ℕ
⊢ ∑ x in Finset.Icc 1 12, x * (25 - x) = 150

workbook0/lean_workbook_plus_40881.lean:
workbook0/lean_workbook_plus_40881.lean:105:87: error: unsolved goals
⊢ False

workbook0/lean_workbook_plus_519.lean:
workbook0/lean_workbook_plus_519.lean:105:74: error: unsolved goals
⊢ False

workbook0/lean_workbook_plus_36826.lean:
workbook0/lean_workbook_plus_36826.lean:106:2: error: tactic 'introN' failed, insufficient number of binders
q : ℝ
h : 90 * q ^ 5 - 61 * q ^ 3 + 29 = 0
⊢ q = 0.9 ∨ q = -0.9

workbook0/lean_workbook_plus_71076.lean:
workbook0/lean_workbook_plus_71076.lean:111:2: error: linarith failed to find a contradiction
case h1.h
r₁ r₂ r₃ : ℝ
h₀ : r₁ ≠ 0 ∧ r₂ ≠ 0 ∧ r₃ ≠ 0
h₁ : r₁ + r₂ + r₃ = 9
h₂ : r₁ * r₂ * r₃ = 32
a✝ : (r₂ + r₁) * r₃ + r₁ * r₂ < 9 * (r₁ * r₂ * r₃)
⊢ False
failed

workbook0/lean_workbook_plus_36230.lean:
workbook0/lean_workbook_plus_36230.lean:105:32: error: unexpected token '∀'; expected ':'

workbook0/lean_workbook_plus_56831.lean:
workbook0/lean_workbook_plus_56831.lean:107:10: error: invalid constructor ⟨...⟩, expected type must be an inductive type 
  ∀ (a b : ℝ),
    (a * a - b * b) * (a * a - b * b) +
        (a * (a * a * (4 * (Real.sqrt (a * a + b * b) * Real.sqrt 2))) +
            a * (b * b * (4 * (Real.sqrt (a * a + b * b) * Real.sqrt 2))) +
          (b * (a * a * (4 * (Real.sqrt (a * a + b * b) * Real.sqrt 2))) +
            b * (b * b * (4 * (Real.sqrt (a * a + b * b) * Real.sqrt 2))))) ≤
      a * a * 8 + b * b * 8

workbook0/lean_workbook_plus_56992.lean:
workbook0/lean_workbook_plus_56992.lean:109:8: error: overloaded, errors 
  type mismatch
    _root_.add_lt_add (sqrt_lt_sqrt ?m.5751 ?m.5752) (sqrt_lt_sqrt ?m.6025 ?m.6026)
  has type
    Real.sqrt ?m.5739 + Real.sqrt ?m.6021 < Real.sqrt ?m.5740 + Real.sqrt ?m.6022 : Prop
  but is expected to have type
    Real.sqrt 96 + Real.sqrt 445 ≤ Real.sqrt (x ^ 2 + 16) + Real.sqrt ((8 - x) ^ 2 + 121) : Prop
  
  type mismatch
    Nat.add_lt_add ?m.6279 ?m.6293
  has type
    ?m.6259 + ?m.6261 < ?m.6260 + ?m.6262 : Prop
  but is expected to have type
    Real.sqrt 96 + Real.sqrt 445 ≤ Real.sqrt (x ^ 2 + 16) + Real.sqrt ((8 - x) ^ 2 + 121) : Prop

workbook0/lean_workbook_plus_82798.lean:
workbook0/lean_workbook_plus_82798.lean:105:37: error: expected token

workbook0/lean_workbook_plus_10615.lean:
workbook0/lean_workbook_plus_10615.lean:106:27: error: unsolved goals
⊢ ¬?m.556 2

workbook0/lean_workbook_plus_61447.lean:
workbook0/lean_workbook_plus_61447.lean:106:121: error: unsolved goals
⊢ False

workbook0/lean_workbook_plus_25848.lean:
workbook0/lean_workbook_plus_25848.lean:107:10: error: invalid constructor ⟨...⟩, expected type must be an inductive type 
  ∀ ε > 0,
    ∃ δ > 0,
      ∀ x ∈ Set.Ioo (-δ) δ,
        |(x + 1) / Real.sqrt (2 * x + 1) + Real.sqrt (2 * x + 1) - (x ^ 2 + 2009) / (3 * x + 1) ^ (2 / 3) -
              2 * x * (3 * x + 1) ^ (1 / 3)| <
          ε

workbook0/lean_workbook_plus_54256.lean:
workbook0/lean_workbook_plus_54256.lean:107:10: error: invalid constructor ⟨...⟩, expected type must be an inductive type 
  ∀ (a b c : ℝ), a * b + b * c + c * a + 2 * a * b * c = 1 ↔ 1 / (a + 1) + 1 / (b + 1) + 1 / (c + 1) = 2

workbook0/lean_workbook_plus_56805.lean:
workbook0/lean_workbook_plus_56805.lean:107:10: error: invalid constructor ⟨...⟩, expected type must be an inductive type 
  ∀ (a : ℝ), 6 * (a ^ 3 + a) ≥ 12 * a ^ 2

workbook0/lean_workbook_plus_23128.lean:
workbook0/lean_workbook_plus_23128.lean:107:10: error: invalid constructor ⟨...⟩, expected type must be an inductive type 
  ∀ (x y z : ℝ),
    (y + z - x) ^ 2 / ((y + z) ^ 2 + x ^ 2) + (z + x - y) ^ 2 / ((z + x) ^ 2 + y ^ 2) +
        (x + y - z) ^ 2 / ((x + y) ^ 2 + z ^ 2) ≤
      3

workbook0/lean_workbook_plus_50220.lean:
workbook0/lean_workbook_plus_50220.lean:106:2: error: linarith failed to find a contradiction
case h2.h
a b : ℝ
h₁ : a ^ 3 - 3 * a ^ 2 + 5 * a - 17 = 0
h₂ : b ^ 3 - 3 * b ^ 2 + 5 * b + 11 = 0
a✝ : 0 < a + b
⊢ False
failed

workbook0/lean_workbook_plus_60794.lean:
workbook0/lean_workbook_plus_60794.lean:106:80: error: unsolved goals
⊢ False

workbook0/lean_workbook_plus_73197.lean:
workbook0/lean_workbook_plus_73197.lean:107:2: error: omega did not find a contradiction:
[11, -9] ∈ [3, 10]

workbook0/lean_workbook_plus_12849.lean:
workbook0/lean_workbook_plus_12849.lean:107:9: error: invalid constructor ⟨...⟩, expected type must be an inductive type 
  ∀ x > 0, x ^ 2 / 2 - (1 - cos x) < x ^ 2 / 24
workbook0/lean_workbook_plus_12849.lean:108:2: error: no goals to be solved

workbook0/lean_workbook_plus_22619.lean:
workbook0/lean_workbook_plus_22619.lean:108:2: error: omega did not find a contradiction:
[0, 1] ∈ [2, ∞)
[0, 1, -1] ∈ [0, ∞)

workbook0/lean_workbook_plus_70257.lean:
workbook0/lean_workbook_plus_70257.lean:107:8: error: invalid constructor ⟨...⟩, expected type must be an inductive type 
  ∀ (a b c : ℝ),
    0 ≤ a →
      a ≤ 1 →
        0 ≤ b →
          b ≤ 1 →
            0 ≤ c →
              c ≤ 1 →
                2 * a * b * c ≤ a + b / (a * b + 1) + (b + c) / (b * c + 1) + (c + a) / (c * a + 1) ∧
                  a + b / (a * b + 1) + (b + c) / (b * c + 1) + (c + a) / (c * a + 1) ≤ 3 + 2 * a * b * c

workbook0/lean_workbook_plus_73081.lean:
workbook0/lean_workbook_plus_73081.lean:105:104: error: unsolved goals
x : ℝ
hx : 1 ≤ x
⊢ False

workbook0/lean_workbook_plus_77850.lean:
workbook0/lean_workbook_plus_77850.lean:105:182: error: unsolved goals
A B : ℕ → ℕ
hA : A 1 = 6
hB : B 1 = 3
hA2 : ∀ (n : ℕ), A (n + 1) = 5 * A n + 6 * B n
hB2 : ∀ (n : ℕ), B (n + 1) = 4 * A n + 3 * B n
⊢ False

workbook0/lean_workbook_plus_2037.lean:
workbook0/lean_workbook_plus_2037.lean:107:10: error: invalid constructor ⟨...⟩, expected type must be an inductive type 
  ∀ (x y : ℝ), x < y → (g ∘ f) x > (g ∘ f) y
workbook0/lean_workbook_plus_2037.lean:108:2: error: no goals to be solved

workbook0/lean_workbook_plus_59232.lean:
workbook0/lean_workbook_plus_59232.lean:112:2: error: omega did not find a contradiction:
[1] ∈ [0, ∞)

workbook0/lean_workbook_plus_64728.lean:
workbook0/lean_workbook_plus_64728.lean:106:2: error: tactic 'introN' failed, insufficient number of binders
a b c : ℝ
h₁ : a + b + c = 7
h₂ : a * b * c = 12
⊢ a * b + b * c + a * c ≥ 12 ∧ ∃ a b c, a + b + c = 7 ∧ a * b * c = 12 ∧ a * b + b * c + a * c = 12

workbook0/lean_workbook_plus_59237.lean:
workbook0/lean_workbook_plus_59237.lean:105:44: error: unexpected token; expected ')'

workbook0/lean_workbook_plus_49388.lean:
workbook0/lean_workbook_plus_49388.lean:105:142: error: unsolved goals
x y z : ℝ
hx : x > 0 ∧ y > 0 ∧ z > 0
hxy : x + y + z = 20
hxyz : x * y + y * z + z * x = 150
⊢ False

workbook0/lean_workbook_plus_20923.lean:
workbook0/lean_workbook_plus_20923.lean:107:40: error: unsolved goals
a b c : ℝ
⊢ False

workbook0/lean_workbook_plus_81191.lean:
workbook0/lean_workbook_plus_81191.lean:106:2: error: simp made no progress

workbook0/lean_workbook_plus_13387.lean:
workbook0/lean_workbook_plus_13387.lean:107:2: error: linarith failed to find a contradiction
case h
a✝ : 3 ≥ sin (π / 14) + cos (π / 5) + cos (π / 7)
⊢ False
failed

workbook0/lean_workbook_plus_30053.lean:
workbook0/lean_workbook_plus_30053.lean:107:10: error: invalid constructor ⟨...⟩, expected type must be an inductive type 
  ∀ (a b c : ℝ), a ^ 3 + b ^ 3 + c ^ 3 - (a + b + c) * (a ^ 2 + b ^ 2 + c ^ 2 - a * b - a * c - b * c) = 0

workbook0/lean_workbook_plus_64519.lean:
workbook0/lean_workbook_plus_64519.lean:107:10: error: invalid constructor ⟨...⟩, expected type must be an inductive type 
  ∀ (a b : ℝ), (8 * (a ^ 4 + b ^ 4)) ^ (1 / 4) ≥ a + b

workbook0/lean_workbook_plus_31356.lean:
workbook0/lean_workbook_plus_31356.lean:106:28: error: unsolved goals
⊢ ¬?m.3679 (-9)

workbook0/lean_workbook_plus_19552.lean:
workbook0/lean_workbook_plus_19552.lean:107:70: error: function expected at
  h
term has type
  ℤ

workbook0/lean_workbook_plus_59465.lean:
workbook0/lean_workbook_plus_59465.lean:107:10: error: invalid constructor ⟨...⟩, expected type must be an inductive type 
  ∀ (m n : ℕ),
    ∑ x in Finset.range m,
          (∑ j in Finset.range n, (-1) ^ (x + j) * ↑(choose m x) * ↑(choose n j) * ↑(choose (x + j) x) +
            (-1) ^ (x + n) * ↑(choose m x) * ↑(choose (x + n) x)) +
        (∑ x in Finset.range n, (-1) ^ (m + x) * ↑(choose n x) * ↑(choose (m + x) m) +
          (-1) ^ (m + n) * ↑(choose (m + n) m)) =
      0

workbook0/lean_workbook_plus_31729.lean:
workbook0/lean_workbook_plus_31729.lean:107:10: error: invalid constructor ⟨...⟩, expected type must be an inductive type 
  ∀ (a b : ℝ), a - b = (a ^ (1 / 3) - b ^ (1 / 3)) * (a ^ (2 / 3) + a ^ (1 / 3) * b ^ (1 / 3) + b ^ (2 / 3))

workbook0/lean_workbook_plus_11459.lean:
workbook0/lean_workbook_plus_11459.lean:105:100: error: unsolved goals
⊢ False

workbook0/lean_workbook_plus_2621.lean:
workbook0/lean_workbook_plus_2621.lean:106:2: error: simp made no progress

workbook0/lean_workbook_plus_27930.lean:
workbook0/lean_workbook_plus_27930.lean:105:268: error: unsolved goals
a b c : ℝ
hp : a = 1 ∧ b = 1 ∧ c = 1.6541101932846120097790560244887888775245839541933772537024854436798374331822239
p : ℝ → ℝ
hp1 : p c = 0 ∧ p = fun x => x ^ 5 + 4 * x ^ 4 + 9 * x ^ 3 - 10 * x ^ 2 - 24 * x - 16
⊢ False

workbook0/lean_workbook_plus_27001.lean:
workbook0/lean_workbook_plus_27001.lean:107:22: error: unknown identifier 'logb_eq_iff_rpow_eq'
workbook0/lean_workbook_plus_27001.lean:107:22: error: unknown identifier 'logb_eq_iff_rpow_eq'
workbook0/lean_workbook_plus_27001.lean:107:22: error: unknown identifier 'logb_eq_iff_rpow_eq'
workbook0/lean_workbook_plus_27001.lean:105:82: error: unsolved goals
⊢ logb 5 (25 * 125) = 4

case hx
⊢ 25 ≠ 0

case hy
⊢ 125 ≠ 0

workbook0/lean_workbook_plus_7898.lean:
workbook0/lean_workbook_plus_7898.lean:106:36: error: unsolved goals
⊢ False

workbook0/lean_workbook_plus_62983.lean:
workbook0/lean_workbook_plus_62983.lean:107:10: error: invalid constructor ⟨...⟩, expected type must be an inductive type 
  ∀ (a n : ℕ), a ^ n - a ^ (n - 1) = a ^ (n - 1) * (a - 1)

workbook0/lean_workbook_plus_29585.lean:
workbook0/lean_workbook_plus_29585.lean:105:137: error: unsolved goals
case inl
⊢ False

case inr
⊢ False

workbook0/lean_workbook_plus_42708.lean:
workbook0/lean_workbook_plus_42708.lean:110:28: error: expected token

workbook0/lean_workbook_plus_24040.lean:
workbook0/lean_workbook_plus_24040.lean:106:2: error: simp made no progress

workbook0/lean_workbook_plus_77077.lean:
workbook0/lean_workbook_plus_77077.lean:105:110: error: unsolved goals
h₁ : 0 < 10
⊢ ∑ r in Finset.Icc 1 10, r * choose 10 r ^ 2 = 4620

workbook0/lean_workbook_plus_18734.lean:
workbook0/lean_workbook_plus_18734.lean:106:44: error: unsolved goals
⊢ False

workbook0/lean_workbook_plus_60367.lean:
workbook0/lean_workbook_plus_60367.lean:105:71: error: unsolved goals
⊢ False

workbook0/lean_workbook_plus_28616.lean:
workbook0/lean_workbook_plus_28616.lean:106:2: error: simp made no progress

workbook0/lean_workbook_plus_61920.lean:
workbook0/lean_workbook_plus_61920.lean:106:2: error: tactic 'introN' failed, insufficient number of binders
f : ℝ → ℝ
hf : ∀ (x y : ℝ), f (x + y) + f (x - y) - 2 * f x * f (1 + y) = 2 * x * y * (3 * y - x ^ 2)
⊢ ∃ c, ∀ (x : ℝ), f x = c * x ^ 3

workbook0/lean_workbook_plus_18273.lean:
workbook0/lean_workbook_plus_18273.lean:107:12: error: invalid field notation, type is not of the form (C ...) where C is a constant
  h₁
has type
  a = 2 → b = -OfScientific.ofScientific 35 true 1 → c ≠ -1

workbook0/lean_workbook_plus_40784.lean:
workbook0/lean_workbook_plus_40784.lean:106:30: error: function expected at
  h
term has type
  ℝ

workbook0/lean_workbook_plus_69409.lean:
workbook0/lean_workbook_plus_69409.lean:106:2: error: linarith failed to find a contradiction
case a
a b c : ℝ
ha : 1 < a
hb : 1 < b
hc : 1 < c
habc : a * b * c = 1
h : (a - 1) * (b - 1) * (c - 1) = 6 * Real.sqrt 3 - 10
a✝ : a + b + c > a * b * c
⊢ False
failed

workbook0/lean_workbook_plus_80590.lean:
workbook0/lean_workbook_plus_80590.lean:105:134: error: unsolved goals
a : ℕ → ℝ
a_n : ∀ (n : ℕ), a n = 7 / 10 * 2 ^ (n - 1) - 1 / 5 * (-3) ^ n
⊢ False

workbook0/lean_workbook_plus_66581.lean:
workbook0/lean_workbook_plus_66581.lean:106:2: error: simp made no progress

workbook0/lean_workbook_plus_65638.lean:
workbook0/lean_workbook_plus_65638.lean:105:198: error: unsolved goals
a b c : ℝ
ha : 0 < a
hb : 0 < b
hc : 0 < c
hab : a + b + c = 1
⊢ False

workbook0/lean_workbook_plus_61056.lean:
workbook0/lean_workbook_plus_61056.lean:106:2: error: simp made no progress

workbook0/lean_workbook_plus_12604.lean:
workbook0/lean_workbook_plus_12604.lean:107:10: error: invalid constructor ⟨...⟩, expected type must be an inductive type 
  ∀ (a b c : ℝ), a ^ 3 + b ^ 3 + c ^ 3 ≥ 3 * a * b * c

workbook0/lean_workbook_plus_75908.lean:
workbook0/lean_workbook_plus_75908.lean:105:32: error: unexpected token; expected ':'

workbook0/lean_workbook_plus_25740.lean:
workbook0/lean_workbook_plus_25740.lean:107:12: error: invalid field notation, type is not of the form (C ...) where C is a constant
  h₁
has type
  A = 2 → B ≠ 1

workbook0/lean_workbook_plus_28197.lean:
workbook0/lean_workbook_plus_28197.lean:107:32: error: unsolved goals
a : ℕ → ℕ
h₀ : ∀ (n : ℕ), a (n + 2) = 9 * (n + 2) ^ 2 * φ (n + 2) + 1
⊢ False

workbook0/lean_workbook_plus_44574.lean:
workbook0/lean_workbook_plus_44574.lean:105:183: error: unsolved goals
a b c : ℝ
ha : 0 < a
hb : 0 < b
hc : 0 < c
habc : a * b * c = 1
h : a ^ 4 + b ^ 4 + c ≤ 3 / 2
⊢ False

workbook0/lean_workbook_plus_13395.lean:
workbook0/lean_workbook_plus_13395.lean:107:10: error: invalid constructor ⟨...⟩, expected type must be an inductive type 
  ∀ ⦃a_1 b : ℝ⦄, a_1 < b → ∑ i : Fin n, a i ^ a_1 < ∑ i : Fin n, a i ^ b

workbook0/lean_workbook_plus_24610.lean:
workbook0/lean_workbook_plus_24610.lean:106:2: error: simp made no progress

workbook0/lean_workbook_plus_12493.lean:
workbook0/lean_workbook_plus_12493.lean:107:10: error: invalid constructor ⟨...⟩, expected type must be an inductive type 
  ∀ (a b c : ℝ), a + b + c = 1 → a / (b ^ 2 + c) + b / (c ^ 2 + a) + c / (a ^ 2 + b) ≥ 9 / 4

workbook0/lean_workbook_plus_50622.lean:
workbook0/lean_workbook_plus_50622.lean:105:175: error: unsolved goals
ab bc ca a b c : ℝ
ha : 0 < a
hb : 0 < b
hc : 0 < c
⊢ False

workbook0/lean_workbook_plus_49215.lean:
workbook0/lean_workbook_plus_49215.lean:107:10: error: invalid constructor ⟨...⟩, expected type must be an inductive type 
  ∀ (a b c : ℝ),
    (a ^ 2 - b ^ 2) / (a ^ 2 + b * c) + (b ^ 2 - c ^ 2) / (b ^ 2 + c * a) + (c ^ 2 - a ^ 2) / (c ^ 2 + a * b) ≤ 0

workbook0/lean_workbook_plus_6917.lean:
workbook0/lean_workbook_plus_6917.lean:106:19: error: invalid argument, variable is not a proposition or let-declaration

workbook0/lean_workbook_plus_78942.lean:
workbook0/lean_workbook_plus_78942.lean:106:2: error: simp made no progress

workbook0/lean_workbook_plus_48564.lean:
workbook0/lean_workbook_plus_48564.lean:105:34: error: unexpected token; expected '_' or identifier

workbook0/lean_workbook_plus_20662.lean:
workbook0/lean_workbook_plus_20662.lean:106:2: error: simp made no progress

workbook0/lean_workbook_plus_41791.lean:
workbook0/lean_workbook_plus_41791.lean:105:68: error: unsolved goals
⊢ False

workbook0/lean_workbook_plus_40320.lean:
workbook0/lean_workbook_plus_40320.lean:116:6: error: tactic 'rewrite' failed, did not find instance of the pattern in the target expression
  ?m.19008 / ?m.19009 ≤ ?m.19010
case a
a b : ℝ
hab : 1 ≤ a ∧ 1 ≤ b
h₁ : 1 ≤ a
h : b - b⁻¹ ^ 2 * 2 ≤ a + a⁻¹ ^ 2
⊢ a + (a ^ 2)⁻¹ ≤ a * 2

workbook0/lean_workbook_plus_13019.lean:
workbook0/lean_workbook_plus_13019.lean:108:10: error: invalid constructor ⟨...⟩, expected type must be an inductive type 
  ∀ (x y z : ℝ), (x + y + z) ^ 4 ≠ 0 → 1 / (x + y + z) ^ 4 * 81 ≤ 1 / x ^ 4 + 1 / y ^ 4 + 1 / z ^ 4

workbook0/lean_workbook_plus_11299.lean:
workbook0/lean_workbook_plus_11299.lean:107:16: error: invalid field notation, type is not of the form (C ...) where C is a constant
  h₂
has type
  x = 2 → y ≠ -1 / 2

workbook0/lean_workbook_plus_14134.lean:
workbook0/lean_workbook_plus_14134.lean:106:2: error: type mismatch
  not_forall_of_exists_not ?m.706
has type
  ¬∀ (x : ?m.704), ?m.705 x : Prop
but is expected to have type
  ∀ (x : ℝ), x * Real.sqrt ((x - 1) / (x + 1)) = x / (x + 1) * Real.sqrt (x ^ 2 - 1) : Prop

workbook0/lean_workbook_plus_78040.lean:
workbook0/lean_workbook_plus_78040.lean:108:15: error: unknown identifier 'eval_add'
workbook0/lean_workbook_plus_78040.lean:111:15: error: unknown identifier 'eval_monomial'

workbook0/lean_workbook_plus_67741.lean:
workbook0/lean_workbook_plus_67741.lean:106:2: error: simp made no progress

workbook0/lean_workbook_plus_77061.lean:
workbook0/lean_workbook_plus_77061.lean:105:99: error: unsolved goals
⊢ False

workbook0/lean_workbook_plus_73898.lean:
workbook0/lean_workbook_plus_73898.lean:109:28: error: unsolved goals
⊢ ¬?m.2540 (-1)

workbook0/lean_workbook_plus_80875.lean:
workbook0/lean_workbook_plus_80875.lean:107:10: error: invalid constructor ⟨...⟩, expected type must be an inductive type 
  ∀ (a b c : ℝ),
    cos b * cos c / cos ((b - c) / 2) + cos a * cos b / cos ((a - b) / 2) + cos a * cos c / cos ((a - c) / 2) ≤ 3 / 4

workbook0/lean_workbook_plus_73999.lean:
workbook0/lean_workbook_plus_73999.lean:106:38: error: unsolved goals
⊢ False

workbook0/lean_workbook_plus_59078.lean:
workbook0/lean_workbook_plus_59078.lean:107:18: error: rcases tactic failed: left✝ : z = 1 + Complex.I → False is not an inductive datatype

workbook0/lean_workbook_plus_82741.lean:
workbook0/lean_workbook_plus_82741.lean:107:16: error: invalid field notation, type is not of the form (C ...) where C is a constant
  h₂
has type
  x = 7 / 5 → y ≠ 2 / 3

workbook0/lean_workbook_plus_33307.lean:
workbook0/lean_workbook_plus_33307.lean:107:54: error: unsolved goals
t : ℕ
h₀ : t % 6 = 0
⊢ False

workbook0/lean_workbook_plus_52733.lean:
workbook0/lean_workbook_plus_52733.lean:106:2: error: simp made no progress

workbook0/lean_workbook_plus_22560.lean:
workbook0/lean_workbook_plus_22560.lean:107:10: error: invalid constructor ⟨...⟩, expected type must be an inductive type 
  ∀ (a b c : ℝ), a ^ 2 / b + b ^ 2 / c + c ^ 2 / a ≥ b * c / a + a * c / b + a * b / c

workbook0/lean_workbook_plus_52873.lean:
workbook0/lean_workbook_plus_52873.lean:105:42: error: expected token

workbook0/lean_workbook_plus_66590.lean:
workbook0/lean_workbook_plus_66590.lean:108:9: error: invalid constructor ⟨...⟩, expected type must be an inductive type 
  ∀ (x y z : ℝ),
    1 / x * 1 / y * 1 / z = 1 →
      9 / 2 ≤ (1 / x + 1 / y + 1 / z) * (x + y + z) ∧
        (1 / x + 1 / y + 1 / z) * (x + y + z) ≤ 3 * (1 / x * x + 1 / y * y + 1 / z * z)

workbook0/lean_workbook_plus_63223.lean:
workbook0/lean_workbook_plus_63223.lean:107:10: error: invalid constructor ⟨...⟩, expected type must be an inductive type 
  ∀ (n : ℕ), a n < a (n + 1)

workbook0/lean_workbook_plus_73487.lean:
workbook0/lean_workbook_plus_73487.lean:105:133: error: unsolved goals
x y z : ℤ
h1 : x ≠ 0 ∧ y ≠ 0
h3 : x ^ 2 + y ^ 2 = z ^ 4
h2 : x = 1.1 ∧ y = 1.2
⊢ False

workbook0/lean_workbook_plus_75694.lean:
workbook0/lean_workbook_plus_75694.lean:107:2: error: simp made no progress

workbook0/lean_workbook_plus_36726.lean:
workbook0/lean_workbook_plus_36726.lean:106:2: error: tactic 'introN' failed, insufficient number of binders
⊢ ∃ a, (∀ (k : ℕ), Odd k → Summable fun n => a n ^ k) ∧ ¬Summable fun n => |a n|

workbook0/lean_workbook_plus_72241.lean:
workbook0/lean_workbook_plus_72241.lean:105:89: error: unsolved goals
n : ℕ
⊢ False

workbook0/lean_workbook_plus_8342.lean:
workbook0/lean_workbook_plus_8342.lean:108:2: error: linarith failed to find a contradiction
case h
a b : ℝ
hab : a + b ≠ 4
h : a ^ 3 - 3 * a ^ 2 + 5 * a - 17 = 0
a✝ : b ^ 3 - 3 * b ^ 2 + 5 * b - 11 = 0
⊢ False
failed

workbook0/lean_workbook_plus_80909.lean:
workbook0/lean_workbook_plus_80909.lean:106:39: error: unsolved goals
⊢ ¬?m.1092 0

workbook0/lean_workbook_plus_15395.lean:
workbook0/lean_workbook_plus_15395.lean:113:45: error: tactic 'rewrite' failed, did not find instance of the pattern in the target expression
  ?x * f (f ?y)
case a
x : ℝ
f : ℝ → ℝ
h₀ : Function.Injective f
h₁ : ∀ (x y : ℝ), x * f (f y) = 2 * f x - f (f x)
h₂ : x * f (f x) = 2 * f x - f (f x)
h₃ : 2 * (2 * f 2 - f (f 2) - f (f (f x))) = 2 * (2 * f 2 - f (f 2) - f (f (f x)))
⊢ 2 * f 2 - f (f 2) = 2 * f x

workbook0/lean_workbook_plus_48444.lean:
workbook0/lean_workbook_plus_48444.lean:106:2: error: tactic 'introN' failed, insufficient number of binders
x y : ℝ
h₁ : x ^ 2 + y * (x + y) = 4 * y - 1
h₂ : (x * y) ^ 3 + (x * y) ^ 2 + x * y + 1 = 4 * y ^ 2
⊢ x = 1 ∧ y = -1

workbook0/lean_workbook_plus_30472.lean:
workbook0/lean_workbook_plus_30472.lean:107:9: error: invalid constructor ⟨...⟩, expected type must be an inductive type 
  ∀ (a b c S A : ℝ),
    a > 0 ∧
        b > 0 ∧
          c > 0 ∧ a + b > c ∧ a + c > b ∧ b + c > a ∧ A = arcsin (b * c / (a * Real.sqrt (a ^ 2 + b ^ 2 + c ^ 2))) →
      ∀ (x y z : ℝ),
        x ^ 2 + y ^ 2 + z ^ 2 ≥
          4 * S *
            Real.sqrt
              (y ^ 2 * z ^ 2 / (b ^ 2 * c ^ 2) + z ^ 2 * x ^ 2 / (c ^ 2 * a ^ 2) + x ^ 2 * y ^ 2 / (a ^ 2 * b ^ 2))
workbook0/lean_workbook_plus_30472.lean:108:2: error: no goals to be solved

workbook0/lean_workbook_plus_42258.lean:
workbook0/lean_workbook_plus_42258.lean:107:10: error: invalid constructor ⟨...⟩, expected type must be an inductive type 
  ∀ (n : ℕ), x n ∈ Set.Ioo a (2 * a)

workbook0/lean_workbook_plus_56596.lean:
workbook0/lean_workbook_plus_56596.lean:105:35: error: expected token

workbook0/lean_workbook_plus_12160.lean:
workbook0/lean_workbook_plus_12160.lean:107:9: error: invalid constructor ⟨...⟩, expected type must be an inductive type 
  ∀ (x : ℕ × ℕ),
    x ∈ {x | 1 / x.1 + 1 / x.2 = 1 / N} ↔
      x ∈ {x | ∃ k, x.1 = k + 1 ∧ x.2 = N * (k + 1) ∨ x.1 = N * (k + 1) ∧ x.2 = k + 1}
workbook0/lean_workbook_plus_12160.lean:108:2: error: no goals to be solved

workbook0/lean_workbook_plus_55413.lean:
workbook0/lean_workbook_plus_55413.lean:107:10: error: invalid constructor ⟨...⟩, expected type must be an inductive type 
  ∀ (x : Matrix (Fin 2) (Fin 2) ℚ), ¬x ^ 5 = 1

workbook0/lean_workbook_plus_53528.lean:
workbook0/lean_workbook_plus_53528.lean:107:2: error: linarith failed to find a contradiction
case a
a b c : ℝ
ha : a + b + c = 3
ha' : a ≥ 0 ∧ b ≥ 0 ∧ c ≥ 0
a✝ : 6 > Real.sqrt (a ^ 2 + b ^ 2) + 1 + 1
⊢ False
failed

workbook0/lean_workbook_plus_21283.lean:
workbook0/lean_workbook_plus_21283.lean:107:10: error: invalid constructor ⟨...⟩, expected type must be an inductive type 
  ∀ (x y z : ℝ),
    (x ^ 2 + y * z) / (y ^ 2 + z ^ 2) + (y ^ 2 + x * z) / (x ^ 2 + z ^ 2) + (z ^ 2 + x * y) / (y ^ 2 + x ^ 2) ≥
      5 / 2 + 4 * (x * y * z) / ((y + z) * (z + x) * (x + y))

workbook0/lean_workbook_plus_57408.lean:
workbook0/lean_workbook_plus_57408.lean:105:32: error: unexpected token '∀'; expected ':'

workbook0/lean_workbook_plus_34174.lean:
workbook0/lean_workbook_plus_34174.lean:105:157: error: unsolved goals
x y : ℝ
hx : 0 < x
hy : 0 < y
hxy : x + y = 1
⊢ False

workbook0/lean_workbook_plus_57680.lean:
workbook0/lean_workbook_plus_57680.lean:107:10: error: invalid constructor ⟨...⟩, expected type must be an inductive type 
  ∀ (x y z : ℝ),
    x + y + z = 1 →
      x > 0 ∧ y > 0 ∧ z > 0 →
        x ^ 2 * (x + y) * (x + z) + y ^ 2 * (y + x) * (y + z) + z ^ 2 * (z + x) * (z + y) ≥
          1 + (x + y) ^ 2 + (x + z) ^ 2 + (y + z) ^ 2

workbook0/lean_workbook_plus_19672.lean:
workbook0/lean_workbook_plus_19672.lean:105:107: error: unsolved goals
n : ℕ
hn : n ≠ 0
⊢ False

workbook0/lean_workbook_plus_19782.lean:
workbook0/lean_workbook_plus_19782.lean:106:2: warning: aesop: failed to prove the goal after exhaustive search.
workbook0/lean_workbook_plus_19782.lean:105:202: error: unsolved goals
case left
x y : ℝ
h₁ : ¬y = 0
h₂ : 72 * (x ^ 3 / y ^ 3) + 4 * (x / y) - 11 = 0
h₃ : 27 * (x ^ 5 / y ^ 5) - 45 * (x ^ 4 / y ^ 4) - 10 * (x ^ 2 / y ^ 2) + 143 / 32 = 0
⊢ x = 0

case right
x y : ℝ
h₁ : ¬y = 0
h₂ : 72 * (x ^ 3 / y ^ 3) + 4 * (x / y) - 11 = 0
h₃ : 27 * (x ^ 5 / y ^ 5) - 45 * (x ^ 4 / y ^ 4) - 10 * (x ^ 2 / y ^ 2) + 143 / 32 = 0
⊢ y = 1

workbook0/lean_workbook_plus_36436.lean:
workbook0/lean_workbook_plus_36436.lean:106:2: error: linarith failed to find a contradiction
case h1.h
x y : ℝ
h₁ : x + y = 1
h₂ : x * y = 1 / 4
a✝ : x ^ 2 + y ^ 2 < 25 / 12
⊢ False
failed

workbook0/lean_workbook_plus_79820.lean:
workbook0/lean_workbook_plus_79820.lean:106:2: error: tactic 'introN' failed, insufficient number of binders
k g : ℤ
h1 : 2007 * (k + g) = k * g
h2 : (k - 2007) * (g - 2007) = 2007 ^ 2
⊢ k = 4014 ∧ g = 6021 ∨ k = 2007 ∧ g = 4014

workbook0/lean_workbook_plus_69840.lean:
workbook0/lean_workbook_plus_69840.lean:109:2: error: linarith failed to find a contradiction
case h2.h
f : ℝ → ℝ
hf1 : ∀ (x : ℝ), f (x / 3) = f x / 2
hf2 : ∀ (x : ℝ), f (1 - x) = 1 - f x
hf3 : ∀ (x y : ℝ), x < y → f x ≤ f y
h1 : f (2018 / 6057) = f (2018 / 2019) / 2
h2 : f (1 / 2019) = 1 - f (2018 / 2019)
a✝ : 1 / 2 < f (2018 / 2019)
⊢ False
failed

workbook0/lean_workbook_plus_71761.lean:
workbook0/lean_workbook_plus_71761.lean:107:9: error: invalid constructor ⟨...⟩, expected type must be an inductive type 
  ∀ (x : ℝ),
    x ^ 3 * rexp x = ∑' (n : ℕ), x ^ (n + 3) / n! ∧
      (6 * x + 6 * x ^ 2 + x ^ 3) * rexp x = ∑' (n : ℕ), (↑n + 3) * (↑n + 2) / n! * x ^ (n + 1)

workbook0/lean_workbook_plus_3620.lean:
workbook0/lean_workbook_plus_3620.lean:107:10: error: invalid constructor ⟨...⟩, expected type must be an inductive type 
  ∀ (a b c : ℝ), 8 * (a + b + c) ^ 3 ≥ 27 * (a + b) * (b + c) * (a + c)

workbook0/lean_workbook_plus_48407.lean:
workbook0/lean_workbook_plus_48407.lean:107:16: error: invalid constructor ⟨...⟩, expected type must be an inductive type 
  ?m.1061 n
workbook0/lean_workbook_plus_48407.lean:107:2: error: type mismatch
  fun n => ?m.1062 n
has type
  (n : ?m.1056) → ?m.1061 n : Sort (imax ?u.1055 ?u.1058)
but is expected to have type
  ∃ x, ∀ (x_1 : ℕ), ∃ x_2, ¬f x_1 x_2 = f x x_2 : Prop

workbook0/lean_workbook_plus_1800.lean:
workbook0/lean_workbook_plus_1800.lean:107:2: error: simp made no progress

workbook0/lean_workbook_plus_45698.lean:
workbook0/lean_workbook_plus_45698.lean:106:2: error: simp made no progress

workbook0/lean_workbook_plus_57880.lean:
workbook0/lean_workbook_plus_57880.lean:106:131: error: unsolved goals
a b c : ℝ
⊢ False

workbook0/lean_workbook_plus_31290.lean:
workbook0/lean_workbook_plus_31290.lean:105:245: error: unsolved goals
a b c d e f : ℝ
ha : 0 < a
hb : 0 < b
hc : 0 < c
hd : 0 < d
he : 0 < e
hf : 0 < f
⊢ False

workbook0/lean_workbook_plus_52176.lean:
workbook0/lean_workbook_plus_52176.lean:107:2: error: simp made no progress

workbook0/lean_workbook_plus_3736.lean:
workbook0/lean_workbook_plus_3736.lean:105:148: error: unsolved goals
a b : ℝ
ha : a = 2.303884477 * 10 ^ 13
hb : b = 1.5223912704 * 10 ^ 12
⊢ False

workbook0/lean_workbook_plus_69089.lean:
workbook0/lean_workbook_plus_69089.lean:106:16: error: expected token
workbook0/lean_workbook_plus_69089.lean:105:94: error: unsolved goals
x : ℝ
hx : 0 < x ∧ x < 3
h1 : 0 < sorryAx ℕ true
⊢ 1 + 2 * Real.sqrt x ≥ x

workbook0/lean_workbook_plus_30332.lean:
workbook0/lean_workbook_plus_30332.lean:106:27: error: unsolved goals
⊢ ¬?m.2106 0

workbook0/lean_workbook_plus_30469.lean:
workbook0/lean_workbook_plus_30469.lean:107:10: error: invalid constructor ⟨...⟩, expected type must be an inductive type 
  ∀ (a b c : ℝ), 2 - a - b * c ≥ -a * (b - 1) * (c - 1)

workbook0/lean_workbook_plus_21614.lean:
workbook0/lean_workbook_plus_21614.lean:107:9: error: invalid constructor ⟨...⟩, expected type must be an inductive type 
  ∀ (f : ℝ → ℝ), Continuous f ∧ ∀ (x : ℚ), f ↑x = ↑x → ∀ (x : ℝ), f x = x

workbook0/lean_workbook_plus_71666.lean:
workbook0/lean_workbook_plus_71666.lean:107:10: error: invalid constructor ⟨...⟩, expected type must be an inductive type 
  ∀ (A B C : ℝ), sin C = 0 ∧ sin B = -sin A → cos 2 * A + cos 2 * B + cos 2 * C = 3 - 4 * sin A ^ 2

workbook0/lean_workbook_plus_48194.lean:
workbook0/lean_workbook_plus_48194.lean:105:159: error: unsolved goals
x y : ℝ
hx : 0 < x
hy : 0 < y
hxy : x * y = 1
⊢ False

workbook0/lean_workbook_plus_32475.lean:
workbook0/lean_workbook_plus_32475.lean:106:28: error: unsolved goals
⊢ ¬?m.673 16

workbook0/lean_workbook_plus_80071.lean:
workbook0/lean_workbook_plus_80071.lean:107:20: error: invalid field notation, type is not of the form (C ...) where C is a constant
  h₃
has type
  x = 3 → y ≠ 6

workbook0/lean_workbook_plus_4390.lean:
workbook0/lean_workbook_plus_4390.lean:106:2: error: simp made no progress

workbook0/lean_workbook_plus_1983.lean:
workbook0/lean_workbook_plus_1983.lean:107:10: error: unsolved goals
x : ℝ
⊢ False

workbook0/lean_workbook_plus_13278.lean:
workbook0/lean_workbook_plus_13278.lean:106:2: error: simp made no progress

workbook0/lean_workbook_plus_15816.lean:
workbook0/lean_workbook_plus_15816.lean:115:2: error: linarith failed to find a contradiction
case succ.h1.h
f : ℝ → ℝ
h₁ : ∀ (x : ℝ), f x = f (x + 1) + 1
x : ℝ
n : ℕ
ih : f (x + ↑n) = f x - ↑n
h₂ : f (↑n + x) = f (↑n + (x + 1)) + 1
a✝ : f (x + (↑n + 1)) - (f (x + 1) - ↑n) < 0
⊢ False
failed

workbook0/lean_workbook_plus_74056.lean:
workbook0/lean_workbook_plus_74056.lean:108:10: error: invalid constructor ⟨...⟩, expected type must be an inductive type 
  ∀ (y : ℝ), y ≠ 0 ∧ y ≠ 1 ∧ y ≠ -1 → (1 / (y - 1)) ^ 5 - (1 / (y + 1)) ^ 5 = 31 / 1024

workbook0/lean_workbook_plus_9010.lean:
workbook0/lean_workbook_plus_9010.lean:105:152: error: unsolved goals
a b : ℝ
ha : 0 < a
hb : 0 < b
⊢ False

workbook0/lean_workbook_plus_15731.lean:
workbook0/lean_workbook_plus_15731.lean:106:2: error: type mismatch
  not_forall_of_exists_not ?m.578
has type
  ¬∀ (x : ?m.576), ?m.577 x : Prop
but is expected to have type
  ∀ (a b c : ℝ), (a + b + c) ^ 3 / (3 * a * b * c) ≥ 9 : Prop

workbook0/lean_workbook_plus_18325.lean:
workbook0/lean_workbook_plus_18325.lean:105:62: error: unsolved goals
⊢ False

workbook0/lean_workbook_plus_22580.lean:
workbook0/lean_workbook_plus_22580.lean:107:2: error: type mismatch
  not_lt_of_ge (choose_le_succ_of_lt_half_left ?m.282)
has type
  ¬choose ?m.281 (?m.280 + 1) < choose ?m.281 ?m.280 : Prop
but is expected to have type
  choose n (m + 1) < choose n m : Prop

workbook0/lean_workbook_plus_17239.lean:
workbook0/lean_workbook_plus_17239.lean:105:195: error: unsolved goals
a b c : ℝ
ha : 0 < a
hb : 0 < b
hc : 0 < c
habc : a * b * c = 1
⊢ False

workbook0/lean_workbook_plus_7400.lean:
workbook0/lean_workbook_plus_7400.lean:108:2: error: tactic 'introN' failed, insufficient number of binders
⊢ (50 / 99).den = 99 ∧ 50 / 99 ∈ lowerBounds {n | 0 < n ∧ n.den = 99}

workbook0/lean_workbook_plus_40319.lean:
workbook0/lean_workbook_plus_40319.lean:106:2: error: simp made no progress

workbook0/lean_workbook_plus_23594.lean:
workbook0/lean_workbook_plus_23594.lean:106:2: error: linarith failed to find a contradiction
case h2.h
θ : ℝ
a✝ : 0 < 8 * cos θ ^ 4 + 4 * cos θ ^ 3 + 8 * cos θ ^ 2 - 3 * cos θ + 1
⊢ False
failed

workbook0/lean_workbook_plus_57555.lean:
workbook0/lean_workbook_plus_57555.lean:114:2: error: simp made no progress

workbook0/lean_workbook_plus_29800.lean:
Try this: ring_nf
workbook0/lean_workbook_plus_29800.lean:116:22: error: omega did not find a contradiction:
trivial
workbook0/lean_workbook_plus_29800.lean:105:92: error: unsolved goals
case inr.intro
k : ℤ
h : (2 % 2 % 2 % 2 % 2 * (k % 2 % 2 % 2 % 2) % 2 + 1 % 2 % 2) % 2 = 1
⊢ k * 4 + k ^ 2 * 4 = (k * 4 + k ^ 2 * 4) / 8 * 8

workbook0/lean_workbook_plus_37170.lean:
workbook0/lean_workbook_plus_37170.lean:106:30: error: simp made no progress

workbook0/lean_workbook_plus_16457.lean:
workbook0/lean_workbook_plus_16457.lean:105:34: error: unexpected token '-'; expected '_' or identifier

workbook0/lean_workbook_plus_58681.lean:
workbook0/lean_workbook_plus_58681.lean:106:27: error: unsolved goals
⊢ ¬?m.1669 1

workbook0/lean_workbook_plus_81032.lean:
workbook0/lean_workbook_plus_81032.lean:106:2: error: simp made no progress

workbook0/lean_workbook_plus_36799.lean:
workbook0/lean_workbook_plus_36799.lean:106:18: error: function expected at
  h
term has type
  ∃ a b, a ^ 2 * b = 2017 * (a + b)

workbook0/lean_workbook_plus_3585.lean:
workbook0/lean_workbook_plus_3585.lean:105:159: error: unsolved goals
n : ℕ
a : ℕ → ℕ
ha : a 1 = 3
hab : ∀ (k : ℕ), a (k + 1) = a k ^ 2 + 1
⊢ False

workbook0/lean_workbook_plus_40214.lean:
workbook0/lean_workbook_plus_40214.lean:106:2: error: type mismatch
  not_forall.mpr (Exists.intro 1 fun h => ?m.4940 h)
has type
  ¬∀ (x : ℕ), ?m.4907 x : Prop
but is expected to have type
  ∀ (a b c : ℝ),
    (a ^ 2 + b ^ 2 + c ^ 2) ^ 3 * (a / b + b / c + c / a - 1) ^ 2 - 12 * (a ^ 3 + b ^ 3 + c ^ 3) ^ 2 ≥ 0 : Prop

workbook0/lean_workbook_plus_23227.lean:
workbook0/lean_workbook_plus_23227.lean:107:10: error: invalid constructor ⟨...⟩, expected type must be an inductive type 
  ∀ (a b c : ℝ), (1 + a)⁻¹ ^ 3 + (1 + b)⁻¹ ^ 3 + (1 + c)⁻¹ ^ 3 ≥ 3 / (4 * (1 + a * b * c))

workbook0/lean_workbook_plus_71544.lean:
workbook0/lean_workbook_plus_71544.lean:107:24: error: unsolved goals
f : ℚ × ℚ → ℝ
hf : ∃ x y, f (x, y) ≠ 1 / (↑x * ↑y)
h : f (1, 1) = 1
⊢ ¬2 * f (1, 1) = f (1, 2)

workbook0/lean_workbook_plus_41226.lean:
workbook0/lean_workbook_plus_41226.lean:106:2: error: simp made no progress

workbook0/lean_workbook_plus_21588.lean:
workbook0/lean_workbook_plus_21588.lean:105:120: error: unsolved goals
F : ℚ → ℚ
hF : ∀ (x : ℚ), F x = x / (x + 1)
⊢ False

workbook0/lean_workbook_plus_6972.lean:
workbook0/lean_workbook_plus_6972.lean:109:2: error: maximum recursion depth has been reached (use `set_option maxRecDepth <num>` to increase limit)

workbook0/lean_workbook_plus_38731.lean:
workbook0/lean_workbook_plus_38731.lean:107:10: error: invalid constructor ⟨...⟩, expected type must be an inductive type 
  ∀ (n : ℕ), 1 < ∑ k in Finset.Icc (n + 1) (3 * n + 1), 1 / ↑k ∧ ∑ k in Finset.Icc (n + 1) (3 * n + 1), 1 / ↑k < 2

workbook0/lean_workbook_plus_80813.lean:
workbook0/lean_workbook_plus_80813.lean:106:29: error: unsolved goals
⊢ ¬?m.707 0

workbook0/lean_workbook_plus_24811.lean:
workbook0/lean_workbook_plus_24811.lean:105:32: error: unexpected token '∀'; expected ':'

workbook0/lean_workbook_plus_20390.lean:
workbook0/lean_workbook_plus_20390.lean:106:2: error: linarith failed to find a contradiction
case h1.h
x : ℝ
a✝ : (6 + 2 * Real.sqrt 2 + 6 - 2 * Real.sqrt 2) / 4 < 6
⊢ False
failed

workbook0/lean_workbook_plus_42709.lean:
workbook0/lean_workbook_plus_42709.lean:107:6: error: tactic 'rewrite' failed, did not find instance of the pattern in the target expression
  ?m.9303 / 2 < ?m.9302
a b c : ℝ
ha : 1 ≤ a
hb : 1 ≤ b
hc : 1 ≤ c
⊢ 3 ≤ Real.sqrt 3 / 2

workbook0/lean_workbook_plus_74257.lean:
workbook0/lean_workbook_plus_74257.lean:106:2: error: type mismatch
  not_forall_of_exists_not ?m.428
has type
  ¬∀ (x : ?m.426), ?m.427 x : Prop
but is expected to have type
  ∀ (n : ℝ), Real.sqrt n + n + 2 < (Real.sqrt (n + 1) + 1) ^ 2 : Prop

workbook0/lean_workbook_plus_3613.lean:
workbook0/lean_workbook_plus_3613.lean:106:2: error: simp made no progress

workbook0/lean_workbook_plus_45951.lean:
workbook0/lean_workbook_plus_45951.lean:107:10: error: invalid constructor ⟨...⟩, expected type must be an inductive type 
  ∀ (x y z : ℝ), (x ^ 2 - x + 1) * (y ^ 2 - y + 1) * (z ^ 2 - z + 1) ≥ (x * y * z) ^ 2 + x * y * z + 1 / 3

workbook0/lean_workbook_plus_69593.lean:
workbook0/lean_workbook_plus_69593.lean:105:146: error: unsolved goals
⊢ False

workbook0/lean_workbook_plus_40094.lean:
workbook0/lean_workbook_plus_40094.lean:110:13: error: function expected at
  h₁
term has type
  ∃ n, (Real.sqrt 2 - 1) ^ n ≤ |x n - Real.sqrt 2|
workbook0/lean_workbook_plus_40094.lean:108:59: error: unsolved goals
x : ℕ → ℝ
h₀ : ∀ (n : ℕ), x (n + 1) = (x n + 2) / (x n + 1)
h₁ : ∃ n, (Real.sqrt 2 - 1) ^ n ≤ |x n - Real.sqrt 2|
⊢ x 1 ≠ 1

workbook0/lean_workbook_plus_48642.lean:
workbook0/lean_workbook_plus_48642.lean:107:10: error: invalid constructor ⟨...⟩, expected type must be an inductive type 
  ∀ (x y : ℝ), (x ^ 2 + y ^ 2 + 2) / (x ^ 2 + 1) / (y ^ 2 + 1) ≥ (10 * x * y + 7) / (x * y + 1) / (2 * x * y + 5)

workbook0/lean_workbook_plus_46556.lean:
workbook0/lean_workbook_plus_46556.lean:107:12: error: function expected at
  h
term has type
  ℝ

workbook0/lean_workbook_plus_60527.lean:
workbook0/lean_workbook_plus_60527.lean:107:10: error: invalid constructor ⟨...⟩, expected type must be an inductive type 
  ∀ (n : ℕ), ∏ i in Finset.range n, ↑((2 * i - 1) / (2 * i)) < (Real.sqrt ↑n)⁻¹ * (Real.sqrt 3)⁻¹

workbook0/lean_workbook_plus_29405.lean:
workbook0/lean_workbook_plus_29405.lean:106:2: error: tactic 'introN' failed, insufficient number of binders
a b c d : ℤ
h₁ : a ^ 3 + b ^ 3 + c ^ 3 + d ^ 3 = 24
h₂ : a + b + c + d = 0
⊢ a = 2 ∧ b = -2 ∧ c = 2 ∧ d = -2 ∨ a = 0 ∧ b = 0 ∧ c = 0 ∧ d = 0

workbook0/lean_workbook_plus_23423.lean:
workbook0/lean_workbook_plus_23423.lean:105:64: error: unsolved goals
⊢ False

workbook0/lean_workbook_plus_64538.lean:
workbook0/lean_workbook_plus_64538.lean:107:12: error: invalid field notation, type is not of the form (C ...) where C is a constant
  h₁
has type
  x = -5 → y ≠ 2

workbook0/lean_workbook_plus_73764.lean:
workbook0/lean_workbook_plus_73764.lean:109:2: error: tactic 'introN' failed, insufficient number of binders
x : ℝ
h₀ : 0 < x
h₁ : logb 2 x + logb x 4 = 2
⊢ x = 4

workbook0/lean_workbook_plus_14881.lean:
workbook0/lean_workbook_plus_14881.lean:106:2: warning: aesop: failed to prove the goal after exhaustive search.
workbook0/lean_workbook_plus_14881.lean:105:132: error: unsolved goals
case left
x y z a b c : ℝ
h₁ : x * y = 2
h₂ : x * z = 6
h₃ : y * z = 3
⊢ x = 3

case right.left
x y z a b c : ℝ
h₁ : x * y = 2
h₂ : x * z = 6
h₃ : y * z = 3
⊢ y = 2

case right.right
x y z a b c : ℝ
h₁ : x * y = 2
h₂ : x * z = 6
h₃ : y * z = 3
⊢ z = 3

workbook0/lean_workbook_plus_24145.lean:
workbook0/lean_workbook_plus_24145.lean:105:34: error: unexpected token; expected '_' or identifier

workbook0/lean_workbook_plus_76569.lean:
workbook0/lean_workbook_plus_76569.lean:107:10: error: invalid constructor ⟨...⟩, expected type must be an inductive type 
  ∀ (x : ℤ), f (g (h x)) = x ^ 4 + 6 * x ^ 3 + 13 * x ^ 2 + 9 * x + 3

workbook0/lean_workbook_plus_73555.lean:
workbook0/lean_workbook_plus_73555.lean:105:32: error: unexpected token; expected ':'

workbook0/lean_workbook_plus_9971.lean:
workbook0/lean_workbook_plus_9971.lean:105:120: error: unsolved goals
a b : ℝ
ha : a = ↑2015! ^ (1 / 2015)
hb : b = ↑2014! ^ (1 / 2014)
⊢ False

workbook0/lean_workbook_plus_54714.lean:
workbook0/lean_workbook_plus_54714.lean:107:21: error: unsolved goals
f : ℕ → ℕ
hf : ∃ n, f n ≠ n
x✝ : f 1 = 1
⊢ f 2 = 3 * f 1 → ¬f 3 = f 2 + 1

workbook0/lean_workbook_plus_7809.lean:
workbook0/lean_workbook_plus_7809.lean:109:2: warning: aesop: failed to prove the goal after exhaustive search.
workbook0/lean_workbook_plus_7809.lean:108:36: error: unsolved goals
case h
p a : ℕ
hp : Nat.Prime p
hp1 : ↑p ≡ 3 [ZMOD 4]
x x_1 : Finset ℕ
a_1 : x ∪ x_1 = Finset.Icc a (a + p - 1)
a_2 : ∏ x in x, x = ∏ x in x_1, x
⊢ False

workbook0/lean_workbook_plus_3543.lean:
workbook0/lean_workbook_plus_3543.lean:109:28: error: expected token

workbook0/lean_workbook_plus_76266.lean:
workbook0/lean_workbook_plus_76266.lean:105:44: error: unexpected token; expected ')'

workbook0/lean_workbook_plus_74915.lean:
workbook0/lean_workbook_plus_74915.lean:107:12: error: invalid field notation, type is not of the form (C ...) where C is a constant
  h₁
has type
  x = 0 → y ≠ 1

workbook0/lean_workbook_plus_716.lean:
workbook0/lean_workbook_plus_716.lean:108:18: error: unsolved goals
m : ℤ
f : ℤ → ℤ
h₁ : True
h₂ : ∃ n, f n ≠ n + 1
⊢ f (m + -1) = m
workbook0/lean_workbook_plus_716.lean:108:48: error: unsolved goals
m : ℤ
f : ℤ → ℤ
h₁ : True
h₂ : ∃ n, f n ≠ n + 1
⊢ f m = m + -1 → ¬f (m + 3) = m + -1 + -3

workbook0/lean_workbook_plus_44316.lean:
workbook0/lean_workbook_plus_44316.lean:107:16: error: invalid constructor ⟨...⟩, expected type must be an inductive type 
  ?m.394 h
workbook0/lean_workbook_plus_44316.lean:107:2: error: type mismatch
  fun h => ?m.395 h
has type
  (h : ?m.389) → ?m.394 h : Sort (imax ?u.388 ?u.391)
but is expected to have type
  (∀ (k : ℕ), G k ≥ G (k - 1)) ∧ ∀ (k : ℕ), G (k - 1) = G k → G k ≠ G (k + 1) : Prop

workbook0/lean_workbook_plus_46659.lean:
workbook0/lean_workbook_plus_46659.lean:105:127: error: unsolved goals
a b : ℝ
hab : a = (2 + Real.sqrt 5) ^ (1 / 3) ∧ b = (2 - Real.sqrt 5) ^ (1 / 3)
⊢ False

workbook0/lean_workbook_plus_79393.lean:
workbook0/lean_workbook_plus_79393.lean:105:32: error: unexpected token '∀'; expected ':'

workbook0/lean_workbook_plus_33014.lean:
workbook0/lean_workbook_plus_33014.lean:116:6: error: tactic 'rewrite' failed, did not find instance of the pattern in the target expression
  Real.sqrt ?m.17865 ^ 2
case bc
n : ℕ
h2 : 0 ≤ 1 - Real.sqrt (1 + ↑n) * 2 + (1 + ↑n)
h1 : True
⊢ Real.sqrt ↑n < Real.sqrt (1 + ↑n) * 2

workbook0/lean_workbook_plus_13121.lean:
workbook0/lean_workbook_plus_13121.lean:105:32: error: unexpected token '∀'; expected ':'

workbook0/lean_workbook_plus_79447.lean:
workbook0/lean_workbook_plus_79447.lean:106:2: error: tactic 'introN' failed, insufficient number of binders
u v : ℤ
h1 : u * v * (u + v) * (u - v) = 2016
⊢ u = 12 ∧ v = 18 ∨ u = 18 ∧ v = 12

workbook0/lean_workbook_plus_28436.lean:
workbook0/lean_workbook_plus_28436.lean:105:44: error: unexpected token; expected ')'

workbook0/lean_workbook_plus_76305.lean:
workbook0/lean_workbook_plus_76305.lean:107:10: error: invalid constructor ⟨...⟩, expected type must be an inductive type 
  ∀ (a b c : ℝ), a + b + c = 3 → a * b + b * c + c * a + 1 / a ^ 2 + 1 / b ^ 2 + 1 / c ^ 2 ≥ 2 * (a ^ 2 + b ^ 2 + c ^ 2)

workbook0/lean_workbook_plus_35207.lean:
workbook0/lean_workbook_plus_35207.lean:109:20: error: expected token
workbook0/lean_workbook_plus_35207.lean:108:81: error: unsolved goals
x : ℝ
h₀ : 0 < x
h₁ : x ≤ 1
h₂ : 0 < 3 * sorryAx ℕ true
⊢ 3 * Real.sqrt 3 / 16 ≤ x ^ 2 * Real.sqrt 3 / 4 + (1 - x) * Real.sqrt 3 / 4

workbook0/lean_workbook_plus_32643.lean:
workbook0/lean_workbook_plus_32643.lean:106:2: error: tactic 'introN' failed, insufficient number of binders
x y : ℝ
h : 2 * (x ^ 4 - 2 * x ^ 2 + 3) * (y ^ 4 - 3 * y ^ 2 + 4) = 7
⊢ x = 1 ∧ y = 2 ∨ x = -1 ∧ y = -2

workbook0/lean_workbook_plus_3112.lean:
workbook0/lean_workbook_plus_3112.lean:111:2: error: omega did not find a contradiction:
trivial

workbook0/lean_workbook_plus_73599.lean:
workbook0/lean_workbook_plus_73599.lean:106:27: error: unsolved goals
⊢ ¬?m.431 0

workbook0/lean_workbook_plus_32992.lean:
workbook0/lean_workbook_plus_32992.lean:106:48: error: unsolved goals
⊢ False

workbook0/lean_workbook_plus_25404.lean:
workbook0/lean_workbook_plus_25404.lean:106:27: error: unsolved goals
⊢ ¬?m.820 1

workbook0/lean_workbook_plus_39376.lean:
workbook0/lean_workbook_plus_39376.lean:107:2: error: linarith failed to find a contradiction
case a
x : ℝ
hx : -1 ≤ x ∧ x ≤ 0
a✝ : -2 * x ^ 2 - 2 * x + 2 > 5 / 4
⊢ False
failed

workbook0/lean_workbook_plus_22740.lean:
workbook0/lean_workbook_plus_22740.lean:107:29: error: function expected at
  h
term has type
  ℤ

workbook0/lean_workbook_plus_55045.lean:
workbook0/lean_workbook_plus_55045.lean:107:9: error: invalid constructor ⟨...⟩, expected type must be an inductive type 
  ∀ (a b c x y z : ℝ),
    a ≥ x ∧ b ≥ y ∧ c ≥ z →
      0 ≤
        a * (b + c) / (x * (y + z)) + b * (c + a) / (y * (z + x)) + c * (a + b) / (z * (x + y)) - a / x - b / y - c / z

workbook0/lean_workbook_plus_3326.lean:
workbook0/lean_workbook_plus_3326.lean:107:10: error: invalid constructor ⟨...⟩, expected type must be an inductive type 
  ∀ (a b c : ℝ), a ^ 2 * b ^ 2 + a ^ 2 * c ^ 2 + b ^ 2 * c ^ 2 ≥ 2 * (a ^ 2 * b * c + a * b ^ 2 * c + a * b * c ^ 2)

workbook0/lean_workbook_plus_53786.lean:
workbook0/lean_workbook_plus_53786.lean:107:2: error: simp made no progress

workbook0/lean_workbook_plus_34603.lean:
workbook0/lean_workbook_plus_34603.lean:109:10: error: invalid constructor ⟨...⟩, expected type must be an inductive type 
  ∀ (A B C : ℝ),
    A + B + C = π ∧ A > 0 ∧ B > 0 ∧ C > 0 →
      9 ≤ cos A * cos B / sin (C / 2) ^ 2 + cos B * cos C / sin (A / 2) ^ 2 + cos C * cos A / sin (B / 2) ^ 2
workbook0/lean_workbook_plus_34603.lean:110:2: error: no goals to be solved

workbook0/lean_workbook_plus_78822.lean:
workbook0/lean_workbook_plus_78822.lean:105:137: error: unsolved goals
f : ℤ → ℝ
hf : ∀ (n : ℤ), 1000 ≤ n → f n = ↑n - 3
hg : ∀ n < 1000, f n = f (n + 5)
⊢ False

workbook0/lean_workbook_plus_70458.lean:
workbook0/lean_workbook_plus_70458.lean:105:34: error: unexpected token; expected '_' or identifier

workbook0/lean_workbook_plus_43858.lean:
workbook0/lean_workbook_plus_43858.lean:107:17: error: rcases tactic failed: hx : ∀ (C : ℝ), ∃ x ∈ Set.Ici 0, f x ≠ C * x is not an inductive datatype

workbook0/lean_workbook_plus_75475.lean:
workbook0/lean_workbook_plus_75475.lean:105:69: error: unsolved goals
⊢ False

workbook0/lean_workbook_plus_27610.lean:
workbook0/lean_workbook_plus_27610.lean:106:32: error: simp made no progress

workbook0/lean_workbook_plus_23337.lean:
workbook0/lean_workbook_plus_23337.lean:107:31: error: invalid constructor ⟨...⟩, expected type must be an inductive type 
  ?m.1400 c1 c2 hc1 hc2
workbook0/lean_workbook_plus_23337.lean:107:2: error: type mismatch
  fun c1 c2 hc1 hc2 => ?m.1408 c1 c2 hc1 hc2
has type
  (c1 : ?m.1379) →
    (c2 : ?m.1415 c1) →
      (hc1 : ?m.1414 c1 c2) →
        (hc2 : ?m.1412 c1 c2 hc1) → ?m.1400 c1 c2 hc1 hc2 : Sort (imax ?u.1378 ?u.1381 ?u.1384 ?u.1387 ?u.1390)
but is expected to have type
  ∃ c1 c2, 0 < c1 ∧ 0 < c2 ∧ ∀ (n : ℕ), c1 * ↑n ≤ 2 * ↑n - 2 - Real.log ↑n ∧ 2 * ↑n - 2 - Real.log ↑n ≤ c2 * ↑n : Prop

workbook0/lean_workbook_plus_30763.lean:
workbook0/lean_workbook_plus_30763.lean:110:6: error: tactic 'rewrite' failed, equality or iff proof expected
  False
x y : ℝ
h₁ : x * y = 2 / x + 2 / y
h₀ : x * y ≠ 2
⊢ x = y

workbook0/lean_workbook_plus_5906.lean:
workbook0/lean_workbook_plus_5906.lean:107:10: error: invalid constructor ⟨...⟩, expected type must be an inductive type 
  ∀ (a b : ℝ), a * b * (a - b) ^ 2 + 2 * (a * b - 1) * (a ^ 2 + b ^ 2) + 4 * (a * b - 2) * (a + b - 2) ≥ 0

workbook0/lean_workbook_plus_8563.lean:
workbook0/lean_workbook_plus_8563.lean:106:2: error: linarith failed to find a contradiction
case h1.h
x y z : ℝ
hx : x * y = 324
hy : y * z = 135
hz : z * x = 60
a✝ : x * y * z < 324 * 135 * 60
⊢ False
failed

workbook0/lean_workbook_plus_14632.lean:
workbook0/lean_workbook_plus_14632.lean:108:10: error: invalid constructor ⟨...⟩, expected type must be an inductive type 
  ∀ (x_1 : ℝ → ℝ),
    (t + 1) * x_1 (1 + x * y) - x_1 (x + y) = x_1 (x + 1) * x_1 (y + 1) ↔ ∃ k, ∀ (x : ℝ), x_1 x = k * x + (1 - k)

workbook0/lean_workbook_plus_3622.lean:
workbook0/lean_workbook_plus_3622.lean:105:31: error: unexpected token '∀'; expected ':'

workbook0/lean_workbook_plus_22746.lean:
workbook0/lean_workbook_plus_22746.lean:109:2: error: linarith failed to find a contradiction
case h1.h
x y : ℝ
h₂ : y = Real.sqrt 3 * x
h₁ : x * 4000000 = 27989389
a✝ : Real.sqrt 3 * 27989389 * 3125000 < 37874253 * 4000000
⊢ False
failed

workbook0/lean_workbook_plus_78224.lean:
workbook0/lean_workbook_plus_78224.lean:106:2: error: linarith failed to find a contradiction
case a
a b c : ℝ
ha : 1 < a
hb : 1 < b
hc : 1 < c
habc : a * b * c = 1
h : (a ^ 2 - 1) * (b ^ 2 - 1) * (c ^ 2 - 1) = 8
a✝ : a + b + c > a * b * c
⊢ False
failed

workbook0/lean_workbook_plus_19633.lean:
workbook0/lean_workbook_plus_19633.lean:107:10: error: invalid constructor ⟨...⟩, expected type must be an inductive type 
  ∀ (a b : ℝ), 1 - tan (a + b) / 2 ^ 2 = cos (a + b) / cos ((a + b) / 2) ^ 2

workbook0/lean_workbook_plus_62345.lean:
workbook0/lean_workbook_plus_62345.lean:106:39: error: unsolved goals
⊢ ¬?m.5195 3

workbook0/lean_workbook_plus_2214.lean:
workbook0/lean_workbook_plus_2214.lean:107:12: error: invalid field notation, type is not of the form (C ...) where C is a constant
  h₁
has type
  k = 7 → p = -3 → w ≠ 7

workbook0/lean_workbook_plus_13070.lean:
workbook0/lean_workbook_plus_13070.lean:110:2: error: tactic 'introN' failed, insufficient number of binders
case h
lf : ℝ → ℤ
hf2 : ∀ (x : ℝ), x - ↑(lf x) ≤ 0
hf : lf 23 ≠ 0 ∧ 23 - ↑(lf 23) ≠ 0
⊢ 23 < ↑(lf 23)

workbook0/lean_workbook_plus_78015.lean:
workbook0/lean_workbook_plus_78015.lean:105:104: error: expected token

workbook0/lean_workbook_plus_8178.lean:
workbook0/lean_workbook_plus_8178.lean:105:116: error: unsolved goals
⊢ False

workbook0/lean_workbook_plus_16687.lean:
workbook0/lean_workbook_plus_16687.lean:106:2: error: simp made no progress

workbook0/lean_workbook_plus_21456.lean:
workbook0/lean_workbook_plus_21456.lean:108:9: error: invalid constructor ⟨...⟩, expected type must be an inductive type 
  ∀ (t : ℝ), Real.sqrt 3 * sin t * (1 - sin t - cos t) + (Real.sqrt 3 - 2 * Real.sqrt 2) * (1 - cos t) = 0
workbook0/lean_workbook_plus_21456.lean:109:2: error: no goals to be solved

workbook0/lean_workbook_plus_11506.lean:
workbook0/lean_workbook_plus_11506.lean:107:10: error: invalid constructor ⟨...⟩, expected type must be an inductive type 
  ∀ (A B C : ℝ), cos A ^ 2 + cos B ^ 2 + cos C ^ 2 = 1 - 2 * cos A * cos B * cos C

workbook0/lean_workbook_plus_45680.lean:
workbook0/lean_workbook_plus_45680.lean:106:2: error: simp made no progress

workbook0/lean_workbook_plus_57587.lean:
workbook0/lean_workbook_plus_57587.lean:107:10: error: invalid constructor ⟨...⟩, expected type must be an inductive type 
  ∀ (n : ℕ), 1 + ∑ k in Finset.range n, choose n k ^ 2 = choose (2 * n) n ^ 2

workbook0/lean_workbook_plus_2373.lean:
workbook0/lean_workbook_plus_2373.lean:107:10: error: invalid constructor ⟨...⟩, expected type must be an inductive type 
  ∀ (n : ℕ), (n + 2) / (n! + (n + 1)! + (n + 2)!) = 1 / (n + 1)! - 1 / (n + 2)!

workbook0/lean_workbook_plus_25489.lean:
workbook0/lean_workbook_plus_25489.lean:106:2: error: simp made no progress

workbook0/lean_workbook_plus_81293.lean:
workbook0/lean_workbook_plus_81293.lean:107:9: error: invalid constructor ⟨...⟩, expected type must be an inductive type 
  ∀ (n : ℕ), (n + 2)! + (n + 3)! / ((n + 1) * (n! + (n + 1)!)) = n + 4
workbook0/lean_workbook_plus_81293.lean:108:2: error: no goals to be solved

workbook0/lean_workbook_plus_62011.lean:
workbook0/lean_workbook_plus_62011.lean:105:45: error: unexpected token; expected '_' or identifier

workbook0/lean_workbook_plus_28156.lean:
workbook0/lean_workbook_plus_28156.lean:106:29: error: unsolved goals
⊢ ¬?m.976 0

workbook0/lean_workbook_plus_70657.lean:
workbook0/lean_workbook_plus_70657.lean:106:36: error: unsolved goals
⊢ False

workbook0/lean_workbook_plus_73699.lean:
workbook0/lean_workbook_plus_73699.lean:106:2: error: simp made no progress

workbook0/lean_workbook_plus_66273.lean:
workbook0/lean_workbook_plus_66273.lean:106:39: error: unsolved goals
⊢ ¬?m.1721 0

workbook0/lean_workbook_plus_60300.lean:
workbook0/lean_workbook_plus_60300.lean:105:224: error: unsolved goals
a b c : ℝ
ha : a ≥ 0
hb : b ≥ 0
hc : c ≥ 0
hab : a * b + b * c + c * a = 3
⊢ False

workbook0/lean_workbook_plus_43794.lean:
workbook0/lean_workbook_plus_43794.lean:110:2: error: linarith failed to find a contradiction
case h
g T L : ℝ
h₁ : g = 32.2
h₂ : T = 2
h₃ : ¬L = 33 / 10
a✝ : 2 * 161 = 2 * π * (L * 5)
⊢ False
failed

workbook0/lean_workbook_plus_61523.lean:
workbook0/lean_workbook_plus_61523.lean:107:10: error: invalid constructor ⟨...⟩, expected type must be an inductive type 
  ∀ (x y z : ℝ),
    (x ^ 2 * y + y ^ 2 * z + z ^ 2 * x) * (x * y ^ 2 + y * z ^ 2 + z * x ^ 2) * (x * y + y * z + z * x) ≥
      (x * y + y * z + z * x) ^ 4 / 3

workbook0/lean_workbook_plus_77716.lean:
workbook0/lean_workbook_plus_77716.lean:110:6: error: tactic 'rewrite' failed, did not find instance of the pattern in the target expression
  ?m.15252 / ?m.15253 < ?m.15251
a b c : ℝ
hx : a > 0 ∧ b > 0 ∧ c > 0
hab : a + b > c
hbc : b + c > a
hca : a + c > b
h1 : 0 < a + b
h2 : 0 < b + c
h3 : 0 < a + c
⊢ a / (a + b) + (b / (b + c) + c / (a + c)) < 2

workbook0/lean_workbook_plus_71687.lean:
workbook0/lean_workbook_plus_71687.lean:105:32: error: unexpected token '∀'; expected ':'

workbook0/lean_workbook_plus_52843.lean:
workbook0/lean_workbook_plus_52843.lean:107:2: error: simp made no progress

workbook0/lean_workbook_plus_22290.lean:
workbook0/lean_workbook_plus_22290.lean:105:161: error: unsolved goals
A B : ℕ
h₁ : A = ∑ k in Finset.Icc 1 98, k * (k + 1)
h₂ : B = ∑ k in Finset.Icc 1 98, k * (99 - k)
⊢ ∑ k in Finset.Icc 1 98, k * (k + 1) + ∑ k in Finset.Icc 1 98, k * (99 - k) = 489951

workbook0/lean_workbook_plus_75550.lean:
workbook0/lean_workbook_plus_75550.lean:107:10: error: invalid constructor ⟨...⟩, expected type must be an inductive type 
  ∀ (n : ℕ), ∑ k in Finset.Icc 1 n, 1 / ↑k > Real.log (↑n + 1) ∧ ∑' (k : ℕ), 1 / ↑k ^ 2 < 1 + Real.log 2

workbook0/lean_workbook_plus_42419.lean:
workbook0/lean_workbook_plus_42419.lean:106:2: error: simp made no progress

workbook0/lean_workbook_plus_37958.lean:
workbook0/lean_workbook_plus_37958.lean:107:10: error: invalid constructor ⟨...⟩, expected type must be an inductive type 
  ∀ (a b c : ℝ), 2 * (a ^ 5 + b ^ 5 + c ^ 5) ≥ a * b ^ 4 + b * c ^ 4 + c * a ^ 4 + a ^ 4 * b + b ^ 4 * c + c ^ 4 * a

workbook0/lean_workbook_plus_11117.lean:
workbook0/lean_workbook_plus_11117.lean:105:97: error: unsolved goals
n : ℕ
hn : n > 48
⊢ False

workbook0/lean_workbook_plus_41073.lean:
workbook0/lean_workbook_plus_41073.lean:106:20: error: invalid constructor ⟨...⟩, expected type must be an inductive type 
  ?m.513

workbook0/lean_workbook_plus_59072.lean:
workbook0/lean_workbook_plus_59072.lean:106:2: error: type mismatch
  not_forall.mpr (Exists.intro 0 fun h => ?m.2794 h)
has type
  ¬∀ (x : ℕ), ?m.2761 x : Prop
but is expected to have type
  ∀ (a b c d : ℝ), (ac - bd) ^ 2 + (bc + ad) ^ 2 = (a ^ 2 + b ^ 2) * (c ^ 2 + d ^ 2) : Prop

workbook0/lean_workbook_plus_7882.lean:
workbook0/lean_workbook_plus_7882.lean:105:112: error: unsolved goals
k : ℕ
⊢ ∑ k in Finset.Icc 1 100, (k ^ 2 - k + 1 / k - 1 / (k + 2)) = 330003

workbook0/lean_workbook_plus_50703.lean:
workbook0/lean_workbook_plus_50703.lean:107:10: error: invalid constructor ⟨...⟩, expected type must be an inductive type 
  ∀ (n : ℕ), ↑n * (↑n)⁻¹ = 1

workbook0/lean_workbook_plus_29801.lean:
workbook0/lean_workbook_plus_29801.lean:105:59: error: unexpected token '('; expected ')'

workbook0/lean_workbook_plus_317.lean:
workbook0/lean_workbook_plus_317.lean:107:10: error: invalid constructor ⟨...⟩, expected type must be an inductive type 
  ∀ (n : ℕ), j n = -(1007 * 2 ^ n)

workbook0/lean_workbook_plus_50970.lean:
workbook0/lean_workbook_plus_50970.lean:107:10: error: invalid constructor ⟨...⟩, expected type must be an inductive type 
  ∀ (x1 x2 x3 x4 t : ℝ),
    x1 ≥ 0 ∧ x2 ≥ 0 ∧ x3 ≥ 0 ∧ x4 ≥ 0 ∧ t ≥ 0 →
      (x1 ^ 2 + x2 ^ 2 + x3 ^ 2 + x4 ^ 2) * (x1 ^ (-2) + x2 ^ (-2) + x3 ^ (-2) + x4 ^ (-2)) + 2 * t ≥
        2 * (x1 + x2 + x3 + x4) * (x1 ^ (-1) + x2 ^ (-1) + x3 ^ (-1) + x4 ^ (-1)) - 8 + t

workbook0/lean_workbook_plus_50283.lean:
workbook0/lean_workbook_plus_50283.lean:105:73: error: unsolved goals
⊢ False

workbook0/lean_workbook_plus_54686.lean:
workbook0/lean_workbook_plus_54686.lean:108:13: error: function expected at
  h
term has type
  ℝ

workbook0/lean_workbook_plus_8206.lean:
workbook0/lean_workbook_plus_8206.lean:105:43: error: expected token

workbook0/lean_workbook_plus_53634.lean:
workbook0/lean_workbook_plus_53634.lean:108:10: error: invalid constructor ⟨...⟩, expected type must be an inductive type 
  ∀ (R r s : ℝ),
    3 * R ^ 2 -
        (s ^ 4 - 8 * R * r * s ^ 2 + 2 * r ^ 2 * s ^ 2 + 16 * R ^ 2 * r ^ 2 + 8 * R * r ^ 3 + r ^ 4) /
          (2 * (s ^ 2 - 4 * R * r - r ^ 2)) ≥
      0

workbook0/lean_workbook_plus_7188.lean:
workbook0/lean_workbook_plus_7188.lean:109:2: error: simp made no progress

workbook0/lean_workbook_plus_58482.lean:
workbook0/lean_workbook_plus_58482.lean:105:59: error: unsolved goals
⊢ False

workbook0/lean_workbook_plus_62226.lean:
workbook0/lean_workbook_plus_62226.lean:107:8: error: overloaded, errors 
  type mismatch
    _root_.ne_of_gt ?m.7028
  has type
    ?m.6987 ≠ ?m.6988 : Prop
  but is expected to have type
    ∑ x in Finset.range n, ↑(choose (n * 3) (x * 3)) + 1 = 0 : Prop
  
  type mismatch
    Nat.ne_of_gt ?m.7348
  has type
    ?m.7345 ≠ ?m.7346 : Prop
  but is expected to have type
    ∑ x in Finset.range n, ↑(choose (n * 3) (x * 3)) + 1 = 0 : Prop

workbook0/lean_workbook_plus_32137.lean:
workbook0/lean_workbook_plus_32137.lean:111:2: error: linarith failed to find a contradiction
case h2.h
x : ℝ
h₀ : (1 + 1 / x) ^ (x + 1) = (2004 / 2003) ^ 2003
h₁ : x ≠ 0
h₂ : x ≠ -1
h₃ : 0 < x + 1
a✝ : -2004 < x
⊢ False
failed

workbook0/lean_workbook_plus_17039.lean:
workbook0/lean_workbook_plus_17039.lean:105:82: error: unsolved goals
n : ℕ
hn : n = 8 ^ 2022
⊢ False

workbook0/lean_workbook_plus_44188.lean:
workbook0/lean_workbook_plus_44188.lean:106:2: error: simp made no progress

workbook0/lean_workbook_plus_32545.lean:
workbook0/lean_workbook_plus_32545.lean:108:2: error: linarith failed to find a contradiction
case h
x y z : ℝ
h : 3 * Real.sqrt 3 / 2 ≤ x ^ 2 + y ^ 2 + z ^ 2 → Real.sqrt 3 < x ^ 2 + y ^ 2 + z ^ 2
a✝ : x ^ 4 + y ^ 4 + z ^ 4 = 1
⊢ False
failed

workbook0/lean_workbook_plus_28257.lean:
workbook0/lean_workbook_plus_28257.lean:106:2: error: tactic 'introN' failed, insufficient number of binders
x y : ℝ
hs : x ^ 3 + y ^ 3 + 3 * x * y = 1
h : x ^ 2 + y ^ 2 = 4
⊢ x = 2 ∧ y = -1 ∨ x = -1 ∧ y = 2

workbook0/lean_workbook_plus_76446.lean:
workbook0/lean_workbook_plus_76446.lean:108:12: error: invalid field notation, type is not of the form (C ...) where C is a constant
  h₂
has type
  x = 1 → y ≠ 4

workbook0/lean_workbook_plus_30359.lean:
workbook0/lean_workbook_plus_30359.lean:106:2: error: linarith failed to find a contradiction
case h1.h
x a b : ℝ
h₁ : a = x
h₂ : b = Real.sqrt (17 - x ^ 2)
h₃ : a ^ 2 + b ^ 2 = 17
h₄ : a + b + a * b = 9
a✝ : x < 2
⊢ False
failed

workbook0/lean_workbook_plus_2319.lean:
workbook0/lean_workbook_plus_2319.lean:116:2: error: (deterministic) timeout at 'whnf', maximum number of heartbeats (200000) has been reached (use 'set_option maxHeartbeats <num>' to set the limit)

workbook0/lean_workbook_plus_20321.lean:
workbook0/lean_workbook_plus_20321.lean:107:2: error: (deterministic) timeout at 'whnf', maximum number of heartbeats (200000) has been reached (use 'set_option maxHeartbeats <num>' to set the limit)

workbook0/lean_workbook_plus_67549.lean:
Timeout: Compilation exceeded 1000 seconds

workbook0/lean_workbook_plus_71715.lean:
Timeout: Compilation exceeded 1000 seconds

workbook0/lean_workbook_plus_74188.lean:
workbook0/lean_workbook_plus_74188.lean:106:2: error: (deterministic) timeout at 'whnf', maximum number of heartbeats (200000) has been reached (use 'set_option maxHeartbeats <num>' to set the limit)

workbook0/lean_workbook_plus_57996.lean:
Timeout: Compilation exceeded 1000 seconds

workbook0/lean_workbook_plus_27866.lean:
Timeout: Compilation exceeded 1000 seconds

workbook0/lean_workbook_plus_20076.lean:
Timeout: Compilation exceeded 1000 seconds

workbook0/lean_workbook_plus_46588.lean:
Timeout: Compilation exceeded 1000 seconds

workbook0/lean_workbook_plus_6687.lean:
Timeout: Compilation exceeded 1000 seconds

workbook0/lean_workbook_plus_69488.lean:
Timeout: Compilation exceeded 1000 seconds

workbook0/lean_workbook_plus_11995.lean:
Timeout: Compilation exceeded 1000 seconds

workbook0/lean_workbook_plus_32323.lean:
Timeout: Compilation exceeded 1000 seconds

workbook0/lean_workbook_plus_81822.lean:
Timeout: Compilation exceeded 1000 seconds

workbook0/lean_workbook_plus_65375.lean:
Timeout: Compilation exceeded 1000 seconds

workbook0/lean_workbook_plus_8058.lean:
Timeout: Compilation exceeded 1000 seconds

